DEBUG:paramiko.transport:starting thread (client mode): 0x39b80450
DEBUG:paramiko.transport:Local version/idstring: SSH-2.0-paramiko_2.7.2
DEBUG:paramiko.transport:Remote version/idstring: SSH-2.0-OpenSSH_6.6.1
INFO:paramiko.transport:Connected (version 2.0, client OpenSSH_6.6.1)
DEBUG:paramiko.transport:kex algos:['curve25519-sha256@libssh.org', 'ecdh-sha2-nistp521', 'ecdh-sha2-nistp256', 'ecdh-sha2-nistp384', 'diffie-hellman-group14-sha1'] server key:['ssh-rsa', 'ecdsa-sha2-nistp521', 'ssh-ed25519'] client encrypt:['aes256-gcm@openssh.com', 'aes128-gcm@openssh.com', 'aes256-ctr', 'aes192-ctr', 'aes128-ctr'] server encrypt:['aes256-gcm@openssh.com', 'aes128-gcm@openssh.com', 'aes256-ctr', 'aes192-ctr', 'aes128-ctr'] client mac:['hmac-sha2-512-etm@openssh.com', 'hmac-sha2-256-etm@openssh.com', 'hmac-sha1-etm@openssh.com', 'hmac-sha2-512', 'hmac-sha2-256', 'hmac-sha1'] server mac:['hmac-sha2-512-etm@openssh.com', 'hmac-sha2-256-etm@openssh.com', 'hmac-sha1-etm@openssh.com', 'hmac-sha2-512', 'hmac-sha2-256', 'hmac-sha1'] client compress:['none', 'zlib@openssh.com'] server compress:['none', 'zlib@openssh.com'] client lang:[''] server lang:[''] kex follows?False
DEBUG:paramiko.transport:Kex agreed: curve25519-sha256@libssh.org
DEBUG:paramiko.transport:HostKey agreed: ssh-ed25519
DEBUG:paramiko.transport:Cipher agreed: aes128-ctr
DEBUG:paramiko.transport:MAC agreed: hmac-sha2-256
DEBUG:paramiko.transport:Compression agreed: none
DEBUG:paramiko.transport:kex engine KexCurve25519 specified hash_algo <built-in function openssl_sha256>
DEBUG:paramiko.transport:Switch to new keys ...
DEBUG:paramiko.transport:Adding ssh-ed25519 host key for arista1.lasthop.io: b'de8f7477a4a749270b1e79444d5051b9'
DEBUG:paramiko.transport:userauth is OK
DEBUG:paramiko.transport:Authentication type (password) not permitted.
DEBUG:paramiko.transport:Allowed methods: ['publickey', 'keyboard-interactive']
DEBUG:paramiko.transport:userauth is OK
INFO:paramiko.transport:Authentication (keyboard-interactive) successful!
DEBUG:paramiko.transport:[chan 0] Max packet in: 32768 bytes
DEBUG:paramiko.transport:[chan 0] Max packet out: 32768 bytes
DEBUG:paramiko.transport:Secsh channel 0 opened.
DEBUG:paramiko.transport:[chan 0] Sesch channel 0 request ok
DEBUG:paramiko.transport:[chan 0] Sesch channel 0 request ok
DEBUG:netmiko:write_channel: b'terminal width 511\n'
DEBUG:netmiko:Pattern is: Width set to
DEBUG:netmiko:_read_channel_expect read_data: Last login: Wed Jun 23 11:15:05 2021 from 54.214.14.39

DEBUG:netmiko:_read_channel_expect read_data: terminal width 511

DEBUG:netmiko:_read_channel_expect read_data: terminal width 511

DEBUG:netmiko:_read_channel_expect read_data: arista1#ter
DEBUG:netmiko:_read_channel_expect read_data: minal width 511

DEBUG:netmiko:_read_channel_expect read_data: Width set to 511 columns.
DEBUG:netmiko:Pattern found: Width set to Last login: Wed Jun 23 11:15:05 2021 from 54.214.14.39
terminal width 511
terminal width 511
arista1#terminal width 511
Width set to 511 columns.
DEBUG:netmiko:In disable_paging
DEBUG:netmiko:Command: terminal length 0

DEBUG:netmiko:write_channel: b'terminal length 0\n'
DEBUG:netmiko:Pattern is: Pagination disabled
DEBUG:netmiko:_read_channel_expect read_data: 

DEBUG:netmiko:_read_channel_expect read_data: arista1#
DEBUG:netmiko:_read_channel_expect read_data: t
DEBUG:netmiko:_read_channel_expect read_data: e
DEBUG:netmiko:_read_channel_expect read_data: r
DEBUG:netmiko:_read_channel_expect read_data: m
DEBUG:netmiko:_read_channel_expect read_data: i
DEBUG:netmiko:_read_channel_expect read_data: n
DEBUG:netmiko:_read_channel_expect read_data: a
DEBUG:netmiko:_read_channel_expect read_data: l
DEBUG:netmiko:_read_channel_expect read_data:  
DEBUG:netmiko:_read_channel_expect read_data: l
DEBUG:netmiko:_read_channel_expect read_data: e
DEBUG:netmiko:_read_channel_expect read_data: ngth 0
Pagination disabled.
arista1#
DEBUG:netmiko:Pattern found: Pagination disabled 
arista1#terminal length 0
Pagination disabled.
arista1#
DEBUG:netmiko:
arista1#terminal length 0
Pagination disabled.
arista1#
DEBUG:netmiko:Exiting disable_paging
DEBUG:netmiko:read_channel: 
DEBUG:netmiko:write_channel: b'\n'
DEBUG:netmiko:read_channel: 
DEBUG:netmiko:read_channel: 
DEBUG:netmiko:write_channel: b'\n'
DEBUG:netmiko:read_channel: 
DEBUG:netmiko:write_channel: b'\n'
DEBUG:netmiko:read_channel: 
DEBUG:netmiko:write_channel: b'\n'
DEBUG:netmiko:read_channel: 
DEBUG:netmiko:write_channel: b'\n'
DEBUG:netmiko:read_channel: 
arista1#
DEBUG:netmiko:read_channel: 
arista1#
DEBUG:netmiko:Clear buffer detects data in the channel
DEBUG:netmiko:read_channel: 
arista1#
DEBUG:netmiko:Clear buffer detects data in the channel
DEBUG:netmiko:read_channel: 
arista1#

DEBUG:netmiko:Clear buffer detects data in the channel
DEBUG:netmiko:read_channel: arista1#
DEBUG:netmiko:Clear buffer detects data in the channel
DEBUG:netmiko:read_channel: 
DEBUG:netmiko:[find_prompt()]: prompt is arista1#
DEBUG:netmiko:read_channel: 
DEBUG:netmiko:write_channel: b'\n'
DEBUG:netmiko:read_channel: 
DEBUG:netmiko:read_channel: 
DEBUG:netmiko:write_channel: b'\n'
DEBUG:netmiko:read_channel: 
DEBUG:netmiko:write_channel: b'\n'
DEBUG:netmiko:read_channel: 

DEBUG:netmiko:write_channel: b'\n'
DEBUG:netmiko:read_channel: arista1#
DEBUG:netmiko:read_channel: 

DEBUG:netmiko:Clear buffer detects data in the channel
DEBUG:netmiko:read_channel: arista1#
arista1#
DEBUG:netmiko:Clear buffer detects data in the channel
DEBUG:netmiko:read_channel: 
DEBUG:netmiko:[find_prompt()]: prompt is arista1#
DEBUG:netmiko:read_channel: 

DEBUG:netmiko:Clear buffer detects data in the channel
DEBUG:netmiko:read_channel: arista1#
DEBUG:netmiko:Clear buffer detects data in the channel
DEBUG:netmiko:read_channel: 
DEBUG:netmiko:write_channel: b'show ip arp\n'
DEBUG:netmiko:Pattern is: show\ ip\ arp
DEBUG:netmiko:_read_channel_expect read_data: s
DEBUG:netmiko:_read_channel_expect read_data: h
DEBUG:netmiko:_read_channel_expect read_data: ow i
DEBUG:netmiko:_read_channel_expect read_data: p 
DEBUG:netmiko:_read_channel_expect read_data: arp

DEBUG:netmiko:Pattern found: show\ ip\ arp show ip arp

DEBUG:netmiko:read_channel: Address         Age (min)  Hardware Addr   Interface
DEBUG:netmiko:read_channel: 

DEBUG:netmiko:read_channel: 10.220.88.1           N/A  0062.ec29.70fe  Vlan1, Ethernet1

DEBUG:netmiko:read_channel: 10.220.88.22          N/A  a093.5141.b780  Vlan1, not learned
DEBUG:netmiko:read_channel: 
arista1#
DEBUG:netmiko:write_channel: b'\n'
DEBUG:netmiko:Pattern is: arista1
DEBUG:netmiko:_read_channel_expect read_data: 

DEBUG:netmiko:_read_channel_expect read_data: arista1#
DEBUG:netmiko:Pattern found: arista1 
arista1#
DEBUG:netmiko:write_channel: b'exit\n'
DEBUG:paramiko.transport:starting thread (client mode): 0x80a12450
DEBUG:paramiko.transport:Local version/idstring: SSH-2.0-paramiko_2.7.2
DEBUG:paramiko.transport:Remote version/idstring: SSH-2.0-OpenSSH_6.6.1
INFO:paramiko.transport:Connected (version 2.0, client OpenSSH_6.6.1)
DEBUG:paramiko.transport:kex algos:['curve25519-sha256@libssh.org', 'ecdh-sha2-nistp521', 'ecdh-sha2-nistp256', 'ecdh-sha2-nistp384', 'diffie-hellman-group14-sha1'] server key:['ssh-rsa', 'ecdsa-sha2-nistp521', 'ssh-ed25519'] client encrypt:['aes256-gcm@openssh.com', 'aes128-gcm@openssh.com', 'aes256-ctr', 'aes192-ctr', 'aes128-ctr'] server encrypt:['aes256-gcm@openssh.com', 'aes128-gcm@openssh.com', 'aes256-ctr', 'aes192-ctr', 'aes128-ctr'] client mac:['hmac-sha2-512-etm@openssh.com', 'hmac-sha2-256-etm@openssh.com', 'hmac-sha1-etm@openssh.com', 'hmac-sha2-512', 'hmac-sha2-256', 'hmac-sha1'] server mac:['hmac-sha2-512-etm@openssh.com', 'hmac-sha2-256-etm@openssh.com', 'hmac-sha1-etm@openssh.com', 'hmac-sha2-512', 'hmac-sha2-256', 'hmac-sha1'] client compress:['none', 'zlib@openssh.com'] server compress:['none', 'zlib@openssh.com'] client lang:[''] server lang:[''] kex follows?False
DEBUG:paramiko.transport:Kex agreed: curve25519-sha256@libssh.org
DEBUG:paramiko.transport:HostKey agreed: ssh-ed25519
DEBUG:paramiko.transport:Cipher agreed: aes128-ctr
DEBUG:paramiko.transport:MAC agreed: hmac-sha2-256
DEBUG:paramiko.transport:Compression agreed: none
DEBUG:paramiko.transport:kex engine KexCurve25519 specified hash_algo <built-in function openssl_sha256>
DEBUG:paramiko.transport:Switch to new keys ...
DEBUG:paramiko.transport:Adding ssh-ed25519 host key for arista1.lasthop.io: b'de8f7477a4a749270b1e79444d5051b9'
DEBUG:paramiko.transport:userauth is OK
DEBUG:paramiko.transport:Authentication type (password) not permitted.
DEBUG:paramiko.transport:Allowed methods: ['publickey', 'keyboard-interactive']
DEBUG:paramiko.transport:userauth is OK
INFO:paramiko.transport:Authentication (keyboard-interactive) successful!
DEBUG:paramiko.transport:[chan 0] Max packet in: 32768 bytes
DEBUG:paramiko.transport:[chan 0] Max packet out: 32768 bytes
DEBUG:paramiko.transport:Secsh channel 0 opened.
DEBUG:paramiko.transport:[chan 0] Sesch channel 0 request ok
DEBUG:paramiko.transport:[chan 0] Sesch channel 0 request ok
DEBUG:netmiko:write_channel: b'terminal width 511\n'
DEBUG:netmiko:Pattern is: Width set to
DEBUG:netmiko:_read_channel_expect read_data: Last login: Wed Jun 23 23:52:47 2021 from 18.144.100.179
DEBUG:netmiko:_read_channel_expect read_data: 

DEBUG:netmiko:_read_channel_expect read_data: terminal width 511

DEBUG:netmiko:_read_channel_expect read_data: terminal width 511

DEBUG:netmiko:_read_channel_expect read_data: arista1#
DEBUG:netmiko:_read_channel_expect read_data: t
DEBUG:netmiko:_read_channel_expect read_data: e
DEBUG:netmiko:_read_channel_expect read_data: r
DEBUG:netmiko:_read_channel_expect read_data: m
DEBUG:netmiko:_read_channel_expect read_data: i
DEBUG:netmiko:_read_channel_expect read_data: n
DEBUG:netmiko:_read_channel_expect read_data: a
DEBUG:netmiko:_read_channel_expect read_data: l
DEBUG:netmiko:_read_channel_expect read_data:  
DEBUG:netmiko:_read_channel_expect read_data: width 511
Width set to 511 columns.
arista1#
DEBUG:netmiko:Pattern found: Width set to Last login: Wed Jun 23 23:52:47 2021 from 18.144.100.179
terminal width 511
terminal width 511
arista1#terminal width 511
Width set to 511 columns.
arista1#
DEBUG:netmiko:In disable_paging
DEBUG:netmiko:Command: terminal length 0

DEBUG:netmiko:write_channel: b'terminal length 0\n'
DEBUG:netmiko:Pattern is: Pagination disabled
DEBUG:netmiko:_read_channel_expect read_data: terminal 
DEBUG:netmiko:_read_channel_expect read_data: length 0
DEBUG:netmiko:_read_channel_expect read_data: 
Pagination disabled.
DEBUG:netmiko:Pattern found: Pagination disabled terminal length 0
Pagination disabled.
DEBUG:netmiko:terminal length 0
Pagination disabled.
DEBUG:netmiko:Exiting disable_paging
DEBUG:netmiko:read_channel: 
DEBUG:netmiko:write_channel: b'\n'
DEBUG:netmiko:read_channel: 

DEBUG:netmiko:read_channel: 
DEBUG:netmiko:write_channel: b'\n'
DEBUG:netmiko:read_channel: arista1#
DEBUG:netmiko:read_channel: 
DEBUG:netmiko:[find_prompt()]: prompt is arista1#
DEBUG:netmiko:read_channel: 
DEBUG:netmiko:write_channel: b'\n'
DEBUG:netmiko:read_channel: 
DEBUG:netmiko:read_channel: 
DEBUG:netmiko:write_channel: b'\n'
DEBUG:netmiko:read_channel: 

DEBUG:netmiko:write_channel: b'\n'
DEBUG:netmiko:read_channel: arista1#
DEBUG:netmiko:read_channel: 
DEBUG:netmiko:[find_prompt()]: prompt is arista1#
DEBUG:netmiko:read_channel: 
arista1#

DEBUG:netmiko:Clear buffer detects data in the channel
DEBUG:netmiko:read_channel: arista1#

DEBUG:netmiko:Clear buffer detects data in the channel
DEBUG:netmiko:read_channel: arista1#
DEBUG:netmiko:Clear buffer detects data in the channel
DEBUG:netmiko:read_channel: 
arista1#
DEBUG:netmiko:Clear buffer detects data in the channel
DEBUG:netmiko:read_channel: 
DEBUG:netmiko:write_channel: b'show ip arp\n'
DEBUG:netmiko:Pattern is: show\ ip\ arp
DEBUG:netmiko:_read_channel_expect read_data: s
DEBUG:netmiko:_read_channel_expect read_data: h
DEBUG:netmiko:_read_channel_expect read_data: o
DEBUG:netmiko:_read_channel_expect read_data: w
DEBUG:netmiko:_read_channel_expect read_data:  
DEBUG:netmiko:_read_channel_expect read_data: i
DEBUG:netmiko:_read_channel_expect read_data: p
DEBUG:netmiko:_read_channel_expect read_data:  
DEBUG:netmiko:_read_channel_expect read_data: a
DEBUG:netmiko:_read_channel_expect read_data: r
DEBUG:netmiko:_read_channel_expect read_data: p
DEBUG:netmiko:Pattern found: show\ ip\ arp show ip arp
DEBUG:netmiko:read_channel: 

DEBUG:netmiko:read_channel: Address         Age (min)  Hardware Addr   Interface

DEBUG:netmiko:read_channel: 
DEBUG:netmiko:read_channel: 
DEBUG:netmiko:read_channel: 
DEBUG:netmiko:read_channel: 
DEBUG:netmiko:read_channel: 
DEBUG:netmiko:read_channel: 
DEBUG:netmiko:read_channel: 
DEBUG:netmiko:read_channel: 
DEBUG:netmiko:read_channel: 10.220.88.1           N/A  0062.ec29.70fe  Vlan1, Ethernet1
10.220.88.22          N/A  a093.5141.b780  Vlan1, not learned
arista1#
DEBUG:netmiko:write_channel: b'\n'
DEBUG:netmiko:Pattern is: arista1
DEBUG:netmiko:_read_channel_expect read_data: 

DEBUG:netmiko:_read_channel_expect read_data: arista1#
DEBUG:netmiko:Pattern found: arista1 
arista1#
DEBUG:netmiko:write_channel: b'exit\n'
DEBUG:paramiko.transport:starting thread (client mode): 0xfc9f9490
DEBUG:paramiko.transport:Local version/idstring: SSH-2.0-paramiko_2.7.2
DEBUG:paramiko.transport:Remote version/idstring: SSH-2.0-OpenSSH_6.6.1
INFO:paramiko.transport:Connected (version 2.0, client OpenSSH_6.6.1)
DEBUG:paramiko.transport:kex algos:['curve25519-sha256@libssh.org', 'ecdh-sha2-nistp521', 'ecdh-sha2-nistp256', 'ecdh-sha2-nistp384', 'diffie-hellman-group14-sha1'] server key:['ssh-rsa', 'ecdsa-sha2-nistp521', 'ssh-ed25519'] client encrypt:['aes256-gcm@openssh.com', 'aes128-gcm@openssh.com', 'aes256-ctr', 'aes192-ctr', 'aes128-ctr'] server encrypt:['aes256-gcm@openssh.com', 'aes128-gcm@openssh.com', 'aes256-ctr', 'aes192-ctr', 'aes128-ctr'] client mac:['hmac-sha2-512-etm@openssh.com', 'hmac-sha2-256-etm@openssh.com', 'hmac-sha1-etm@openssh.com', 'hmac-sha2-512', 'hmac-sha2-256', 'hmac-sha1'] server mac:['hmac-sha2-512-etm@openssh.com', 'hmac-sha2-256-etm@openssh.com', 'hmac-sha1-etm@openssh.com', 'hmac-sha2-512', 'hmac-sha2-256', 'hmac-sha1'] client compress:['none', 'zlib@openssh.com'] server compress:['none', 'zlib@openssh.com'] client lang:[''] server lang:[''] kex follows?False
DEBUG:paramiko.transport:Kex agreed: curve25519-sha256@libssh.org
DEBUG:paramiko.transport:HostKey agreed: ssh-ed25519
DEBUG:paramiko.transport:Cipher agreed: aes128-ctr
DEBUG:paramiko.transport:MAC agreed: hmac-sha2-256
DEBUG:paramiko.transport:Compression agreed: none
DEBUG:paramiko.transport:kex engine KexCurve25519 specified hash_algo <built-in function openssl_sha256>
DEBUG:paramiko.transport:Switch to new keys ...
DEBUG:paramiko.transport:Adding ssh-ed25519 host key for arista1.lasthop.io: b'de8f7477a4a749270b1e79444d5051b9'
DEBUG:paramiko.transport:userauth is OK
DEBUG:paramiko.transport:Authentication type (password) not permitted.
DEBUG:paramiko.transport:Allowed methods: ['publickey', 'keyboard-interactive']
DEBUG:paramiko.transport:userauth is OK
INFO:paramiko.transport:Authentication (keyboard-interactive) successful!
DEBUG:paramiko.transport:[chan 0] Max packet in: 32768 bytes
DEBUG:paramiko.transport:[chan 0] Max packet out: 32768 bytes
DEBUG:paramiko.transport:Secsh channel 0 opened.
DEBUG:paramiko.transport:[chan 0] Sesch channel 0 request ok
DEBUG:paramiko.transport:[chan 0] Sesch channel 0 request ok
DEBUG:netmiko:write_channel: b'terminal width 511\n'
DEBUG:netmiko:Pattern is: Width set to
DEBUG:netmiko:_read_channel_expect read_data: Last login: Wed Jun 23 23:54:03 2021 from 18.144.100.179
DEBUG:netmiko:_read_channel_expect read_data: 

DEBUG:netmiko:_read_channel_expect read_data: terminal width 511

DEBUG:netmiko:_read_channel_expect read_data: terminal width 511

DEBUG:netmiko:_read_channel_expect read_data: arista1#
DEBUG:netmiko:_read_channel_expect read_data: t
DEBUG:netmiko:_read_channel_expect read_data: e
DEBUG:netmiko:_read_channel_expect read_data: r
DEBUG:netmiko:_read_channel_expect read_data: m
DEBUG:netmiko:_read_channel_expect read_data: i
DEBUG:netmiko:_read_channel_expect read_data: n
DEBUG:netmiko:_read_channel_expect read_data: a
DEBUG:netmiko:_read_channel_expect read_data: l
DEBUG:netmiko:_read_channel_expect read_data:  
DEBUG:netmiko:_read_channel_expect read_data: width 511
Width set to 511 columns.
arista1#
DEBUG:netmiko:Pattern found: Width set to Last login: Wed Jun 23 23:54:03 2021 from 18.144.100.179
terminal width 511
terminal width 511
arista1#terminal width 511
Width set to 511 columns.
arista1#
DEBUG:netmiko:In disable_paging
DEBUG:netmiko:Command: terminal length 0

DEBUG:netmiko:write_channel: b'terminal length 0\n'
DEBUG:netmiko:Pattern is: Pagination disabled
DEBUG:netmiko:_read_channel_expect read_data: terminal
DEBUG:netmiko:_read_channel_expect read_data:  length 0
DEBUG:netmiko:_read_channel_expect read_data: 
Pagination disabled.
DEBUG:netmiko:Pattern found: Pagination disabled terminal length 0
Pagination disabled.
DEBUG:netmiko:terminal length 0
Pagination disabled.
DEBUG:netmiko:Exiting disable_paging
DEBUG:netmiko:read_channel: 

DEBUG:netmiko:Clear buffer detects data in the channel
DEBUG:netmiko:read_channel: arista1#
DEBUG:netmiko:Clear buffer detects data in the channel
DEBUG:netmiko:read_channel: 
DEBUG:netmiko:write_channel: b'\n'
DEBUG:netmiko:read_channel: 
DEBUG:netmiko:read_channel: 
DEBUG:netmiko:write_channel: b'\n'
DEBUG:netmiko:read_channel: 
DEBUG:netmiko:write_channel: b'\n'
DEBUG:netmiko:read_channel: 
arista1#
DEBUG:netmiko:read_channel: 
DEBUG:netmiko:[find_prompt()]: prompt is arista1#
DEBUG:netmiko:read_channel: 

DEBUG:netmiko:Clear buffer detects data in the channel
DEBUG:netmiko:read_channel: arista1#

DEBUG:netmiko:Clear buffer detects data in the channel
DEBUG:netmiko:read_channel: arista1#
DEBUG:netmiko:Clear buffer detects data in the channel
DEBUG:netmiko:read_channel: 
DEBUG:netmiko:write_channel: b'\n'
DEBUG:netmiko:read_channel: 
DEBUG:netmiko:read_channel: 
DEBUG:netmiko:write_channel: b'\n'
DEBUG:netmiko:read_channel: 
DEBUG:netmiko:write_channel: b'\n'
DEBUG:netmiko:read_channel: 
arista1#
DEBUG:netmiko:read_channel: 
DEBUG:netmiko:[find_prompt()]: prompt is arista1#
DEBUG:netmiko:read_channel: 
arista1#
DEBUG:netmiko:Clear buffer detects data in the channel
DEBUG:netmiko:read_channel: 

DEBUG:netmiko:Clear buffer detects data in the channel
DEBUG:netmiko:read_channel: arista1#
DEBUG:netmiko:Clear buffer detects data in the channel
DEBUG:netmiko:read_channel: 
DEBUG:netmiko:write_channel: b'show ip arp\n'
DEBUG:netmiko:Pattern is: show\ ip\ arp
DEBUG:netmiko:_read_channel_expect read_data: show ip 
DEBUG:netmiko:_read_channel_expect read_data: ar
DEBUG:netmiko:_read_channel_expect read_data: p

DEBUG:netmiko:Pattern found: show\ ip\ arp show ip arp

DEBUG:netmiko:read_channel: Address         Age (min)  Hardware Addr   Interface
DEBUG:netmiko:read_channel: 

DEBUG:netmiko:read_channel: 10.220.88.1           N/A  0062.ec29.70fe  Vlan1, Ethernet1

DEBUG:netmiko:read_channel: 10.220.88.22          N/A  a093.5141.b780  Vlan1, not learned
DEBUG:netmiko:read_channel: 
arista1#
DEBUG:netmiko:write_channel: b'\n'
DEBUG:netmiko:Pattern is: arista1
DEBUG:netmiko:_read_channel_expect read_data: 

DEBUG:netmiko:_read_channel_expect read_data: arista1#
DEBUG:netmiko:Pattern found: arista1 
arista1#
DEBUG:netmiko:write_channel: b'exit\n'
DEBUG:paramiko.transport:starting thread (client mode): 0xfc9bc210
DEBUG:paramiko.transport:Local version/idstring: SSH-2.0-paramiko_2.7.2
DEBUG:paramiko.transport:EOF in transport thread
DEBUG:paramiko.transport:Remote version/idstring: SSH-2.0-OpenSSH_6.6.1
INFO:paramiko.transport:Connected (version 2.0, client OpenSSH_6.6.1)
DEBUG:paramiko.transport:kex algos:['curve25519-sha256@libssh.org', 'ecdh-sha2-nistp521', 'ecdh-sha2-nistp256', 'ecdh-sha2-nistp384', 'diffie-hellman-group14-sha1'] server key:['ssh-rsa', 'ecdsa-sha2-nistp521', 'ssh-ed25519'] client encrypt:['aes256-gcm@openssh.com', 'aes128-gcm@openssh.com', 'aes256-ctr', 'aes192-ctr', 'aes128-ctr'] server encrypt:['aes256-gcm@openssh.com', 'aes128-gcm@openssh.com', 'aes256-ctr', 'aes192-ctr', 'aes128-ctr'] client mac:['hmac-sha2-512-etm@openssh.com', 'hmac-sha2-256-etm@openssh.com', 'hmac-sha1-etm@openssh.com', 'hmac-sha2-512', 'hmac-sha2-256', 'hmac-sha1'] server mac:['hmac-sha2-512-etm@openssh.com', 'hmac-sha2-256-etm@openssh.com', 'hmac-sha1-etm@openssh.com', 'hmac-sha2-512', 'hmac-sha2-256', 'hmac-sha1'] client compress:['none', 'zlib@openssh.com'] server compress:['none', 'zlib@openssh.com'] client lang:[''] server lang:[''] kex follows?False
DEBUG:paramiko.transport:Kex agreed: curve25519-sha256@libssh.org
DEBUG:paramiko.transport:HostKey agreed: ssh-ed25519
DEBUG:paramiko.transport:Cipher agreed: aes128-ctr
DEBUG:paramiko.transport:MAC agreed: hmac-sha2-256
DEBUG:paramiko.transport:Compression agreed: none
DEBUG:paramiko.transport:kex engine KexCurve25519 specified hash_algo <built-in function openssl_sha256>
DEBUG:paramiko.transport:Switch to new keys ...
DEBUG:paramiko.transport:Adding ssh-ed25519 host key for arista2.lasthop.io: b'5200db23fe9d25a8a72f9036f4adb051'
DEBUG:paramiko.transport:userauth is OK
DEBUG:paramiko.transport:Authentication type (password) not permitted.
DEBUG:paramiko.transport:Allowed methods: ['publickey', 'keyboard-interactive']
DEBUG:paramiko.transport:userauth is OK
INFO:paramiko.transport:Authentication (keyboard-interactive) successful!
DEBUG:paramiko.transport:[chan 0] Max packet in: 32768 bytes
DEBUG:paramiko.transport:[chan 0] Max packet out: 32768 bytes
DEBUG:paramiko.transport:Secsh channel 0 opened.
DEBUG:paramiko.transport:[chan 0] Sesch channel 0 request ok
DEBUG:paramiko.transport:[chan 0] Sesch channel 0 request ok
DEBUG:netmiko:write_channel: b'terminal width 511\n'
DEBUG:netmiko:Pattern is: Width set to
DEBUG:netmiko:_read_channel_expect read_data: Last login: Wed Jun 23 11:15:05 2021 from 54.214.14.39
DEBUG:netmiko:_read_channel_expect read_data: 

DEBUG:netmiko:_read_channel_expect read_data: terminal width 511

DEBUG:netmiko:_read_channel_expect read_data: terminal width 511

DEBUG:netmiko:_read_channel_expect read_data: arista2#
DEBUG:netmiko:_read_channel_expect read_data: t
DEBUG:netmiko:_read_channel_expect read_data: e
DEBUG:netmiko:_read_channel_expect read_data: r
DEBUG:netmiko:_read_channel_expect read_data: m
DEBUG:netmiko:_read_channel_expect read_data: i
DEBUG:netmiko:_read_channel_expect read_data: n
DEBUG:netmiko:_read_channel_expect read_data: a
DEBUG:netmiko:_read_channel_expect read_data: l
DEBUG:netmiko:_read_channel_expect read_data:  
DEBUG:netmiko:_read_channel_expect read_data: width 511
Width set to 511 columns.
arista2#
DEBUG:netmiko:Pattern found: Width set to Last login: Wed Jun 23 11:15:05 2021 from 54.214.14.39
terminal width 511
terminal width 511
arista2#terminal width 511
Width set to 511 columns.
arista2#
DEBUG:netmiko:In disable_paging
DEBUG:netmiko:Command: terminal length 0

DEBUG:netmiko:write_channel: b'terminal length 0\n'
DEBUG:netmiko:Pattern is: Pagination disabled
DEBUG:netmiko:_read_channel_expect read_data: termin
DEBUG:netmiko:_read_channel_expect read_data: al length 0
DEBUG:netmiko:_read_channel_expect read_data: 

DEBUG:netmiko:_read_channel_expect read_data: Pagination disabled.
DEBUG:netmiko:Pattern found: Pagination disabled terminal length 0
Pagination disabled.
DEBUG:netmiko:terminal length 0
Pagination disabled.
DEBUG:netmiko:Exiting disable_paging
DEBUG:netmiko:read_channel: 

DEBUG:netmiko:Clear buffer detects data in the channel
DEBUG:netmiko:read_channel: arista2#
DEBUG:netmiko:Clear buffer detects data in the channel
DEBUG:netmiko:read_channel: 
DEBUG:netmiko:write_channel: b'\n'
DEBUG:netmiko:read_channel: 
DEBUG:netmiko:read_channel: 
DEBUG:netmiko:write_channel: b'\n'
DEBUG:netmiko:read_channel: 
DEBUG:netmiko:write_channel: b'\n'
DEBUG:netmiko:read_channel: 
DEBUG:netmiko:write_channel: b'\n'
DEBUG:netmiko:read_channel: 
arista2#
DEBUG:netmiko:read_channel: 
DEBUG:netmiko:[find_prompt()]: prompt is arista2#
DEBUG:netmiko:read_channel: 
DEBUG:netmiko:write_channel: b'\n'
DEBUG:netmiko:read_channel: 
DEBUG:netmiko:read_channel: 
DEBUG:netmiko:write_channel: b'\n'
DEBUG:netmiko:read_channel: 
DEBUG:netmiko:write_channel: b'\n'
DEBUG:netmiko:read_channel: 

DEBUG:netmiko:write_channel: b'\n'
DEBUG:netmiko:read_channel: arista2#
arista2#

DEBUG:netmiko:read_channel: arista2#
DEBUG:netmiko:Clear buffer detects data in the channel
DEBUG:netmiko:read_channel: 
DEBUG:netmiko:[find_prompt()]: prompt is arista2#
DEBUG:netmiko:read_channel: 
DEBUG:netmiko:write_channel: b'show ip arp\n'
DEBUG:netmiko:Pattern is: show\ ip\ arp
DEBUG:netmiko:_read_channel_expect read_data: 

DEBUG:netmiko:_read_channel_expect read_data: arista2#
DEBUG:netmiko:_read_channel_expect read_data: 

DEBUG:netmiko:_read_channel_expect read_data: arista2#
DEBUG:netmiko:_read_channel_expect read_data: 

DEBUG:netmiko:_read_channel_expect read_data: arista2#
DEBUG:netmiko:_read_channel_expect read_data: 

DEBUG:netmiko:_read_channel_expect read_data: arista2#
DEBUG:netmiko:_read_channel_expect read_data: s
DEBUG:netmiko:_read_channel_expect read_data: h
DEBUG:netmiko:_read_channel_expect read_data: o
DEBUG:netmiko:_read_channel_expect read_data: w
DEBUG:netmiko:_read_channel_expect read_data:  
DEBUG:netmiko:_read_channel_expect read_data: i
DEBUG:netmiko:_read_channel_expect read_data: p
DEBUG:netmiko:_read_channel_expect read_data:  arp
Address         Age (min)  Hardware Addr   Interface
10.220.88.1           N/A  0062.ec29.70fe  Vlan1, Ethernet1
arista2#
DEBUG:netmiko:Pattern found: show\ ip\ arp 
arista2#
arista2#
arista2#
arista2#show ip arp
Address         Age (min)  Hardware Addr   Interface
10.220.88.1           N/A  0062.ec29.70fe  Vlan1, Ethernet1
arista2#
DEBUG:netmiko:write_channel: b'\n'
DEBUG:netmiko:Pattern is: arista2
DEBUG:netmiko:_read_channel_expect read_data: 

DEBUG:netmiko:_read_channel_expect read_data: arista2#
DEBUG:netmiko:Pattern found: arista2 
arista2#
DEBUG:netmiko:write_channel: b'exit\n'
DEBUG:paramiko.transport:starting thread (client mode): 0xfc9c5550
DEBUG:paramiko.transport:Local version/idstring: SSH-2.0-paramiko_2.7.2
DEBUG:paramiko.transport:EOF in transport thread
DEBUG:paramiko.transport:Remote version/idstring: SSH-2.0-OpenSSH_6.6.1
INFO:paramiko.transport:Connected (version 2.0, client OpenSSH_6.6.1)
DEBUG:paramiko.transport:kex algos:['curve25519-sha256@libssh.org', 'ecdh-sha2-nistp521', 'ecdh-sha2-nistp256', 'ecdh-sha2-nistp384', 'diffie-hellman-group14-sha1'] server key:['ssh-rsa', 'ecdsa-sha2-nistp521', 'ssh-ed25519'] client encrypt:['aes256-gcm@openssh.com', 'aes128-gcm@openssh.com', 'aes256-ctr', 'aes192-ctr', 'aes128-ctr'] server encrypt:['aes256-gcm@openssh.com', 'aes128-gcm@openssh.com', 'aes256-ctr', 'aes192-ctr', 'aes128-ctr'] client mac:['hmac-sha2-512-etm@openssh.com', 'hmac-sha2-256-etm@openssh.com', 'hmac-sha1-etm@openssh.com', 'hmac-sha2-512', 'hmac-sha2-256', 'hmac-sha1'] server mac:['hmac-sha2-512-etm@openssh.com', 'hmac-sha2-256-etm@openssh.com', 'hmac-sha1-etm@openssh.com', 'hmac-sha2-512', 'hmac-sha2-256', 'hmac-sha1'] client compress:['none', 'zlib@openssh.com'] server compress:['none', 'zlib@openssh.com'] client lang:[''] server lang:[''] kex follows?False
DEBUG:paramiko.transport:Kex agreed: curve25519-sha256@libssh.org
DEBUG:paramiko.transport:HostKey agreed: ssh-ed25519
DEBUG:paramiko.transport:Cipher agreed: aes128-ctr
DEBUG:paramiko.transport:MAC agreed: hmac-sha2-256
DEBUG:paramiko.transport:Compression agreed: none
DEBUG:paramiko.transport:kex engine KexCurve25519 specified hash_algo <built-in function openssl_sha256>
DEBUG:paramiko.transport:Switch to new keys ...
DEBUG:paramiko.transport:Adding ssh-ed25519 host key for arista3.lasthop.io: b'c290c89520ffb233d2ac54cbb8eb3182'
DEBUG:paramiko.transport:userauth is OK
DEBUG:paramiko.transport:Authentication type (password) not permitted.
DEBUG:paramiko.transport:Allowed methods: ['publickey', 'keyboard-interactive']
DEBUG:paramiko.transport:userauth is OK
INFO:paramiko.transport:Authentication (keyboard-interactive) successful!
DEBUG:paramiko.transport:[chan 0] Max packet in: 32768 bytes
DEBUG:paramiko.transport:[chan 0] Max packet out: 32768 bytes
DEBUG:paramiko.transport:Secsh channel 0 opened.
DEBUG:paramiko.transport:[chan 0] Sesch channel 0 request ok
DEBUG:paramiko.transport:[chan 0] Sesch channel 0 request ok
DEBUG:netmiko:write_channel: b'terminal width 511\n'
DEBUG:netmiko:Pattern is: Width set to
DEBUG:netmiko:_read_channel_expect read_data: Last login: Wed Jun 23 11:15:03 2021 from 54.214.14.39

DEBUG:netmiko:_read_channel_expect read_data: terminal width 511

DEBUG:netmiko:_read_channel_expect read_data: terminal width 511

DEBUG:netmiko:_read_channel_expect read_data: arista3#
DEBUG:netmiko:_read_channel_expect read_data: t
DEBUG:netmiko:_read_channel_expect read_data: e
DEBUG:netmiko:_read_channel_expect read_data: r
DEBUG:netmiko:_read_channel_expect read_data: m
DEBUG:netmiko:_read_channel_expect read_data: i
DEBUG:netmiko:_read_channel_expect read_data: n
DEBUG:netmiko:_read_channel_expect read_data: a
DEBUG:netmiko:_read_channel_expect read_data: l
DEBUG:netmiko:_read_channel_expect read_data:  
DEBUG:netmiko:_read_channel_expect read_data: width 511
Width set to 511 columns.
arista3#
DEBUG:netmiko:Pattern found: Width set to Last login: Wed Jun 23 11:15:03 2021 from 54.214.14.39
terminal width 511
terminal width 511
arista3#terminal width 511
Width set to 511 columns.
arista3#
DEBUG:netmiko:In disable_paging
DEBUG:netmiko:Command: terminal length 0

DEBUG:netmiko:write_channel: b'terminal length 0\n'
DEBUG:netmiko:Pattern is: Pagination disabled
DEBUG:netmiko:_read_channel_expect read_data: t
DEBUG:netmiko:_read_channel_expect read_data: er
DEBUG:netmiko:_read_channel_expect read_data: m
DEBUG:netmiko:_read_channel_expect read_data: i
DEBUG:netmiko:_read_channel_expect read_data: n
DEBUG:netmiko:_read_channel_expect read_data: a
DEBUG:netmiko:_read_channel_expect read_data: l
DEBUG:netmiko:_read_channel_expect read_data:  
DEBUG:netmiko:_read_channel_expect read_data: l
DEBUG:netmiko:_read_channel_expect read_data: e
DEBUG:netmiko:_read_channel_expect read_data: n
DEBUG:netmiko:_read_channel_expect read_data: g
DEBUG:netmiko:_read_channel_expect read_data: t
DEBUG:netmiko:_read_channel_expect read_data: h
DEBUG:netmiko:_read_channel_expect read_data:  
DEBUG:netmiko:_read_channel_expect read_data: 0
Pagination disabled.
arista3#
DEBUG:netmiko:Pattern found: Pagination disabled terminal length 0
Pagination disabled.
arista3#
DEBUG:netmiko:terminal length 0
Pagination disabled.
arista3#
DEBUG:netmiko:Exiting disable_paging
DEBUG:netmiko:read_channel: 
DEBUG:netmiko:write_channel: b'\n'
DEBUG:netmiko:read_channel: 
DEBUG:netmiko:read_channel: 
DEBUG:netmiko:write_channel: b'\n'
DEBUG:netmiko:read_channel: 
DEBUG:netmiko:write_channel: b'\n'
DEBUG:netmiko:read_channel: 
arista3#
DEBUG:netmiko:read_channel: 
DEBUG:netmiko:[find_prompt()]: prompt is arista3#
DEBUG:netmiko:read_channel: 
arista3#
DEBUG:netmiko:Clear buffer detects data in the channel
DEBUG:netmiko:read_channel: 
arista3#
DEBUG:netmiko:Clear buffer detects data in the channel
DEBUG:netmiko:read_channel: 
DEBUG:netmiko:write_channel: b'\n'
DEBUG:netmiko:read_channel: 
DEBUG:netmiko:read_channel: 
DEBUG:netmiko:write_channel: b'\n'
DEBUG:netmiko:read_channel: 
DEBUG:netmiko:write_channel: b'\n'
DEBUG:netmiko:read_channel: 
arista3#
DEBUG:netmiko:read_channel: 
DEBUG:netmiko:[find_prompt()]: prompt is arista3#
DEBUG:netmiko:read_channel: 
arista3#

DEBUG:netmiko:Clear buffer detects data in the channel
DEBUG:netmiko:read_channel: arista3#
DEBUG:netmiko:Clear buffer detects data in the channel
DEBUG:netmiko:read_channel: 
DEBUG:netmiko:write_channel: b'show ip arp\n'
DEBUG:netmiko:Pattern is: show\ ip\ arp
DEBUG:netmiko:_read_channel_expect read_data: sho
DEBUG:netmiko:_read_channel_expect read_data: w 
DEBUG:netmiko:_read_channel_expect read_data: ip
DEBUG:netmiko:_read_channel_expect read_data:  a
DEBUG:netmiko:_read_channel_expect read_data: rp
DEBUG:netmiko:Pattern found: show\ ip\ arp show ip arp
DEBUG:netmiko:read_channel: 

DEBUG:netmiko:read_channel: Address         Age (min)  Hardware Addr   Interface
10.220.88.1           N/A  0062.ec29.70fe  Vlan1, Ethernet1

DEBUG:netmiko:read_channel: arista3#
DEBUG:netmiko:write_channel: b'\n'
DEBUG:netmiko:Pattern is: arista3
DEBUG:netmiko:_read_channel_expect read_data: 

DEBUG:netmiko:_read_channel_expect read_data: arista3#
DEBUG:netmiko:Pattern found: arista3 
arista3#
DEBUG:netmiko:write_channel: b'exit\n'
DEBUG:paramiko.transport:starting thread (client mode): 0xe4fe64d0
DEBUG:paramiko.transport:Local version/idstring: SSH-2.0-paramiko_2.7.2
DEBUG:paramiko.transport:Remote version/idstring: SSH-2.0-OpenSSH_6.6.1
INFO:paramiko.transport:Connected (version 2.0, client OpenSSH_6.6.1)
DEBUG:paramiko.transport:kex algos:['curve25519-sha256@libssh.org', 'ecdh-sha2-nistp521', 'ecdh-sha2-nistp256', 'ecdh-sha2-nistp384', 'diffie-hellman-group14-sha1'] server key:['ssh-rsa', 'ecdsa-sha2-nistp521', 'ssh-ed25519'] client encrypt:['aes256-gcm@openssh.com', 'aes128-gcm@openssh.com', 'aes256-ctr', 'aes192-ctr', 'aes128-ctr'] server encrypt:['aes256-gcm@openssh.com', 'aes128-gcm@openssh.com', 'aes256-ctr', 'aes192-ctr', 'aes128-ctr'] client mac:['hmac-sha2-512-etm@openssh.com', 'hmac-sha2-256-etm@openssh.com', 'hmac-sha1-etm@openssh.com', 'hmac-sha2-512', 'hmac-sha2-256', 'hmac-sha1'] server mac:['hmac-sha2-512-etm@openssh.com', 'hmac-sha2-256-etm@openssh.com', 'hmac-sha1-etm@openssh.com', 'hmac-sha2-512', 'hmac-sha2-256', 'hmac-sha1'] client compress:['none', 'zlib@openssh.com'] server compress:['none', 'zlib@openssh.com'] client lang:[''] server lang:[''] kex follows?False
DEBUG:paramiko.transport:Kex agreed: curve25519-sha256@libssh.org
DEBUG:paramiko.transport:HostKey agreed: ssh-ed25519
DEBUG:paramiko.transport:Cipher agreed: aes128-ctr
DEBUG:paramiko.transport:MAC agreed: hmac-sha2-256
DEBUG:paramiko.transport:Compression agreed: none
DEBUG:paramiko.transport:kex engine KexCurve25519 specified hash_algo <built-in function openssl_sha256>
DEBUG:paramiko.transport:Switch to new keys ...
DEBUG:paramiko.transport:Adding ssh-ed25519 host key for arista1.lasthop.io: b'de8f7477a4a749270b1e79444d5051b9'
DEBUG:paramiko.transport:userauth is OK
DEBUG:paramiko.transport:Authentication type (password) not permitted.
DEBUG:paramiko.transport:Allowed methods: ['publickey', 'keyboard-interactive']
DEBUG:paramiko.transport:userauth is OK
INFO:paramiko.transport:Authentication (keyboard-interactive) successful!
DEBUG:paramiko.transport:[chan 0] Max packet in: 32768 bytes
DEBUG:paramiko.transport:[chan 0] Max packet out: 32768 bytes
DEBUG:paramiko.transport:Secsh channel 0 opened.
DEBUG:paramiko.transport:[chan 0] Sesch channel 0 request ok
DEBUG:paramiko.transport:[chan 0] Sesch channel 0 request ok
DEBUG:netmiko:write_channel: b'terminal width 511\n'
DEBUG:netmiko:Pattern is: Width set to
DEBUG:netmiko:_read_channel_expect read_data: Last login: Wed Jun 23 23:55:14 2021 from 18.144.100.179
DEBUG:netmiko:_read_channel_expect read_data: 

DEBUG:netmiko:_read_channel_expect read_data: terminal width 511

DEBUG:netmiko:_read_channel_expect read_data: terminal width 511

DEBUG:netmiko:_read_channel_expect read_data: arista1#
DEBUG:netmiko:_read_channel_expect read_data: t
DEBUG:netmiko:_read_channel_expect read_data: e
DEBUG:netmiko:_read_channel_expect read_data: r
DEBUG:netmiko:_read_channel_expect read_data: m
DEBUG:netmiko:_read_channel_expect read_data: i
DEBUG:netmiko:_read_channel_expect read_data: n
DEBUG:netmiko:_read_channel_expect read_data: a
DEBUG:netmiko:_read_channel_expect read_data: l
DEBUG:netmiko:_read_channel_expect read_data:  
DEBUG:netmiko:_read_channel_expect read_data: width 511
Width set to 511 columns.
arista1#
DEBUG:netmiko:Pattern found: Width set to Last login: Wed Jun 23 23:55:14 2021 from 18.144.100.179
terminal width 511
terminal width 511
arista1#terminal width 511
Width set to 511 columns.
arista1#
DEBUG:netmiko:In disable_paging
DEBUG:netmiko:Command: terminal length 0

DEBUG:netmiko:write_channel: b'terminal length 0\n'
DEBUG:netmiko:Pattern is: Pagination disabled
DEBUG:netmiko:_read_channel_expect read_data: t
DEBUG:netmiko:_read_channel_expect read_data: e
DEBUG:netmiko:_read_channel_expect read_data: r
DEBUG:netmiko:_read_channel_expect read_data: m
DEBUG:netmiko:_read_channel_expect read_data: i
DEBUG:netmiko:_read_channel_expect read_data: n
DEBUG:netmiko:_read_channel_expect read_data: a
DEBUG:netmiko:_read_channel_expect read_data: l
DEBUG:netmiko:_read_channel_expect read_data:  
DEBUG:netmiko:_read_channel_expect read_data: l
DEBUG:netmiko:_read_channel_expect read_data: e
DEBUG:netmiko:_read_channel_expect read_data: n
DEBUG:netmiko:_read_channel_expect read_data: g
DEBUG:netmiko:_read_channel_expect read_data: t
DEBUG:netmiko:_read_channel_expect read_data: h
DEBUG:netmiko:_read_channel_expect read_data:  0
Pagination disabled.
arista1#
DEBUG:netmiko:Pattern found: Pagination disabled terminal length 0
Pagination disabled.
arista1#
DEBUG:netmiko:terminal length 0
Pagination disabled.
arista1#
DEBUG:netmiko:Exiting disable_paging
DEBUG:netmiko:read_channel: 
DEBUG:netmiko:write_channel: b'\n'
DEBUG:netmiko:read_channel: 
DEBUG:netmiko:read_channel: 
DEBUG:netmiko:write_channel: b'\n'
DEBUG:netmiko:read_channel: 
DEBUG:netmiko:write_channel: b'\n'
DEBUG:netmiko:read_channel: 
arista1#
DEBUG:netmiko:read_channel: 
DEBUG:netmiko:[find_prompt()]: prompt is arista1#
DEBUG:netmiko:read_channel: 

DEBUG:netmiko:Clear buffer detects data in the channel
DEBUG:netmiko:read_channel: arista1#
DEBUG:netmiko:Clear buffer detects data in the channel
DEBUG:netmiko:read_channel: 
arista1#
DEBUG:netmiko:Clear buffer detects data in the channel
DEBUG:netmiko:read_channel: 
DEBUG:netmiko:write_channel: b'\n'
DEBUG:netmiko:read_channel: 
DEBUG:netmiko:read_channel: 
DEBUG:netmiko:write_channel: b'\n'
DEBUG:netmiko:read_channel: 
DEBUG:netmiko:write_channel: b'\n'
DEBUG:netmiko:read_channel: 

DEBUG:netmiko:write_channel: b'\n'
DEBUG:netmiko:read_channel: arista1#
DEBUG:netmiko:read_channel: 

DEBUG:netmiko:Clear buffer detects data in the channel
DEBUG:netmiko:read_channel: arista1#

DEBUG:netmiko:Clear buffer detects data in the channel
DEBUG:netmiko:read_channel: arista1#
DEBUG:netmiko:Clear buffer detects data in the channel
DEBUG:netmiko:read_channel: 
arista1#
DEBUG:netmiko:Clear buffer detects data in the channel
DEBUG:netmiko:read_channel: 
DEBUG:netmiko:[find_prompt()]: prompt is arista1#
DEBUG:netmiko:read_channel: 
DEBUG:netmiko:write_channel: b'show ip arp\n'
DEBUG:netmiko:Pattern is: show\ ip\ arp
DEBUG:netmiko:_read_channel_expect read_data: s
DEBUG:netmiko:_read_channel_expect read_data: how 
DEBUG:netmiko:_read_channel_expect read_data: ip a
DEBUG:netmiko:_read_channel_expect read_data: rp

DEBUG:netmiko:Pattern found: show\ ip\ arp show ip arp

DEBUG:netmiko:read_channel: Address         Age (min)  Hardware Addr   Interface
DEBUG:netmiko:read_channel: 
10.220.88.1           N/A  0062.ec29.70fe  Vlan1, Ethernet1
DEBUG:netmiko:read_channel: 
10.220.88.22          N/A  a093.5141.b780  Vlan1, not learned
DEBUG:netmiko:read_channel: 
arista1#
DEBUG:netmiko:write_channel: b'\n'
DEBUG:netmiko:Pattern is: arista1
DEBUG:netmiko:_read_channel_expect read_data: 

DEBUG:netmiko:_read_channel_expect read_data: arista1#
DEBUG:netmiko:Pattern found: arista1 
arista1#
DEBUG:netmiko:write_channel: b'exit\n'
DEBUG:paramiko.transport:starting thread (client mode): 0xe4fa8250
DEBUG:paramiko.transport:Local version/idstring: SSH-2.0-paramiko_2.7.2
DEBUG:paramiko.transport:EOF in transport thread
DEBUG:paramiko.transport:Remote version/idstring: SSH-2.0-OpenSSH_6.6.1
INFO:paramiko.transport:Connected (version 2.0, client OpenSSH_6.6.1)
DEBUG:paramiko.transport:kex algos:['curve25519-sha256@libssh.org', 'ecdh-sha2-nistp521', 'ecdh-sha2-nistp256', 'ecdh-sha2-nistp384', 'diffie-hellman-group14-sha1'] server key:['ssh-rsa', 'ecdsa-sha2-nistp521', 'ssh-ed25519'] client encrypt:['aes256-gcm@openssh.com', 'aes128-gcm@openssh.com', 'aes256-ctr', 'aes192-ctr', 'aes128-ctr'] server encrypt:['aes256-gcm@openssh.com', 'aes128-gcm@openssh.com', 'aes256-ctr', 'aes192-ctr', 'aes128-ctr'] client mac:['hmac-sha2-512-etm@openssh.com', 'hmac-sha2-256-etm@openssh.com', 'hmac-sha1-etm@openssh.com', 'hmac-sha2-512', 'hmac-sha2-256', 'hmac-sha1'] server mac:['hmac-sha2-512-etm@openssh.com', 'hmac-sha2-256-etm@openssh.com', 'hmac-sha1-etm@openssh.com', 'hmac-sha2-512', 'hmac-sha2-256', 'hmac-sha1'] client compress:['none', 'zlib@openssh.com'] server compress:['none', 'zlib@openssh.com'] client lang:[''] server lang:[''] kex follows?False
DEBUG:paramiko.transport:Kex agreed: curve25519-sha256@libssh.org
DEBUG:paramiko.transport:HostKey agreed: ssh-ed25519
DEBUG:paramiko.transport:Cipher agreed: aes128-ctr
DEBUG:paramiko.transport:MAC agreed: hmac-sha2-256
DEBUG:paramiko.transport:Compression agreed: none
DEBUG:paramiko.transport:kex engine KexCurve25519 specified hash_algo <built-in function openssl_sha256>
DEBUG:paramiko.transport:Switch to new keys ...
DEBUG:paramiko.transport:Adding ssh-ed25519 host key for arista2.lasthop.io: b'5200db23fe9d25a8a72f9036f4adb051'
DEBUG:paramiko.transport:userauth is OK
DEBUG:paramiko.transport:Authentication type (password) not permitted.
DEBUG:paramiko.transport:Allowed methods: ['publickey', 'keyboard-interactive']
DEBUG:paramiko.transport:userauth is OK
INFO:paramiko.transport:Authentication (keyboard-interactive) successful!
DEBUG:paramiko.transport:[chan 0] Max packet in: 32768 bytes
DEBUG:paramiko.transport:[chan 0] Max packet out: 32768 bytes
DEBUG:paramiko.transport:Secsh channel 0 opened.
DEBUG:paramiko.transport:[chan 0] Sesch channel 0 request ok
DEBUG:paramiko.transport:[chan 0] Sesch channel 0 request ok
DEBUG:netmiko:write_channel: b'terminal width 511\n'
DEBUG:netmiko:Pattern is: Width set to
DEBUG:netmiko:_read_channel_expect read_data: Last login: Wed Jun 23 23:55:17 2021 from 18.144.100.179
DEBUG:netmiko:_read_channel_expect read_data: 

DEBUG:netmiko:_read_channel_expect read_data: terminal width 511

DEBUG:netmiko:_read_channel_expect read_data: terminal width 511

DEBUG:netmiko:_read_channel_expect read_data: arista2#terminal width 511
DEBUG:netmiko:_read_channel_expect read_data: 

DEBUG:netmiko:_read_channel_expect read_data: Width set to 511 columns.

DEBUG:netmiko:Pattern found: Width set to Last login: Wed Jun 23 23:55:17 2021 from 18.144.100.179
terminal width 511
terminal width 511
arista2#terminal width 511
Width set to 511 columns.

DEBUG:netmiko:In disable_paging
DEBUG:netmiko:Command: terminal length 0

DEBUG:netmiko:write_channel: b'terminal length 0\n'
DEBUG:netmiko:Pattern is: Pagination disabled
DEBUG:netmiko:_read_channel_expect read_data: arista2#
DEBUG:netmiko:_read_channel_expect read_data: t
DEBUG:netmiko:_read_channel_expect read_data: e
DEBUG:netmiko:_read_channel_expect read_data: r
DEBUG:netmiko:_read_channel_expect read_data: m
DEBUG:netmiko:_read_channel_expect read_data: i
DEBUG:netmiko:_read_channel_expect read_data: n
DEBUG:netmiko:_read_channel_expect read_data: a
DEBUG:netmiko:_read_channel_expect read_data: l
DEBUG:netmiko:_read_channel_expect read_data:  
DEBUG:netmiko:_read_channel_expect read_data: l
DEBUG:netmiko:_read_channel_expect read_data: ength 0
Pagination disabled.

DEBUG:netmiko:Pattern found: Pagination disabled arista2#terminal length 0
Pagination disabled.

DEBUG:netmiko:arista2#terminal length 0
Pagination disabled.

DEBUG:netmiko:Exiting disable_paging
DEBUG:netmiko:read_channel: arista2#
DEBUG:netmiko:Clear buffer detects data in the channel
DEBUG:netmiko:read_channel: 
DEBUG:netmiko:write_channel: b'\n'
DEBUG:netmiko:read_channel: 
DEBUG:netmiko:read_channel: 
DEBUG:netmiko:write_channel: b'\n'
DEBUG:netmiko:read_channel: 
DEBUG:netmiko:write_channel: b'\n'
DEBUG:netmiko:read_channel: 
DEBUG:netmiko:write_channel: b'\n'
DEBUG:netmiko:read_channel: 
DEBUG:netmiko:write_channel: b'\n'
DEBUG:netmiko:read_channel: 
arista2#
DEBUG:netmiko:read_channel: 

DEBUG:netmiko:Clear buffer detects data in the channel
DEBUG:netmiko:read_channel: arista2#

DEBUG:netmiko:Clear buffer detects data in the channel
DEBUG:netmiko:read_channel: arista2#
arista2#

DEBUG:netmiko:Clear buffer detects data in the channel
DEBUG:netmiko:read_channel: arista2#
DEBUG:netmiko:Clear buffer detects data in the channel
DEBUG:netmiko:read_channel: 
DEBUG:netmiko:[find_prompt()]: prompt is arista2#
DEBUG:netmiko:read_channel: 
DEBUG:netmiko:write_channel: b'\n'
DEBUG:netmiko:read_channel: 
DEBUG:netmiko:read_channel: 
DEBUG:netmiko:write_channel: b'\n'
DEBUG:netmiko:read_channel: 
DEBUG:netmiko:write_channel: b'\n'
DEBUG:netmiko:read_channel: 

DEBUG:netmiko:write_channel: b'\n'
DEBUG:netmiko:read_channel: arista2#
DEBUG:netmiko:read_channel: 
arista2#
DEBUG:netmiko:Clear buffer detects data in the channel
DEBUG:netmiko:read_channel: 

DEBUG:netmiko:Clear buffer detects data in the channel
DEBUG:netmiko:read_channel: arista2#

DEBUG:netmiko:Clear buffer detects data in the channel
DEBUG:netmiko:read_channel: arista2#
DEBUG:netmiko:Clear buffer detects data in the channel
DEBUG:netmiko:read_channel: 
DEBUG:netmiko:[find_prompt()]: prompt is arista2#
DEBUG:netmiko:read_channel: 
DEBUG:netmiko:write_channel: b'show ip arp\n'
DEBUG:netmiko:Pattern is: show\ ip\ arp
DEBUG:netmiko:_read_channel_expect read_data: show ip arp

DEBUG:netmiko:Pattern found: show\ ip\ arp show ip arp

DEBUG:netmiko:read_channel: Address         Age (min)  Hardware Addr   Interface
DEBUG:netmiko:read_channel: 

DEBUG:netmiko:read_channel: 10.220.88.1           N/A  0062.ec29.70fe  Vlan1, Ethernet1

DEBUG:netmiko:read_channel: arista2#
DEBUG:netmiko:write_channel: b'\n'
DEBUG:netmiko:Pattern is: arista2
DEBUG:netmiko:_read_channel_expect read_data: 

DEBUG:netmiko:_read_channel_expect read_data: arista2#
DEBUG:netmiko:Pattern found: arista2 
arista2#
DEBUG:netmiko:write_channel: b'exit\n'
DEBUG:paramiko.transport:starting thread (client mode): 0xe4fb2590
DEBUG:paramiko.transport:Local version/idstring: SSH-2.0-paramiko_2.7.2
DEBUG:paramiko.transport:EOF in transport thread
DEBUG:paramiko.transport:Remote version/idstring: SSH-2.0-OpenSSH_6.6.1
INFO:paramiko.transport:Connected (version 2.0, client OpenSSH_6.6.1)
DEBUG:paramiko.transport:kex algos:['curve25519-sha256@libssh.org', 'ecdh-sha2-nistp521', 'ecdh-sha2-nistp256', 'ecdh-sha2-nistp384', 'diffie-hellman-group14-sha1'] server key:['ssh-rsa', 'ecdsa-sha2-nistp521', 'ssh-ed25519'] client encrypt:['aes256-gcm@openssh.com', 'aes128-gcm@openssh.com', 'aes256-ctr', 'aes192-ctr', 'aes128-ctr'] server encrypt:['aes256-gcm@openssh.com', 'aes128-gcm@openssh.com', 'aes256-ctr', 'aes192-ctr', 'aes128-ctr'] client mac:['hmac-sha2-512-etm@openssh.com', 'hmac-sha2-256-etm@openssh.com', 'hmac-sha1-etm@openssh.com', 'hmac-sha2-512', 'hmac-sha2-256', 'hmac-sha1'] server mac:['hmac-sha2-512-etm@openssh.com', 'hmac-sha2-256-etm@openssh.com', 'hmac-sha1-etm@openssh.com', 'hmac-sha2-512', 'hmac-sha2-256', 'hmac-sha1'] client compress:['none', 'zlib@openssh.com'] server compress:['none', 'zlib@openssh.com'] client lang:[''] server lang:[''] kex follows?False
DEBUG:paramiko.transport:Kex agreed: curve25519-sha256@libssh.org
DEBUG:paramiko.transport:HostKey agreed: ssh-ed25519
DEBUG:paramiko.transport:Cipher agreed: aes128-ctr
DEBUG:paramiko.transport:MAC agreed: hmac-sha2-256
DEBUG:paramiko.transport:Compression agreed: none
DEBUG:paramiko.transport:kex engine KexCurve25519 specified hash_algo <built-in function openssl_sha256>
DEBUG:paramiko.transport:Switch to new keys ...
DEBUG:paramiko.transport:Adding ssh-ed25519 host key for arista3.lasthop.io: b'c290c89520ffb233d2ac54cbb8eb3182'
DEBUG:paramiko.transport:userauth is OK
DEBUG:paramiko.transport:Authentication type (password) not permitted.
DEBUG:paramiko.transport:Allowed methods: ['publickey', 'keyboard-interactive']
DEBUG:paramiko.transport:userauth is OK
INFO:paramiko.transport:Authentication (keyboard-interactive) successful!
DEBUG:paramiko.transport:[chan 0] Max packet in: 32768 bytes
DEBUG:paramiko.transport:[chan 0] Max packet out: 32768 bytes
DEBUG:paramiko.transport:Secsh channel 0 opened.
DEBUG:paramiko.transport:[chan 0] Sesch channel 0 request ok
DEBUG:paramiko.transport:[chan 0] Sesch channel 0 request ok
DEBUG:netmiko:write_channel: b'terminal width 511\n'
DEBUG:netmiko:Pattern is: Width set to
DEBUG:netmiko:_read_channel_expect read_data: Last login: Wed Jun 23 23:55:15 2021 from 18.144.100.179
DEBUG:netmiko:_read_channel_expect read_data: 

DEBUG:netmiko:_read_channel_expect read_data: terminal width 511

DEBUG:netmiko:_read_channel_expect read_data: terminal width 511

DEBUG:netmiko:_read_channel_expect read_data: arista3#terminal width 511

DEBUG:netmiko:_read_channel_expect read_data: Width set to 511 columns.
DEBUG:netmiko:Pattern found: Width set to Last login: Wed Jun 23 23:55:15 2021 from 18.144.100.179
terminal width 511
terminal width 511
arista3#terminal width 511
Width set to 511 columns.
DEBUG:netmiko:In disable_paging
DEBUG:netmiko:Command: terminal length 0

DEBUG:netmiko:write_channel: b'terminal length 0\n'
DEBUG:netmiko:Pattern is: Pagination disabled
DEBUG:netmiko:_read_channel_expect read_data: 

DEBUG:netmiko:_read_channel_expect read_data: arista3#
DEBUG:netmiko:_read_channel_expect read_data: terminal length 0

DEBUG:netmiko:_read_channel_expect read_data: Pagination disabled.

DEBUG:netmiko:Pattern found: Pagination disabled 
arista3#terminal length 0
Pagination disabled.

DEBUG:netmiko:
arista3#terminal length 0
Pagination disabled.

DEBUG:netmiko:Exiting disable_paging
DEBUG:netmiko:read_channel: 
DEBUG:netmiko:write_channel: b'\n'
DEBUG:netmiko:read_channel: arista3#
DEBUG:netmiko:read_channel: 
DEBUG:netmiko:[find_prompt()]: prompt is arista3#
DEBUG:netmiko:read_channel: 

DEBUG:netmiko:Clear buffer detects data in the channel
DEBUG:netmiko:read_channel: arista3#
DEBUG:netmiko:Clear buffer detects data in the channel
DEBUG:netmiko:read_channel: 
DEBUG:netmiko:write_channel: b'\n'
DEBUG:netmiko:read_channel: 
DEBUG:netmiko:read_channel: 
DEBUG:netmiko:write_channel: b'\n'
DEBUG:netmiko:read_channel: 
DEBUG:netmiko:write_channel: b'\n'
DEBUG:netmiko:read_channel: 
DEBUG:netmiko:write_channel: b'\n'
DEBUG:netmiko:read_channel: 
arista3#
DEBUG:netmiko:read_channel: 
DEBUG:netmiko:[find_prompt()]: prompt is arista3#
DEBUG:netmiko:read_channel: 
arista3#

DEBUG:netmiko:Clear buffer detects data in the channel
DEBUG:netmiko:read_channel: arista3#

DEBUG:netmiko:Clear buffer detects data in the channel
DEBUG:netmiko:read_channel: arista3#
DEBUG:netmiko:Clear buffer detects data in the channel
DEBUG:netmiko:read_channel: 
DEBUG:netmiko:write_channel: b'show ip arp\n'
DEBUG:netmiko:Pattern is: show\ ip\ arp
DEBUG:netmiko:_read_channel_expect read_data: sho
DEBUG:netmiko:_read_channel_expect read_data: w 
DEBUG:netmiko:_read_channel_expect read_data: ip
DEBUG:netmiko:_read_channel_expect read_data:  a
DEBUG:netmiko:_read_channel_expect read_data: rp
DEBUG:netmiko:Pattern found: show\ ip\ arp show ip arp
DEBUG:netmiko:read_channel: 

DEBUG:netmiko:read_channel: Address         Age (min)  Hardware Addr   Interface

DEBUG:netmiko:read_channel: 10.220.88.1           N/A  0062.ec29.70fe  Vlan1, Ethernet1
DEBUG:netmiko:read_channel: 
arista3#
DEBUG:netmiko:write_channel: b'\n'
DEBUG:netmiko:Pattern is: arista3
DEBUG:netmiko:_read_channel_expect read_data: 

DEBUG:netmiko:_read_channel_expect read_data: arista3#
DEBUG:netmiko:Pattern found: arista3 
arista3#
DEBUG:netmiko:write_channel: b'exit\n'
DEBUG:paramiko.transport:starting thread (client mode): 0xe4fb2550
DEBUG:paramiko.transport:Local version/idstring: SSH-2.0-paramiko_2.7.2
DEBUG:paramiko.transport:EOF in transport thread
DEBUG:paramiko.transport:Remote version/idstring: SSH-2.0-OpenSSH_6.6.1
INFO:paramiko.transport:Connected (version 2.0, client OpenSSH_6.6.1)
DEBUG:paramiko.transport:kex algos:['curve25519-sha256@libssh.org', 'ecdh-sha2-nistp521', 'ecdh-sha2-nistp256', 'ecdh-sha2-nistp384', 'diffie-hellman-group14-sha1'] server key:['ssh-rsa', 'ecdsa-sha2-nistp521', 'ssh-ed25519'] client encrypt:['aes256-gcm@openssh.com', 'aes128-gcm@openssh.com', 'aes256-ctr', 'aes192-ctr', 'aes128-ctr'] server encrypt:['aes256-gcm@openssh.com', 'aes128-gcm@openssh.com', 'aes256-ctr', 'aes192-ctr', 'aes128-ctr'] client mac:['hmac-sha2-512-etm@openssh.com', 'hmac-sha2-256-etm@openssh.com', 'hmac-sha1-etm@openssh.com', 'hmac-sha2-512', 'hmac-sha2-256', 'hmac-sha1'] server mac:['hmac-sha2-512-etm@openssh.com', 'hmac-sha2-256-etm@openssh.com', 'hmac-sha1-etm@openssh.com', 'hmac-sha2-512', 'hmac-sha2-256', 'hmac-sha1'] client compress:['none', 'zlib@openssh.com'] server compress:['none', 'zlib@openssh.com'] client lang:[''] server lang:[''] kex follows?False
DEBUG:paramiko.transport:Kex agreed: curve25519-sha256@libssh.org
DEBUG:paramiko.transport:HostKey agreed: ssh-ed25519
DEBUG:paramiko.transport:Cipher agreed: aes128-ctr
DEBUG:paramiko.transport:MAC agreed: hmac-sha2-256
DEBUG:paramiko.transport:Compression agreed: none
DEBUG:paramiko.transport:kex engine KexCurve25519 specified hash_algo <built-in function openssl_sha256>
DEBUG:paramiko.transport:Switch to new keys ...
DEBUG:paramiko.transport:Adding ssh-ed25519 host key for arista4.lasthop.io: b'f3e9362e777369abc41b9be8c674b35b'
DEBUG:paramiko.transport:userauth is OK
DEBUG:paramiko.transport:Authentication type (password) not permitted.
DEBUG:paramiko.transport:Allowed methods: ['publickey', 'keyboard-interactive']
DEBUG:paramiko.transport:userauth is OK
INFO:paramiko.transport:Authentication (keyboard-interactive) successful!
DEBUG:paramiko.transport:[chan 0] Max packet in: 32768 bytes
DEBUG:paramiko.transport:[chan 0] Max packet out: 32768 bytes
DEBUG:paramiko.transport:Secsh channel 0 opened.
DEBUG:paramiko.transport:[chan 0] Sesch channel 0 request ok
DEBUG:paramiko.transport:[chan 0] Sesch channel 0 request ok
DEBUG:netmiko:write_channel: b'terminal width 511\n'
DEBUG:netmiko:Pattern is: Width set to
DEBUG:netmiko:_read_channel_expect read_data: Last login: Wed Jun 23 11:15:05 2021 from 54.214.14.39
DEBUG:netmiko:_read_channel_expect read_data: 

DEBUG:netmiko:_read_channel_expect read_data: terminal width 511

DEBUG:netmiko:_read_channel_expect read_data: terminal width 511

DEBUG:netmiko:_read_channel_expect read_data: arista4#
DEBUG:netmiko:_read_channel_expect read_data: t
DEBUG:netmiko:_read_channel_expect read_data: e
DEBUG:netmiko:_read_channel_expect read_data: r
DEBUG:netmiko:_read_channel_expect read_data: m
DEBUG:netmiko:_read_channel_expect read_data: i
DEBUG:netmiko:_read_channel_expect read_data: n
DEBUG:netmiko:_read_channel_expect read_data: a
DEBUG:netmiko:_read_channel_expect read_data: l
DEBUG:netmiko:_read_channel_expect read_data:  
DEBUG:netmiko:_read_channel_expect read_data: width 511
Width set to 511 columns.
arista4#
DEBUG:netmiko:Pattern found: Width set to Last login: Wed Jun 23 11:15:05 2021 from 54.214.14.39
terminal width 511
terminal width 511
arista4#terminal width 511
Width set to 511 columns.
arista4#
DEBUG:netmiko:In disable_paging
DEBUG:netmiko:Command: terminal length 0

DEBUG:netmiko:write_channel: b'terminal length 0\n'
DEBUG:netmiko:Pattern is: Pagination disabled
DEBUG:netmiko:_read_channel_expect read_data: terminal 
DEBUG:netmiko:_read_channel_expect read_data: length 0

DEBUG:netmiko:_read_channel_expect read_data: Pagination disabled.

DEBUG:netmiko:Pattern found: Pagination disabled terminal length 0
Pagination disabled.

DEBUG:netmiko:terminal length 0
Pagination disabled.

DEBUG:netmiko:Exiting disable_paging
DEBUG:netmiko:read_channel: arista4#
DEBUG:netmiko:Clear buffer detects data in the channel
DEBUG:netmiko:read_channel: 
DEBUG:netmiko:write_channel: b'\n'
DEBUG:netmiko:read_channel: 
DEBUG:netmiko:read_channel: 
DEBUG:netmiko:write_channel: b'\n'
DEBUG:netmiko:read_channel: 
DEBUG:netmiko:write_channel: b'\n'
DEBUG:netmiko:read_channel: 
DEBUG:netmiko:write_channel: b'\n'
DEBUG:netmiko:read_channel: 
arista4#
DEBUG:netmiko:read_channel: 

DEBUG:netmiko:Clear buffer detects data in the channel
DEBUG:netmiko:read_channel: arista4#

DEBUG:netmiko:Clear buffer detects data in the channel
DEBUG:netmiko:read_channel: arista4#
arista4#
DEBUG:netmiko:Clear buffer detects data in the channel
DEBUG:netmiko:read_channel: 
DEBUG:netmiko:[find_prompt()]: prompt is arista4#
DEBUG:netmiko:read_channel: 
DEBUG:netmiko:write_channel: b'\n'
DEBUG:netmiko:read_channel: 
DEBUG:netmiko:read_channel: 
DEBUG:netmiko:write_channel: b'\n'
DEBUG:netmiko:read_channel: 
DEBUG:netmiko:write_channel: b'\n'
DEBUG:netmiko:read_channel: 
arista4#
DEBUG:netmiko:read_channel: 
DEBUG:netmiko:[find_prompt()]: prompt is arista4#
DEBUG:netmiko:read_channel: 
arista4#
DEBUG:netmiko:Clear buffer detects data in the channel
DEBUG:netmiko:read_channel: 

DEBUG:netmiko:Clear buffer detects data in the channel
DEBUG:netmiko:read_channel: arista4#
DEBUG:netmiko:Clear buffer detects data in the channel
DEBUG:netmiko:read_channel: 
DEBUG:netmiko:write_channel: b'show ip arp\n'
DEBUG:netmiko:Pattern is: show\ ip\ arp
DEBUG:netmiko:_read_channel_expect read_data: s
DEBUG:netmiko:_read_channel_expect read_data: h
DEBUG:netmiko:_read_channel_expect read_data: o
DEBUG:netmiko:_read_channel_expect read_data: w
DEBUG:netmiko:_read_channel_expect read_data:  
DEBUG:netmiko:_read_channel_expect read_data: i
DEBUG:netmiko:_read_channel_expect read_data: p
DEBUG:netmiko:_read_channel_expect read_data:  
DEBUG:netmiko:_read_channel_expect read_data: a
DEBUG:netmiko:_read_channel_expect read_data: r
DEBUG:netmiko:_read_channel_expect read_data: p
DEBUG:netmiko:Pattern found: show\ ip\ arp show ip arp
DEBUG:netmiko:read_channel: 

DEBUG:netmiko:read_channel: Address         Age (min)  Hardware Addr   Interface

DEBUG:netmiko:read_channel: 
DEBUG:netmiko:read_channel: 
DEBUG:netmiko:read_channel: 
DEBUG:netmiko:read_channel: 
DEBUG:netmiko:read_channel: 
DEBUG:netmiko:read_channel: 
DEBUG:netmiko:read_channel: 
DEBUG:netmiko:read_channel: 
DEBUG:netmiko:read_channel: 10.220.88.1           N/A  0062.ec29.70fe  Vlan1, Ethernet1
arista4#
DEBUG:netmiko:write_channel: b'\n'
DEBUG:netmiko:Pattern is: arista4
DEBUG:netmiko:_read_channel_expect read_data: 

DEBUG:netmiko:_read_channel_expect read_data: arista4#
DEBUG:netmiko:Pattern found: arista4 
arista4#
DEBUG:netmiko:write_channel: b'exit\n'
DEBUG:paramiko.transport:starting thread (client mode): 0xcaab2450
DEBUG:paramiko.transport:Local version/idstring: SSH-2.0-paramiko_2.7.2
DEBUG:paramiko.transport:Remote version/idstring: SSH-2.0-OpenSSH_6.6.1
INFO:paramiko.transport:Connected (version 2.0, client OpenSSH_6.6.1)
DEBUG:paramiko.transport:kex algos:['curve25519-sha256@libssh.org', 'ecdh-sha2-nistp521', 'ecdh-sha2-nistp256', 'ecdh-sha2-nistp384', 'diffie-hellman-group14-sha1'] server key:['ssh-rsa', 'ecdsa-sha2-nistp521', 'ssh-ed25519'] client encrypt:['aes256-gcm@openssh.com', 'aes128-gcm@openssh.com', 'aes256-ctr', 'aes192-ctr', 'aes128-ctr'] server encrypt:['aes256-gcm@openssh.com', 'aes128-gcm@openssh.com', 'aes256-ctr', 'aes192-ctr', 'aes128-ctr'] client mac:['hmac-sha2-512-etm@openssh.com', 'hmac-sha2-256-etm@openssh.com', 'hmac-sha1-etm@openssh.com', 'hmac-sha2-512', 'hmac-sha2-256', 'hmac-sha1'] server mac:['hmac-sha2-512-etm@openssh.com', 'hmac-sha2-256-etm@openssh.com', 'hmac-sha1-etm@openssh.com', 'hmac-sha2-512', 'hmac-sha2-256', 'hmac-sha1'] client compress:['none', 'zlib@openssh.com'] server compress:['none', 'zlib@openssh.com'] client lang:[''] server lang:[''] kex follows?False
DEBUG:paramiko.transport:Kex agreed: curve25519-sha256@libssh.org
DEBUG:paramiko.transport:HostKey agreed: ssh-ed25519
DEBUG:paramiko.transport:Cipher agreed: aes128-ctr
DEBUG:paramiko.transport:MAC agreed: hmac-sha2-256
DEBUG:paramiko.transport:Compression agreed: none
DEBUG:paramiko.transport:kex engine KexCurve25519 specified hash_algo <built-in function openssl_sha256>
DEBUG:paramiko.transport:Switch to new keys ...
DEBUG:paramiko.transport:Adding ssh-ed25519 host key for arista1.lasthop.io: b'de8f7477a4a749270b1e79444d5051b9'
DEBUG:paramiko.transport:userauth is OK
DEBUG:paramiko.transport:Authentication type (password) not permitted.
DEBUG:paramiko.transport:Allowed methods: ['publickey', 'keyboard-interactive']
DEBUG:paramiko.transport:userauth is OK
INFO:paramiko.transport:Authentication (keyboard-interactive) successful!
DEBUG:paramiko.transport:[chan 0] Max packet in: 32768 bytes
DEBUG:paramiko.transport:[chan 0] Max packet out: 32768 bytes
DEBUG:paramiko.transport:Secsh channel 0 opened.
DEBUG:paramiko.transport:[chan 0] Sesch channel 0 request ok
DEBUG:paramiko.transport:[chan 0] Sesch channel 0 request ok
DEBUG:netmiko:write_channel: b'terminal width 511\n'
DEBUG:netmiko:Pattern is: terminal width 511
DEBUG:netmiko:_read_channel_expect read_data: Last login: Wed Jun 23 23:56:45 2021 from 18.144.100.179
DEBUG:netmiko:_read_channel_expect read_data: 

DEBUG:netmiko:_read_channel_expect read_data: terminal width 511

DEBUG:netmiko:Pattern found: terminal width 511 Last login: Wed Jun 23 23:56:45 2021 from 18.144.100.179
terminal width 511

DEBUG:netmiko:In disable_paging
DEBUG:netmiko:Command: terminal length 0

DEBUG:netmiko:write_channel: b'terminal length 0\n'
DEBUG:netmiko:Pattern is: terminal\ length\ 0
DEBUG:netmiko:_read_channel_expect read_data: terminal length 0

DEBUG:netmiko:Pattern found: terminal\ length\ 0 terminal length 0

DEBUG:netmiko:terminal length 0

DEBUG:netmiko:Exiting disable_paging
DEBUG:netmiko:read_channel: 
DEBUG:netmiko:write_channel: b'\n'
DEBUG:netmiko:read_channel: 
DEBUG:netmiko:read_channel: 
DEBUG:netmiko:write_channel: b'\n'
DEBUG:netmiko:read_channel: 
DEBUG:netmiko:write_channel: b'\n'
DEBUG:netmiko:read_channel: 

DEBUG:netmiko:write_channel: b'\n'
DEBUG:netmiko:read_channel: terminal width 511
terminal length 0


DEBUG:netmiko:read_channel: arista1#t
DEBUG:netmiko:Clear buffer detects data in the channel
DEBUG:netmiko:read_channel: e
DEBUG:netmiko:Clear buffer detects data in the channel
DEBUG:netmiko:read_channel: rmin
DEBUG:netmiko:Clear buffer detects data in the channel
DEBUG:netmiko:read_channel: al width 511
Width set to 511 columns.
arista1#termin
DEBUG:netmiko:Clear buffer detects data in the channel
DEBUG:netmiko:read_channel: al length 0
Pagination disabled.


arista1#
arista1#
arista1#
arista1#
arista1#
DEBUG:netmiko:Clear buffer detects data in the channel
DEBUG:netmiko:read_channel: 
DEBUG:netmiko:[find_prompt()]: prompt is terminal length 0
DEBUG:netmiko:read_channel: 
DEBUG:netmiko:write_channel: b'\n'
DEBUG:netmiko:read_channel: 
DEBUG:netmiko:read_channel: 
DEBUG:netmiko:write_channel: b'\n'
DEBUG:netmiko:read_channel: 
DEBUG:netmiko:write_channel: b'\n'
DEBUG:netmiko:read_channel: 

DEBUG:netmiko:write_channel: b'\n'
DEBUG:netmiko:read_channel: arista1#
DEBUG:netmiko:read_channel: 
arista1#
DEBUG:netmiko:Clear buffer detects data in the channel
DEBUG:netmiko:read_channel: 

DEBUG:netmiko:Clear buffer detects data in the channel
DEBUG:netmiko:read_channel: arista1#
DEBUG:netmiko:Clear buffer detects data in the channel
DEBUG:netmiko:read_channel: 
arista1#
DEBUG:netmiko:Clear buffer detects data in the channel
DEBUG:netmiko:read_channel: 
DEBUG:netmiko:[find_prompt()]: prompt is arista1#
DEBUG:netmiko:read_channel: 
DEBUG:netmiko:write_channel: b'\n'
DEBUG:netmiko:read_channel: 
DEBUG:netmiko:read_channel: 
DEBUG:netmiko:write_channel: b'\n'
DEBUG:netmiko:read_channel: 
DEBUG:netmiko:write_channel: b'\n'
DEBUG:netmiko:read_channel: 

DEBUG:netmiko:write_channel: b'\n'
DEBUG:netmiko:read_channel: arista1#
DEBUG:netmiko:read_channel: 
DEBUG:netmiko:[find_prompt()]: prompt is arista1#
DEBUG:netmiko:read_channel: 

DEBUG:netmiko:Clear buffer detects data in the channel
DEBUG:netmiko:read_channel: arista1#

DEBUG:netmiko:Clear buffer detects data in the channel
DEBUG:netmiko:read_channel: arista1#
DEBUG:netmiko:Clear buffer detects data in the channel
DEBUG:netmiko:read_channel: 
arista1#
DEBUG:netmiko:Clear buffer detects data in the channel
DEBUG:netmiko:read_channel: 
DEBUG:netmiko:write_channel: b'disable\n'
DEBUG:netmiko:Pattern is: disable
DEBUG:netmiko:_read_channel_expect read_data: disabl
DEBUG:netmiko:_read_channel_expect read_data: e

DEBUG:netmiko:Pattern found: disable disable

DEBUG:netmiko:read_channel: 
DEBUG:netmiko:read_channel: 
DEBUG:netmiko:read_channel: arista1>
DEBUG:netmiko:read_channel: 
DEBUG:netmiko:read_channel: 
DEBUG:netmiko:read_channel: 
DEBUG:netmiko:read_channel: 
DEBUG:netmiko:read_channel: 
DEBUG:netmiko:read_channel: 
DEBUG:netmiko:read_channel: 
DEBUG:netmiko:read_channel: 
DEBUG:netmiko:read_channel: 
DEBUG:netmiko:read_channel: 
DEBUG:netmiko:read_channel: 
DEBUG:netmiko:read_channel: 
DEBUG:netmiko:read_channel: 
DEBUG:netmiko:read_channel: 
DEBUG:netmiko:read_channel: 
DEBUG:netmiko:read_channel: 
DEBUG:netmiko:read_channel: 
DEBUG:netmiko:read_channel: 
DEBUG:netmiko:read_channel: 
DEBUG:netmiko:read_channel: 
DEBUG:netmiko:read_channel: 
DEBUG:netmiko:read_channel: 
DEBUG:netmiko:read_channel: 
DEBUG:netmiko:read_channel: 
DEBUG:netmiko:read_channel: 
DEBUG:netmiko:read_channel: 
DEBUG:netmiko:read_channel: 
DEBUG:netmiko:read_channel: 
DEBUG:netmiko:read_channel: 
DEBUG:netmiko:read_channel: 
DEBUG:netmiko:read_channel: 
DEBUG:netmiko:read_channel: 
DEBUG:netmiko:read_channel: 
DEBUG:netmiko:read_channel: 
DEBUG:netmiko:read_channel: 
DEBUG:netmiko:read_channel: 
DEBUG:netmiko:read_channel: 
DEBUG:netmiko:read_channel: 
DEBUG:netmiko:read_channel: 
DEBUG:netmiko:read_channel: 
DEBUG:netmiko:read_channel: 
DEBUG:netmiko:read_channel: 
DEBUG:netmiko:read_channel: 
DEBUG:netmiko:read_channel: 
DEBUG:netmiko:read_channel: 
DEBUG:netmiko:read_channel: 
DEBUG:netmiko:read_channel: 
DEBUG:netmiko:read_channel: 
DEBUG:netmiko:read_channel: 
DEBUG:netmiko:read_channel: 
DEBUG:netmiko:read_channel: 
DEBUG:netmiko:read_channel: 
DEBUG:netmiko:read_channel: 
DEBUG:netmiko:read_channel: 
DEBUG:netmiko:read_channel: 
DEBUG:netmiko:read_channel: 
DEBUG:netmiko:read_channel: 
DEBUG:netmiko:read_channel: 
DEBUG:netmiko:read_channel: 
DEBUG:netmiko:read_channel: 
DEBUG:netmiko:read_channel: 
DEBUG:netmiko:read_channel: 
DEBUG:netmiko:read_channel: 
DEBUG:netmiko:read_channel: 
DEBUG:netmiko:read_channel: 
DEBUG:netmiko:read_channel: 
DEBUG:netmiko:read_channel: 
DEBUG:netmiko:read_channel: 
DEBUG:netmiko:read_channel: 
DEBUG:netmiko:read_channel: 
DEBUG:netmiko:read_channel: 
DEBUG:netmiko:read_channel: 
DEBUG:netmiko:read_channel: 
DEBUG:netmiko:read_channel: 
DEBUG:netmiko:read_channel: 
DEBUG:netmiko:read_channel: 
DEBUG:netmiko:read_channel: 
DEBUG:netmiko:read_channel: 
DEBUG:netmiko:read_channel: 
DEBUG:netmiko:read_channel: 
DEBUG:netmiko:read_channel: 
DEBUG:netmiko:read_channel: 
DEBUG:netmiko:read_channel: 
DEBUG:netmiko:read_channel: 
DEBUG:netmiko:read_channel: 
DEBUG:netmiko:read_channel: 
DEBUG:netmiko:read_channel: 
DEBUG:netmiko:read_channel: 
DEBUG:netmiko:read_channel: 
DEBUG:netmiko:read_channel: 
DEBUG:netmiko:read_channel: 
DEBUG:netmiko:read_channel: 
DEBUG:netmiko:read_channel: 
DEBUG:netmiko:read_channel: 
DEBUG:netmiko:read_channel: 
DEBUG:netmiko:read_channel: 
DEBUG:netmiko:read_channel: 
DEBUG:netmiko:read_channel: 
DEBUG:netmiko:read_channel: 
DEBUG:netmiko:read_channel: 
DEBUG:netmiko:read_channel: 
DEBUG:netmiko:read_channel: 
DEBUG:netmiko:read_channel: 
DEBUG:netmiko:read_channel: 
DEBUG:netmiko:read_channel: 
DEBUG:netmiko:read_channel: 
DEBUG:netmiko:read_channel: 
DEBUG:netmiko:read_channel: 
DEBUG:netmiko:read_channel: 
DEBUG:netmiko:read_channel: 
DEBUG:netmiko:read_channel: 
DEBUG:netmiko:read_channel: 
DEBUG:netmiko:read_channel: 
DEBUG:netmiko:read_channel: 
DEBUG:netmiko:read_channel: 
DEBUG:netmiko:read_channel: 
DEBUG:netmiko:read_channel: 
DEBUG:netmiko:read_channel: 
DEBUG:netmiko:read_channel: 
DEBUG:netmiko:read_channel: 
DEBUG:netmiko:read_channel: 
DEBUG:netmiko:read_channel: 
DEBUG:netmiko:read_channel: 
DEBUG:netmiko:read_channel: 
DEBUG:netmiko:read_channel: 
DEBUG:netmiko:read_channel: 
DEBUG:netmiko:read_channel: 
DEBUG:netmiko:read_channel: 
DEBUG:netmiko:read_channel: 
DEBUG:netmiko:read_channel: 
DEBUG:netmiko:read_channel: 
DEBUG:netmiko:read_channel: 
DEBUG:netmiko:read_channel: 
DEBUG:netmiko:read_channel: 
DEBUG:netmiko:read_channel: 
DEBUG:netmiko:read_channel: 
DEBUG:netmiko:read_channel: 
DEBUG:netmiko:read_channel: 
DEBUG:netmiko:read_channel: 
DEBUG:netmiko:read_channel: 
DEBUG:netmiko:read_channel: 
DEBUG:netmiko:read_channel: 
DEBUG:netmiko:read_channel: 
DEBUG:netmiko:read_channel: 
DEBUG:netmiko:read_channel: 
DEBUG:netmiko:read_channel: 
DEBUG:netmiko:read_channel: 
DEBUG:netmiko:read_channel: 
DEBUG:netmiko:read_channel: 
DEBUG:netmiko:read_channel: 
DEBUG:netmiko:read_channel: 
DEBUG:netmiko:read_channel: 
DEBUG:netmiko:read_channel: 
DEBUG:netmiko:read_channel: 
DEBUG:netmiko:read_channel: 
DEBUG:netmiko:read_channel: 
DEBUG:netmiko:read_channel: 
DEBUG:netmiko:read_channel: 
DEBUG:netmiko:read_channel: 
DEBUG:netmiko:read_channel: 
DEBUG:netmiko:read_channel: 
DEBUG:netmiko:read_channel: 
DEBUG:netmiko:read_channel: 
DEBUG:netmiko:read_channel: 
DEBUG:netmiko:read_channel: 
DEBUG:netmiko:read_channel: 
DEBUG:netmiko:read_channel: 
DEBUG:netmiko:read_channel: 
DEBUG:netmiko:read_channel: 
DEBUG:netmiko:read_channel: 
DEBUG:netmiko:read_channel: 
DEBUG:netmiko:read_channel: 
DEBUG:netmiko:read_channel: 
DEBUG:netmiko:read_channel: 
DEBUG:netmiko:read_channel: 
DEBUG:netmiko:read_channel: 
DEBUG:netmiko:read_channel: 
DEBUG:netmiko:read_channel: 
DEBUG:netmiko:read_channel: 
DEBUG:netmiko:read_channel: 
DEBUG:netmiko:read_channel: 
DEBUG:netmiko:read_channel: 
DEBUG:netmiko:read_channel: 
DEBUG:netmiko:read_channel: 
DEBUG:netmiko:read_channel: 
DEBUG:netmiko:read_channel: 
DEBUG:netmiko:read_channel: 
DEBUG:netmiko:read_channel: 
DEBUG:netmiko:read_channel: 
DEBUG:netmiko:read_channel: 
DEBUG:netmiko:read_channel: 
DEBUG:netmiko:read_channel: 
DEBUG:netmiko:read_channel: 
DEBUG:netmiko:read_channel: 
DEBUG:netmiko:read_channel: 
DEBUG:netmiko:read_channel: 
DEBUG:netmiko:read_channel: 
DEBUG:netmiko:read_channel: 
DEBUG:netmiko:read_channel: 
DEBUG:netmiko:read_channel: 
DEBUG:netmiko:read_channel: 
DEBUG:netmiko:read_channel: 
DEBUG:netmiko:read_channel: 
DEBUG:netmiko:read_channel: 
DEBUG:netmiko:read_channel: 
DEBUG:netmiko:read_channel: 
DEBUG:netmiko:read_channel: 
DEBUG:netmiko:read_channel: 
DEBUG:netmiko:read_channel: 
DEBUG:netmiko:read_channel: 
DEBUG:netmiko:read_channel: 
DEBUG:netmiko:read_channel: 
DEBUG:netmiko:read_channel: 
DEBUG:netmiko:read_channel: 
DEBUG:netmiko:read_channel: 
DEBUG:netmiko:read_channel: 
DEBUG:netmiko:read_channel: 
DEBUG:netmiko:read_channel: 
DEBUG:netmiko:read_channel: 
DEBUG:netmiko:read_channel: 
DEBUG:netmiko:read_channel: 
DEBUG:netmiko:read_channel: 
DEBUG:netmiko:read_channel: 
DEBUG:netmiko:read_channel: 
DEBUG:netmiko:read_channel: 
DEBUG:netmiko:read_channel: 
DEBUG:netmiko:read_channel: 
DEBUG:netmiko:read_channel: 
DEBUG:netmiko:read_channel: 
DEBUG:netmiko:read_channel: 
DEBUG:netmiko:read_channel: 
DEBUG:netmiko:read_channel: 
DEBUG:netmiko:read_channel: 
DEBUG:netmiko:read_channel: 
DEBUG:netmiko:read_channel: 
DEBUG:netmiko:read_channel: 
DEBUG:netmiko:read_channel: 
DEBUG:netmiko:read_channel: 
DEBUG:netmiko:read_channel: 
DEBUG:netmiko:read_channel: 
DEBUG:netmiko:read_channel: 
DEBUG:netmiko:read_channel: 
DEBUG:netmiko:read_channel: 
DEBUG:netmiko:read_channel: 
DEBUG:netmiko:read_channel: 
DEBUG:netmiko:read_channel: 
DEBUG:netmiko:read_channel: 
DEBUG:netmiko:read_channel: 
DEBUG:netmiko:read_channel: 
DEBUG:netmiko:read_channel: 
DEBUG:netmiko:read_channel: 
DEBUG:netmiko:read_channel: 
DEBUG:netmiko:read_channel: 
DEBUG:netmiko:read_channel: 
DEBUG:netmiko:read_channel: 
DEBUG:netmiko:read_channel: 
DEBUG:netmiko:read_channel: 
DEBUG:netmiko:read_channel: 
DEBUG:netmiko:read_channel: 
DEBUG:netmiko:read_channel: 
DEBUG:netmiko:read_channel: 
DEBUG:netmiko:read_channel: 
DEBUG:netmiko:read_channel: 
DEBUG:netmiko:read_channel: 
DEBUG:netmiko:read_channel: 
DEBUG:netmiko:read_channel: 
DEBUG:netmiko:read_channel: 
DEBUG:netmiko:read_channel: 
DEBUG:netmiko:read_channel: 
DEBUG:netmiko:read_channel: 
DEBUG:netmiko:read_channel: 
DEBUG:netmiko:read_channel: 
DEBUG:netmiko:read_channel: 
DEBUG:netmiko:read_channel: 
DEBUG:netmiko:read_channel: 
DEBUG:netmiko:read_channel: 
DEBUG:netmiko:read_channel: 
DEBUG:netmiko:read_channel: 
DEBUG:netmiko:read_channel: 
DEBUG:netmiko:read_channel: 
DEBUG:netmiko:read_channel: 
DEBUG:netmiko:read_channel: 
DEBUG:netmiko:read_channel: 
DEBUG:netmiko:read_channel: 
DEBUG:netmiko:read_channel: 
DEBUG:netmiko:read_channel: 
DEBUG:netmiko:read_channel: 
DEBUG:netmiko:read_channel: 
DEBUG:netmiko:read_channel: 
DEBUG:netmiko:read_channel: 
DEBUG:netmiko:read_channel: 
DEBUG:netmiko:read_channel: 
DEBUG:netmiko:read_channel: 
DEBUG:netmiko:read_channel: 
DEBUG:netmiko:read_channel: 
DEBUG:netmiko:read_channel: 
DEBUG:netmiko:read_channel: 
DEBUG:netmiko:read_channel: 
DEBUG:netmiko:read_channel: 
DEBUG:netmiko:read_channel: 
DEBUG:netmiko:read_channel: 
DEBUG:netmiko:read_channel: 
DEBUG:netmiko:read_channel: 
DEBUG:netmiko:read_channel: 
DEBUG:netmiko:read_channel: 
DEBUG:netmiko:read_channel: 
DEBUG:netmiko:read_channel: 
DEBUG:netmiko:read_channel: 
DEBUG:netmiko:read_channel: 
DEBUG:netmiko:read_channel: 
DEBUG:netmiko:read_channel: 
DEBUG:netmiko:read_channel: 
DEBUG:netmiko:read_channel: 
DEBUG:netmiko:read_channel: 
DEBUG:netmiko:read_channel: 
DEBUG:netmiko:read_channel: 
DEBUG:netmiko:read_channel: 
DEBUG:netmiko:read_channel: 
DEBUG:netmiko:read_channel: 
DEBUG:netmiko:read_channel: 
DEBUG:netmiko:read_channel: 
DEBUG:netmiko:read_channel: 
DEBUG:netmiko:read_channel: 
DEBUG:netmiko:read_channel: 
DEBUG:netmiko:read_channel: 
DEBUG:netmiko:read_channel: 
DEBUG:netmiko:read_channel: 
DEBUG:netmiko:read_channel: 
DEBUG:netmiko:read_channel: 
DEBUG:netmiko:read_channel: 
DEBUG:netmiko:read_channel: 
DEBUG:netmiko:read_channel: 
DEBUG:netmiko:read_channel: 
DEBUG:netmiko:read_channel: 
DEBUG:netmiko:read_channel: 
DEBUG:netmiko:read_channel: 
DEBUG:netmiko:read_channel: 
DEBUG:netmiko:read_channel: 
DEBUG:netmiko:read_channel: 
DEBUG:netmiko:read_channel: 
DEBUG:netmiko:read_channel: 
DEBUG:netmiko:read_channel: 
DEBUG:netmiko:read_channel: 
DEBUG:netmiko:read_channel: 
DEBUG:netmiko:read_channel: 
DEBUG:netmiko:read_channel: 
DEBUG:netmiko:read_channel: 
DEBUG:netmiko:read_channel: 
DEBUG:netmiko:read_channel: 
DEBUG:netmiko:read_channel: 
DEBUG:netmiko:read_channel: 
DEBUG:netmiko:read_channel: 
DEBUG:netmiko:read_channel: 
DEBUG:netmiko:read_channel: 
DEBUG:netmiko:read_channel: 
DEBUG:netmiko:read_channel: 
DEBUG:netmiko:read_channel: 
DEBUG:netmiko:read_channel: 
DEBUG:netmiko:read_channel: 
DEBUG:netmiko:read_channel: 
DEBUG:netmiko:read_channel: 
DEBUG:netmiko:read_channel: 
DEBUG:netmiko:read_channel: 
DEBUG:netmiko:read_channel: 
DEBUG:netmiko:read_channel: 
DEBUG:netmiko:read_channel: 
DEBUG:netmiko:read_channel: 
DEBUG:netmiko:read_channel: 
DEBUG:netmiko:read_channel: 
DEBUG:netmiko:read_channel: 
DEBUG:netmiko:read_channel: 
DEBUG:netmiko:read_channel: 
DEBUG:netmiko:read_channel: 
DEBUG:netmiko:read_channel: 
DEBUG:netmiko:read_channel: 
DEBUG:netmiko:read_channel: 
DEBUG:netmiko:read_channel: 
DEBUG:netmiko:read_channel: 
DEBUG:netmiko:read_channel: 
DEBUG:netmiko:read_channel: 
DEBUG:netmiko:read_channel: 
DEBUG:netmiko:read_channel: 
DEBUG:netmiko:read_channel: 
DEBUG:netmiko:read_channel: 
DEBUG:netmiko:read_channel: 
DEBUG:netmiko:read_channel: 
DEBUG:netmiko:read_channel: 
DEBUG:netmiko:read_channel: 
DEBUG:netmiko:read_channel: 
DEBUG:netmiko:read_channel: 
DEBUG:netmiko:read_channel: 
DEBUG:netmiko:read_channel: 
DEBUG:netmiko:read_channel: 
DEBUG:netmiko:read_channel: 
DEBUG:netmiko:read_channel: 
DEBUG:netmiko:read_channel: 
DEBUG:netmiko:read_channel: 
DEBUG:netmiko:read_channel: 
DEBUG:netmiko:read_channel: 
DEBUG:netmiko:read_channel: 
DEBUG:netmiko:read_channel: 
DEBUG:netmiko:read_channel: 
DEBUG:netmiko:read_channel: 
DEBUG:netmiko:read_channel: 
DEBUG:netmiko:read_channel: 
DEBUG:netmiko:read_channel: 
DEBUG:netmiko:read_channel: 
DEBUG:netmiko:read_channel: 
DEBUG:netmiko:read_channel: 
DEBUG:netmiko:read_channel: 
DEBUG:netmiko:read_channel: 
DEBUG:netmiko:read_channel: 
DEBUG:netmiko:read_channel: 
DEBUG:netmiko:read_channel: 
DEBUG:netmiko:read_channel: 
DEBUG:netmiko:read_channel: 
DEBUG:netmiko:read_channel: 
DEBUG:netmiko:read_channel: 
DEBUG:netmiko:read_channel: 
DEBUG:netmiko:read_channel: 
DEBUG:netmiko:read_channel: 
DEBUG:netmiko:read_channel: 
DEBUG:netmiko:read_channel: 
DEBUG:netmiko:read_channel: 
DEBUG:netmiko:read_channel: 
DEBUG:netmiko:read_channel: 
DEBUG:netmiko:read_channel: 
DEBUG:netmiko:read_channel: 
DEBUG:netmiko:read_channel: 
DEBUG:netmiko:read_channel: 
DEBUG:netmiko:read_channel: 
DEBUG:netmiko:read_channel: 
DEBUG:netmiko:read_channel: 
DEBUG:netmiko:read_channel: 
DEBUG:netmiko:read_channel: 
DEBUG:netmiko:read_channel: 
DEBUG:netmiko:read_channel: 
DEBUG:netmiko:read_channel: 
DEBUG:netmiko:read_channel: 
DEBUG:netmiko:read_channel: 
DEBUG:netmiko:read_channel: 
DEBUG:netmiko:read_channel: 
DEBUG:netmiko:read_channel: 
DEBUG:netmiko:read_channel: 
DEBUG:netmiko:read_channel: 
DEBUG:netmiko:read_channel: 
DEBUG:netmiko:read_channel: 
DEBUG:netmiko:read_channel: 
DEBUG:netmiko:read_channel: 
DEBUG:netmiko:read_channel: 
DEBUG:netmiko:read_channel: 
DEBUG:netmiko:read_channel: 
DEBUG:netmiko:read_channel: 
DEBUG:netmiko:read_channel: 
DEBUG:netmiko:read_channel: 
DEBUG:netmiko:read_channel: 
DEBUG:netmiko:read_channel: 
DEBUG:netmiko:read_channel: 
DEBUG:netmiko:read_channel: 
DEBUG:netmiko:read_channel: 
DEBUG:netmiko:read_channel: 
DEBUG:netmiko:read_channel: 
DEBUG:netmiko:read_channel: 
DEBUG:netmiko:read_channel: 
DEBUG:netmiko:read_channel: 
DEBUG:netmiko:read_channel: 
DEBUG:netmiko:read_channel: 
DEBUG:netmiko:read_channel: 
DEBUG:netmiko:read_channel: 
DEBUG:netmiko:read_channel: 
DEBUG:netmiko:read_channel: 
DEBUG:netmiko:read_channel: 
DEBUG:netmiko:read_channel: 
DEBUG:netmiko:read_channel: 
DEBUG:netmiko:read_channel: 
DEBUG:netmiko:read_channel: 
DEBUG:netmiko:read_channel: 
DEBUG:netmiko:read_channel: 
DEBUG:netmiko:read_channel: 
DEBUG:netmiko:read_channel: 
DEBUG:netmiko:read_channel: 
DEBUG:netmiko:read_channel: 
DEBUG:netmiko:read_channel: 
DEBUG:netmiko:read_channel: 
DEBUG:netmiko:read_channel: 
DEBUG:netmiko:read_channel: 
DEBUG:netmiko:read_channel: 
DEBUG:netmiko:read_channel: 
DEBUG:netmiko:read_channel: 
DEBUG:netmiko:read_channel: 
DEBUG:netmiko:read_channel: 
DEBUG:netmiko:read_channel: 
DEBUG:netmiko:read_channel: 
DEBUG:netmiko:read_channel: 
DEBUG:netmiko:read_channel: 
DEBUG:netmiko:read_channel: 
DEBUG:netmiko:read_channel: 
DEBUG:netmiko:write_channel: b'\n'
DEBUG:netmiko:read_channel: 
arista1>
DEBUG:netmiko:read_channel: 
DEBUG:netmiko:read_channel: 
DEBUG:netmiko:write_channel: b'exit\n'
DEBUG:paramiko.transport:starting thread (client mode): 0x5ae2d490
DEBUG:paramiko.transport:Local version/idstring: SSH-2.0-paramiko_2.7.2
DEBUG:paramiko.transport:Remote version/idstring: SSH-2.0-Cisco-1.25
INFO:paramiko.transport:Connected (version 2.0, client Cisco-1.25)
DEBUG:paramiko.transport:kex algos:['diffie-hellman-group-exchange-sha1', 'diffie-hellman-group14-sha1', 'diffie-hellman-group1-sha1'] server key:['ssh-rsa'] client encrypt:['aes128-ctr', 'aes192-ctr', 'aes256-ctr', 'aes128-cbc', '3des-cbc', 'aes192-cbc', 'aes256-cbc'] server encrypt:['aes128-ctr', 'aes192-ctr', 'aes256-ctr', 'aes128-cbc', '3des-cbc', 'aes192-cbc', 'aes256-cbc'] client mac:['hmac-sha1', 'hmac-sha1-96'] server mac:['hmac-sha1', 'hmac-sha1-96'] client compress:['none'] server compress:['none'] client lang:[''] server lang:[''] kex follows?False
DEBUG:paramiko.transport:Kex agreed: diffie-hellman-group-exchange-sha1
DEBUG:paramiko.transport:HostKey agreed: ssh-rsa
DEBUG:paramiko.transport:Cipher agreed: aes128-ctr
DEBUG:paramiko.transport:MAC agreed: hmac-sha1
DEBUG:paramiko.transport:Compression agreed: none
DEBUG:paramiko.transport:Got server p (2048 bits)
DEBUG:paramiko.transport:kex engine KexGex specified hash_algo <built-in function openssl_sha1>
DEBUG:paramiko.transport:Switch to new keys ...
DEBUG:paramiko.transport:Adding ssh-rsa host key for cisco1.lasthop.io: b'539a8d09e0dab9e8f7ef2b61ba1d5805'
DEBUG:paramiko.transport:userauth is OK
INFO:paramiko.transport:Auth banner: b'\r\n****************************\r\nPhoenix Suns *\r\nWin in 4!\r\n****************************\r\n'
INFO:paramiko.transport:Authentication (password) successful!
DEBUG:paramiko.transport:[chan 0] Max packet in: 32768 bytes
DEBUG:paramiko.transport:[chan 0] Max packet out: 4096 bytes
DEBUG:paramiko.transport:Secsh channel 0 opened.
DEBUG:paramiko.transport:[chan 0] Sesch channel 0 request ok
DEBUG:paramiko.transport:[chan 0] Sesch channel 0 request ok
DEBUG:netmiko:write_channel: b'terminal width 511\n'
DEBUG:netmiko:Pattern is: terminal width 511
DEBUG:netmiko:_read_channel_expect read_data: 
cisco1#
DEBUG:netmiko:_read_channel_expect read_data: terminal width 51
DEBUG:netmiko:_read_channel_expect read_data: 1
cisco1#
DEBUG:netmiko:Pattern found: terminal width 511 
cisco1#terminal width 511
cisco1#
DEBUG:netmiko:In disable_paging
DEBUG:netmiko:Command: terminal length 0

DEBUG:netmiko:write_channel: b'terminal length 0\n'
DEBUG:netmiko:Pattern is: terminal\ length\ 0
DEBUG:netmiko:_read_channel_expect read_data: t
DEBUG:netmiko:_read_channel_expect read_data: erminal length 0
cisco1#
DEBUG:netmiko:Pattern found: terminal\ length\ 0 terminal length 0
cisco1#
DEBUG:netmiko:terminal length 0
cisco1#
DEBUG:netmiko:Exiting disable_paging
DEBUG:netmiko:read_channel: 
DEBUG:netmiko:write_channel: b'\n'
DEBUG:netmiko:read_channel: 
cisco1#
DEBUG:netmiko:read_channel: 
DEBUG:netmiko:[find_prompt()]: prompt is cisco1#
DEBUG:netmiko:read_channel: 
DEBUG:netmiko:write_channel: b'\n'
DEBUG:netmiko:read_channel: 
cisco1#
DEBUG:netmiko:read_channel: 
DEBUG:netmiko:[find_prompt()]: prompt is cisco1#
DEBUG:netmiko:read_channel: 
DEBUG:netmiko:write_channel: b'disable\n'
DEBUG:netmiko:Pattern is: disable
DEBUG:netmiko:_read_channel_expect read_data: d
DEBUG:netmiko:_read_channel_expect read_data: isable
cisco1>
DEBUG:netmiko:Pattern found: disable disable
cisco1>
DEBUG:netmiko:read_channel: 
DEBUG:netmiko:read_channel: 
DEBUG:netmiko:read_channel: 
DEBUG:netmiko:read_channel: 
DEBUG:netmiko:read_channel: 
DEBUG:netmiko:read_channel: 
DEBUG:netmiko:read_channel: 
DEBUG:netmiko:read_channel: 
DEBUG:netmiko:read_channel: 
DEBUG:netmiko:read_channel: 
DEBUG:netmiko:read_channel: 
DEBUG:netmiko:read_channel: 
DEBUG:netmiko:read_channel: 
DEBUG:netmiko:read_channel: 
DEBUG:netmiko:read_channel: 
DEBUG:netmiko:read_channel: 
DEBUG:netmiko:read_channel: 
DEBUG:netmiko:read_channel: 
DEBUG:netmiko:read_channel: 
DEBUG:netmiko:read_channel: 
DEBUG:netmiko:read_channel: 
DEBUG:netmiko:read_channel: 
DEBUG:netmiko:read_channel: 
DEBUG:netmiko:read_channel: 
DEBUG:netmiko:read_channel: 
DEBUG:netmiko:read_channel: 
DEBUG:netmiko:read_channel: 
DEBUG:netmiko:read_channel: 
DEBUG:netmiko:read_channel: 
DEBUG:netmiko:read_channel: 
DEBUG:netmiko:read_channel: 
DEBUG:netmiko:read_channel: 
DEBUG:netmiko:read_channel: 
DEBUG:netmiko:read_channel: 
DEBUG:netmiko:read_channel: 
DEBUG:netmiko:read_channel: 
DEBUG:netmiko:read_channel: 
DEBUG:netmiko:read_channel: 
DEBUG:netmiko:read_channel: 
DEBUG:netmiko:read_channel: 
DEBUG:netmiko:read_channel: 
DEBUG:netmiko:read_channel: 
DEBUG:netmiko:read_channel: 
DEBUG:netmiko:read_channel: 
DEBUG:netmiko:read_channel: 
DEBUG:netmiko:read_channel: 
DEBUG:netmiko:read_channel: 
DEBUG:netmiko:read_channel: 
DEBUG:netmiko:read_channel: 
DEBUG:netmiko:read_channel: 
DEBUG:netmiko:read_channel: 
DEBUG:netmiko:read_channel: 
DEBUG:netmiko:read_channel: 
DEBUG:netmiko:read_channel: 
DEBUG:netmiko:read_channel: 
DEBUG:netmiko:read_channel: 
DEBUG:netmiko:read_channel: 
DEBUG:netmiko:read_channel: 
DEBUG:netmiko:read_channel: 
DEBUG:netmiko:read_channel: 
DEBUG:netmiko:read_channel: 
DEBUG:netmiko:read_channel: 
DEBUG:netmiko:read_channel: 
DEBUG:netmiko:read_channel: 
DEBUG:netmiko:read_channel: 
DEBUG:netmiko:read_channel: 
DEBUG:netmiko:read_channel: 
DEBUG:netmiko:read_channel: 
DEBUG:netmiko:read_channel: 
DEBUG:netmiko:read_channel: 
DEBUG:netmiko:read_channel: 
DEBUG:netmiko:read_channel: 
DEBUG:netmiko:read_channel: 
DEBUG:netmiko:read_channel: 
DEBUG:netmiko:read_channel: 
DEBUG:netmiko:read_channel: 
DEBUG:netmiko:read_channel: 
DEBUG:netmiko:read_channel: 
DEBUG:netmiko:read_channel: 
DEBUG:netmiko:read_channel: 
DEBUG:netmiko:read_channel: 
DEBUG:netmiko:read_channel: 
DEBUG:netmiko:read_channel: 
DEBUG:netmiko:read_channel: 
DEBUG:netmiko:read_channel: 
DEBUG:netmiko:read_channel: 
DEBUG:netmiko:read_channel: 
DEBUG:netmiko:read_channel: 
DEBUG:netmiko:read_channel: 
DEBUG:netmiko:read_channel: 
DEBUG:netmiko:read_channel: 
DEBUG:netmiko:read_channel: 
DEBUG:netmiko:read_channel: 
DEBUG:netmiko:read_channel: 
DEBUG:netmiko:read_channel: 
DEBUG:netmiko:read_channel: 
DEBUG:netmiko:read_channel: 
DEBUG:netmiko:read_channel: 
DEBUG:netmiko:read_channel: 
DEBUG:netmiko:read_channel: 
DEBUG:netmiko:read_channel: 
DEBUG:netmiko:read_channel: 
DEBUG:netmiko:read_channel: 
DEBUG:netmiko:read_channel: 
DEBUG:netmiko:read_channel: 
DEBUG:netmiko:read_channel: 
DEBUG:netmiko:read_channel: 
DEBUG:netmiko:read_channel: 
DEBUG:netmiko:read_channel: 
DEBUG:netmiko:read_channel: 
DEBUG:netmiko:read_channel: 
DEBUG:netmiko:read_channel: 
DEBUG:netmiko:read_channel: 
DEBUG:netmiko:read_channel: 
DEBUG:netmiko:read_channel: 
DEBUG:netmiko:read_channel: 
DEBUG:netmiko:read_channel: 
DEBUG:netmiko:read_channel: 
DEBUG:netmiko:read_channel: 
DEBUG:netmiko:read_channel: 
DEBUG:netmiko:read_channel: 
DEBUG:netmiko:read_channel: 
DEBUG:netmiko:read_channel: 
DEBUG:netmiko:read_channel: 
DEBUG:netmiko:read_channel: 
DEBUG:netmiko:read_channel: 
DEBUG:netmiko:read_channel: 
DEBUG:netmiko:read_channel: 
DEBUG:netmiko:read_channel: 
DEBUG:netmiko:read_channel: 
DEBUG:netmiko:read_channel: 
DEBUG:netmiko:read_channel: 
DEBUG:netmiko:read_channel: 
DEBUG:netmiko:read_channel: 
DEBUG:netmiko:read_channel: 
DEBUG:netmiko:read_channel: 
DEBUG:netmiko:read_channel: 
DEBUG:netmiko:read_channel: 
DEBUG:netmiko:read_channel: 
DEBUG:netmiko:read_channel: 
DEBUG:netmiko:read_channel: 
DEBUG:netmiko:read_channel: 
DEBUG:netmiko:read_channel: 
DEBUG:netmiko:read_channel: 
DEBUG:netmiko:read_channel: 
DEBUG:netmiko:read_channel: 
DEBUG:netmiko:read_channel: 
DEBUG:netmiko:read_channel: 
DEBUG:netmiko:read_channel: 
DEBUG:netmiko:read_channel: 
DEBUG:netmiko:read_channel: 
DEBUG:netmiko:read_channel: 
DEBUG:netmiko:read_channel: 
DEBUG:netmiko:read_channel: 
DEBUG:netmiko:read_channel: 
DEBUG:netmiko:read_channel: 
DEBUG:netmiko:read_channel: 
DEBUG:netmiko:read_channel: 
DEBUG:netmiko:read_channel: 
DEBUG:netmiko:read_channel: 
DEBUG:netmiko:read_channel: 
DEBUG:netmiko:read_channel: 
DEBUG:netmiko:read_channel: 
DEBUG:netmiko:read_channel: 
DEBUG:netmiko:read_channel: 
DEBUG:netmiko:read_channel: 
DEBUG:netmiko:read_channel: 
DEBUG:netmiko:read_channel: 
DEBUG:netmiko:read_channel: 
DEBUG:netmiko:read_channel: 
DEBUG:netmiko:read_channel: 
DEBUG:netmiko:read_channel: 
DEBUG:netmiko:read_channel: 
DEBUG:netmiko:read_channel: 
DEBUG:netmiko:read_channel: 
DEBUG:netmiko:read_channel: 
DEBUG:netmiko:read_channel: 
DEBUG:netmiko:read_channel: 
DEBUG:netmiko:read_channel: 
DEBUG:netmiko:read_channel: 
DEBUG:netmiko:read_channel: 
DEBUG:netmiko:read_channel: 
DEBUG:netmiko:read_channel: 
DEBUG:netmiko:read_channel: 
DEBUG:netmiko:read_channel: 
DEBUG:netmiko:read_channel: 
DEBUG:netmiko:read_channel: 
DEBUG:netmiko:read_channel: 
DEBUG:netmiko:read_channel: 
DEBUG:netmiko:read_channel: 
DEBUG:netmiko:read_channel: 
DEBUG:netmiko:read_channel: 
DEBUG:netmiko:read_channel: 
DEBUG:netmiko:read_channel: 
DEBUG:netmiko:read_channel: 
DEBUG:netmiko:read_channel: 
DEBUG:netmiko:read_channel: 
DEBUG:netmiko:read_channel: 
DEBUG:netmiko:read_channel: 
DEBUG:netmiko:read_channel: 
DEBUG:netmiko:read_channel: 
DEBUG:netmiko:read_channel: 
DEBUG:netmiko:read_channel: 
DEBUG:netmiko:read_channel: 
DEBUG:netmiko:read_channel: 
DEBUG:netmiko:read_channel: 
DEBUG:netmiko:read_channel: 
DEBUG:netmiko:read_channel: 
DEBUG:netmiko:read_channel: 
DEBUG:netmiko:read_channel: 
DEBUG:netmiko:read_channel: 
DEBUG:netmiko:read_channel: 
DEBUG:netmiko:read_channel: 
DEBUG:netmiko:read_channel: 
DEBUG:netmiko:read_channel: 
DEBUG:netmiko:read_channel: 
DEBUG:netmiko:read_channel: 
DEBUG:netmiko:read_channel: 
DEBUG:netmiko:read_channel: 
DEBUG:netmiko:read_channel: 
DEBUG:netmiko:read_channel: 
DEBUG:netmiko:read_channel: 
DEBUG:netmiko:read_channel: 
DEBUG:netmiko:read_channel: 
DEBUG:netmiko:read_channel: 
DEBUG:netmiko:read_channel: 
DEBUG:netmiko:read_channel: 
DEBUG:netmiko:read_channel: 
DEBUG:netmiko:read_channel: 
DEBUG:netmiko:read_channel: 
DEBUG:netmiko:read_channel: 
DEBUG:netmiko:read_channel: 
DEBUG:netmiko:read_channel: 
DEBUG:netmiko:read_channel: 
DEBUG:netmiko:read_channel: 
DEBUG:netmiko:read_channel: 
DEBUG:netmiko:read_channel: 
DEBUG:netmiko:read_channel: 
DEBUG:netmiko:read_channel: 
DEBUG:netmiko:read_channel: 
DEBUG:netmiko:read_channel: 
DEBUG:netmiko:read_channel: 
DEBUG:netmiko:read_channel: 
DEBUG:netmiko:read_channel: 
DEBUG:netmiko:read_channel: 
DEBUG:netmiko:read_channel: 
DEBUG:netmiko:read_channel: 
DEBUG:netmiko:read_channel: 
DEBUG:netmiko:read_channel: 
DEBUG:netmiko:read_channel: 
DEBUG:netmiko:read_channel: 
DEBUG:netmiko:read_channel: 
DEBUG:netmiko:read_channel: 
DEBUG:netmiko:read_channel: 
DEBUG:netmiko:read_channel: 
DEBUG:netmiko:read_channel: 
DEBUG:netmiko:read_channel: 
DEBUG:netmiko:read_channel: 
DEBUG:netmiko:read_channel: 
DEBUG:netmiko:read_channel: 
DEBUG:netmiko:read_channel: 
DEBUG:netmiko:read_channel: 
DEBUG:netmiko:read_channel: 
DEBUG:netmiko:read_channel: 
DEBUG:netmiko:read_channel: 
DEBUG:netmiko:read_channel: 
DEBUG:netmiko:read_channel: 
DEBUG:netmiko:read_channel: 
DEBUG:netmiko:read_channel: 
DEBUG:netmiko:read_channel: 
DEBUG:netmiko:read_channel: 
DEBUG:netmiko:read_channel: 
DEBUG:netmiko:read_channel: 
DEBUG:netmiko:read_channel: 
DEBUG:netmiko:read_channel: 
DEBUG:netmiko:read_channel: 
DEBUG:netmiko:read_channel: 
DEBUG:netmiko:read_channel: 
DEBUG:netmiko:read_channel: 
DEBUG:netmiko:read_channel: 
DEBUG:netmiko:read_channel: 
DEBUG:netmiko:read_channel: 
DEBUG:netmiko:read_channel: 
DEBUG:netmiko:read_channel: 
DEBUG:netmiko:read_channel: 
DEBUG:netmiko:read_channel: 
DEBUG:netmiko:read_channel: 
DEBUG:netmiko:read_channel: 
DEBUG:netmiko:read_channel: 
DEBUG:netmiko:read_channel: 
DEBUG:netmiko:read_channel: 
DEBUG:netmiko:read_channel: 
DEBUG:netmiko:read_channel: 
DEBUG:netmiko:read_channel: 
DEBUG:netmiko:read_channel: 
DEBUG:netmiko:read_channel: 
DEBUG:netmiko:read_channel: 
DEBUG:netmiko:read_channel: 
DEBUG:netmiko:read_channel: 
DEBUG:netmiko:read_channel: 
DEBUG:netmiko:read_channel: 
DEBUG:netmiko:read_channel: 
DEBUG:netmiko:read_channel: 
DEBUG:netmiko:read_channel: 
DEBUG:netmiko:read_channel: 
DEBUG:netmiko:read_channel: 
DEBUG:netmiko:read_channel: 
DEBUG:netmiko:read_channel: 
DEBUG:netmiko:read_channel: 
DEBUG:netmiko:read_channel: 
DEBUG:netmiko:read_channel: 
DEBUG:netmiko:read_channel: 
DEBUG:netmiko:read_channel: 
DEBUG:netmiko:read_channel: 
DEBUG:netmiko:read_channel: 
DEBUG:netmiko:read_channel: 
DEBUG:netmiko:read_channel: 
DEBUG:netmiko:read_channel: 
DEBUG:netmiko:read_channel: 
DEBUG:netmiko:read_channel: 
DEBUG:netmiko:read_channel: 
DEBUG:netmiko:read_channel: 
DEBUG:netmiko:read_channel: 
DEBUG:netmiko:read_channel: 
DEBUG:netmiko:read_channel: 
DEBUG:netmiko:read_channel: 
DEBUG:netmiko:read_channel: 
DEBUG:netmiko:read_channel: 
DEBUG:netmiko:read_channel: 
DEBUG:netmiko:read_channel: 
DEBUG:netmiko:read_channel: 
DEBUG:netmiko:read_channel: 
DEBUG:netmiko:read_channel: 
DEBUG:netmiko:read_channel: 
DEBUG:netmiko:read_channel: 
DEBUG:netmiko:read_channel: 
DEBUG:netmiko:read_channel: 
DEBUG:netmiko:read_channel: 
DEBUG:netmiko:read_channel: 
DEBUG:netmiko:read_channel: 
DEBUG:netmiko:read_channel: 
DEBUG:netmiko:read_channel: 
DEBUG:netmiko:read_channel: 
DEBUG:netmiko:read_channel: 
DEBUG:netmiko:read_channel: 
DEBUG:netmiko:read_channel: 
DEBUG:netmiko:read_channel: 
DEBUG:netmiko:read_channel: 
DEBUG:netmiko:read_channel: 
DEBUG:netmiko:read_channel: 
DEBUG:netmiko:read_channel: 
DEBUG:netmiko:read_channel: 
DEBUG:netmiko:read_channel: 
DEBUG:netmiko:read_channel: 
DEBUG:netmiko:read_channel: 
DEBUG:netmiko:read_channel: 
DEBUG:netmiko:read_channel: 
DEBUG:netmiko:read_channel: 
DEBUG:netmiko:read_channel: 
DEBUG:netmiko:read_channel: 
DEBUG:netmiko:read_channel: 
DEBUG:netmiko:read_channel: 
DEBUG:netmiko:read_channel: 
DEBUG:netmiko:read_channel: 
DEBUG:netmiko:read_channel: 
DEBUG:netmiko:read_channel: 
DEBUG:netmiko:read_channel: 
DEBUG:netmiko:read_channel: 
DEBUG:netmiko:read_channel: 
DEBUG:netmiko:read_channel: 
DEBUG:netmiko:read_channel: 
DEBUG:netmiko:read_channel: 
DEBUG:netmiko:read_channel: 
DEBUG:netmiko:read_channel: 
DEBUG:netmiko:read_channel: 
DEBUG:netmiko:read_channel: 
DEBUG:netmiko:read_channel: 
DEBUG:netmiko:read_channel: 
DEBUG:netmiko:read_channel: 
DEBUG:netmiko:read_channel: 
DEBUG:netmiko:read_channel: 
DEBUG:netmiko:read_channel: 
DEBUG:netmiko:read_channel: 
DEBUG:netmiko:read_channel: 
DEBUG:netmiko:read_channel: 
DEBUG:netmiko:read_channel: 
DEBUG:netmiko:read_channel: 
DEBUG:netmiko:read_channel: 
DEBUG:netmiko:read_channel: 
DEBUG:netmiko:read_channel: 
DEBUG:netmiko:read_channel: 
DEBUG:netmiko:read_channel: 
DEBUG:netmiko:read_channel: 
DEBUG:netmiko:read_channel: 
DEBUG:netmiko:read_channel: 
DEBUG:netmiko:read_channel: 
DEBUG:netmiko:read_channel: 
DEBUG:netmiko:read_channel: 
DEBUG:netmiko:read_channel: 
DEBUG:netmiko:read_channel: 
DEBUG:netmiko:read_channel: 
DEBUG:netmiko:read_channel: 
DEBUG:netmiko:read_channel: 
DEBUG:netmiko:read_channel: 
DEBUG:netmiko:read_channel: 
DEBUG:netmiko:read_channel: 
DEBUG:netmiko:read_channel: 
DEBUG:netmiko:read_channel: 
DEBUG:netmiko:read_channel: 
DEBUG:netmiko:read_channel: 
DEBUG:netmiko:read_channel: 
DEBUG:netmiko:read_channel: 
DEBUG:netmiko:read_channel: 
DEBUG:netmiko:read_channel: 
DEBUG:netmiko:read_channel: 
DEBUG:netmiko:read_channel: 
DEBUG:netmiko:read_channel: 
DEBUG:netmiko:read_channel: 
DEBUG:netmiko:read_channel: 
DEBUG:netmiko:read_channel: 
DEBUG:netmiko:read_channel: 
DEBUG:netmiko:read_channel: 
DEBUG:netmiko:read_channel: 
DEBUG:netmiko:read_channel: 
DEBUG:netmiko:read_channel: 
DEBUG:netmiko:read_channel: 
DEBUG:netmiko:read_channel: 
DEBUG:netmiko:read_channel: 
DEBUG:netmiko:read_channel: 
DEBUG:netmiko:read_channel: 
DEBUG:netmiko:read_channel: 
DEBUG:netmiko:read_channel: 
DEBUG:netmiko:read_channel: 
DEBUG:netmiko:read_channel: 
DEBUG:netmiko:read_channel: 
DEBUG:netmiko:read_channel: 
DEBUG:netmiko:read_channel: 
DEBUG:netmiko:read_channel: 
DEBUG:netmiko:read_channel: 
DEBUG:netmiko:read_channel: 
DEBUG:netmiko:read_channel: 
DEBUG:netmiko:read_channel: 
DEBUG:netmiko:read_channel: 
DEBUG:netmiko:read_channel: 
DEBUG:netmiko:read_channel: 
DEBUG:netmiko:read_channel: 
DEBUG:netmiko:read_channel: 
DEBUG:netmiko:read_channel: 
DEBUG:netmiko:read_channel: 
DEBUG:netmiko:read_channel: 
DEBUG:netmiko:read_channel: 
DEBUG:netmiko:read_channel: 
DEBUG:netmiko:read_channel: 
DEBUG:netmiko:read_channel: 
DEBUG:netmiko:read_channel: 
DEBUG:netmiko:read_channel: 
DEBUG:netmiko:read_channel: 
DEBUG:netmiko:read_channel: 
DEBUG:netmiko:read_channel: 
DEBUG:netmiko:read_channel: 
DEBUG:netmiko:read_channel: 
DEBUG:netmiko:read_channel: 
DEBUG:netmiko:read_channel: 
DEBUG:netmiko:read_channel: 
DEBUG:netmiko:read_channel: 
DEBUG:netmiko:read_channel: 
DEBUG:netmiko:read_channel: 
DEBUG:netmiko:read_channel: 
DEBUG:netmiko:read_channel: 
DEBUG:netmiko:read_channel: 
DEBUG:netmiko:read_channel: 
DEBUG:netmiko:read_channel: 
DEBUG:netmiko:read_channel: 
DEBUG:netmiko:read_channel: 
DEBUG:netmiko:read_channel: 
DEBUG:netmiko:read_channel: 
DEBUG:netmiko:read_channel: 
DEBUG:netmiko:read_channel: 
DEBUG:netmiko:read_channel: 
DEBUG:netmiko:read_channel: 
DEBUG:netmiko:read_channel: 
DEBUG:netmiko:read_channel: 
DEBUG:netmiko:read_channel: 
DEBUG:netmiko:read_channel: 
DEBUG:netmiko:read_channel: 
DEBUG:netmiko:read_channel: 
DEBUG:netmiko:read_channel: 
DEBUG:netmiko:read_channel: 
DEBUG:netmiko:read_channel: 
DEBUG:netmiko:read_channel: 
DEBUG:netmiko:read_channel: 
DEBUG:netmiko:read_channel: 
DEBUG:netmiko:read_channel: 
DEBUG:netmiko:read_channel: 
DEBUG:netmiko:read_channel: 
DEBUG:netmiko:read_channel: 
DEBUG:netmiko:read_channel: 
DEBUG:netmiko:read_channel: 
DEBUG:netmiko:read_channel: 
DEBUG:netmiko:read_channel: 
DEBUG:netmiko:write_channel: b'\n'
DEBUG:netmiko:read_channel: 
cisco1>
DEBUG:netmiko:read_channel: 
DEBUG:netmiko:read_channel: 
DEBUG:netmiko:write_channel: b'exit\n'
DEBUG:paramiko.transport:starting thread (client mode): 0x85abc4d0
DEBUG:paramiko.transport:Local version/idstring: SSH-2.0-paramiko_2.7.2
DEBUG:paramiko.transport:Remote version/idstring: SSH-2.0-Cisco-1.25
INFO:paramiko.transport:Connected (version 2.0, client Cisco-1.25)
DEBUG:paramiko.transport:kex algos:['diffie-hellman-group-exchange-sha1', 'diffie-hellman-group14-sha1', 'diffie-hellman-group1-sha1'] server key:['ssh-rsa'] client encrypt:['aes128-ctr', 'aes192-ctr', 'aes256-ctr', 'aes128-cbc', '3des-cbc', 'aes192-cbc', 'aes256-cbc'] server encrypt:['aes128-ctr', 'aes192-ctr', 'aes256-ctr', 'aes128-cbc', '3des-cbc', 'aes192-cbc', 'aes256-cbc'] client mac:['hmac-sha1', 'hmac-sha1-96'] server mac:['hmac-sha1', 'hmac-sha1-96'] client compress:['none'] server compress:['none'] client lang:[''] server lang:[''] kex follows?False
DEBUG:paramiko.transport:Kex agreed: diffie-hellman-group-exchange-sha1
DEBUG:paramiko.transport:HostKey agreed: ssh-rsa
DEBUG:paramiko.transport:Cipher agreed: aes128-ctr
DEBUG:paramiko.transport:MAC agreed: hmac-sha1
DEBUG:paramiko.transport:Compression agreed: none
DEBUG:paramiko.transport:Got server p (2048 bits)
DEBUG:paramiko.transport:kex engine KexGex specified hash_algo <built-in function openssl_sha1>
DEBUG:paramiko.transport:Switch to new keys ...
DEBUG:paramiko.transport:Adding ssh-rsa host key for cisco1.lasthop.io: b'539a8d09e0dab9e8f7ef2b61ba1d5805'
DEBUG:paramiko.transport:userauth is OK
INFO:paramiko.transport:Auth banner: b'\r\n****************************\r\nPhoenix Suns *\r\nWin in 4!\r\n****************************\r\n'
INFO:paramiko.transport:Authentication (password) successful!
DEBUG:paramiko.transport:[chan 0] Max packet in: 32768 bytes
DEBUG:paramiko.transport:[chan 0] Max packet out: 4096 bytes
DEBUG:paramiko.transport:Secsh channel 0 opened.
DEBUG:paramiko.transport:[chan 0] Sesch channel 0 request ok
DEBUG:paramiko.transport:[chan 0] Sesch channel 0 request ok
DEBUG:netmiko:write_channel: b'terminal width 511\n'
DEBUG:netmiko:Pattern is: terminal width 511
DEBUG:netmiko:_read_channel_expect read_data: cisco1#
DEBUG:netmiko:_read_channel_expect read_data: terminal width 5
DEBUG:netmiko:_read_channel_expect read_data: 11
cisco1#
DEBUG:netmiko:Pattern found: terminal width 511 cisco1#terminal width 511
cisco1#
DEBUG:netmiko:In disable_paging
DEBUG:netmiko:Command: terminal length 0

DEBUG:netmiko:write_channel: b'terminal length 0\n'
DEBUG:netmiko:Pattern is: terminal\ length\ 0
DEBUG:netmiko:_read_channel_expect read_data: t
DEBUG:netmiko:_read_channel_expect read_data: erminal length 0
cisco1#
DEBUG:netmiko:Pattern found: terminal\ length\ 0 terminal length 0
cisco1#
DEBUG:netmiko:terminal length 0
cisco1#
DEBUG:netmiko:Exiting disable_paging
DEBUG:netmiko:read_channel: 
DEBUG:netmiko:write_channel: b'\n'
DEBUG:netmiko:read_channel: 
cisco1#
DEBUG:netmiko:read_channel: 
DEBUG:netmiko:[find_prompt()]: prompt is cisco1#
DEBUG:netmiko:read_channel: 
DEBUG:netmiko:write_channel: b'\n'
DEBUG:netmiko:read_channel: 
cisco1#
DEBUG:netmiko:read_channel: 
DEBUG:netmiko:[find_prompt()]: prompt is cisco1#
DEBUG:netmiko:read_channel: 
DEBUG:netmiko:write_channel: b'disable\n'
DEBUG:netmiko:Pattern is: disable
DEBUG:netmiko:_read_channel_expect read_data: d
DEBUG:netmiko:_read_channel_expect read_data: isable
cisco1>
DEBUG:netmiko:Pattern found: disable disable
cisco1>
DEBUG:netmiko:read_channel: 
DEBUG:netmiko:read_channel: 
DEBUG:netmiko:read_channel: 
DEBUG:netmiko:read_channel: 
DEBUG:netmiko:read_channel: 
DEBUG:netmiko:read_channel: 
DEBUG:netmiko:read_channel: 
DEBUG:netmiko:read_channel: 
DEBUG:netmiko:read_channel: 
DEBUG:netmiko:read_channel: 
DEBUG:netmiko:read_channel: 
DEBUG:netmiko:read_channel: 
DEBUG:netmiko:read_channel: 
DEBUG:netmiko:read_channel: 
DEBUG:netmiko:read_channel: 
DEBUG:netmiko:read_channel: 
DEBUG:netmiko:read_channel: 
DEBUG:netmiko:read_channel: 
DEBUG:netmiko:read_channel: 
DEBUG:netmiko:read_channel: 
DEBUG:netmiko:read_channel: 
DEBUG:netmiko:read_channel: 
DEBUG:netmiko:read_channel: 
DEBUG:netmiko:read_channel: 
DEBUG:netmiko:read_channel: 
DEBUG:netmiko:read_channel: 
DEBUG:netmiko:read_channel: 
DEBUG:netmiko:read_channel: 
DEBUG:netmiko:read_channel: 
DEBUG:netmiko:read_channel: 
DEBUG:netmiko:read_channel: 
DEBUG:netmiko:read_channel: 
DEBUG:netmiko:read_channel: 
DEBUG:netmiko:read_channel: 
DEBUG:netmiko:read_channel: 
DEBUG:netmiko:read_channel: 
DEBUG:netmiko:read_channel: 
DEBUG:netmiko:read_channel: 
DEBUG:netmiko:read_channel: 
DEBUG:netmiko:read_channel: 
DEBUG:netmiko:read_channel: 
DEBUG:netmiko:read_channel: 
DEBUG:netmiko:read_channel: 
DEBUG:netmiko:read_channel: 
DEBUG:netmiko:read_channel: 
DEBUG:netmiko:read_channel: 
DEBUG:netmiko:read_channel: 
DEBUG:netmiko:read_channel: 
DEBUG:netmiko:read_channel: 
DEBUG:netmiko:read_channel: 
DEBUG:netmiko:read_channel: 
DEBUG:netmiko:read_channel: 
DEBUG:netmiko:read_channel: 
DEBUG:netmiko:read_channel: 
DEBUG:netmiko:read_channel: 
DEBUG:netmiko:read_channel: 
DEBUG:netmiko:read_channel: 
DEBUG:netmiko:read_channel: 
DEBUG:netmiko:read_channel: 
DEBUG:netmiko:read_channel: 
DEBUG:netmiko:read_channel: 
DEBUG:netmiko:read_channel: 
DEBUG:netmiko:read_channel: 
DEBUG:netmiko:read_channel: 
DEBUG:netmiko:read_channel: 
DEBUG:netmiko:read_channel: 
DEBUG:netmiko:read_channel: 
DEBUG:netmiko:read_channel: 
DEBUG:netmiko:read_channel: 
DEBUG:netmiko:read_channel: 
DEBUG:netmiko:read_channel: 
DEBUG:netmiko:read_channel: 
DEBUG:netmiko:read_channel: 
DEBUG:netmiko:read_channel: 
DEBUG:netmiko:read_channel: 
DEBUG:netmiko:read_channel: 
DEBUG:netmiko:read_channel: 
DEBUG:netmiko:read_channel: 
DEBUG:netmiko:read_channel: 
DEBUG:netmiko:read_channel: 
DEBUG:netmiko:read_channel: 
DEBUG:netmiko:read_channel: 
DEBUG:netmiko:read_channel: 
DEBUG:netmiko:read_channel: 
DEBUG:netmiko:read_channel: 
DEBUG:netmiko:read_channel: 
DEBUG:netmiko:read_channel: 
DEBUG:netmiko:read_channel: 
DEBUG:netmiko:read_channel: 
DEBUG:netmiko:read_channel: 
DEBUG:netmiko:read_channel: 
DEBUG:netmiko:read_channel: 
DEBUG:netmiko:read_channel: 
DEBUG:netmiko:read_channel: 
DEBUG:netmiko:read_channel: 
DEBUG:netmiko:read_channel: 
DEBUG:netmiko:read_channel: 
DEBUG:netmiko:read_channel: 
DEBUG:netmiko:read_channel: 
DEBUG:netmiko:read_channel: 
DEBUG:netmiko:read_channel: 
DEBUG:netmiko:read_channel: 
DEBUG:netmiko:read_channel: 
DEBUG:netmiko:read_channel: 
DEBUG:netmiko:read_channel: 
DEBUG:netmiko:read_channel: 
DEBUG:netmiko:read_channel: 
DEBUG:netmiko:read_channel: 
DEBUG:netmiko:read_channel: 
DEBUG:netmiko:read_channel: 
DEBUG:netmiko:read_channel: 
DEBUG:netmiko:read_channel: 
DEBUG:netmiko:read_channel: 
DEBUG:netmiko:read_channel: 
DEBUG:netmiko:read_channel: 
DEBUG:netmiko:read_channel: 
DEBUG:netmiko:read_channel: 
DEBUG:netmiko:read_channel: 
DEBUG:netmiko:read_channel: 
DEBUG:netmiko:read_channel: 
DEBUG:netmiko:read_channel: 
DEBUG:netmiko:read_channel: 
DEBUG:netmiko:read_channel: 
DEBUG:netmiko:read_channel: 
DEBUG:netmiko:read_channel: 
DEBUG:netmiko:read_channel: 
DEBUG:netmiko:read_channel: 
DEBUG:netmiko:read_channel: 
DEBUG:netmiko:read_channel: 
DEBUG:netmiko:read_channel: 
DEBUG:netmiko:read_channel: 
DEBUG:netmiko:read_channel: 
DEBUG:netmiko:read_channel: 
DEBUG:netmiko:read_channel: 
DEBUG:netmiko:read_channel: 
DEBUG:netmiko:read_channel: 
DEBUG:netmiko:read_channel: 
DEBUG:netmiko:read_channel: 
DEBUG:netmiko:read_channel: 
DEBUG:netmiko:read_channel: 
DEBUG:netmiko:read_channel: 
DEBUG:netmiko:read_channel: 
DEBUG:netmiko:read_channel: 
DEBUG:netmiko:read_channel: 
DEBUG:netmiko:read_channel: 
DEBUG:netmiko:read_channel: 
DEBUG:netmiko:read_channel: 
DEBUG:netmiko:read_channel: 
DEBUG:netmiko:read_channel: 
DEBUG:netmiko:read_channel: 
DEBUG:netmiko:read_channel: 
DEBUG:netmiko:read_channel: 
DEBUG:netmiko:read_channel: 
DEBUG:netmiko:read_channel: 
DEBUG:netmiko:read_channel: 
DEBUG:netmiko:read_channel: 
DEBUG:netmiko:read_channel: 
DEBUG:netmiko:read_channel: 
DEBUG:netmiko:read_channel: 
DEBUG:netmiko:read_channel: 
DEBUG:netmiko:read_channel: 
DEBUG:netmiko:read_channel: 
DEBUG:netmiko:read_channel: 
DEBUG:netmiko:read_channel: 
DEBUG:netmiko:read_channel: 
DEBUG:netmiko:read_channel: 
DEBUG:netmiko:read_channel: 
DEBUG:netmiko:read_channel: 
DEBUG:netmiko:read_channel: 
DEBUG:netmiko:read_channel: 
DEBUG:netmiko:read_channel: 
DEBUG:netmiko:read_channel: 
DEBUG:netmiko:read_channel: 
DEBUG:netmiko:read_channel: 
DEBUG:netmiko:read_channel: 
DEBUG:netmiko:read_channel: 
DEBUG:netmiko:read_channel: 
DEBUG:netmiko:read_channel: 
DEBUG:netmiko:read_channel: 
DEBUG:netmiko:read_channel: 
DEBUG:netmiko:read_channel: 
DEBUG:netmiko:read_channel: 
DEBUG:netmiko:read_channel: 
DEBUG:netmiko:read_channel: 
DEBUG:netmiko:read_channel: 
DEBUG:netmiko:read_channel: 
DEBUG:netmiko:read_channel: 
DEBUG:netmiko:read_channel: 
DEBUG:netmiko:read_channel: 
DEBUG:netmiko:read_channel: 
DEBUG:netmiko:read_channel: 
DEBUG:netmiko:read_channel: 
DEBUG:netmiko:read_channel: 
DEBUG:netmiko:read_channel: 
DEBUG:netmiko:read_channel: 
DEBUG:netmiko:read_channel: 
DEBUG:netmiko:read_channel: 
DEBUG:netmiko:read_channel: 
DEBUG:netmiko:read_channel: 
DEBUG:netmiko:read_channel: 
DEBUG:netmiko:read_channel: 
DEBUG:netmiko:read_channel: 
DEBUG:netmiko:read_channel: 
DEBUG:netmiko:read_channel: 
DEBUG:netmiko:read_channel: 
DEBUG:netmiko:read_channel: 
DEBUG:netmiko:read_channel: 
DEBUG:netmiko:read_channel: 
DEBUG:netmiko:read_channel: 
DEBUG:netmiko:read_channel: 
DEBUG:netmiko:read_channel: 
DEBUG:netmiko:read_channel: 
DEBUG:netmiko:read_channel: 
DEBUG:netmiko:read_channel: 
DEBUG:netmiko:read_channel: 
DEBUG:netmiko:read_channel: 
DEBUG:netmiko:read_channel: 
DEBUG:netmiko:read_channel: 
DEBUG:netmiko:read_channel: 
DEBUG:netmiko:read_channel: 
DEBUG:netmiko:read_channel: 
DEBUG:netmiko:read_channel: 
DEBUG:netmiko:read_channel: 
DEBUG:netmiko:read_channel: 
DEBUG:netmiko:read_channel: 
DEBUG:netmiko:read_channel: 
DEBUG:netmiko:read_channel: 
DEBUG:netmiko:read_channel: 
DEBUG:netmiko:read_channel: 
DEBUG:netmiko:read_channel: 
DEBUG:netmiko:read_channel: 
DEBUG:netmiko:read_channel: 
DEBUG:netmiko:read_channel: 
DEBUG:netmiko:read_channel: 
DEBUG:netmiko:read_channel: 
DEBUG:netmiko:read_channel: 
DEBUG:netmiko:read_channel: 
DEBUG:netmiko:read_channel: 
DEBUG:netmiko:read_channel: 
DEBUG:netmiko:read_channel: 
DEBUG:netmiko:read_channel: 
DEBUG:netmiko:read_channel: 
DEBUG:netmiko:read_channel: 
DEBUG:netmiko:read_channel: 
DEBUG:netmiko:read_channel: 
DEBUG:netmiko:read_channel: 
DEBUG:netmiko:read_channel: 
DEBUG:netmiko:read_channel: 
DEBUG:netmiko:read_channel: 
DEBUG:netmiko:read_channel: 
DEBUG:netmiko:read_channel: 
DEBUG:netmiko:read_channel: 
DEBUG:netmiko:read_channel: 
DEBUG:netmiko:read_channel: 
DEBUG:netmiko:read_channel: 
DEBUG:netmiko:read_channel: 
DEBUG:netmiko:read_channel: 
DEBUG:netmiko:read_channel: 
DEBUG:netmiko:read_channel: 
DEBUG:netmiko:read_channel: 
DEBUG:netmiko:read_channel: 
DEBUG:netmiko:read_channel: 
DEBUG:netmiko:read_channel: 
DEBUG:netmiko:read_channel: 
DEBUG:netmiko:read_channel: 
DEBUG:netmiko:read_channel: 
DEBUG:netmiko:read_channel: 
DEBUG:netmiko:read_channel: 
DEBUG:netmiko:read_channel: 
DEBUG:netmiko:read_channel: 
DEBUG:netmiko:read_channel: 
DEBUG:netmiko:read_channel: 
DEBUG:netmiko:read_channel: 
DEBUG:netmiko:read_channel: 
DEBUG:netmiko:read_channel: 
DEBUG:netmiko:read_channel: 
DEBUG:netmiko:read_channel: 
DEBUG:netmiko:read_channel: 
DEBUG:netmiko:read_channel: 
DEBUG:netmiko:read_channel: 
DEBUG:netmiko:read_channel: 
DEBUG:netmiko:read_channel: 
DEBUG:netmiko:read_channel: 
DEBUG:netmiko:read_channel: 
DEBUG:netmiko:read_channel: 
DEBUG:netmiko:read_channel: 
DEBUG:netmiko:read_channel: 
DEBUG:netmiko:read_channel: 
DEBUG:netmiko:read_channel: 
DEBUG:netmiko:read_channel: 
DEBUG:netmiko:read_channel: 
DEBUG:netmiko:read_channel: 
DEBUG:netmiko:read_channel: 
DEBUG:netmiko:read_channel: 
DEBUG:netmiko:read_channel: 
DEBUG:netmiko:read_channel: 
DEBUG:netmiko:read_channel: 
DEBUG:netmiko:read_channel: 
DEBUG:netmiko:read_channel: 
DEBUG:netmiko:read_channel: 
DEBUG:netmiko:read_channel: 
DEBUG:netmiko:read_channel: 
DEBUG:netmiko:read_channel: 
DEBUG:netmiko:read_channel: 
DEBUG:netmiko:read_channel: 
DEBUG:netmiko:read_channel: 
DEBUG:netmiko:read_channel: 
DEBUG:netmiko:read_channel: 
DEBUG:netmiko:read_channel: 
DEBUG:netmiko:read_channel: 
DEBUG:netmiko:read_channel: 
DEBUG:netmiko:read_channel: 
DEBUG:netmiko:read_channel: 
DEBUG:netmiko:read_channel: 
DEBUG:netmiko:read_channel: 
DEBUG:netmiko:read_channel: 
DEBUG:netmiko:read_channel: 
DEBUG:netmiko:read_channel: 
DEBUG:netmiko:read_channel: 
DEBUG:netmiko:read_channel: 
DEBUG:netmiko:read_channel: 
DEBUG:netmiko:read_channel: 
DEBUG:netmiko:read_channel: 
DEBUG:netmiko:read_channel: 
DEBUG:netmiko:read_channel: 
DEBUG:netmiko:read_channel: 
DEBUG:netmiko:read_channel: 
DEBUG:netmiko:read_channel: 
DEBUG:netmiko:read_channel: 
DEBUG:netmiko:read_channel: 
DEBUG:netmiko:read_channel: 
DEBUG:netmiko:read_channel: 
DEBUG:netmiko:read_channel: 
DEBUG:netmiko:read_channel: 
DEBUG:netmiko:read_channel: 
DEBUG:netmiko:read_channel: 
DEBUG:netmiko:read_channel: 
DEBUG:netmiko:read_channel: 
DEBUG:netmiko:read_channel: 
DEBUG:netmiko:read_channel: 
DEBUG:netmiko:read_channel: 
DEBUG:netmiko:read_channel: 
DEBUG:netmiko:read_channel: 
DEBUG:netmiko:read_channel: 
DEBUG:netmiko:read_channel: 
DEBUG:netmiko:read_channel: 
DEBUG:netmiko:read_channel: 
DEBUG:netmiko:read_channel: 
DEBUG:netmiko:read_channel: 
DEBUG:netmiko:read_channel: 
DEBUG:netmiko:read_channel: 
DEBUG:netmiko:read_channel: 
DEBUG:netmiko:read_channel: 
DEBUG:netmiko:read_channel: 
DEBUG:netmiko:read_channel: 
DEBUG:netmiko:read_channel: 
DEBUG:netmiko:read_channel: 
DEBUG:netmiko:read_channel: 
DEBUG:netmiko:read_channel: 
DEBUG:netmiko:read_channel: 
DEBUG:netmiko:read_channel: 
DEBUG:netmiko:read_channel: 
DEBUG:netmiko:read_channel: 
DEBUG:netmiko:read_channel: 
DEBUG:netmiko:read_channel: 
DEBUG:netmiko:read_channel: 
DEBUG:netmiko:read_channel: 
DEBUG:netmiko:read_channel: 
DEBUG:netmiko:read_channel: 
DEBUG:netmiko:read_channel: 
DEBUG:netmiko:read_channel: 
DEBUG:netmiko:read_channel: 
DEBUG:netmiko:read_channel: 
DEBUG:netmiko:read_channel: 
DEBUG:netmiko:read_channel: 
DEBUG:netmiko:read_channel: 
DEBUG:netmiko:read_channel: 
DEBUG:netmiko:read_channel: 
DEBUG:netmiko:read_channel: 
DEBUG:netmiko:read_channel: 
DEBUG:netmiko:read_channel: 
DEBUG:netmiko:read_channel: 
DEBUG:netmiko:read_channel: 
DEBUG:netmiko:read_channel: 
DEBUG:netmiko:read_channel: 
DEBUG:netmiko:read_channel: 
DEBUG:netmiko:read_channel: 
DEBUG:netmiko:read_channel: 
DEBUG:netmiko:read_channel: 
DEBUG:netmiko:read_channel: 
DEBUG:netmiko:read_channel: 
DEBUG:netmiko:read_channel: 
DEBUG:netmiko:read_channel: 
DEBUG:netmiko:read_channel: 
DEBUG:netmiko:read_channel: 
DEBUG:netmiko:read_channel: 
DEBUG:netmiko:read_channel: 
DEBUG:netmiko:read_channel: 
DEBUG:netmiko:read_channel: 
DEBUG:netmiko:read_channel: 
DEBUG:netmiko:read_channel: 
DEBUG:netmiko:read_channel: 
DEBUG:netmiko:read_channel: 
DEBUG:netmiko:read_channel: 
DEBUG:netmiko:read_channel: 
DEBUG:netmiko:read_channel: 
DEBUG:netmiko:read_channel: 
DEBUG:netmiko:read_channel: 
DEBUG:netmiko:read_channel: 
DEBUG:netmiko:read_channel: 
DEBUG:netmiko:read_channel: 
DEBUG:netmiko:read_channel: 
DEBUG:netmiko:read_channel: 
DEBUG:netmiko:read_channel: 
DEBUG:netmiko:read_channel: 
DEBUG:netmiko:read_channel: 
DEBUG:netmiko:read_channel: 
DEBUG:netmiko:read_channel: 
DEBUG:netmiko:read_channel: 
DEBUG:netmiko:read_channel: 
DEBUG:netmiko:read_channel: 
DEBUG:netmiko:read_channel: 
DEBUG:netmiko:read_channel: 
DEBUG:netmiko:read_channel: 
DEBUG:netmiko:read_channel: 
DEBUG:netmiko:read_channel: 
DEBUG:netmiko:read_channel: 
DEBUG:netmiko:read_channel: 
DEBUG:netmiko:read_channel: 
DEBUG:netmiko:read_channel: 
DEBUG:netmiko:read_channel: 
DEBUG:netmiko:read_channel: 
DEBUG:netmiko:read_channel: 
DEBUG:netmiko:read_channel: 
DEBUG:netmiko:read_channel: 
DEBUG:netmiko:read_channel: 
DEBUG:netmiko:read_channel: 
DEBUG:netmiko:read_channel: 
DEBUG:netmiko:read_channel: 
DEBUG:netmiko:read_channel: 
DEBUG:netmiko:read_channel: 
DEBUG:netmiko:read_channel: 
DEBUG:netmiko:read_channel: 
DEBUG:netmiko:read_channel: 
DEBUG:netmiko:read_channel: 
DEBUG:netmiko:read_channel: 
DEBUG:netmiko:read_channel: 
DEBUG:netmiko:read_channel: 
DEBUG:netmiko:read_channel: 
DEBUG:netmiko:read_channel: 
DEBUG:netmiko:read_channel: 
DEBUG:netmiko:read_channel: 
DEBUG:netmiko:read_channel: 
DEBUG:netmiko:read_channel: 
DEBUG:netmiko:read_channel: 
DEBUG:netmiko:read_channel: 
DEBUG:netmiko:read_channel: 
DEBUG:netmiko:read_channel: 
DEBUG:netmiko:read_channel: 
DEBUG:netmiko:read_channel: 
DEBUG:netmiko:read_channel: 
DEBUG:netmiko:read_channel: 
DEBUG:netmiko:read_channel: 
DEBUG:netmiko:read_channel: 
DEBUG:netmiko:read_channel: 
DEBUG:netmiko:read_channel: 
DEBUG:netmiko:read_channel: 
DEBUG:netmiko:read_channel: 
DEBUG:netmiko:read_channel: 
DEBUG:netmiko:read_channel: 
DEBUG:netmiko:read_channel: 
DEBUG:netmiko:read_channel: 
DEBUG:netmiko:read_channel: 
DEBUG:netmiko:read_channel: 
DEBUG:netmiko:read_channel: 
DEBUG:netmiko:read_channel: 
DEBUG:netmiko:read_channel: 
DEBUG:netmiko:read_channel: 
DEBUG:netmiko:read_channel: 
DEBUG:netmiko:read_channel: 
DEBUG:netmiko:read_channel: 
DEBUG:netmiko:read_channel: 
DEBUG:netmiko:read_channel: 
DEBUG:netmiko:read_channel: 
DEBUG:netmiko:read_channel: 
DEBUG:netmiko:read_channel: 
DEBUG:netmiko:read_channel: 
DEBUG:netmiko:read_channel: 
DEBUG:netmiko:read_channel: 
DEBUG:netmiko:read_channel: 
DEBUG:netmiko:read_channel: 
DEBUG:netmiko:read_channel: 
DEBUG:netmiko:read_channel: 
DEBUG:netmiko:read_channel: 
DEBUG:netmiko:read_channel: 
DEBUG:netmiko:read_channel: 
DEBUG:netmiko:read_channel: 
DEBUG:netmiko:read_channel: 
DEBUG:netmiko:read_channel: 
DEBUG:netmiko:read_channel: 
DEBUG:netmiko:write_channel: b'\n'
DEBUG:netmiko:read_channel: 
cisco1>
DEBUG:netmiko:read_channel: 
DEBUG:netmiko:read_channel: 
DEBUG:netmiko:write_channel: b'exit\n'
DEBUG:paramiko.transport:starting thread (client mode): 0x1bc92450
DEBUG:paramiko.transport:Local version/idstring: SSH-2.0-paramiko_2.7.2
DEBUG:paramiko.transport:Remote version/idstring: SSH-2.0-Cisco-1.25
INFO:paramiko.transport:Connected (version 2.0, client Cisco-1.25)
DEBUG:paramiko.transport:kex algos:['diffie-hellman-group-exchange-sha1', 'diffie-hellman-group14-sha1', 'diffie-hellman-group1-sha1'] server key:['ssh-rsa'] client encrypt:['aes128-ctr', 'aes192-ctr', 'aes256-ctr', 'aes128-cbc', '3des-cbc', 'aes192-cbc', 'aes256-cbc'] server encrypt:['aes128-ctr', 'aes192-ctr', 'aes256-ctr', 'aes128-cbc', '3des-cbc', 'aes192-cbc', 'aes256-cbc'] client mac:['hmac-sha1', 'hmac-sha1-96'] server mac:['hmac-sha1', 'hmac-sha1-96'] client compress:['none'] server compress:['none'] client lang:[''] server lang:[''] kex follows?False
DEBUG:paramiko.transport:Kex agreed: diffie-hellman-group-exchange-sha1
DEBUG:paramiko.transport:HostKey agreed: ssh-rsa
DEBUG:paramiko.transport:Cipher agreed: aes128-ctr
DEBUG:paramiko.transport:MAC agreed: hmac-sha1
DEBUG:paramiko.transport:Compression agreed: none
DEBUG:paramiko.transport:Got server p (2048 bits)
DEBUG:paramiko.transport:kex engine KexGex specified hash_algo <built-in function openssl_sha1>
DEBUG:paramiko.transport:Switch to new keys ...
DEBUG:paramiko.transport:Adding ssh-rsa host key for cisco1.lasthop.io: b'539a8d09e0dab9e8f7ef2b61ba1d5805'
DEBUG:paramiko.transport:userauth is OK
INFO:paramiko.transport:Auth banner: b'\r\n****************************\r\nPhoenix Suns *\r\nWin in 4!\r\n****************************\r\n'
INFO:paramiko.transport:Authentication (password) successful!
DEBUG:paramiko.transport:[chan 0] Max packet in: 32768 bytes
DEBUG:paramiko.transport:[chan 0] Max packet out: 4096 bytes
DEBUG:paramiko.transport:Secsh channel 0 opened.
DEBUG:paramiko.transport:[chan 0] Sesch channel 0 request ok
DEBUG:paramiko.transport:[chan 0] Sesch channel 0 request ok
DEBUG:netmiko:write_channel: b'terminal width 511\n'
DEBUG:netmiko:Pattern is: terminal width 511
DEBUG:netmiko:_read_channel_expect read_data: cisco1#
DEBUG:netmiko:_read_channel_expect read_data: terminal width 51
DEBUG:netmiko:_read_channel_expect read_data: 1
cisco1#
DEBUG:netmiko:Pattern found: terminal width 511 cisco1#terminal width 511
cisco1#
DEBUG:netmiko:In disable_paging
DEBUG:netmiko:Command: terminal length 0

DEBUG:netmiko:write_channel: b'terminal length 0\n'
DEBUG:netmiko:Pattern is: terminal\ length\ 0
DEBUG:netmiko:_read_channel_expect read_data: t
DEBUG:netmiko:_read_channel_expect read_data: erminal length 0

DEBUG:netmiko:Pattern found: terminal\ length\ 0 terminal length 0

DEBUG:netmiko:terminal length 0

DEBUG:netmiko:Exiting disable_paging
DEBUG:netmiko:read_channel: cisco1#
DEBUG:netmiko:Clear buffer detects data in the channel
DEBUG:netmiko:read_channel: 
DEBUG:netmiko:write_channel: b'\n'
DEBUG:netmiko:read_channel: 
cisco1#
DEBUG:netmiko:read_channel: 
DEBUG:netmiko:[find_prompt()]: prompt is cisco1#
DEBUG:netmiko:read_channel: 
DEBUG:netmiko:write_channel: b'disable\n'
DEBUG:netmiko:Pattern is: disable
DEBUG:netmiko:_read_channel_expect read_data: d
DEBUG:netmiko:_read_channel_expect read_data: isable
cisco1>
DEBUG:netmiko:Pattern found: disable disable
cisco1>
DEBUG:netmiko:write_channel: b'\n'
DEBUG:netmiko:read_channel: 
cisco1>
DEBUG:netmiko:read_channel: 
DEBUG:netmiko:read_channel: 
DEBUG:netmiko:write_channel: b'exit\n'
DEBUG:paramiko.transport:starting thread (client mode): 0xeb36a4d0
DEBUG:paramiko.transport:Local version/idstring: SSH-2.0-paramiko_2.7.2
DEBUG:paramiko.transport:Remote version/idstring: SSH-2.0-Cisco-1.25
INFO:paramiko.transport:Connected (version 2.0, client Cisco-1.25)
DEBUG:paramiko.transport:kex algos:['diffie-hellman-group-exchange-sha1', 'diffie-hellman-group14-sha1', 'diffie-hellman-group1-sha1'] server key:['ssh-rsa'] client encrypt:['aes128-ctr', 'aes192-ctr', 'aes256-ctr', 'aes128-cbc', '3des-cbc', 'aes192-cbc', 'aes256-cbc'] server encrypt:['aes128-ctr', 'aes192-ctr', 'aes256-ctr', 'aes128-cbc', '3des-cbc', 'aes192-cbc', 'aes256-cbc'] client mac:['hmac-sha1', 'hmac-sha1-96'] server mac:['hmac-sha1', 'hmac-sha1-96'] client compress:['none'] server compress:['none'] client lang:[''] server lang:[''] kex follows?False
DEBUG:paramiko.transport:Kex agreed: diffie-hellman-group-exchange-sha1
DEBUG:paramiko.transport:HostKey agreed: ssh-rsa
DEBUG:paramiko.transport:Cipher agreed: aes128-ctr
DEBUG:paramiko.transport:MAC agreed: hmac-sha1
DEBUG:paramiko.transport:Compression agreed: none
DEBUG:paramiko.transport:Got server p (2048 bits)
DEBUG:paramiko.transport:kex engine KexGex specified hash_algo <built-in function openssl_sha1>
DEBUG:paramiko.transport:Switch to new keys ...
DEBUG:paramiko.transport:Adding ssh-rsa host key for cisco1.lasthop.io: b'539a8d09e0dab9e8f7ef2b61ba1d5805'
DEBUG:paramiko.transport:userauth is OK
INFO:paramiko.transport:Auth banner: b'\r\n****************************\r\nPhoenix Suns *\r\nWin in 4!\r\n****************************\r\n'
INFO:paramiko.transport:Authentication (password) successful!
DEBUG:paramiko.transport:[chan 0] Max packet in: 32768 bytes
DEBUG:paramiko.transport:[chan 0] Max packet out: 4096 bytes
DEBUG:paramiko.transport:Secsh channel 0 opened.
DEBUG:paramiko.transport:[chan 0] Sesch channel 0 request ok
DEBUG:paramiko.transport:[chan 0] Sesch channel 0 request ok
DEBUG:netmiko:write_channel: b'terminal width 511\n'
DEBUG:netmiko:Pattern is: terminal width 511
DEBUG:netmiko:_read_channel_expect read_data: 
cisco1#
DEBUG:netmiko:_read_channel_expect read_data: terminal width 51
DEBUG:netmiko:_read_channel_expect read_data: 1
cisco1#
DEBUG:netmiko:Pattern found: terminal width 511 
cisco1#terminal width 511
cisco1#
DEBUG:netmiko:In disable_paging
DEBUG:netmiko:Command: terminal length 0

DEBUG:netmiko:write_channel: b'terminal length 0\n'
DEBUG:netmiko:Pattern is: terminal\ length\ 0
DEBUG:netmiko:_read_channel_expect read_data: t
DEBUG:netmiko:_read_channel_expect read_data: erminal length 0

DEBUG:netmiko:Pattern found: terminal\ length\ 0 terminal length 0

DEBUG:netmiko:terminal length 0

DEBUG:netmiko:Exiting disable_paging
DEBUG:netmiko:read_channel: cisco1#
DEBUG:netmiko:Clear buffer detects data in the channel
DEBUG:netmiko:read_channel: 
DEBUG:netmiko:write_channel: b'\n'
DEBUG:netmiko:read_channel: 
cisco1#
DEBUG:netmiko:read_channel: 
DEBUG:netmiko:[find_prompt()]: prompt is cisco1#
DEBUG:netmiko:read_channel: 
DEBUG:netmiko:write_channel: b'\n'
DEBUG:netmiko:read_channel: 
cisco1#
DEBUG:netmiko:read_channel: 
DEBUG:netmiko:[find_prompt()]: prompt is cisco1#
DEBUG:netmiko:read_channel: 
DEBUG:netmiko:write_channel: b'disable\n'
DEBUG:netmiko:Pattern is: disable
DEBUG:netmiko:_read_channel_expect read_data: d
DEBUG:netmiko:_read_channel_expect read_data: isable
cisco1>
DEBUG:netmiko:Pattern found: disable disable
cisco1>
DEBUG:netmiko:read_channel: 
DEBUG:netmiko:write_channel: b'\n'
DEBUG:netmiko:read_channel: 
cisco1>
DEBUG:netmiko:read_channel: 
DEBUG:netmiko:[find_prompt()]: prompt is cisco1>
DEBUG:netmiko:write_channel: b'\n'
DEBUG:netmiko:read_channel: 
cisco1>
DEBUG:netmiko:read_channel: 
DEBUG:netmiko:read_channel: 
DEBUG:netmiko:write_channel: b'exit\n'
DEBUG:paramiko.transport:starting thread (client mode): 0x5952b410
DEBUG:paramiko.transport:Local version/idstring: SSH-2.0-paramiko_2.7.2
DEBUG:paramiko.transport:Remote version/idstring: SSH-2.0-Cisco-1.25
INFO:paramiko.transport:Connected (version 2.0, client Cisco-1.25)
DEBUG:paramiko.transport:kex algos:['diffie-hellman-group-exchange-sha1', 'diffie-hellman-group14-sha1'] server key:['ssh-rsa'] client encrypt:['aes128-ctr', 'aes192-ctr', 'aes256-ctr'] server encrypt:['aes128-ctr', 'aes192-ctr', 'aes256-ctr'] client mac:['hmac-sha2-256', 'hmac-sha2-512', 'hmac-sha1', 'hmac-sha1-96'] server mac:['hmac-sha2-256', 'hmac-sha2-512', 'hmac-sha1', 'hmac-sha1-96'] client compress:['none'] server compress:['none'] client lang:[''] server lang:[''] kex follows?False
DEBUG:paramiko.transport:Kex agreed: diffie-hellman-group-exchange-sha1
DEBUG:paramiko.transport:HostKey agreed: ssh-rsa
DEBUG:paramiko.transport:Cipher agreed: aes128-ctr
DEBUG:paramiko.transport:MAC agreed: hmac-sha2-256
DEBUG:paramiko.transport:Compression agreed: none
DEBUG:paramiko.transport:Got server p (2048 bits)
DEBUG:paramiko.transport:kex engine KexGex specified hash_algo <built-in function openssl_sha1>
DEBUG:paramiko.transport:Switch to new keys ...
DEBUG:paramiko.transport:Adding ssh-rsa host key for cisco3.lasthop.io: b'f05fe0c73e29ddad92927e052a4b03f6'
DEBUG:paramiko.transport:userauth is OK
INFO:paramiko.transport:Authentication (password) successful!
DEBUG:paramiko.transport:[chan 0] Max packet in: 32768 bytes
DEBUG:paramiko.transport:[chan 0] Max packet out: 4096 bytes
DEBUG:paramiko.transport:Secsh channel 0 opened.
DEBUG:paramiko.transport:[chan 0] Sesch channel 0 request ok
DEBUG:paramiko.transport:[chan 0] Sesch channel 0 request ok
DEBUG:netmiko:write_channel: b'terminal width 511\n'
DEBUG:netmiko:Pattern is: terminal width 511
DEBUG:netmiko:_read_channel_expect read_data: 


cisco3#
DEBUG:netmiko:_read_channel_expect read_data: term
DEBUG:netmiko:_read_channel_expect read_data: inal wi
DEBUG:netmiko:_read_channel_expect read_data: dth 511
cisco3#
DEBUG:netmiko:Pattern found: terminal width 511 


cisco3#terminal width 511
cisco3#
DEBUG:netmiko:In disable_paging
DEBUG:netmiko:Command: terminal length 0

DEBUG:netmiko:write_channel: b'terminal length 0\n'
DEBUG:netmiko:Pattern is: terminal\ length\ 0
DEBUG:netmiko:_read_channel_expect read_data: t
DEBUG:netmiko:_read_channel_expect read_data: erminal
DEBUG:netmiko:_read_channel_expect read_data:  length 
DEBUG:netmiko:_read_channel_expect read_data: 0
cisco3#
DEBUG:netmiko:Pattern found: terminal\ length\ 0 terminal length 0
cisco3#
DEBUG:netmiko:terminal length 0
cisco3#
DEBUG:netmiko:Exiting disable_paging
DEBUG:netmiko:read_channel: 
DEBUG:netmiko:write_channel: b'\n'
DEBUG:netmiko:read_channel: 
cisco3#
DEBUG:netmiko:read_channel: 
DEBUG:netmiko:[find_prompt()]: prompt is cisco3#
DEBUG:netmiko:read_channel: 
DEBUG:netmiko:write_channel: b'\n'
DEBUG:netmiko:read_channel: 
cisco3#
DEBUG:netmiko:read_channel: 
DEBUG:netmiko:[find_prompt()]: prompt is cisco3#
DEBUG:netmiko:write_channel: b'disable\n'
DEBUG:netmiko:send_command_timing current output: 
DEBUG:netmiko:read_channel: disable
cisco3>
DEBUG:netmiko:read_channel: 
DEBUG:netmiko:read_channel: 
DEBUG:netmiko:send_command_timing final output: 
DEBUG:netmiko:read_channel: 
DEBUG:netmiko:write_channel: b'\n'
DEBUG:netmiko:read_channel: 
cisco3>
DEBUG:netmiko:read_channel: 
DEBUG:netmiko:[find_prompt()]: prompt is cisco3>
DEBUG:netmiko:write_channel: b'\n'
DEBUG:netmiko:read_channel: 
cisco3>
DEBUG:netmiko:read_channel: 
DEBUG:netmiko:read_channel: 
DEBUG:netmiko:write_channel: b'exit\n'
DEBUG:paramiko.transport:EOF in transport thread
DEBUG:paramiko.transport:starting thread (client mode): 0x591bfd50
DEBUG:paramiko.transport:Local version/idstring: SSH-2.0-paramiko_2.7.2
DEBUG:paramiko.transport:Remote version/idstring: SSH-2.0-Cisco-1.25
INFO:paramiko.transport:Connected (version 2.0, client Cisco-1.25)
DEBUG:paramiko.transport:kex algos:['diffie-hellman-group-exchange-sha1', 'diffie-hellman-group14-sha1'] server key:['ssh-rsa'] client encrypt:['aes128-ctr', 'aes192-ctr', 'aes256-ctr'] server encrypt:['aes128-ctr', 'aes192-ctr', 'aes256-ctr'] client mac:['hmac-sha2-256', 'hmac-sha2-512', 'hmac-sha1', 'hmac-sha1-96'] server mac:['hmac-sha2-256', 'hmac-sha2-512', 'hmac-sha1', 'hmac-sha1-96'] client compress:['none'] server compress:['none'] client lang:[''] server lang:[''] kex follows?False
DEBUG:paramiko.transport:Kex agreed: diffie-hellman-group-exchange-sha1
DEBUG:paramiko.transport:HostKey agreed: ssh-rsa
DEBUG:paramiko.transport:Cipher agreed: aes128-ctr
DEBUG:paramiko.transport:MAC agreed: hmac-sha2-256
DEBUG:paramiko.transport:Compression agreed: none
DEBUG:paramiko.transport:Got server p (2048 bits)
DEBUG:paramiko.transport:kex engine KexGex specified hash_algo <built-in function openssl_sha1>
DEBUG:paramiko.transport:Switch to new keys ...
DEBUG:paramiko.transport:Adding ssh-rsa host key for cisco4.lasthop.io: b'e4e02f180e551a9f34d5835b8f1e04e4'
DEBUG:paramiko.transport:userauth is OK
INFO:paramiko.transport:Authentication (password) successful!
DEBUG:paramiko.transport:[chan 0] Max packet in: 32768 bytes
DEBUG:paramiko.transport:[chan 0] Max packet out: 4096 bytes
DEBUG:paramiko.transport:Secsh channel 0 opened.
DEBUG:paramiko.transport:[chan 0] Sesch channel 0 request ok
DEBUG:paramiko.transport:[chan 0] Sesch channel 0 request ok
DEBUG:netmiko:write_channel: b'terminal width 511\n'
DEBUG:netmiko:Pattern is: terminal width 511
DEBUG:netmiko:_read_channel_expect read_data: 

cisco4#
DEBUG:netmiko:_read_channel_expect read_data: termi
DEBUG:netmiko:_read_channel_expect read_data: nal wid
DEBUG:netmiko:_read_channel_expect read_data: th 511
cisco4#
DEBUG:netmiko:Pattern found: terminal width 511 

cisco4#terminal width 511
cisco4#
DEBUG:netmiko:In disable_paging
DEBUG:netmiko:Command: terminal length 0

DEBUG:netmiko:write_channel: b'terminal length 0\n'
DEBUG:netmiko:Pattern is: terminal\ length\ 0
DEBUG:netmiko:_read_channel_expect read_data: t
DEBUG:netmiko:_read_channel_expect read_data: erminal
DEBUG:netmiko:_read_channel_expect read_data:  length 
DEBUG:netmiko:_read_channel_expect read_data: 0
cisco4#
DEBUG:netmiko:Pattern found: terminal\ length\ 0 terminal length 0
cisco4#
DEBUG:netmiko:terminal length 0
cisco4#
DEBUG:netmiko:Exiting disable_paging
DEBUG:netmiko:read_channel: 
DEBUG:netmiko:write_channel: b'\n'
DEBUG:netmiko:read_channel: 
cisco4#
DEBUG:netmiko:read_channel: 
DEBUG:netmiko:[find_prompt()]: prompt is cisco4#
DEBUG:netmiko:read_channel: 
DEBUG:netmiko:write_channel: b'\n'
DEBUG:netmiko:read_channel: 
cisco4#
DEBUG:netmiko:read_channel: 
DEBUG:netmiko:[find_prompt()]: prompt is cisco4#
DEBUG:netmiko:write_channel: b'disable\n'
DEBUG:netmiko:send_command_timing current output: 
DEBUG:netmiko:read_channel: disable
cisco4>
DEBUG:netmiko:read_channel: 
DEBUG:netmiko:read_channel: 
DEBUG:netmiko:send_command_timing final output: 
DEBUG:netmiko:read_channel: 
DEBUG:netmiko:write_channel: b'\n'
DEBUG:netmiko:read_channel: 
cisco4>
DEBUG:netmiko:read_channel: 
DEBUG:netmiko:[find_prompt()]: prompt is cisco4>
DEBUG:netmiko:write_channel: b'\n'
DEBUG:netmiko:read_channel: 
cisco4>
DEBUG:netmiko:read_channel: 
DEBUG:netmiko:read_channel: 
DEBUG:netmiko:write_channel: b'exit\n'
DEBUG:paramiko.transport:starting thread (client mode): 0xc58b85d0
DEBUG:paramiko.transport:Local version/idstring: SSH-2.0-paramiko_2.7.2
DEBUG:paramiko.transport:Remote version/idstring: SSH-2.0-OpenSSH_6.6.1
INFO:paramiko.transport:Connected (version 2.0, client OpenSSH_6.6.1)
DEBUG:paramiko.transport:kex algos:['curve25519-sha256@libssh.org', 'ecdh-sha2-nistp521', 'ecdh-sha2-nistp256', 'ecdh-sha2-nistp384', 'diffie-hellman-group14-sha1'] server key:['ssh-rsa', 'ecdsa-sha2-nistp521', 'ssh-ed25519'] client encrypt:['aes256-gcm@openssh.com', 'aes128-gcm@openssh.com', 'aes256-ctr', 'aes192-ctr', 'aes128-ctr'] server encrypt:['aes256-gcm@openssh.com', 'aes128-gcm@openssh.com', 'aes256-ctr', 'aes192-ctr', 'aes128-ctr'] client mac:['hmac-sha2-512-etm@openssh.com', 'hmac-sha2-256-etm@openssh.com', 'hmac-sha1-etm@openssh.com', 'hmac-sha2-512', 'hmac-sha2-256', 'hmac-sha1'] server mac:['hmac-sha2-512-etm@openssh.com', 'hmac-sha2-256-etm@openssh.com', 'hmac-sha1-etm@openssh.com', 'hmac-sha2-512', 'hmac-sha2-256', 'hmac-sha1'] client compress:['none', 'zlib@openssh.com'] server compress:['none', 'zlib@openssh.com'] client lang:[''] server lang:[''] kex follows?False
DEBUG:paramiko.transport:Kex agreed: curve25519-sha256@libssh.org
DEBUG:paramiko.transport:HostKey agreed: ssh-ed25519
DEBUG:paramiko.transport:Cipher agreed: aes128-ctr
DEBUG:paramiko.transport:MAC agreed: hmac-sha2-256
DEBUG:paramiko.transport:Compression agreed: none
DEBUG:paramiko.transport:kex engine KexCurve25519 specified hash_algo <built-in function openssl_sha256>
DEBUG:paramiko.transport:Switch to new keys ...
DEBUG:paramiko.transport:Adding ssh-ed25519 host key for arista1.lasthop.io: b'de8f7477a4a749270b1e79444d5051b9'
DEBUG:paramiko.transport:userauth is OK
DEBUG:paramiko.transport:Authentication type (password) not permitted.
DEBUG:paramiko.transport:Allowed methods: ['publickey', 'keyboard-interactive']
DEBUG:paramiko.transport:userauth is OK
INFO:paramiko.transport:Authentication (keyboard-interactive) successful!
DEBUG:paramiko.transport:[chan 0] Max packet in: 32768 bytes
DEBUG:paramiko.transport:[chan 0] Max packet out: 32768 bytes
DEBUG:paramiko.transport:Secsh channel 0 opened.
DEBUG:paramiko.transport:[chan 0] Sesch channel 0 request ok
DEBUG:paramiko.transport:[chan 0] Sesch channel 0 request ok
DEBUG:netmiko:write_channel: b'terminal width 511\n'
DEBUG:netmiko:Pattern is: Width set to
DEBUG:netmiko:_read_channel_expect read_data: Last login: Thu Jun 24 00:17:47 2021 from 18.144.100.179
DEBUG:netmiko:_read_channel_expect read_data: 

DEBUG:netmiko:_read_channel_expect read_data: terminal width 511

DEBUG:netmiko:_read_channel_expect read_data: terminal width 511

DEBUG:netmiko:_read_channel_expect read_data: arista1#te
DEBUG:netmiko:_read_channel_expect read_data: rminal width 511
DEBUG:netmiko:_read_channel_expect read_data: 

DEBUG:netmiko:_read_channel_expect read_data: Width set to 511 columns.

DEBUG:netmiko:Pattern found: Width set to Last login: Thu Jun 24 00:17:47 2021 from 18.144.100.179
terminal width 511
terminal width 511
arista1#terminal width 511
Width set to 511 columns.

DEBUG:netmiko:In disable_paging
DEBUG:netmiko:Command: terminal length 0

DEBUG:netmiko:write_channel: b'terminal length 0\n'
DEBUG:netmiko:Pattern is: Pagination disabled
DEBUG:netmiko:_read_channel_expect read_data: arista1#
DEBUG:netmiko:_read_channel_expect read_data: t
DEBUG:netmiko:_read_channel_expect read_data: e
DEBUG:netmiko:_read_channel_expect read_data: r
DEBUG:netmiko:_read_channel_expect read_data: m
DEBUG:netmiko:_read_channel_expect read_data: i
DEBUG:netmiko:_read_channel_expect read_data: n
DEBUG:netmiko:_read_channel_expect read_data: a
DEBUG:netmiko:_read_channel_expect read_data: l
DEBUG:netmiko:_read_channel_expect read_data:  
DEBUG:netmiko:_read_channel_expect read_data: l
DEBUG:netmiko:_read_channel_expect read_data: e
DEBUG:netmiko:_read_channel_expect read_data: n
DEBUG:netmiko:_read_channel_expect read_data: gth 0
Pagination disabled.
arista1#
DEBUG:netmiko:Pattern found: Pagination disabled arista1#terminal length 0
Pagination disabled.
arista1#
DEBUG:netmiko:arista1#terminal length 0
Pagination disabled.
arista1#
DEBUG:netmiko:Exiting disable_paging
DEBUG:netmiko:read_channel: 
DEBUG:netmiko:write_channel: b'\n'
DEBUG:netmiko:read_channel: 
DEBUG:netmiko:read_channel: 
DEBUG:netmiko:write_channel: b'\n'
DEBUG:netmiko:read_channel: 
DEBUG:netmiko:write_channel: b'\n'
DEBUG:netmiko:read_channel: 
DEBUG:netmiko:write_channel: b'\n'
DEBUG:netmiko:read_channel: 
DEBUG:netmiko:write_channel: b'\n'
DEBUG:netmiko:read_channel: 
arista1#
DEBUG:netmiko:read_channel: 
DEBUG:netmiko:[find_prompt()]: prompt is arista1#
DEBUG:netmiko:write_channel: b'show vlan\n'
DEBUG:netmiko:send_command_timing current output: 
DEBUG:netmiko:read_channel: 
arista1#
arista1#
arista1#
arista1#
DEBUG:netmiko:read_channel: show 
DEBUG:netmiko:read_channel: vlan
VLAN  Name                             Status    Ports
----- -------------------------------- --------- -------------------------------
1     default                          active    Cpu, Et1
2     VLAN0002                         active    Et2
3     VLAN0003                         active    Et3

DEBUG:netmiko:read_channel: 4     VLAN0004                         active    Et4
5     VLAN0005                         active    Et5
6     VLAN0006                         active    Et6
7     VLAN0007                         active    Et7

arista1#
DEBUG:netmiko:read_channel: 
DEBUG:netmiko:read_channel: 
DEBUG:netmiko:write_channel: b'\n'
DEBUG:netmiko:Pattern is: arista1
DEBUG:netmiko:_read_channel_expect read_data: 

DEBUG:netmiko:_read_channel_expect read_data: arista1#
DEBUG:netmiko:Pattern found: arista1 
arista1#
DEBUG:netmiko:write_channel: b'exit\n'
DEBUG:paramiko.transport:starting thread (client mode): 0x6261510
DEBUG:paramiko.transport:Local version/idstring: SSH-2.0-paramiko_2.7.2
DEBUG:paramiko.transport:Remote version/idstring: SSH-2.0-OpenSSH_6.6.1
INFO:paramiko.transport:Connected (version 2.0, client OpenSSH_6.6.1)
DEBUG:paramiko.transport:kex algos:['curve25519-sha256@libssh.org', 'ecdh-sha2-nistp521', 'ecdh-sha2-nistp256', 'ecdh-sha2-nistp384', 'diffie-hellman-group14-sha1'] server key:['ssh-rsa', 'ecdsa-sha2-nistp521', 'ssh-ed25519'] client encrypt:['aes256-gcm@openssh.com', 'aes128-gcm@openssh.com', 'aes256-ctr', 'aes192-ctr', 'aes128-ctr'] server encrypt:['aes256-gcm@openssh.com', 'aes128-gcm@openssh.com', 'aes256-ctr', 'aes192-ctr', 'aes128-ctr'] client mac:['hmac-sha2-512-etm@openssh.com', 'hmac-sha2-256-etm@openssh.com', 'hmac-sha1-etm@openssh.com', 'hmac-sha2-512', 'hmac-sha2-256', 'hmac-sha1'] server mac:['hmac-sha2-512-etm@openssh.com', 'hmac-sha2-256-etm@openssh.com', 'hmac-sha1-etm@openssh.com', 'hmac-sha2-512', 'hmac-sha2-256', 'hmac-sha1'] client compress:['none', 'zlib@openssh.com'] server compress:['none', 'zlib@openssh.com'] client lang:[''] server lang:[''] kex follows?False
DEBUG:paramiko.transport:Kex agreed: curve25519-sha256@libssh.org
DEBUG:paramiko.transport:HostKey agreed: ssh-ed25519
DEBUG:paramiko.transport:Cipher agreed: aes128-ctr
DEBUG:paramiko.transport:MAC agreed: hmac-sha2-256
DEBUG:paramiko.transport:Compression agreed: none
DEBUG:paramiko.transport:kex engine KexCurve25519 specified hash_algo <built-in function openssl_sha256>
DEBUG:paramiko.transport:Switch to new keys ...
DEBUG:paramiko.transport:Adding ssh-ed25519 host key for arista1.lasthop.io: b'de8f7477a4a749270b1e79444d5051b9'
DEBUG:paramiko.transport:userauth is OK
DEBUG:paramiko.transport:Authentication type (password) not permitted.
DEBUG:paramiko.transport:Allowed methods: ['publickey', 'keyboard-interactive']
DEBUG:paramiko.transport:userauth is OK
INFO:paramiko.transport:Authentication (keyboard-interactive) successful!
DEBUG:paramiko.transport:[chan 0] Max packet in: 32768 bytes
DEBUG:paramiko.transport:[chan 0] Max packet out: 32768 bytes
DEBUG:paramiko.transport:Secsh channel 0 opened.
DEBUG:paramiko.transport:[chan 0] Sesch channel 0 request ok
DEBUG:paramiko.transport:[chan 0] Sesch channel 0 request ok
DEBUG:netmiko:write_channel: b'terminal width 511\n'
DEBUG:netmiko:Pattern is: Width set to
DEBUG:netmiko:_read_channel_expect read_data: Last login: Thu Jun 24 00:33:50 2021 from 18.144.100.179
DEBUG:netmiko:_read_channel_expect read_data: 

DEBUG:netmiko:_read_channel_expect read_data: terminal width 511

DEBUG:netmiko:_read_channel_expect read_data: terminal width 511

DEBUG:netmiko:_read_channel_expect read_data: arista1#te
DEBUG:netmiko:_read_channel_expect read_data: rm
DEBUG:netmiko:_read_channel_expect read_data: in
DEBUG:netmiko:_read_channel_expect read_data: al
DEBUG:netmiko:_read_channel_expect read_data:  w
DEBUG:netmiko:_read_channel_expect read_data: id
DEBUG:netmiko:_read_channel_expect read_data: th 511
Width set to 511 columns.
arista1#
DEBUG:netmiko:Pattern found: Width set to Last login: Thu Jun 24 00:33:50 2021 from 18.144.100.179
terminal width 511
terminal width 511
arista1#terminal width 511
Width set to 511 columns.
arista1#
DEBUG:netmiko:In disable_paging
DEBUG:netmiko:Command: terminal length 0

DEBUG:netmiko:write_channel: b'terminal length 0\n'
DEBUG:netmiko:Pattern is: Pagination disabled
DEBUG:netmiko:_read_channel_expect read_data: terminal 
DEBUG:netmiko:_read_channel_expect read_data: length 
DEBUG:netmiko:_read_channel_expect read_data: 0
Pagination disabled.
DEBUG:netmiko:Pattern found: Pagination disabled terminal length 0
Pagination disabled.
DEBUG:netmiko:terminal length 0
Pagination disabled.
DEBUG:netmiko:Exiting disable_paging
DEBUG:netmiko:read_channel: 
DEBUG:netmiko:write_channel: b'\n'
DEBUG:netmiko:read_channel: 
arista1#
DEBUG:netmiko:read_channel: 
DEBUG:netmiko:[find_prompt()]: prompt is arista1#
DEBUG:netmiko:write_channel: b'show vlan\n'
DEBUG:netmiko:send_command_timing current output: 
DEBUG:netmiko:read_channel: 
arista1#
DEBUG:netmiko:read_channel: show vlan
VLAN  Name                             Status    Ports
----- -------------------------------- --------- -------------------------------
1     default                          active    Cpu, Et1
2     VLAN0002                         active    Et2
3     VLAN0003                         active    Et3
4     VLAN0004                         active    Et4

DEBUG:netmiko:read_channel: 5     VLAN0005                         active    Et5
6     VLAN0006                         active    Et6

DEBUG:netmiko:read_channel: 7     VLAN0007                         active    Et7

arista1#
DEBUG:netmiko:read_channel: 
DEBUG:netmiko:read_channel: 
DEBUG:netmiko:write_channel: b'\n'
DEBUG:netmiko:Pattern is: arista1
DEBUG:netmiko:_read_channel_expect read_data: 

DEBUG:netmiko:_read_channel_expect read_data: arista1#
DEBUG:netmiko:Pattern found: arista1 
arista1#
DEBUG:netmiko:write_channel: b'exit\n'
DEBUG:paramiko.transport:starting thread (client mode): 0x9c1e9550
DEBUG:paramiko.transport:Local version/idstring: SSH-2.0-paramiko_2.7.2
DEBUG:paramiko.transport:Remote version/idstring: SSH-2.0-OpenSSH_6.6.1
INFO:paramiko.transport:Connected (version 2.0, client OpenSSH_6.6.1)
DEBUG:paramiko.transport:kex algos:['curve25519-sha256@libssh.org', 'ecdh-sha2-nistp521', 'ecdh-sha2-nistp256', 'ecdh-sha2-nistp384', 'diffie-hellman-group14-sha1'] server key:['ssh-rsa', 'ecdsa-sha2-nistp521', 'ssh-ed25519'] client encrypt:['aes256-gcm@openssh.com', 'aes128-gcm@openssh.com', 'aes256-ctr', 'aes192-ctr', 'aes128-ctr'] server encrypt:['aes256-gcm@openssh.com', 'aes128-gcm@openssh.com', 'aes256-ctr', 'aes192-ctr', 'aes128-ctr'] client mac:['hmac-sha2-512-etm@openssh.com', 'hmac-sha2-256-etm@openssh.com', 'hmac-sha1-etm@openssh.com', 'hmac-sha2-512', 'hmac-sha2-256', 'hmac-sha1'] server mac:['hmac-sha2-512-etm@openssh.com', 'hmac-sha2-256-etm@openssh.com', 'hmac-sha1-etm@openssh.com', 'hmac-sha2-512', 'hmac-sha2-256', 'hmac-sha1'] client compress:['none', 'zlib@openssh.com'] server compress:['none', 'zlib@openssh.com'] client lang:[''] server lang:[''] kex follows?False
DEBUG:paramiko.transport:Kex agreed: curve25519-sha256@libssh.org
DEBUG:paramiko.transport:HostKey agreed: ssh-ed25519
DEBUG:paramiko.transport:Cipher agreed: aes128-ctr
DEBUG:paramiko.transport:MAC agreed: hmac-sha2-256
DEBUG:paramiko.transport:Compression agreed: none
DEBUG:paramiko.transport:kex engine KexCurve25519 specified hash_algo <built-in function openssl_sha256>
DEBUG:paramiko.transport:Switch to new keys ...
DEBUG:paramiko.transport:Adding ssh-ed25519 host key for arista1.lasthop.io: b'de8f7477a4a749270b1e79444d5051b9'
DEBUG:paramiko.transport:userauth is OK
DEBUG:paramiko.transport:Authentication type (password) not permitted.
DEBUG:paramiko.transport:Allowed methods: ['publickey', 'keyboard-interactive']
DEBUG:paramiko.transport:userauth is OK
INFO:paramiko.transport:Authentication (keyboard-interactive) successful!
DEBUG:paramiko.transport:[chan 0] Max packet in: 32768 bytes
DEBUG:paramiko.transport:[chan 0] Max packet out: 32768 bytes
DEBUG:paramiko.transport:Secsh channel 0 opened.
DEBUG:paramiko.transport:[chan 0] Sesch channel 0 request ok
DEBUG:paramiko.transport:[chan 0] Sesch channel 0 request ok
DEBUG:netmiko:write_channel: b'terminal width 511\n'
DEBUG:netmiko:Pattern is: Width set to
DEBUG:netmiko:_read_channel_expect read_data: Last login: Thu Jun 24 00:38:19 2021 from 18.144.100.179
DEBUG:netmiko:_read_channel_expect read_data: 

DEBUG:netmiko:_read_channel_expect read_data: terminal width 511

DEBUG:netmiko:_read_channel_expect read_data: terminal width 511

DEBUG:netmiko:_read_channel_expect read_data: arista1#terminal
DEBUG:netmiko:_read_channel_expect read_data:  width 511

DEBUG:netmiko:_read_channel_expect read_data: Width set to 511 columns.

DEBUG:netmiko:Pattern found: Width set to Last login: Thu Jun 24 00:38:19 2021 from 18.144.100.179
terminal width 511
terminal width 511
arista1#terminal width 511
Width set to 511 columns.

DEBUG:netmiko:In disable_paging
DEBUG:netmiko:Command: terminal length 0

DEBUG:netmiko:write_channel: b'terminal length 0\n'
DEBUG:netmiko:Pattern is: Pagination disabled
DEBUG:netmiko:_read_channel_expect read_data: arista1#
DEBUG:netmiko:_read_channel_expect read_data: termina
DEBUG:netmiko:_read_channel_expect read_data: l length 0

DEBUG:netmiko:_read_channel_expect read_data: Pagination disabled.

DEBUG:netmiko:Pattern found: Pagination disabled arista1#terminal length 0
Pagination disabled.

DEBUG:netmiko:arista1#terminal length 0
Pagination disabled.

DEBUG:netmiko:Exiting disable_paging
DEBUG:netmiko:read_channel: 
DEBUG:netmiko:write_channel: b'\n'
DEBUG:netmiko:read_channel: arista1#
DEBUG:netmiko:read_channel: 
DEBUG:netmiko:[find_prompt()]: prompt is arista1#
DEBUG:netmiko:write_channel: b'show vlan\n'
DEBUG:netmiko:send_command_timing current output: 
DEBUG:netmiko:read_channel: 
arista1#
DEBUG:netmiko:read_channel: show v
DEBUG:netmiko:read_channel: lan
DEBUG:netmiko:read_channel: 
VLAN  Name                             Status    Ports
----- -------------------------------- --------- -------------------------------
1     default                          active    Cpu, Et1
2     VLAN0002                         active    Et2
3     VLAN0003                         active    Et3
4     VLAN0004                         active    Et4
5     VLAN0005                         active    Et5
6     VLAN0006                         active    Et6
7     VLAN0007                         active    Et7

arista1#
DEBUG:netmiko:read_channel: 
DEBUG:netmiko:read_channel: 
DEBUG:netmiko:write_channel: b'\n'
DEBUG:netmiko:Pattern is: arista1
DEBUG:netmiko:_read_channel_expect read_data: 

DEBUG:netmiko:_read_channel_expect read_data: arista1#
DEBUG:netmiko:Pattern found: arista1 
arista1#
DEBUG:netmiko:write_channel: b'exit\n'
DEBUG:paramiko.transport:starting thread (client mode): 0xb5997690
DEBUG:paramiko.transport:Local version/idstring: SSH-2.0-paramiko_2.7.2
DEBUG:paramiko.transport:Remote version/idstring: SSH-2.0-OpenSSH_6.6.1
INFO:paramiko.transport:Connected (version 2.0, client OpenSSH_6.6.1)
DEBUG:paramiko.transport:kex algos:['curve25519-sha256@libssh.org', 'ecdh-sha2-nistp521', 'ecdh-sha2-nistp256', 'ecdh-sha2-nistp384', 'diffie-hellman-group14-sha1'] server key:['ssh-rsa', 'ecdsa-sha2-nistp521', 'ssh-ed25519'] client encrypt:['aes256-gcm@openssh.com', 'aes128-gcm@openssh.com', 'aes256-ctr', 'aes192-ctr', 'aes128-ctr'] server encrypt:['aes256-gcm@openssh.com', 'aes128-gcm@openssh.com', 'aes256-ctr', 'aes192-ctr', 'aes128-ctr'] client mac:['hmac-sha2-512-etm@openssh.com', 'hmac-sha2-256-etm@openssh.com', 'hmac-sha1-etm@openssh.com', 'hmac-sha2-512', 'hmac-sha2-256', 'hmac-sha1'] server mac:['hmac-sha2-512-etm@openssh.com', 'hmac-sha2-256-etm@openssh.com', 'hmac-sha1-etm@openssh.com', 'hmac-sha2-512', 'hmac-sha2-256', 'hmac-sha1'] client compress:['none', 'zlib@openssh.com'] server compress:['none', 'zlib@openssh.com'] client lang:[''] server lang:[''] kex follows?False
DEBUG:paramiko.transport:Kex agreed: curve25519-sha256@libssh.org
DEBUG:paramiko.transport:HostKey agreed: ssh-ed25519
DEBUG:paramiko.transport:Cipher agreed: aes128-ctr
DEBUG:paramiko.transport:MAC agreed: hmac-sha2-256
DEBUG:paramiko.transport:Compression agreed: none
DEBUG:paramiko.transport:kex engine KexCurve25519 specified hash_algo <built-in function openssl_sha256>
DEBUG:paramiko.transport:Switch to new keys ...
DEBUG:paramiko.transport:Adding ssh-ed25519 host key for arista1.lasthop.io: b'de8f7477a4a749270b1e79444d5051b9'
DEBUG:paramiko.transport:userauth is OK
DEBUG:paramiko.transport:Authentication type (password) not permitted.
DEBUG:paramiko.transport:Allowed methods: ['publickey', 'keyboard-interactive']
DEBUG:paramiko.transport:userauth is OK
INFO:paramiko.transport:Authentication (keyboard-interactive) successful!
DEBUG:paramiko.transport:[chan 0] Max packet in: 32768 bytes
DEBUG:paramiko.transport:[chan 0] Max packet out: 32768 bytes
DEBUG:paramiko.transport:Secsh channel 0 opened.
DEBUG:paramiko.transport:[chan 0] Sesch channel 0 request ok
DEBUG:paramiko.transport:[chan 0] Sesch channel 0 request ok
DEBUG:netmiko:write_channel: b'terminal width 511\n'
DEBUG:netmiko:Pattern is: Width set to
DEBUG:netmiko:_read_channel_expect read_data: Last login: Thu Jun 24 00:39:46 2021 from 18.144.100.179

DEBUG:netmiko:_read_channel_expect read_data: terminal width 511

DEBUG:netmiko:_read_channel_expect read_data: terminal width 511

DEBUG:netmiko:_read_channel_expect read_data: arista1#
DEBUG:netmiko:_read_channel_expect read_data: t
DEBUG:netmiko:_read_channel_expect read_data: e
DEBUG:netmiko:_read_channel_expect read_data: r
DEBUG:netmiko:_read_channel_expect read_data: m
DEBUG:netmiko:_read_channel_expect read_data: i
DEBUG:netmiko:_read_channel_expect read_data: n
DEBUG:netmiko:_read_channel_expect read_data: a
DEBUG:netmiko:_read_channel_expect read_data: l
DEBUG:netmiko:_read_channel_expect read_data:  
DEBUG:netmiko:_read_channel_expect read_data: width 511
Width set to 511 columns.
arista1#
DEBUG:netmiko:Pattern found: Width set to Last login: Thu Jun 24 00:39:46 2021 from 18.144.100.179
terminal width 511
terminal width 511
arista1#terminal width 511
Width set to 511 columns.
arista1#
DEBUG:netmiko:In disable_paging
DEBUG:netmiko:Command: terminal length 0

DEBUG:netmiko:write_channel: b'terminal length 0\n'
DEBUG:netmiko:Pattern is: Pagination disabled
DEBUG:netmiko:_read_channel_expect read_data: t
DEBUG:netmiko:_read_channel_expect read_data: e
DEBUG:netmiko:_read_channel_expect read_data: r
DEBUG:netmiko:_read_channel_expect read_data: m
DEBUG:netmiko:_read_channel_expect read_data: i
DEBUG:netmiko:_read_channel_expect read_data: n
DEBUG:netmiko:_read_channel_expect read_data: a
DEBUG:netmiko:_read_channel_expect read_data: l
DEBUG:netmiko:_read_channel_expect read_data:  
DEBUG:netmiko:_read_channel_expect read_data: l
DEBUG:netmiko:_read_channel_expect read_data: e
DEBUG:netmiko:_read_channel_expect read_data: n
DEBUG:netmiko:_read_channel_expect read_data: g
DEBUG:netmiko:_read_channel_expect read_data: t
DEBUG:netmiko:_read_channel_expect read_data: h 0
Pagination disabled.
arista1#
DEBUG:netmiko:Pattern found: Pagination disabled terminal length 0
Pagination disabled.
arista1#
DEBUG:netmiko:terminal length 0
Pagination disabled.
arista1#
DEBUG:netmiko:Exiting disable_paging
DEBUG:netmiko:read_channel: 
DEBUG:netmiko:write_channel: b'\n'
DEBUG:netmiko:read_channel: 
DEBUG:netmiko:read_channel: 
DEBUG:netmiko:write_channel: b'\n'
DEBUG:netmiko:read_channel: 
DEBUG:netmiko:write_channel: b'\n'
DEBUG:netmiko:read_channel: 
arista1#
DEBUG:netmiko:read_channel: 
DEBUG:netmiko:[find_prompt()]: prompt is arista1#
DEBUG:netmiko:write_channel: b'show vlan\n'
DEBUG:netmiko:send_command_timing current output: 
DEBUG:netmiko:read_channel: 
arista1#
arista1#sho
DEBUG:netmiko:read_channel: w vlan
VLAN  Name                             Status    Ports
----- -------------------------------- --------- -------------------------------
1     default                          active    Cpu, Et1
2     VLAN0002                         active    Et2
DEBUG:netmiko:read_channel: 
3     VLAN0003                         active    Et3
4     VLAN0004                         active    Et4
5     VLAN0005                         active    Et5
6     VLAN0006                         active    Et6

DEBUG:netmiko:read_channel: 7     VLAN0007                         active    Et7

arista1#
DEBUG:netmiko:read_channel: 
DEBUG:netmiko:read_channel: 
DEBUG:netmiko:write_channel: b'\n'
DEBUG:netmiko:Pattern is: arista1
DEBUG:netmiko:_read_channel_expect read_data: 

DEBUG:netmiko:_read_channel_expect read_data: arista1#
DEBUG:netmiko:Pattern found: arista1 
arista1#
DEBUG:netmiko:write_channel: b'exit\n'
DEBUG:paramiko.transport:starting thread (client mode): 0xf7b3a550
DEBUG:paramiko.transport:Local version/idstring: SSH-2.0-paramiko_2.7.2
DEBUG:paramiko.transport:Remote version/idstring: SSH-2.0-OpenSSH_6.6.1
INFO:paramiko.transport:Connected (version 2.0, client OpenSSH_6.6.1)
DEBUG:paramiko.transport:kex algos:['curve25519-sha256@libssh.org', 'ecdh-sha2-nistp521', 'ecdh-sha2-nistp256', 'ecdh-sha2-nistp384', 'diffie-hellman-group14-sha1'] server key:['ssh-rsa', 'ecdsa-sha2-nistp521', 'ssh-ed25519'] client encrypt:['aes256-gcm@openssh.com', 'aes128-gcm@openssh.com', 'aes256-ctr', 'aes192-ctr', 'aes128-ctr'] server encrypt:['aes256-gcm@openssh.com', 'aes128-gcm@openssh.com', 'aes256-ctr', 'aes192-ctr', 'aes128-ctr'] client mac:['hmac-sha2-512-etm@openssh.com', 'hmac-sha2-256-etm@openssh.com', 'hmac-sha1-etm@openssh.com', 'hmac-sha2-512', 'hmac-sha2-256', 'hmac-sha1'] server mac:['hmac-sha2-512-etm@openssh.com', 'hmac-sha2-256-etm@openssh.com', 'hmac-sha1-etm@openssh.com', 'hmac-sha2-512', 'hmac-sha2-256', 'hmac-sha1'] client compress:['none', 'zlib@openssh.com'] server compress:['none', 'zlib@openssh.com'] client lang:[''] server lang:[''] kex follows?False
DEBUG:paramiko.transport:Kex agreed: curve25519-sha256@libssh.org
DEBUG:paramiko.transport:HostKey agreed: ssh-ed25519
DEBUG:paramiko.transport:Cipher agreed: aes128-ctr
DEBUG:paramiko.transport:MAC agreed: hmac-sha2-256
DEBUG:paramiko.transport:Compression agreed: none
DEBUG:paramiko.transport:kex engine KexCurve25519 specified hash_algo <built-in function openssl_sha256>
DEBUG:paramiko.transport:Switch to new keys ...
DEBUG:paramiko.transport:Adding ssh-ed25519 host key for arista1.lasthop.io: b'de8f7477a4a749270b1e79444d5051b9'
DEBUG:paramiko.transport:userauth is OK
DEBUG:paramiko.transport:Authentication type (password) not permitted.
DEBUG:paramiko.transport:Allowed methods: ['publickey', 'keyboard-interactive']
DEBUG:paramiko.transport:userauth is OK
INFO:paramiko.transport:Authentication (keyboard-interactive) successful!
DEBUG:paramiko.transport:[chan 0] Max packet in: 32768 bytes
DEBUG:paramiko.transport:[chan 0] Max packet out: 32768 bytes
DEBUG:paramiko.transport:Secsh channel 0 opened.
DEBUG:paramiko.transport:[chan 0] Sesch channel 0 request ok
DEBUG:paramiko.transport:[chan 0] Sesch channel 0 request ok
DEBUG:netmiko:write_channel: b'terminal width 511\n'
DEBUG:netmiko:Pattern is: Width set to
DEBUG:netmiko:_read_channel_expect read_data: Last login: Thu Jun 24 00:41:52 2021 from 18.144.100.179
DEBUG:netmiko:_read_channel_expect read_data: 

DEBUG:netmiko:_read_channel_expect read_data: terminal width 511

DEBUG:netmiko:_read_channel_expect read_data: terminal width 511

DEBUG:netmiko:_read_channel_expect read_data: arista1#
DEBUG:netmiko:_read_channel_expect read_data: t
DEBUG:netmiko:_read_channel_expect read_data: e
DEBUG:netmiko:_read_channel_expect read_data: r
DEBUG:netmiko:_read_channel_expect read_data: m
DEBUG:netmiko:_read_channel_expect read_data: i
DEBUG:netmiko:_read_channel_expect read_data: n
DEBUG:netmiko:_read_channel_expect read_data: a
DEBUG:netmiko:_read_channel_expect read_data: l
DEBUG:netmiko:_read_channel_expect read_data:  
DEBUG:netmiko:_read_channel_expect read_data: width 511
Width set to 511 columns.
arista1#
DEBUG:netmiko:Pattern found: Width set to Last login: Thu Jun 24 00:41:52 2021 from 18.144.100.179
terminal width 511
terminal width 511
arista1#terminal width 511
Width set to 511 columns.
arista1#
DEBUG:netmiko:In disable_paging
DEBUG:netmiko:Command: terminal length 0

DEBUG:netmiko:write_channel: b'terminal length 0\n'
DEBUG:netmiko:Pattern is: Pagination disabled
DEBUG:netmiko:_read_channel_expect read_data: t
DEBUG:netmiko:_read_channel_expect read_data: e
DEBUG:netmiko:_read_channel_expect read_data: r
DEBUG:netmiko:_read_channel_expect read_data: m
DEBUG:netmiko:_read_channel_expect read_data: i
DEBUG:netmiko:_read_channel_expect read_data: n
DEBUG:netmiko:_read_channel_expect read_data: a
DEBUG:netmiko:_read_channel_expect read_data: l
DEBUG:netmiko:_read_channel_expect read_data:  
DEBUG:netmiko:_read_channel_expect read_data: l
DEBUG:netmiko:_read_channel_expect read_data: e
DEBUG:netmiko:_read_channel_expect read_data: n
DEBUG:netmiko:_read_channel_expect read_data: g
DEBUG:netmiko:_read_channel_expect read_data: t
DEBUG:netmiko:_read_channel_expect read_data: h
DEBUG:netmiko:_read_channel_expect read_data:  0
Pagination disabled.
arista1#
DEBUG:netmiko:Pattern found: Pagination disabled terminal length 0
Pagination disabled.
arista1#
DEBUG:netmiko:terminal length 0
Pagination disabled.
arista1#
DEBUG:netmiko:Exiting disable_paging
DEBUG:netmiko:read_channel: 
DEBUG:netmiko:write_channel: b'\n'
DEBUG:netmiko:read_channel: 
DEBUG:netmiko:read_channel: 
DEBUG:netmiko:write_channel: b'\n'
DEBUG:netmiko:read_channel: 
DEBUG:netmiko:write_channel: b'\n'
DEBUG:netmiko:read_channel: 
arista1#
DEBUG:netmiko:read_channel: 
DEBUG:netmiko:[find_prompt()]: prompt is arista1#
DEBUG:netmiko:write_channel: b'show vlan\n'
DEBUG:netmiko:send_command_timing current output: 
DEBUG:netmiko:read_channel: 
arista1#
arista1#sho
DEBUG:netmiko:read_channel: w vlan
VLAN  Name                             Status    Ports

DEBUG:netmiko:read_channel: ----- -------------------------------- --------- -------------------------------
1     default                          active    Cpu, Et1
2     VLAN0002                         active    Et2
3     VLAN0003                         active    Et3
4     VLAN0004                         active    Et4
DEBUG:netmiko:read_channel: 
5     VLAN0005                         active    Et5
6     VLAN0006                         active    Et6
7     VLAN0007                         active    Et7

arista1#
DEBUG:netmiko:read_channel: 
DEBUG:netmiko:read_channel: 
DEBUG:netmiko:write_channel: b'\n'
DEBUG:netmiko:Pattern is: arista1
DEBUG:netmiko:_read_channel_expect read_data: 

DEBUG:netmiko:_read_channel_expect read_data: arista1#
DEBUG:netmiko:Pattern found: arista1 
arista1#
DEBUG:netmiko:write_channel: b'exit\n'
DEBUG:paramiko.transport:starting thread (client mode): 0x85ec1790
DEBUG:paramiko.transport:Local version/idstring: SSH-2.0-paramiko_2.7.2
DEBUG:paramiko.transport:Remote version/idstring: SSH-2.0-OpenSSH_6.6.1
INFO:paramiko.transport:Connected (version 2.0, client OpenSSH_6.6.1)
DEBUG:paramiko.transport:kex algos:['curve25519-sha256@libssh.org', 'ecdh-sha2-nistp521', 'ecdh-sha2-nistp256', 'ecdh-sha2-nistp384', 'diffie-hellman-group14-sha1'] server key:['ssh-rsa', 'ecdsa-sha2-nistp521', 'ssh-ed25519'] client encrypt:['aes256-gcm@openssh.com', 'aes128-gcm@openssh.com', 'aes256-ctr', 'aes192-ctr', 'aes128-ctr'] server encrypt:['aes256-gcm@openssh.com', 'aes128-gcm@openssh.com', 'aes256-ctr', 'aes192-ctr', 'aes128-ctr'] client mac:['hmac-sha2-512-etm@openssh.com', 'hmac-sha2-256-etm@openssh.com', 'hmac-sha1-etm@openssh.com', 'hmac-sha2-512', 'hmac-sha2-256', 'hmac-sha1'] server mac:['hmac-sha2-512-etm@openssh.com', 'hmac-sha2-256-etm@openssh.com', 'hmac-sha1-etm@openssh.com', 'hmac-sha2-512', 'hmac-sha2-256', 'hmac-sha1'] client compress:['none', 'zlib@openssh.com'] server compress:['none', 'zlib@openssh.com'] client lang:[''] server lang:[''] kex follows?False
DEBUG:paramiko.transport:Kex agreed: curve25519-sha256@libssh.org
DEBUG:paramiko.transport:HostKey agreed: ssh-ed25519
DEBUG:paramiko.transport:Cipher agreed: aes128-ctr
DEBUG:paramiko.transport:MAC agreed: hmac-sha2-256
DEBUG:paramiko.transport:Compression agreed: none
DEBUG:paramiko.transport:kex engine KexCurve25519 specified hash_algo <built-in function openssl_sha256>
DEBUG:paramiko.transport:Switch to new keys ...
DEBUG:paramiko.transport:Adding ssh-ed25519 host key for arista1.lasthop.io: b'de8f7477a4a749270b1e79444d5051b9'
DEBUG:paramiko.transport:userauth is OK
DEBUG:paramiko.transport:Authentication type (password) not permitted.
DEBUG:paramiko.transport:Allowed methods: ['publickey', 'keyboard-interactive']
DEBUG:paramiko.transport:userauth is OK
INFO:paramiko.transport:Authentication (keyboard-interactive) successful!
DEBUG:paramiko.transport:[chan 0] Max packet in: 32768 bytes
DEBUG:paramiko.transport:[chan 0] Max packet out: 32768 bytes
DEBUG:paramiko.transport:Secsh channel 0 opened.
DEBUG:paramiko.transport:[chan 0] Sesch channel 0 request ok
DEBUG:paramiko.transport:[chan 0] Sesch channel 0 request ok
DEBUG:netmiko:write_channel: b'terminal width 511\n'
DEBUG:netmiko:Pattern is: Width set to
DEBUG:netmiko:_read_channel_expect read_data: Last login: Thu Jun 24 00:42:45 2021 from 18.144.100.179
DEBUG:netmiko:_read_channel_expect read_data: 

DEBUG:netmiko:_read_channel_expect read_data: terminal width 511

DEBUG:netmiko:_read_channel_expect read_data: terminal width 511

DEBUG:netmiko:_read_channel_expect read_data: arista1#
DEBUG:netmiko:_read_channel_expect read_data: t
DEBUG:netmiko:_read_channel_expect read_data: e
DEBUG:netmiko:_read_channel_expect read_data: r
DEBUG:netmiko:_read_channel_expect read_data: m
DEBUG:netmiko:_read_channel_expect read_data: i
DEBUG:netmiko:_read_channel_expect read_data: n
DEBUG:netmiko:_read_channel_expect read_data: a
DEBUG:netmiko:_read_channel_expect read_data: l
DEBUG:netmiko:_read_channel_expect read_data:  width 511
Width set to 511 columns.
arista1#
DEBUG:netmiko:Pattern found: Width set to Last login: Thu Jun 24 00:42:45 2021 from 18.144.100.179
terminal width 511
terminal width 511
arista1#terminal width 511
Width set to 511 columns.
arista1#
DEBUG:netmiko:In disable_paging
DEBUG:netmiko:Command: terminal length 0

DEBUG:netmiko:write_channel: b'terminal length 0\n'
DEBUG:netmiko:Pattern is: Pagination disabled
DEBUG:netmiko:_read_channel_expect read_data: t
DEBUG:netmiko:_read_channel_expect read_data: e
DEBUG:netmiko:_read_channel_expect read_data: r
DEBUG:netmiko:_read_channel_expect read_data: m
DEBUG:netmiko:_read_channel_expect read_data: i
DEBUG:netmiko:_read_channel_expect read_data: n
DEBUG:netmiko:_read_channel_expect read_data: a
DEBUG:netmiko:_read_channel_expect read_data: l
DEBUG:netmiko:_read_channel_expect read_data:  
DEBUG:netmiko:_read_channel_expect read_data: l
DEBUG:netmiko:_read_channel_expect read_data: e
DEBUG:netmiko:_read_channel_expect read_data: n
DEBUG:netmiko:_read_channel_expect read_data: g
DEBUG:netmiko:_read_channel_expect read_data: t
DEBUG:netmiko:_read_channel_expect read_data: h 0
Pagination disabled.
arista1#
DEBUG:netmiko:Pattern found: Pagination disabled terminal length 0
Pagination disabled.
arista1#
DEBUG:netmiko:terminal length 0
Pagination disabled.
arista1#
DEBUG:netmiko:Exiting disable_paging
DEBUG:netmiko:read_channel: 
DEBUG:netmiko:write_channel: b'\n'
DEBUG:netmiko:read_channel: 
DEBUG:netmiko:read_channel: 
DEBUG:netmiko:write_channel: b'\n'
DEBUG:netmiko:read_channel: 
DEBUG:netmiko:write_channel: b'\n'
DEBUG:netmiko:read_channel: 

DEBUG:netmiko:write_channel: b'\n'
DEBUG:netmiko:read_channel: arista1#
DEBUG:netmiko:read_channel: 
arista1#
DEBUG:netmiko:Clear buffer detects data in the channel
DEBUG:netmiko:read_channel: 
arista1#
DEBUG:netmiko:Clear buffer detects data in the channel
DEBUG:netmiko:read_channel: 

DEBUG:netmiko:Clear buffer detects data in the channel
DEBUG:netmiko:read_channel: arista1#
DEBUG:netmiko:Clear buffer detects data in the channel
DEBUG:netmiko:read_channel: 
DEBUG:netmiko:[find_prompt()]: prompt is arista1#
DEBUG:netmiko:write_channel: b'show vlan\n'
DEBUG:netmiko:send_command_timing current output: 
DEBUG:netmiko:read_channel: show vlan
VLAN  Name                             Status    Ports
----- -------------------------------- --------- -------------------------------
1     default                          active    Cpu, Et1
2     VLAN0002                         active    Et2

DEBUG:netmiko:read_channel: 3     VLAN0003                         active    Et3
4     VLAN0004                         active    Et4
5     VLAN0005                         active    Et5
6     VLAN0006                         active    Et6
7     VLAN0007                         active    Et7

arista1#
DEBUG:netmiko:read_channel: 
DEBUG:netmiko:read_channel: 
DEBUG:netmiko:write_channel: b'\n'
DEBUG:netmiko:Pattern is: arista1
DEBUG:netmiko:_read_channel_expect read_data: 

DEBUG:netmiko:_read_channel_expect read_data: arista1#
DEBUG:netmiko:Pattern found: arista1 
arista1#
DEBUG:netmiko:write_channel: b'exit\n'
DEBUG:paramiko.transport:starting thread (client mode): 0xda5bc690
DEBUG:paramiko.transport:Local version/idstring: SSH-2.0-paramiko_2.7.2
DEBUG:paramiko.transport:Remote version/idstring: SSH-2.0-OpenSSH_6.6.1
INFO:paramiko.transport:Connected (version 2.0, client OpenSSH_6.6.1)
DEBUG:paramiko.transport:kex algos:['curve25519-sha256@libssh.org', 'ecdh-sha2-nistp521', 'ecdh-sha2-nistp256', 'ecdh-sha2-nistp384', 'diffie-hellman-group14-sha1'] server key:['ssh-rsa', 'ecdsa-sha2-nistp521', 'ssh-ed25519'] client encrypt:['aes256-gcm@openssh.com', 'aes128-gcm@openssh.com', 'aes256-ctr', 'aes192-ctr', 'aes128-ctr'] server encrypt:['aes256-gcm@openssh.com', 'aes128-gcm@openssh.com', 'aes256-ctr', 'aes192-ctr', 'aes128-ctr'] client mac:['hmac-sha2-512-etm@openssh.com', 'hmac-sha2-256-etm@openssh.com', 'hmac-sha1-etm@openssh.com', 'hmac-sha2-512', 'hmac-sha2-256', 'hmac-sha1'] server mac:['hmac-sha2-512-etm@openssh.com', 'hmac-sha2-256-etm@openssh.com', 'hmac-sha1-etm@openssh.com', 'hmac-sha2-512', 'hmac-sha2-256', 'hmac-sha1'] client compress:['none', 'zlib@openssh.com'] server compress:['none', 'zlib@openssh.com'] client lang:[''] server lang:[''] kex follows?False
DEBUG:paramiko.transport:Kex agreed: curve25519-sha256@libssh.org
DEBUG:paramiko.transport:HostKey agreed: ssh-ed25519
DEBUG:paramiko.transport:Cipher agreed: aes128-ctr
DEBUG:paramiko.transport:MAC agreed: hmac-sha2-256
DEBUG:paramiko.transport:Compression agreed: none
DEBUG:paramiko.transport:kex engine KexCurve25519 specified hash_algo <built-in function openssl_sha256>
DEBUG:paramiko.transport:Switch to new keys ...
DEBUG:paramiko.transport:Adding ssh-ed25519 host key for arista1.lasthop.io: b'de8f7477a4a749270b1e79444d5051b9'
DEBUG:paramiko.transport:userauth is OK
DEBUG:paramiko.transport:Authentication type (password) not permitted.
DEBUG:paramiko.transport:Allowed methods: ['publickey', 'keyboard-interactive']
DEBUG:paramiko.transport:userauth is OK
INFO:paramiko.transport:Authentication (keyboard-interactive) successful!
DEBUG:paramiko.transport:[chan 0] Max packet in: 32768 bytes
DEBUG:paramiko.transport:[chan 0] Max packet out: 32768 bytes
DEBUG:paramiko.transport:Secsh channel 0 opened.
DEBUG:paramiko.transport:[chan 0] Sesch channel 0 request ok
DEBUG:paramiko.transport:[chan 0] Sesch channel 0 request ok
DEBUG:netmiko:write_channel: b'terminal width 511\n'
DEBUG:netmiko:Pattern is: Width set to
DEBUG:netmiko:_read_channel_expect read_data: Last login: Thu Jun 24 00:49:30 2021 from 18.144.100.179

DEBUG:netmiko:_read_channel_expect read_data: terminal width 511

DEBUG:netmiko:_read_channel_expect read_data: terminal width 511

DEBUG:netmiko:_read_channel_expect read_data: arista1#t
DEBUG:netmiko:_read_channel_expect read_data: er
DEBUG:netmiko:_read_channel_expect read_data: m
DEBUG:netmiko:_read_channel_expect read_data: i
DEBUG:netmiko:_read_channel_expect read_data: n
DEBUG:netmiko:_read_channel_expect read_data: a
DEBUG:netmiko:_read_channel_expect read_data: l
DEBUG:netmiko:_read_channel_expect read_data:  
DEBUG:netmiko:_read_channel_expect read_data: w
DEBUG:netmiko:_read_channel_expect read_data: i
DEBUG:netmiko:_read_channel_expect read_data: dth 511
Width set to 511 columns.
arista1#
DEBUG:netmiko:Pattern found: Width set to Last login: Thu Jun 24 00:49:30 2021 from 18.144.100.179
terminal width 511
terminal width 511
arista1#terminal width 511
Width set to 511 columns.
arista1#
DEBUG:netmiko:In disable_paging
DEBUG:netmiko:Command: terminal length 0

DEBUG:netmiko:write_channel: b'terminal length 0\n'
DEBUG:netmiko:Pattern is: Pagination disabled
DEBUG:netmiko:_read_channel_expect read_data: t
DEBUG:netmiko:_read_channel_expect read_data: e
DEBUG:netmiko:_read_channel_expect read_data: r
DEBUG:netmiko:_read_channel_expect read_data: m
DEBUG:netmiko:_read_channel_expect read_data: i
DEBUG:netmiko:_read_channel_expect read_data: n
DEBUG:netmiko:_read_channel_expect read_data: a
DEBUG:netmiko:_read_channel_expect read_data: l
DEBUG:netmiko:_read_channel_expect read_data:  
DEBUG:netmiko:_read_channel_expect read_data: l
DEBUG:netmiko:_read_channel_expect read_data: e
DEBUG:netmiko:_read_channel_expect read_data: n
DEBUG:netmiko:_read_channel_expect read_data: g
DEBUG:netmiko:_read_channel_expect read_data: t
DEBUG:netmiko:_read_channel_expect read_data: h
DEBUG:netmiko:_read_channel_expect read_data:  0
Pagination disabled.
arista1#
DEBUG:netmiko:Pattern found: Pagination disabled terminal length 0
Pagination disabled.
arista1#
DEBUG:netmiko:terminal length 0
Pagination disabled.
arista1#
DEBUG:netmiko:Exiting disable_paging
DEBUG:netmiko:read_channel: 
DEBUG:netmiko:write_channel: b'\n'
DEBUG:netmiko:read_channel: 
DEBUG:netmiko:read_channel: 
DEBUG:netmiko:write_channel: b'\n'
DEBUG:netmiko:read_channel: 
DEBUG:netmiko:write_channel: b'\n'
DEBUG:netmiko:read_channel: 
arista1#
DEBUG:netmiko:read_channel: 
DEBUG:netmiko:[find_prompt()]: prompt is arista1#
DEBUG:netmiko:write_channel: b'show vlan\n'
DEBUG:netmiko:send_command_timing current output: 
DEBUG:netmiko:read_channel: 
arista1#
arista1#
DEBUG:netmiko:read_channel: show vla
DEBUG:netmiko:read_channel: n
VLAN  Name                             Status    Ports
----- -------------------------------- --------- -------------------------------
1     default                          active    Cpu, Et1
2     VLAN0002                         active    Et2
DEBUG:netmiko:read_channel: 
3     VLAN0003                         active    Et3
4     VLAN0004                         active    Et4
5     VLAN0005                         active    Et5
6     VLAN0006                         active    Et6
7     VLAN0007                         active    Et7
DEBUG:netmiko:read_channel: 

arista1#
DEBUG:netmiko:read_channel: 
DEBUG:netmiko:read_channel: 
DEBUG:netmiko:write_channel: b'\n'
DEBUG:netmiko:Pattern is: arista1
DEBUG:netmiko:_read_channel_expect read_data: 

DEBUG:netmiko:_read_channel_expect read_data: arista1#
DEBUG:netmiko:Pattern found: arista1 
arista1#
DEBUG:netmiko:write_channel: b'exit\n'
DEBUG:paramiko.transport:starting thread (client mode): 0xb95b9690
DEBUG:paramiko.transport:Local version/idstring: SSH-2.0-paramiko_2.7.2
DEBUG:paramiko.transport:Remote version/idstring: SSH-2.0-OpenSSH_6.6.1
INFO:paramiko.transport:Connected (version 2.0, client OpenSSH_6.6.1)
DEBUG:paramiko.transport:kex algos:['curve25519-sha256@libssh.org', 'ecdh-sha2-nistp521', 'ecdh-sha2-nistp256', 'ecdh-sha2-nistp384', 'diffie-hellman-group14-sha1'] server key:['ssh-rsa', 'ecdsa-sha2-nistp521', 'ssh-ed25519'] client encrypt:['aes256-gcm@openssh.com', 'aes128-gcm@openssh.com', 'aes256-ctr', 'aes192-ctr', 'aes128-ctr'] server encrypt:['aes256-gcm@openssh.com', 'aes128-gcm@openssh.com', 'aes256-ctr', 'aes192-ctr', 'aes128-ctr'] client mac:['hmac-sha2-512-etm@openssh.com', 'hmac-sha2-256-etm@openssh.com', 'hmac-sha1-etm@openssh.com', 'hmac-sha2-512', 'hmac-sha2-256', 'hmac-sha1'] server mac:['hmac-sha2-512-etm@openssh.com', 'hmac-sha2-256-etm@openssh.com', 'hmac-sha1-etm@openssh.com', 'hmac-sha2-512', 'hmac-sha2-256', 'hmac-sha1'] client compress:['none', 'zlib@openssh.com'] server compress:['none', 'zlib@openssh.com'] client lang:[''] server lang:[''] kex follows?False
DEBUG:paramiko.transport:Kex agreed: curve25519-sha256@libssh.org
DEBUG:paramiko.transport:HostKey agreed: ssh-ed25519
DEBUG:paramiko.transport:Cipher agreed: aes128-ctr
DEBUG:paramiko.transport:MAC agreed: hmac-sha2-256
DEBUG:paramiko.transport:Compression agreed: none
DEBUG:paramiko.transport:kex engine KexCurve25519 specified hash_algo <built-in function openssl_sha256>
DEBUG:paramiko.transport:Switch to new keys ...
DEBUG:paramiko.transport:Adding ssh-ed25519 host key for arista1.lasthop.io: b'de8f7477a4a749270b1e79444d5051b9'
DEBUG:paramiko.transport:userauth is OK
DEBUG:paramiko.transport:Authentication type (password) not permitted.
DEBUG:paramiko.transport:Allowed methods: ['publickey', 'keyboard-interactive']
DEBUG:paramiko.transport:userauth is OK
INFO:paramiko.transport:Authentication (keyboard-interactive) successful!
DEBUG:paramiko.transport:[chan 0] Max packet in: 32768 bytes
DEBUG:paramiko.transport:[chan 0] Max packet out: 32768 bytes
DEBUG:paramiko.transport:Secsh channel 0 opened.
DEBUG:paramiko.transport:[chan 0] Sesch channel 0 request ok
DEBUG:paramiko.transport:[chan 0] Sesch channel 0 request ok
DEBUG:netmiko:write_channel: b'terminal width 511\n'
DEBUG:netmiko:Pattern is: Width set to
DEBUG:netmiko:_read_channel_expect read_data: Last login: Thu Jun 24 00:50:29 2021 from 18.144.100.179

DEBUG:netmiko:_read_channel_expect read_data: terminal width 511

DEBUG:netmiko:_read_channel_expect read_data: terminal width 511

DEBUG:netmiko:_read_channel_expect read_data: arista1#
DEBUG:netmiko:_read_channel_expect read_data: t
DEBUG:netmiko:_read_channel_expect read_data: e
DEBUG:netmiko:_read_channel_expect read_data: r
DEBUG:netmiko:_read_channel_expect read_data: m
DEBUG:netmiko:_read_channel_expect read_data: i
DEBUG:netmiko:_read_channel_expect read_data: n
DEBUG:netmiko:_read_channel_expect read_data: a
DEBUG:netmiko:_read_channel_expect read_data: l
DEBUG:netmiko:_read_channel_expect read_data:  
DEBUG:netmiko:_read_channel_expect read_data: width 511
Width set to 511 columns.
arista1#
DEBUG:netmiko:Pattern found: Width set to Last login: Thu Jun 24 00:50:29 2021 from 18.144.100.179
terminal width 511
terminal width 511
arista1#terminal width 511
Width set to 511 columns.
arista1#
DEBUG:netmiko:In disable_paging
DEBUG:netmiko:Command: terminal length 0

DEBUG:netmiko:write_channel: b'terminal length 0\n'
DEBUG:netmiko:Pattern is: Pagination disabled
DEBUG:netmiko:_read_channel_expect read_data: t
DEBUG:netmiko:_read_channel_expect read_data: e
DEBUG:netmiko:_read_channel_expect read_data: rmin
DEBUG:netmiko:_read_channel_expect read_data: al 
DEBUG:netmiko:_read_channel_expect read_data: len
DEBUG:netmiko:_read_channel_expect read_data: g
DEBUG:netmiko:_read_channel_expect read_data: t
DEBUG:netmiko:_read_channel_expect read_data: h
DEBUG:netmiko:_read_channel_expect read_data:  
DEBUG:netmiko:_read_channel_expect read_data: 0
DEBUG:netmiko:_read_channel_expect read_data: 

DEBUG:netmiko:_read_channel_expect read_data: Pagination disabled.
DEBUG:netmiko:Pattern found: Pagination disabled terminal length 0
Pagination disabled.
DEBUG:netmiko:terminal length 0
Pagination disabled.
DEBUG:netmiko:Exiting disable_paging
DEBUG:netmiko:read_channel: 

DEBUG:netmiko:Clear buffer detects data in the channel
DEBUG:netmiko:read_channel: arista1#
DEBUG:netmiko:Clear buffer detects data in the channel
DEBUG:netmiko:read_channel: 
DEBUG:netmiko:write_channel: b'\n'
DEBUG:netmiko:read_channel: 
DEBUG:netmiko:read_channel: 
DEBUG:netmiko:write_channel: b'\n'
DEBUG:netmiko:read_channel: 
DEBUG:netmiko:write_channel: b'\n'
DEBUG:netmiko:read_channel: 
DEBUG:netmiko:write_channel: b'\n'
DEBUG:netmiko:read_channel: 
arista1#
DEBUG:netmiko:read_channel: 
DEBUG:netmiko:[find_prompt()]: prompt is arista1#
DEBUG:netmiko:write_channel: b'show vlan\n'
DEBUG:netmiko:send_command_timing current output: 
DEBUG:netmiko:read_channel: 
arista1#
arista1#
arista1#
DEBUG:netmiko:read_channel: show vla
DEBUG:netmiko:read_channel: n
VLAN  Name                             Status    Ports
----- -------------------------------- --------- -------------------------------

DEBUG:netmiko:read_channel: 1     default                          active    Cpu, Et1
2     VLAN0002                         active    Et2
3     VLAN0003                         active    Et3
4     VLAN0004                         active    Et4

DEBUG:netmiko:read_channel: 5     VLAN0005                         active    Et5
6     VLAN0006                         active    Et6
7     VLAN0007                         active    Et7

arista1#
DEBUG:netmiko:read_channel: 
DEBUG:netmiko:read_channel: 
DEBUG:netmiko:write_channel: b'\n'
DEBUG:netmiko:Pattern is: arista1
DEBUG:netmiko:_read_channel_expect read_data: 

DEBUG:netmiko:_read_channel_expect read_data: arista1#
DEBUG:netmiko:Pattern found: arista1 
arista1#
DEBUG:netmiko:write_channel: b'exit\n'
DEBUG:paramiko.transport:starting thread (client mode): 0xbafbd410
DEBUG:paramiko.transport:Local version/idstring: SSH-2.0-paramiko_2.7.2
DEBUG:paramiko.transport:Remote version/idstring: SSH-2.0-OpenSSH_7.5 PKIX[10.1]
INFO:paramiko.transport:Connected (version 2.0, client OpenSSH_7.5)
DEBUG:paramiko.transport:kex algos:['diffie-hellman-group14-sha1', 'ecdh-sha2-nistp256', 'ecdh-sha2-nistp384', 'ecdh-sha2-nistp521'] server key:['ssh-rsa', 'rsa-sha2-512', 'rsa-sha2-256'] client encrypt:['aes128-ctr', 'aes256-ctr', 'aes256-gcm@openssh.com', 'aes128-gcm@openssh.com'] server encrypt:['aes128-ctr', 'aes256-ctr', 'aes256-gcm@openssh.com', 'aes128-gcm@openssh.com'] client mac:['hmac-sha1', 'hmac-sha2-256', 'hmac-sha2-512'] server mac:['hmac-sha1', 'hmac-sha2-256', 'hmac-sha2-512'] client compress:['none', 'zlib@openssh.com'] server compress:['none', 'zlib@openssh.com'] client lang:[''] server lang:[''] kex follows?False
DEBUG:paramiko.transport:Kex agreed: ecdh-sha2-nistp256
DEBUG:paramiko.transport:HostKey agreed: ssh-rsa
DEBUG:paramiko.transport:Cipher agreed: aes128-ctr
DEBUG:paramiko.transport:MAC agreed: hmac-sha2-256
DEBUG:paramiko.transport:Compression agreed: none
DEBUG:paramiko.transport:kex engine KexNistp256 specified hash_algo <built-in function openssl_sha256>
DEBUG:paramiko.transport:Switch to new keys ...
DEBUG:paramiko.transport:Adding ssh-rsa host key for nxos1.lasthop.io: b'58318fd2f378211ff816a026bfbb687c'
DEBUG:paramiko.transport:userauth is OK
INFO:paramiko.transport:Auth banner: b'User Access Verification\n'
INFO:paramiko.transport:Authentication (password) successful!
DEBUG:paramiko.transport:[chan 0] Max packet in: 32768 bytes
DEBUG:paramiko.transport:Received global request "hostkeys-00@openssh.com"
DEBUG:paramiko.transport:Rejecting "hostkeys-00@openssh.com" global request from server.
DEBUG:paramiko.transport:[chan 0] Max packet out: 32768 bytes
DEBUG:paramiko.transport:Secsh channel 0 opened.
DEBUG:paramiko.transport:[chan 0] Sesch channel 0 request ok
DEBUG:paramiko.transport:[chan 0] Sesch channel 0 request ok
DEBUG:netmiko:read_channel: 


DEBUG:netmiko:read_channel: 
DEBUG:netmiko:read_channel: Cisco NX-OS Software
Copyright (c) 2002-2019, Cisco Systems, Inc. All rights reserved.
Nexus 9000v software ("Nexus 9000v Software") and related documentation,
files or other reference materials ("Documentation") are
the proprietary property and confidential information of Cisco
Systems, Inc. ("Cisco") and are protected, without limitation,
pursuant to United States and International copyright and trademark
laws in the applicable jurisdiction which provide civil and criminal
penalties for copying or distribution without Cisco's authorization.

Any use or disclosure, in whole or in part, of the Nexus 9000v Software
or Documentation to any third party for any purposes is expressly
prohibited except as otherwise authorized by Cisco in writing.
The copyrights to certain works contained herein are owned by other
third parties and are used and distributed under license. Some parts
of this software may be covered under the GNU Public License or the
GNU Lesser General Public License. A copy of each such license is
available at
http://www.gnu.org/licenses/gpl.html and
http://www.gnu.org/licenses/lgpl.html
***************************************************************************
*  Nexus 9000v is strictly limited to use for evaluation, demonstration   *
*  and NX-OS education. Any use or disclosure, in whole or in part of     *
*  the Nexus 9000v Software or Documentation to any third party for any   *
*  purposes is expressly prohibited except as otherwise authorized by     *
*  Cisco in writing.                                                      *
***************************************************************************
nxos1# 
DEBUG:netmiko:read_channel: 
DEBUG:netmiko:read_channel: 
DEBUG:netmiko:write_channel: b'terminal width 511\n'
DEBUG:netmiko:Pattern is: terminal width 511
DEBUG:netmiko:_read_channel_expect read_data: terminal width 511

DEBUG:netmiko:Pattern found: terminal width 511 terminal width 511

DEBUG:netmiko:In disable_paging
DEBUG:netmiko:Command: terminal length 0

DEBUG:netmiko:write_channel: b'terminal length 0\n'
DEBUG:netmiko:Pattern is: terminal\ length\ 0
DEBUG:netmiko:_read_channel_expect read_data: terminal length 0

DEBUG:netmiko:Pattern found: terminal\ length\ 0 terminal length 0

DEBUG:netmiko:terminal length 0

DEBUG:netmiko:Exiting disable_paging
DEBUG:netmiko:read_channel: 
DEBUG:netmiko:write_channel: b'\n'
DEBUG:netmiko:read_channel: nxos1# terminal length 0
nxos1# 
DEBUG:netmiko:read_channel: 
nxos1# 
DEBUG:netmiko:Clear buffer detects data in the channel
DEBUG:netmiko:read_channel: 
DEBUG:netmiko:[find_prompt()]: prompt is nxos1#
DEBUG:netmiko:read_channel: 
DEBUG:netmiko:write_channel: b'\n'
DEBUG:netmiko:read_channel: 
DEBUG:netmiko:read_channel: 
DEBUG:netmiko:write_channel: b'\n'
DEBUG:netmiko:read_channel: 
DEBUG:netmiko:write_channel: b'\n'
DEBUG:netmiko:read_channel: 
nxos1# 
DEBUG:netmiko:read_channel: 
DEBUG:netmiko:[find_prompt()]: prompt is nxos1#
DEBUG:netmiko:read_channel: 
nxos1# 
nxos1# 
DEBUG:netmiko:Clear buffer detects data in the channel
DEBUG:netmiko:read_channel: 
DEBUG:netmiko:write_channel: b'show lldp neighbors detail\n'
DEBUG:netmiko:Pattern is: show\ lldp\ neighbors\ detail
DEBUG:netmiko:_read_channel_expect read_data: show lldp neighbors detail

DEBUG:netmiko:Pattern found: show\ lldp\ neighbors\ detail show lldp neighbors detail

DEBUG:netmiko:read_channel: Capability codes:
  (R) Router, (B) Bridge, (T) Telephone, (C) DOCSIS Cable Device
  (W) WLAN Access Point, (P) Repeater, (S) Station, (O) Other
Device ID            Local Intf      Hold-time  Capability  Port ID  

Chassis id: 5254.0012.345e
Port id: Ethernet1/1
Local Port id: Eth1/1
Port Description: Ethernet1/1
System Name: nxos2.bogus.com
System Description: Cisco Nexus Operating System (NX-OS) Software 9.2(3)
TAC support: http://www.cisco.com/tac
Copyright (c) 2002-2019, Cisco Systems, Inc. All rights reserved.
Time remaining: 106 seconds
System Capabilities: B, R
Enabled Capabilities: B, R
Management Address: 10.0.2.16
Management Address IPV6: not advertised
Vlan ID: not advertised


Chassis id: 5254.0012.3461
Port id: Ethernet1/4
Local Port id: Eth1/4
Port Description: Ethernet1/4
System Name: nxos2.bogus.com
System Description: Cisco Nexus Operating System (NX-OS) Software 9.2(3)
TAC support: http://www.cisco.com/tac
Copyright (c) 2002-2019, Cisco Systems, Inc. All rights reserved.
Time remaining: 106 seconds
System Capabilities: B, R
Enabled Capabilities: B, R
Management Address: 10.0.2.16
Management Address IPV6: not advertised

DEBUG:netmiko:read_channel: Vlan ID: not advertised

Total entries displayed: 2
nxos1# 
DEBUG:genie.conf.base.device:{
  "interfaces": {
    "Ethernet1/1": {
      "port_id": {
        "Ethernet1/1": {
          "neighbors": {
            "nxos2.bogus.com": {
              "chassis_id": "5254.0012.345e",
              "port_description": "Ethernet1/1",
              "system_name": "nxos2.bogus.com",
              "system_description": "Cisco Nexus Operating System (NX-OS) Software 9.2(3)\nTAC support: http://www.cisco.com/tac\nCopyright (c) 2002-2019, Cisco Systems, Inc. All rights reserved.\n",
              "time_remaining": 106,
              "capabilities": {
                "bridge": {
                  "name": "bridge",
                  "system": true,
                  "enabled": true
                },
                "router": {
                  "name": "router",
                  "system": true,
                  "enabled": true
                }
              },
              "management_address_v4": "10.0.2.16",
              "management_address_v6": "not advertised",
              "vlan_id": "not advertised"
            }
          }
        }
      }
    },
    "Ethernet1/4": {
      "port_id": {
        "Ethernet1/4": {
          "neighbors": {
            "nxos2.bogus.com": {
              "chassis_id": "5254.0012.3461",
              "port_description": "Ethernet1/4",
              "system_name": "nxos2.bogus.com",
              "system_description": "Cisco Nexus Operating System (NX-OS) Software 9.2(3)\nTAC support: http://www.cisco.com/tac\nCopyright (c) 2002-2019, Cisco Systems, Inc. All rights reserved.\n",
              "time_remaining": 106,
              "capabilities": {
                "bridge": {
                  "name": "bridge",
                  "system": true,
                  "enabled": true
                },
                "router": {
                  "name": "router",
                  "system": true,
                  "enabled": true
                }
              },
              "management_address_v4": "10.0.2.16",
              "management_address_v6": "not advertised",
              "vlan_id": "not advertised"
            }
          }
        }
      }
    }
  },
  "total_entries": 2
}
DEBUG:netmiko:write_channel: b'\n'
DEBUG:netmiko:read_channel: 
nxos1# 
DEBUG:netmiko:read_channel: 
DEBUG:netmiko:read_channel: 
DEBUG:netmiko:write_channel: b'exit\n'
DEBUG:paramiko.transport:starting thread (client mode): 0x5e325710
DEBUG:paramiko.transport:Local version/idstring: SSH-2.0-paramiko_2.7.2
DEBUG:paramiko.transport:Remote version/idstring: SSH-2.0-OpenSSH_7.5 PKIX[10.1]
INFO:paramiko.transport:Connected (version 2.0, client OpenSSH_7.5)
DEBUG:paramiko.transport:kex algos:['diffie-hellman-group14-sha1', 'ecdh-sha2-nistp256', 'ecdh-sha2-nistp384', 'ecdh-sha2-nistp521'] server key:['ssh-rsa', 'rsa-sha2-512', 'rsa-sha2-256'] client encrypt:['aes128-ctr', 'aes256-ctr', 'aes256-gcm@openssh.com', 'aes128-gcm@openssh.com'] server encrypt:['aes128-ctr', 'aes256-ctr', 'aes256-gcm@openssh.com', 'aes128-gcm@openssh.com'] client mac:['hmac-sha1', 'hmac-sha2-256', 'hmac-sha2-512'] server mac:['hmac-sha1', 'hmac-sha2-256', 'hmac-sha2-512'] client compress:['none', 'zlib@openssh.com'] server compress:['none', 'zlib@openssh.com'] client lang:[''] server lang:[''] kex follows?False
DEBUG:paramiko.transport:Kex agreed: ecdh-sha2-nistp256
DEBUG:paramiko.transport:HostKey agreed: ssh-rsa
DEBUG:paramiko.transport:Cipher agreed: aes128-ctr
DEBUG:paramiko.transport:MAC agreed: hmac-sha2-256
DEBUG:paramiko.transport:Compression agreed: none
DEBUG:paramiko.transport:kex engine KexNistp256 specified hash_algo <built-in function openssl_sha256>
DEBUG:paramiko.transport:Switch to new keys ...
DEBUG:paramiko.transport:Adding ssh-rsa host key for nxos1.lasthop.io: b'58318fd2f378211ff816a026bfbb687c'
DEBUG:paramiko.transport:userauth is OK
INFO:paramiko.transport:Auth banner: b'User Access Verification\n'
INFO:paramiko.transport:Authentication (password) successful!
DEBUG:paramiko.transport:[chan 0] Max packet in: 32768 bytes
DEBUG:paramiko.transport:Received global request "hostkeys-00@openssh.com"
DEBUG:paramiko.transport:Rejecting "hostkeys-00@openssh.com" global request from server.
DEBUG:paramiko.transport:[chan 0] Max packet out: 32768 bytes
DEBUG:paramiko.transport:Secsh channel 0 opened.
DEBUG:paramiko.transport:[chan 0] Sesch channel 0 request ok
DEBUG:paramiko.transport:[chan 0] Sesch channel 0 request ok
DEBUG:netmiko:read_channel: 


DEBUG:netmiko:read_channel: 
DEBUG:netmiko:read_channel: Cisco NX-OS Software
Copyright (c) 2002-2019, Cisco Systems, Inc. All rights reserved.
Nexus 9000v software ("Nexus 9000v Software") and related documentation,
files or other reference materials ("Documentation") are
the proprietary property and confidential information of Cisco
Systems, Inc. ("Cisco") and are protected, without limitation,
pursuant to United States and International copyright and trademark
laws in the applicable jurisdiction which provide civil and criminal
penalties for copying or distribution without Cisco's authorization.

Any use or disclosure, in whole or in part, of the Nexus 9000v Software
or Documentation to any third party for any purposes is expressly
prohibited except as otherwise authorized by Cisco in writing.
The copyrights to certain works contained herein are owned by other
third parties and are used and distributed under license. Some parts
of this software may be covered under the GNU Public License or the
GNU Lesser General Public License. A copy of each such license is
available at
http://www.gnu.org/licenses/gpl.html and
http://www.gnu.org/licenses/lgpl.html
***************************************************************************
*  Nexus 9000v is strictly limited to use for evaluation, demonstration   *
*  and NX-OS education. Any use or disclosure, in whole or in part of     *
*  the Nexus 9000v Software or Documentation to any third party for any   *
*  purposes is expressly prohibited except as otherwise authorized by     *
*  Cisco in writing.                                                      *
***************************************************************************
nxos1# 
DEBUG:netmiko:read_channel: 
DEBUG:netmiko:read_channel: 
DEBUG:netmiko:write_channel: b'terminal width 511\n'
DEBUG:netmiko:Pattern is: terminal width 511
DEBUG:netmiko:_read_channel_expect read_data: terminal width 511

DEBUG:netmiko:Pattern found: terminal width 511 terminal width 511

DEBUG:netmiko:In disable_paging
DEBUG:netmiko:Command: terminal length 0

DEBUG:netmiko:write_channel: b'terminal length 0\n'
DEBUG:netmiko:Pattern is: terminal\ length\ 0
DEBUG:netmiko:_read_channel_expect read_data: nxos1# 
DEBUG:netmiko:_read_channel_expect read_data: terminal length 0
nxos1# 
DEBUG:netmiko:Pattern found: terminal\ length\ 0 nxos1# terminal length 0
nxos1# 
DEBUG:netmiko:nxos1# terminal length 0
nxos1# 
DEBUG:netmiko:Exiting disable_paging
DEBUG:netmiko:read_channel: 
DEBUG:netmiko:write_channel: b'\n'
DEBUG:netmiko:read_channel: 
DEBUG:netmiko:read_channel: 
DEBUG:netmiko:write_channel: b'\n'
DEBUG:netmiko:read_channel: 
DEBUG:netmiko:write_channel: b'\n'
DEBUG:netmiko:read_channel: 
DEBUG:netmiko:write_channel: b'\n'
DEBUG:netmiko:read_channel: 
nxos1# 
DEBUG:netmiko:read_channel: 
nxos1# 
nxos1# 
nxos1# 
DEBUG:netmiko:Clear buffer detects data in the channel
DEBUG:netmiko:read_channel: 
DEBUG:netmiko:[find_prompt()]: prompt is nxos1#
DEBUG:netmiko:read_channel: 
DEBUG:netmiko:write_channel: b'\n'
DEBUG:netmiko:read_channel: 
DEBUG:netmiko:read_channel: 
DEBUG:netmiko:write_channel: b'\n'
DEBUG:netmiko:read_channel: 
DEBUG:netmiko:write_channel: b'\n'
DEBUG:netmiko:read_channel: 
nxos1# 
DEBUG:netmiko:read_channel: 
DEBUG:netmiko:[find_prompt()]: prompt is nxos1#
DEBUG:netmiko:read_channel: 
nxos1# 
nxos1# 
DEBUG:netmiko:Clear buffer detects data in the channel
DEBUG:netmiko:read_channel: 
DEBUG:netmiko:write_channel: b'show lldp neighbors detail\n'
DEBUG:netmiko:Pattern is: show\ lldp\ neighbors\ detail
DEBUG:netmiko:_read_channel_expect read_data: show lldp neighbors detail

DEBUG:netmiko:Pattern found: show\ lldp\ neighbors\ detail show lldp neighbors detail

DEBUG:netmiko:read_channel: Capability codes:
  (R) Router, (B) Bridge, (T) Telephone, (C) DOCSIS Cable Device
  (W) WLAN Access Point, (P) Repeater, (S) Station, (O) Other
Device ID            Local Intf      Hold-time  Capability  Port ID  

Chassis id: 5254.0012.345e
Port id: Ethernet1/1
Local Port id: Eth1/1
Port Description: Ethernet1/1
System Name: nxos2.bogus.com
System Description: Cisco Nexus Operating System (NX-OS) Software 9.2(3)
TAC support: http://www.cisco.com/tac
Copyright (c) 2002-2019, Cisco Systems, Inc. All rights reserved.
Time remaining: 110 seconds
System Capabilities: B, R
Enabled Capabilities: B, R
Management Address: 10.0.2.16
Management Address IPV6: not advertised
Vlan ID: not advertised


Chassis id: 5254.0012.3461
Port id: Ethernet1/4
Local Port id: Eth1/4
Port Description: Ethernet1/4
System Name: nxos2.bogus.com
System Description: Cisco Nexus Operating System (NX-OS) Software 9.2(3)
TAC support: http://www.cisco.com/tac
Copyright (c) 2002-2019, Cisco Systems, Inc. All rights reserved.
Time remaining: 110 seconds
System Capabilities: B, R
Enabled Capabilities: B, R
Management Address: 10.0.2.16
Management Address IPV6: not advertised
Vlan ID: not advertised

Total entries displayed: 2

DEBUG:netmiko:read_channel: nxos1# 
DEBUG:genie.conf.base.device:{
  "interfaces": {
    "Ethernet1/1": {
      "port_id": {
        "Ethernet1/1": {
          "neighbors": {
            "nxos2.bogus.com": {
              "chassis_id": "5254.0012.345e",
              "port_description": "Ethernet1/1",
              "system_name": "nxos2.bogus.com",
              "system_description": "Cisco Nexus Operating System (NX-OS) Software 9.2(3)\nTAC support: http://www.cisco.com/tac\nCopyright (c) 2002-2019, Cisco Systems, Inc. All rights reserved.\n",
              "time_remaining": 110,
              "capabilities": {
                "bridge": {
                  "name": "bridge",
                  "system": true,
                  "enabled": true
                },
                "router": {
                  "name": "router",
                  "system": true,
                  "enabled": true
                }
              },
              "management_address_v4": "10.0.2.16",
              "management_address_v6": "not advertised",
              "vlan_id": "not advertised"
            }
          }
        }
      }
    },
    "Ethernet1/4": {
      "port_id": {
        "Ethernet1/4": {
          "neighbors": {
            "nxos2.bogus.com": {
              "chassis_id": "5254.0012.3461",
              "port_description": "Ethernet1/4",
              "system_name": "nxos2.bogus.com",
              "system_description": "Cisco Nexus Operating System (NX-OS) Software 9.2(3)\nTAC support: http://www.cisco.com/tac\nCopyright (c) 2002-2019, Cisco Systems, Inc. All rights reserved.\n",
              "time_remaining": 110,
              "capabilities": {
                "bridge": {
                  "name": "bridge",
                  "system": true,
                  "enabled": true
                },
                "router": {
                  "name": "router",
                  "system": true,
                  "enabled": true
                }
              },
              "management_address_v4": "10.0.2.16",
              "management_address_v6": "not advertised",
              "vlan_id": "not advertised"
            }
          }
        }
      }
    }
  },
  "total_entries": 2
}
DEBUG:netmiko:write_channel: b'\n'
DEBUG:netmiko:read_channel: 
nxos1# 
DEBUG:netmiko:read_channel: 
DEBUG:netmiko:read_channel: 
DEBUG:netmiko:write_channel: b'exit\n'
DEBUG:paramiko.transport:starting thread (client mode): 0xfed63690
DEBUG:paramiko.transport:Local version/idstring: SSH-2.0-paramiko_2.7.2
DEBUG:paramiko.transport:Remote version/idstring: SSH-2.0-OpenSSH_7.5 PKIX[10.1]
INFO:paramiko.transport:Connected (version 2.0, client OpenSSH_7.5)
DEBUG:paramiko.transport:kex algos:['diffie-hellman-group14-sha1', 'ecdh-sha2-nistp256', 'ecdh-sha2-nistp384', 'ecdh-sha2-nistp521'] server key:['ssh-rsa', 'rsa-sha2-512', 'rsa-sha2-256'] client encrypt:['aes128-ctr', 'aes256-ctr', 'aes256-gcm@openssh.com', 'aes128-gcm@openssh.com'] server encrypt:['aes128-ctr', 'aes256-ctr', 'aes256-gcm@openssh.com', 'aes128-gcm@openssh.com'] client mac:['hmac-sha1', 'hmac-sha2-256', 'hmac-sha2-512'] server mac:['hmac-sha1', 'hmac-sha2-256', 'hmac-sha2-512'] client compress:['none', 'zlib@openssh.com'] server compress:['none', 'zlib@openssh.com'] client lang:[''] server lang:[''] kex follows?False
DEBUG:paramiko.transport:Kex agreed: ecdh-sha2-nistp256
DEBUG:paramiko.transport:HostKey agreed: ssh-rsa
DEBUG:paramiko.transport:Cipher agreed: aes128-ctr
DEBUG:paramiko.transport:MAC agreed: hmac-sha2-256
DEBUG:paramiko.transport:Compression agreed: none
DEBUG:paramiko.transport:kex engine KexNistp256 specified hash_algo <built-in function openssl_sha256>
DEBUG:paramiko.transport:Switch to new keys ...
DEBUG:paramiko.transport:Adding ssh-rsa host key for nxos1.lasthop.io: b'58318fd2f378211ff816a026bfbb687c'
DEBUG:paramiko.transport:userauth is OK
INFO:paramiko.transport:Auth banner: b'User Access Verification\n'
INFO:paramiko.transport:Authentication (password) successful!
DEBUG:paramiko.transport:[chan 0] Max packet in: 32768 bytes
DEBUG:paramiko.transport:Received global request "hostkeys-00@openssh.com"
DEBUG:paramiko.transport:Rejecting "hostkeys-00@openssh.com" global request from server.
DEBUG:paramiko.transport:[chan 0] Max packet out: 32768 bytes
DEBUG:paramiko.transport:Secsh channel 0 opened.
DEBUG:paramiko.transport:[chan 0] Sesch channel 0 request ok
DEBUG:paramiko.transport:[chan 0] Sesch channel 0 request ok
DEBUG:netmiko:read_channel: 


DEBUG:netmiko:read_channel: 
DEBUG:netmiko:read_channel: Cisco NX-OS Software
Copyright (c) 2002-2019, Cisco Systems, Inc. All rights reserved.
Nexus 9000v software ("Nexus 9000v Software") and related documentation,
files or other reference materials ("Documentation") are
the proprietary property and confidential information of Cisco
Systems, Inc. ("Cisco") and are protected, without limitation,
pursuant to United States and International copyright and trademark
laws in the applicable jurisdiction which provide civil and criminal
penalties for copying or distribution without Cisco's authorization.

Any use or disclosure, in whole or in part, of the Nexus 9000v Software
or Documentation to any third party for any purposes is expressly
prohibited except as otherwise authorized by Cisco in writing.
The copyrights to certain works contained herein are owned by other
third parties and are used and distributed under license. Some parts
of this software may be covered under the GNU Public License or the
GNU Lesser General Public License. A copy of each such license is
available at
http://www.gnu.org/licenses/gpl.html and
http://www.gnu.org/licenses/lgpl.html
***************************************************************************
*  Nexus 9000v is strictly limited to use for evaluation, demonstration   *
*  and NX-OS education. Any use or disclosure, in whole or in part of     *
*  the Nexus 9000v Software or Documentation to any third party for any   *
*  purposes is expressly prohibited except as otherwise authorized by     *
*  Cisco in writing.                                                      *
***************************************************************************
nxos1# 
DEBUG:netmiko:read_channel: 
DEBUG:netmiko:read_channel: 
DEBUG:netmiko:write_channel: b'terminal width 511\n'
DEBUG:netmiko:Pattern is: terminal width 511
DEBUG:netmiko:_read_channel_expect read_data: terminal width 511

DEBUG:netmiko:Pattern found: terminal width 511 terminal width 511

DEBUG:netmiko:In disable_paging
DEBUG:netmiko:Command: terminal length 0

DEBUG:netmiko:write_channel: b'terminal length 0\n'
DEBUG:netmiko:Pattern is: terminal\ length\ 0
DEBUG:netmiko:_read_channel_expect read_data: nxos1# 
DEBUG:netmiko:_read_channel_expect read_data: terminal length 0

DEBUG:netmiko:Pattern found: terminal\ length\ 0 nxos1# terminal length 0

DEBUG:netmiko:nxos1# terminal length 0

DEBUG:netmiko:Exiting disable_paging
DEBUG:netmiko:read_channel: 
DEBUG:netmiko:write_channel: b'\n'
DEBUG:netmiko:read_channel: 
DEBUG:netmiko:read_channel: 
DEBUG:netmiko:write_channel: b'\n'
DEBUG:netmiko:read_channel: nxos1# 
DEBUG:netmiko:read_channel: 
nxos1# 
DEBUG:netmiko:Clear buffer detects data in the channel
DEBUG:netmiko:read_channel: 
nxos1# 
DEBUG:netmiko:Clear buffer detects data in the channel
DEBUG:netmiko:read_channel: 
DEBUG:netmiko:[find_prompt()]: prompt is nxos1#
DEBUG:netmiko:read_channel: 
DEBUG:netmiko:write_channel: b'\n'
DEBUG:netmiko:read_channel: 
DEBUG:netmiko:read_channel: 
DEBUG:netmiko:write_channel: b'\n'
DEBUG:netmiko:read_channel: 
DEBUG:netmiko:write_channel: b'\n'
DEBUG:netmiko:read_channel: 
DEBUG:netmiko:write_channel: b'\n'
DEBUG:netmiko:read_channel: 
nxos1# 
DEBUG:netmiko:read_channel: 
nxos1# 
nxos1# 
nxos1# 
DEBUG:netmiko:Clear buffer detects data in the channel
DEBUG:netmiko:read_channel: 
DEBUG:netmiko:[find_prompt()]: prompt is nxos1#
DEBUG:netmiko:read_channel: 
DEBUG:netmiko:write_channel: b'show lldp neighbors detail\n'
DEBUG:netmiko:Pattern is: show\ lldp\ neighbors\ detail
DEBUG:netmiko:_read_channel_expect read_data: show lldp neighbors detail

DEBUG:netmiko:Pattern found: show\ lldp\ neighbors\ detail show lldp neighbors detail

DEBUG:netmiko:read_channel: 
DEBUG:netmiko:read_channel: Capability codes:
  (R) Router, (B) Bridge, (T) Telephone, (C) DOCSIS Cable Device
  (W) WLAN Access Point, (P) Repeater, (S) Station, (O) Other
Device ID            Local Intf      Hold-time  Capability  Port ID  

Chassis id: 5254.0012.345e
Port id: Ethernet1/1
Local Port id: Eth1/1
Port Description: Ethernet1/1
System Name: nxos2.bogus.com
System Description: Cisco Nexus Operating System (NX-OS) Software 9.2(3)
TAC support: http://www.cisco.com/tac
Copyright (c) 2002-2019, Cisco Systems, Inc. All rights reserved.
Time remaining: 94 seconds
System Capabilities: B, R
Enabled Capabilities: B, R
Management Address: 10.0.2.16
Management Address IPV6: not advertised
Vlan ID: not advertised


Chassis id: 5254.0012.3461
Port id: Ethernet1/4
Local Port id: Eth1/4
Port Description: Ethernet1/4
System Name: nxos2.bogus.com
System Description: Cisco Nexus Operating System (NX-OS) Software 9.2(3)
TAC support: http://www.cisco.com/tac
Copyright (c) 2002-2019, Cisco Systems, Inc. All rights reserved.
Time remaining: 94 seconds
System Capabilities: B, R
Enabled Capabilities: B, R
Management Address: 10.0.2.16
Management Address IPV6: not advertised
Vlan ID: not advertised

Total entries displayed: 2
nxos1# 
DEBUG:genie.conf.base.device:{
  "interfaces": {
    "Ethernet1/1": {
      "port_id": {
        "Ethernet1/1": {
          "neighbors": {
            "nxos2.bogus.com": {
              "chassis_id": "5254.0012.345e",
              "port_description": "Ethernet1/1",
              "system_name": "nxos2.bogus.com",
              "system_description": "Cisco Nexus Operating System (NX-OS) Software 9.2(3)\nTAC support: http://www.cisco.com/tac\nCopyright (c) 2002-2019, Cisco Systems, Inc. All rights reserved.\n",
              "time_remaining": 94,
              "capabilities": {
                "bridge": {
                  "name": "bridge",
                  "system": true,
                  "enabled": true
                },
                "router": {
                  "name": "router",
                  "system": true,
                  "enabled": true
                }
              },
              "management_address_v4": "10.0.2.16",
              "management_address_v6": "not advertised",
              "vlan_id": "not advertised"
            }
          }
        }
      }
    },
    "Ethernet1/4": {
      "port_id": {
        "Ethernet1/4": {
          "neighbors": {
            "nxos2.bogus.com": {
              "chassis_id": "5254.0012.3461",
              "port_description": "Ethernet1/4",
              "system_name": "nxos2.bogus.com",
              "system_description": "Cisco Nexus Operating System (NX-OS) Software 9.2(3)\nTAC support: http://www.cisco.com/tac\nCopyright (c) 2002-2019, Cisco Systems, Inc. All rights reserved.\n",
              "time_remaining": 94,
              "capabilities": {
                "bridge": {
                  "name": "bridge",
                  "system": true,
                  "enabled": true
                },
                "router": {
                  "name": "router",
                  "system": true,
                  "enabled": true
                }
              },
              "management_address_v4": "10.0.2.16",
              "management_address_v6": "not advertised",
              "vlan_id": "not advertised"
            }
          }
        }
      }
    }
  },
  "total_entries": 2
}
DEBUG:netmiko:write_channel: b'\n'
DEBUG:netmiko:read_channel: 
nxos1# 
DEBUG:netmiko:read_channel: 
DEBUG:netmiko:read_channel: 
DEBUG:netmiko:write_channel: b'exit\n'
DEBUG:paramiko.transport:starting thread (client mode): 0x52fb2410
DEBUG:paramiko.transport:Local version/idstring: SSH-2.0-paramiko_2.7.2
DEBUG:paramiko.transport:Remote version/idstring: SSH-2.0-OpenSSH_7.5 PKIX[10.1]
INFO:paramiko.transport:Connected (version 2.0, client OpenSSH_7.5)
DEBUG:paramiko.transport:kex algos:['diffie-hellman-group14-sha1', 'ecdh-sha2-nistp256', 'ecdh-sha2-nistp384', 'ecdh-sha2-nistp521'] server key:['ssh-rsa', 'rsa-sha2-512', 'rsa-sha2-256'] client encrypt:['aes128-ctr', 'aes256-ctr', 'aes256-gcm@openssh.com', 'aes128-gcm@openssh.com'] server encrypt:['aes128-ctr', 'aes256-ctr', 'aes256-gcm@openssh.com', 'aes128-gcm@openssh.com'] client mac:['hmac-sha1', 'hmac-sha2-256', 'hmac-sha2-512'] server mac:['hmac-sha1', 'hmac-sha2-256', 'hmac-sha2-512'] client compress:['none', 'zlib@openssh.com'] server compress:['none', 'zlib@openssh.com'] client lang:[''] server lang:[''] kex follows?False
DEBUG:paramiko.transport:Kex agreed: ecdh-sha2-nistp256
DEBUG:paramiko.transport:HostKey agreed: ssh-rsa
DEBUG:paramiko.transport:Cipher agreed: aes128-ctr
DEBUG:paramiko.transport:MAC agreed: hmac-sha2-256
DEBUG:paramiko.transport:Compression agreed: none
DEBUG:paramiko.transport:kex engine KexNistp256 specified hash_algo <built-in function openssl_sha256>
DEBUG:paramiko.transport:Switch to new keys ...
DEBUG:paramiko.transport:Adding ssh-rsa host key for nxos1.lasthop.io: b'58318fd2f378211ff816a026bfbb687c'
DEBUG:paramiko.transport:userauth is OK
INFO:paramiko.transport:Auth banner: b'User Access Verification\n'
INFO:paramiko.transport:Authentication (password) successful!
DEBUG:paramiko.transport:[chan 0] Max packet in: 32768 bytes
DEBUG:paramiko.transport:Received global request "hostkeys-00@openssh.com"
DEBUG:paramiko.transport:Rejecting "hostkeys-00@openssh.com" global request from server.
DEBUG:paramiko.transport:[chan 0] Max packet out: 32768 bytes
DEBUG:paramiko.transport:Secsh channel 0 opened.
DEBUG:paramiko.transport:[chan 0] Sesch channel 0 request ok
DEBUG:paramiko.transport:[chan 0] Sesch channel 0 request ok
DEBUG:netmiko:read_channel: 


DEBUG:netmiko:read_channel: 
DEBUG:netmiko:read_channel: Cisco NX-OS Software
Copyright (c) 2002-2019, Cisco Systems, Inc. All rights reserved.
Nexus 9000v software ("Nexus 9000v Software") and related documentation,
files or other reference materials ("Documentation") are
the proprietary property and confidential information of Cisco
Systems, Inc. ("Cisco") and are protected, without limitation,
pursuant to United States and International copyright and trademark
laws in the applicable jurisdiction which provide civil and criminal
penalties for copying or distribution without Cisco's authorization.

Any use or disclosure, in whole or in part, of the Nexus 9000v Software
or Documentation to any third party for any purposes is expressly
prohibited except as otherwise authorized by Cisco in writing.
The copyrights to certain works contained herein are owned by other
third parties and are used and distributed under license. Some parts
of this software may be covered under the GNU Public License or the
GNU Lesser General Public License. A copy of each such license is
available at
http://www.gnu.org/licenses/gpl.html and
http://www.gnu.org/licenses/lgpl.html
***************************************************************************
*  Nexus 9000v is strictly limited to use for evaluation, demonstration   *
*  and NX-OS education. Any use or disclosure, in whole or in part of     *
*  the Nexus 9000v Software or Documentation to any third party for any   *
*  purposes is expressly prohibited except as otherwise authorized by     *
*  Cisco in writing.                                                      *
***************************************************************************
nxos1# 
DEBUG:netmiko:read_channel: 
DEBUG:netmiko:read_channel: 
DEBUG:netmiko:write_channel: b'terminal width 511\n'
DEBUG:netmiko:Pattern is: terminal width 511
DEBUG:netmiko:_read_channel_expect read_data: terminal width 511
nxos1# 
DEBUG:netmiko:Pattern found: terminal width 511 terminal width 511
nxos1# 
DEBUG:netmiko:In disable_paging
DEBUG:netmiko:Command: terminal length 0

DEBUG:netmiko:write_channel: b'terminal length 0\n'
DEBUG:netmiko:Pattern is: terminal\ length\ 0
DEBUG:netmiko:_read_channel_expect read_data: terminal length 0

DEBUG:netmiko:Pattern found: terminal\ length\ 0 terminal length 0

DEBUG:netmiko:terminal length 0

DEBUG:netmiko:Exiting disable_paging
DEBUG:netmiko:read_channel: nxos1# 
DEBUG:netmiko:Clear buffer detects data in the channel
DEBUG:netmiko:read_channel: 
DEBUG:netmiko:write_channel: b'\n'
DEBUG:netmiko:read_channel: 
DEBUG:netmiko:read_channel: 
DEBUG:netmiko:write_channel: b'\n'
DEBUG:netmiko:read_channel: 
DEBUG:netmiko:write_channel: b'\n'
DEBUG:netmiko:read_channel: 
DEBUG:netmiko:write_channel: b'\n'
DEBUG:netmiko:read_channel: 
nxos1# 
DEBUG:netmiko:read_channel: 
nxos1# 
nxos1# 
nxos1# 
DEBUG:netmiko:Clear buffer detects data in the channel
DEBUG:netmiko:read_channel: 
DEBUG:netmiko:[find_prompt()]: prompt is nxos1#
DEBUG:netmiko:read_channel: 
DEBUG:netmiko:write_channel: b'\n'
DEBUG:netmiko:read_channel: 
DEBUG:netmiko:read_channel: 
DEBUG:netmiko:write_channel: b'\n'
DEBUG:netmiko:read_channel: 
DEBUG:netmiko:write_channel: b'\n'
DEBUG:netmiko:read_channel: 
nxos1# 
DEBUG:netmiko:read_channel: 
nxos1# 
nxos1# 
DEBUG:netmiko:Clear buffer detects data in the channel
DEBUG:netmiko:read_channel: 
DEBUG:netmiko:[find_prompt()]: prompt is nxos1#
DEBUG:netmiko:read_channel: 
DEBUG:netmiko:write_channel: b'show lldp neighbors detail\n'
DEBUG:netmiko:Pattern is: show\ lldp\ neighbors\ detail
DEBUG:netmiko:_read_channel_expect read_data: show lldp neighbors detail

DEBUG:netmiko:Pattern found: show\ lldp\ neighbors\ detail show lldp neighbors detail

DEBUG:netmiko:read_channel: Capability codes:
  (R) Router, (B) Bridge, (T) Telephone, (C) DOCSIS Cable Device
  (W) WLAN Access Point, (P) Repeater, (S) Station, (O) Other
Device ID            Local Intf      Hold-time  Capability  Port ID  

Chassis id: 5254.0012.345e
Port id: Ethernet1/1
Local Port id: Eth1/1
Port Description: Ethernet1/1
System Name: nxos2.bogus.com
System Description: Cisco Nexus Operating System (NX-OS) Software 9.2(3)
TAC support: http://www.cisco.com/tac
Copyright (c) 2002-2019, Cisco Systems, Inc. All rights reserved.
Time remaining: 90 seconds
System Capabilities: B, R
Enabled Capabilities: B, R
Management Address: 10.0.2.16
Management Address IPV6: not advertised
Vlan ID: not advertised


Chassis id: 5254.0012.3461
Port id: Ethernet1/4
Local Port id: Eth1/4
Port Description: Ethernet1/4
System Name: nxos2.bogus.com
System Description: Cisco Nexus Operating System (NX-OS) Software 9.2(3)
TAC support: http://www.cisco.com/tac
Copyright (c) 2002-2019, Cisco Systems, Inc. All rights reserved.
Time remaining: 90 seconds
System Capabilities: B, R
Enabled Capabilities: B, R
Management Address: 10.0.2.16
Management Address IPV6: not advertised
Vlan ID: not advertised

Total entries displayed: 2
nxos1# 
DEBUG:genie.conf.base.device:{
  "interfaces": {
    "Ethernet1/1": {
      "port_id": {
        "Ethernet1/1": {
          "neighbors": {
            "nxos2.bogus.com": {
              "chassis_id": "5254.0012.345e",
              "port_description": "Ethernet1/1",
              "system_name": "nxos2.bogus.com",
              "system_description": "Cisco Nexus Operating System (NX-OS) Software 9.2(3)\nTAC support: http://www.cisco.com/tac\nCopyright (c) 2002-2019, Cisco Systems, Inc. All rights reserved.\n",
              "time_remaining": 90,
              "capabilities": {
                "bridge": {
                  "name": "bridge",
                  "system": true,
                  "enabled": true
                },
                "router": {
                  "name": "router",
                  "system": true,
                  "enabled": true
                }
              },
              "management_address_v4": "10.0.2.16",
              "management_address_v6": "not advertised",
              "vlan_id": "not advertised"
            }
          }
        }
      }
    },
    "Ethernet1/4": {
      "port_id": {
        "Ethernet1/4": {
          "neighbors": {
            "nxos2.bogus.com": {
              "chassis_id": "5254.0012.3461",
              "port_description": "Ethernet1/4",
              "system_name": "nxos2.bogus.com",
              "system_description": "Cisco Nexus Operating System (NX-OS) Software 9.2(3)\nTAC support: http://www.cisco.com/tac\nCopyright (c) 2002-2019, Cisco Systems, Inc. All rights reserved.\n",
              "time_remaining": 90,
              "capabilities": {
                "bridge": {
                  "name": "bridge",
                  "system": true,
                  "enabled": true
                },
                "router": {
                  "name": "router",
                  "system": true,
                  "enabled": true
                }
              },
              "management_address_v4": "10.0.2.16",
              "management_address_v6": "not advertised",
              "vlan_id": "not advertised"
            }
          }
        }
      }
    }
  },
  "total_entries": 2
}
DEBUG:netmiko:write_channel: b'\n'
DEBUG:netmiko:read_channel: 
nxos1# 
DEBUG:netmiko:read_channel: 
DEBUG:netmiko:read_channel: 
DEBUG:netmiko:write_channel: b'exit\n'
DEBUG:paramiko.transport:starting thread (client mode): 0x368925d0
DEBUG:paramiko.transport:Local version/idstring: SSH-2.0-paramiko_2.7.2
DEBUG:paramiko.transport:Remote version/idstring: SSH-2.0-OpenSSH_6.6.1
INFO:paramiko.transport:Connected (version 2.0, client OpenSSH_6.6.1)
DEBUG:paramiko.transport:kex algos:['curve25519-sha256@libssh.org', 'ecdh-sha2-nistp521', 'ecdh-sha2-nistp256', 'ecdh-sha2-nistp384', 'diffie-hellman-group14-sha1'] server key:['ssh-rsa', 'ecdsa-sha2-nistp521', 'ssh-ed25519'] client encrypt:['aes256-gcm@openssh.com', 'aes128-gcm@openssh.com', 'aes256-ctr', 'aes192-ctr', 'aes128-ctr'] server encrypt:['aes256-gcm@openssh.com', 'aes128-gcm@openssh.com', 'aes256-ctr', 'aes192-ctr', 'aes128-ctr'] client mac:['hmac-sha2-512-etm@openssh.com', 'hmac-sha2-256-etm@openssh.com', 'hmac-sha1-etm@openssh.com', 'hmac-sha2-512', 'hmac-sha2-256', 'hmac-sha1'] server mac:['hmac-sha2-512-etm@openssh.com', 'hmac-sha2-256-etm@openssh.com', 'hmac-sha1-etm@openssh.com', 'hmac-sha2-512', 'hmac-sha2-256', 'hmac-sha1'] client compress:['none', 'zlib@openssh.com'] server compress:['none', 'zlib@openssh.com'] client lang:[''] server lang:[''] kex follows?False
DEBUG:paramiko.transport:Kex agreed: curve25519-sha256@libssh.org
DEBUG:paramiko.transport:HostKey agreed: ssh-ed25519
DEBUG:paramiko.transport:Cipher agreed: aes128-ctr
DEBUG:paramiko.transport:MAC agreed: hmac-sha2-256
DEBUG:paramiko.transport:Compression agreed: none
DEBUG:paramiko.transport:kex engine KexCurve25519 specified hash_algo <built-in function openssl_sha256>
DEBUG:paramiko.transport:Switch to new keys ...
DEBUG:paramiko.transport:Adding ssh-ed25519 host key for arista1.lasthop.io: b'de8f7477a4a749270b1e79444d5051b9'
DEBUG:paramiko.transport:userauth is OK
DEBUG:paramiko.transport:Authentication type (password) not permitted.
DEBUG:paramiko.transport:Allowed methods: ['publickey', 'keyboard-interactive']
DEBUG:paramiko.transport:userauth is OK
INFO:paramiko.transport:Authentication (keyboard-interactive) successful!
DEBUG:paramiko.transport:[chan 0] Max packet in: 32768 bytes
DEBUG:paramiko.transport:[chan 0] Max packet out: 32768 bytes
DEBUG:paramiko.transport:Secsh channel 0 opened.
DEBUG:paramiko.transport:[chan 0] Sesch channel 0 request ok
DEBUG:paramiko.transport:[chan 0] Sesch channel 0 request ok
DEBUG:netmiko:write_channel: b'terminal width 511\n'
DEBUG:netmiko:Pattern is: Width set to
DEBUG:netmiko:_read_channel_expect read_data: Last login: Thu Jun 24 00:52:36 2021 from 18.144.100.179

DEBUG:netmiko:_read_channel_expect read_data: terminal width 511

DEBUG:netmiko:_read_channel_expect read_data: terminal width 511

DEBUG:netmiko:_read_channel_expect read_data: arista1#t
DEBUG:netmiko:_read_channel_expect read_data: erminal width 511

DEBUG:netmiko:_read_channel_expect read_data: Width set to 511 columns.

DEBUG:netmiko:Pattern found: Width set to Last login: Thu Jun 24 00:52:36 2021 from 18.144.100.179
terminal width 511
terminal width 511
arista1#terminal width 511
Width set to 511 columns.

DEBUG:netmiko:In disable_paging
DEBUG:netmiko:Command: terminal length 0

DEBUG:netmiko:write_channel: b'terminal length 0\n'
DEBUG:netmiko:Pattern is: Pagination disabled
DEBUG:netmiko:_read_channel_expect read_data: arista1#
DEBUG:netmiko:_read_channel_expect read_data: t
DEBUG:netmiko:_read_channel_expect read_data: e
DEBUG:netmiko:_read_channel_expect read_data: r
DEBUG:netmiko:_read_channel_expect read_data: m
DEBUG:netmiko:_read_channel_expect read_data: i
DEBUG:netmiko:_read_channel_expect read_data: n
DEBUG:netmiko:_read_channel_expect read_data: a
DEBUG:netmiko:_read_channel_expect read_data: l
DEBUG:netmiko:_read_channel_expect read_data:  
DEBUG:netmiko:_read_channel_expect read_data: l
DEBUG:netmiko:_read_channel_expect read_data: ength 0
Pagination disabled.
arista1#
DEBUG:netmiko:Pattern found: Pagination disabled arista1#terminal length 0
Pagination disabled.
arista1#
DEBUG:netmiko:arista1#terminal length 0
Pagination disabled.
arista1#
DEBUG:netmiko:Exiting disable_paging
DEBUG:netmiko:read_channel: 
DEBUG:netmiko:write_channel: b'\n'
DEBUG:netmiko:read_channel: 
DEBUG:netmiko:read_channel: 
DEBUG:netmiko:write_channel: b'\n'
DEBUG:netmiko:read_channel: 
DEBUG:netmiko:write_channel: b'\n'
DEBUG:netmiko:read_channel: 
DEBUG:netmiko:write_channel: b'\n'
DEBUG:netmiko:read_channel: 
DEBUG:netmiko:write_channel: b'\n'
DEBUG:netmiko:read_channel: 
DEBUG:netmiko:write_channel: b'\n'
DEBUG:netmiko:read_channel: 
arista1#
arista1#
arista1#
arista1#
arista1#
arista1#
DEBUG:netmiko:read_channel: 
DEBUG:netmiko:[find_prompt()]: prompt is arista1#
DEBUG:netmiko:read_channel: 
DEBUG:netmiko:write_channel: b'\n'
DEBUG:netmiko:read_channel: 
DEBUG:netmiko:read_channel: 
DEBUG:netmiko:write_channel: b'\n'
DEBUG:netmiko:read_channel: 
DEBUG:netmiko:write_channel: b'\n'
DEBUG:netmiko:read_channel: 
DEBUG:netmiko:write_channel: b'\n'
DEBUG:netmiko:read_channel: 
arista1#
DEBUG:netmiko:read_channel: 
arista1#
DEBUG:netmiko:Clear buffer detects data in the channel
DEBUG:netmiko:read_channel: 
arista1#
DEBUG:netmiko:Clear buffer detects data in the channel
DEBUG:netmiko:read_channel: 
arista1#
DEBUG:netmiko:Clear buffer detects data in the channel
DEBUG:netmiko:read_channel: 
DEBUG:netmiko:[find_prompt()]: prompt is arista1#
DEBUG:netmiko:read_channel: 
DEBUG:netmiko:write_channel: b'show vlan\n'
DEBUG:netmiko:Pattern is: show\ vlan
DEBUG:netmiko:_read_channel_expect read_data: s
DEBUG:netmiko:_read_channel_expect read_data: h
DEBUG:netmiko:_read_channel_expect read_data: o
DEBUG:netmiko:_read_channel_expect read_data: w
DEBUG:netmiko:_read_channel_expect read_data:  
DEBUG:netmiko:_read_channel_expect read_data: v
DEBUG:netmiko:_read_channel_expect read_data: l
DEBUG:netmiko:_read_channel_expect read_data: a
DEBUG:netmiko:_read_channel_expect read_data: n
DEBUG:netmiko:Pattern found: show\ vlan show vlan
DEBUG:netmiko:read_channel: 

DEBUG:netmiko:read_channel: VLAN  Name                             Status    Ports

DEBUG:netmiko:read_channel: ----- -------------------------------- --------- -------------------------------

DEBUG:netmiko:read_channel: 
DEBUG:netmiko:read_channel: 
DEBUG:netmiko:read_channel: 
DEBUG:netmiko:read_channel: 
DEBUG:netmiko:read_channel: 
DEBUG:netmiko:read_channel: 
DEBUG:netmiko:read_channel: 
DEBUG:netmiko:read_channel: 
DEBUG:netmiko:read_channel: 
DEBUG:netmiko:read_channel: 1     default                          active    Cpu, Et1
2     VLAN0002                         active    Et2
3     VLAN0003                         active    Et3
4     VLAN0004                         active    Et4
5     VLAN0005                         active    Et5
6     VLAN0006                         active    Et6
7     VLAN0007                         active    Et7

arista1#
DEBUG:netmiko:write_channel: b'\n'
DEBUG:netmiko:Pattern is: arista1
DEBUG:netmiko:_read_channel_expect read_data: 

DEBUG:netmiko:_read_channel_expect read_data: arista1#
DEBUG:netmiko:Pattern found: arista1 
arista1#
DEBUG:netmiko:write_channel: b'exit\n'
DEBUG:paramiko.transport:starting thread (client mode): 0x5ca0b590
DEBUG:paramiko.transport:Local version/idstring: SSH-2.0-paramiko_2.7.2
DEBUG:paramiko.transport:Remote version/idstring: SSH-2.0-OpenSSH_6.6.1
INFO:paramiko.transport:Connected (version 2.0, client OpenSSH_6.6.1)
DEBUG:paramiko.transport:kex algos:['curve25519-sha256@libssh.org', 'ecdh-sha2-nistp521', 'ecdh-sha2-nistp256', 'ecdh-sha2-nistp384', 'diffie-hellman-group14-sha1'] server key:['ssh-rsa', 'ecdsa-sha2-nistp521', 'ssh-ed25519'] client encrypt:['aes256-gcm@openssh.com', 'aes128-gcm@openssh.com', 'aes256-ctr', 'aes192-ctr', 'aes128-ctr'] server encrypt:['aes256-gcm@openssh.com', 'aes128-gcm@openssh.com', 'aes256-ctr', 'aes192-ctr', 'aes128-ctr'] client mac:['hmac-sha2-512-etm@openssh.com', 'hmac-sha2-256-etm@openssh.com', 'hmac-sha1-etm@openssh.com', 'hmac-sha2-512', 'hmac-sha2-256', 'hmac-sha1'] server mac:['hmac-sha2-512-etm@openssh.com', 'hmac-sha2-256-etm@openssh.com', 'hmac-sha1-etm@openssh.com', 'hmac-sha2-512', 'hmac-sha2-256', 'hmac-sha1'] client compress:['none', 'zlib@openssh.com'] server compress:['none', 'zlib@openssh.com'] client lang:[''] server lang:[''] kex follows?False
DEBUG:paramiko.transport:Kex agreed: curve25519-sha256@libssh.org
DEBUG:paramiko.transport:HostKey agreed: ssh-ed25519
DEBUG:paramiko.transport:Cipher agreed: aes128-ctr
DEBUG:paramiko.transport:MAC agreed: hmac-sha2-256
DEBUG:paramiko.transport:Compression agreed: none
DEBUG:paramiko.transport:kex engine KexCurve25519 specified hash_algo <built-in function openssl_sha256>
DEBUG:paramiko.transport:Switch to new keys ...
DEBUG:paramiko.transport:Adding ssh-ed25519 host key for arista1.lasthop.io: b'de8f7477a4a749270b1e79444d5051b9'
DEBUG:paramiko.transport:userauth is OK
DEBUG:paramiko.transport:Authentication type (password) not permitted.
DEBUG:paramiko.transport:Allowed methods: ['publickey', 'keyboard-interactive']
DEBUG:paramiko.transport:userauth is OK
INFO:paramiko.transport:Authentication (keyboard-interactive) successful!
DEBUG:paramiko.transport:[chan 0] Max packet in: 32768 bytes
DEBUG:paramiko.transport:[chan 0] Max packet out: 32768 bytes
DEBUG:paramiko.transport:Secsh channel 0 opened.
DEBUG:paramiko.transport:[chan 0] Sesch channel 0 request ok
DEBUG:paramiko.transport:[chan 0] Sesch channel 0 request ok
DEBUG:netmiko:write_channel: b'terminal width 511\n'
DEBUG:netmiko:Pattern is: Width set to
DEBUG:netmiko:_read_channel_expect read_data: Last login: Thu Jun 24 01:37:03 2021 from 18.144.100.179

DEBUG:netmiko:_read_channel_expect read_data: terminal width 511

DEBUG:netmiko:_read_channel_expect read_data: terminal width 511

DEBUG:netmiko:_read_channel_expect read_data: arista1#
DEBUG:netmiko:_read_channel_expect read_data: te
DEBUG:netmiko:_read_channel_expect read_data: rmi
DEBUG:netmiko:_read_channel_expect read_data: n
DEBUG:netmiko:_read_channel_expect read_data: al width
DEBUG:netmiko:_read_channel_expect read_data:  511

DEBUG:netmiko:_read_channel_expect read_data: Width set to 511 columns.

DEBUG:netmiko:Pattern found: Width set to Last login: Thu Jun 24 01:37:03 2021 from 18.144.100.179
terminal width 511
terminal width 511
arista1#terminal width 511
Width set to 511 columns.

DEBUG:netmiko:In disable_paging
DEBUG:netmiko:Command: terminal length 0

DEBUG:netmiko:write_channel: b'terminal length 0\n'
DEBUG:netmiko:Pattern is: Pagination disabled
DEBUG:netmiko:_read_channel_expect read_data: arista1#
DEBUG:netmiko:_read_channel_expect read_data: t
DEBUG:netmiko:_read_channel_expect read_data: e
DEBUG:netmiko:_read_channel_expect read_data: r
DEBUG:netmiko:_read_channel_expect read_data: m
DEBUG:netmiko:_read_channel_expect read_data: i
DEBUG:netmiko:_read_channel_expect read_data: n
DEBUG:netmiko:_read_channel_expect read_data: a
DEBUG:netmiko:_read_channel_expect read_data: l
DEBUG:netmiko:_read_channel_expect read_data:  
DEBUG:netmiko:_read_channel_expect read_data: l
DEBUG:netmiko:_read_channel_expect read_data: e
DEBUG:netmiko:_read_channel_expect read_data: n
DEBUG:netmiko:_read_channel_expect read_data: g
DEBUG:netmiko:_read_channel_expect read_data: t
DEBUG:netmiko:_read_channel_expect read_data: h 0
Pagination disabled.
arista1#
DEBUG:netmiko:Pattern found: Pagination disabled arista1#terminal length 0
Pagination disabled.
arista1#
DEBUG:netmiko:arista1#terminal length 0
Pagination disabled.
arista1#
DEBUG:netmiko:Exiting disable_paging
DEBUG:netmiko:read_channel: 
DEBUG:netmiko:write_channel: b'\n'
DEBUG:netmiko:read_channel: 
DEBUG:netmiko:read_channel: 
DEBUG:netmiko:write_channel: b'\n'
DEBUG:netmiko:read_channel: 
DEBUG:netmiko:write_channel: b'\n'
DEBUG:netmiko:read_channel: 
DEBUG:netmiko:write_channel: b'\n'
DEBUG:netmiko:read_channel: 
DEBUG:netmiko:write_channel: b'\n'
DEBUG:netmiko:read_channel: 
DEBUG:netmiko:write_channel: b'\n'
DEBUG:netmiko:read_channel: 
arista1#
arista1#
arista1#
arista1#
arista1#
DEBUG:netmiko:read_channel: 
arista1#
DEBUG:netmiko:Clear buffer detects data in the channel
DEBUG:netmiko:read_channel: 
DEBUG:netmiko:[find_prompt()]: prompt is arista1#
DEBUG:netmiko:read_channel: 
DEBUG:netmiko:write_channel: b'\n'
DEBUG:netmiko:read_channel: 
DEBUG:netmiko:read_channel: 
DEBUG:netmiko:write_channel: b'\n'
DEBUG:netmiko:read_channel: 
DEBUG:netmiko:write_channel: b'\n'
DEBUG:netmiko:read_channel: 
DEBUG:netmiko:write_channel: b'\n'
DEBUG:netmiko:read_channel: 
arista1#
DEBUG:netmiko:read_channel: 
arista1#
DEBUG:netmiko:Clear buffer detects data in the channel
DEBUG:netmiko:read_channel: 
arista1#
DEBUG:netmiko:Clear buffer detects data in the channel
DEBUG:netmiko:read_channel: 
arista1#
DEBUG:netmiko:Clear buffer detects data in the channel
DEBUG:netmiko:read_channel: 
DEBUG:netmiko:[find_prompt()]: prompt is arista1#
DEBUG:netmiko:read_channel: 
DEBUG:netmiko:write_channel: b'show vlan\n'
DEBUG:netmiko:Pattern is: show\ vlan
DEBUG:netmiko:_read_channel_expect read_data: s
DEBUG:netmiko:_read_channel_expect read_data: h
DEBUG:netmiko:_read_channel_expect read_data: o
DEBUG:netmiko:_read_channel_expect read_data: w
DEBUG:netmiko:_read_channel_expect read_data:  
DEBUG:netmiko:_read_channel_expect read_data: v
DEBUG:netmiko:_read_channel_expect read_data: l
DEBUG:netmiko:_read_channel_expect read_data: a
DEBUG:netmiko:_read_channel_expect read_data: n
DEBUG:netmiko:Pattern found: show\ vlan show vlan
DEBUG:netmiko:read_channel: 

DEBUG:netmiko:read_channel: VLAN  Name                             Status    Ports

DEBUG:netmiko:read_channel: ----- -------------------------------- --------- -------------------------------

DEBUG:netmiko:read_channel: 1     default                          active    Cpu, Et1

DEBUG:netmiko:read_channel: 2     VLAN0002                         active    Et2
DEBUG:netmiko:read_channel: 
3     VLAN0003                         active    Et3
DEBUG:netmiko:read_channel: 
4     VLAN0004                         active    Et4
DEBUG:netmiko:read_channel: 
5     VLAN0005                         active    Et5
DEBUG:netmiko:read_channel: 
6     VLAN0006                         active    Et6
DEBUG:netmiko:read_channel: 

DEBUG:netmiko:read_channel: 
DEBUG:netmiko:read_channel: 
DEBUG:netmiko:read_channel: 
DEBUG:netmiko:read_channel: 
DEBUG:netmiko:read_channel: 
DEBUG:netmiko:read_channel: 
DEBUG:netmiko:read_channel: 
DEBUG:netmiko:read_channel: 
DEBUG:netmiko:read_channel: 
DEBUG:netmiko:read_channel: 
DEBUG:netmiko:read_channel: 
DEBUG:netmiko:read_channel: 
DEBUG:netmiko:read_channel: 
DEBUG:netmiko:read_channel: 
DEBUG:netmiko:read_channel: 
DEBUG:netmiko:read_channel: 
DEBUG:netmiko:read_channel: 
DEBUG:netmiko:read_channel: 7     VLAN0007                         active    Et7

arista1#
DEBUG:netmiko:write_channel: b'\n'
DEBUG:netmiko:Pattern is: arista1
DEBUG:netmiko:_read_channel_expect read_data: 

DEBUG:netmiko:_read_channel_expect read_data: arista1#
DEBUG:netmiko:Pattern found: arista1 
arista1#
DEBUG:netmiko:write_channel: b'exit\n'
DEBUG:paramiko.transport:starting thread (client mode): 0xabd1c610
DEBUG:paramiko.transport:Local version/idstring: SSH-2.0-paramiko_2.7.2
DEBUG:paramiko.transport:Remote version/idstring: SSH-2.0-OpenSSH_6.6.1
INFO:paramiko.transport:Connected (version 2.0, client OpenSSH_6.6.1)
DEBUG:paramiko.transport:kex algos:['curve25519-sha256@libssh.org', 'ecdh-sha2-nistp521', 'ecdh-sha2-nistp256', 'ecdh-sha2-nistp384', 'diffie-hellman-group14-sha1'] server key:['ssh-rsa', 'ecdsa-sha2-nistp521', 'ssh-ed25519'] client encrypt:['aes256-gcm@openssh.com', 'aes128-gcm@openssh.com', 'aes256-ctr', 'aes192-ctr', 'aes128-ctr'] server encrypt:['aes256-gcm@openssh.com', 'aes128-gcm@openssh.com', 'aes256-ctr', 'aes192-ctr', 'aes128-ctr'] client mac:['hmac-sha2-512-etm@openssh.com', 'hmac-sha2-256-etm@openssh.com', 'hmac-sha1-etm@openssh.com', 'hmac-sha2-512', 'hmac-sha2-256', 'hmac-sha1'] server mac:['hmac-sha2-512-etm@openssh.com', 'hmac-sha2-256-etm@openssh.com', 'hmac-sha1-etm@openssh.com', 'hmac-sha2-512', 'hmac-sha2-256', 'hmac-sha1'] client compress:['none', 'zlib@openssh.com'] server compress:['none', 'zlib@openssh.com'] client lang:[''] server lang:[''] kex follows?False
DEBUG:paramiko.transport:Kex agreed: curve25519-sha256@libssh.org
DEBUG:paramiko.transport:HostKey agreed: ssh-ed25519
DEBUG:paramiko.transport:Cipher agreed: aes128-ctr
DEBUG:paramiko.transport:MAC agreed: hmac-sha2-256
DEBUG:paramiko.transport:Compression agreed: none
DEBUG:paramiko.transport:kex engine KexCurve25519 specified hash_algo <built-in function openssl_sha256>
DEBUG:paramiko.transport:Switch to new keys ...
DEBUG:paramiko.transport:Adding ssh-ed25519 host key for arista1.lasthop.io: b'de8f7477a4a749270b1e79444d5051b9'
DEBUG:paramiko.transport:userauth is OK
DEBUG:paramiko.transport:Authentication type (password) not permitted.
DEBUG:paramiko.transport:Allowed methods: ['publickey', 'keyboard-interactive']
DEBUG:paramiko.transport:userauth is OK
INFO:paramiko.transport:Authentication (keyboard-interactive) successful!
DEBUG:paramiko.transport:[chan 0] Max packet in: 32768 bytes
DEBUG:paramiko.transport:[chan 0] Max packet out: 32768 bytes
DEBUG:paramiko.transport:Secsh channel 0 opened.
DEBUG:paramiko.transport:[chan 0] Sesch channel 0 request ok
DEBUG:paramiko.transport:[chan 0] Sesch channel 0 request ok
DEBUG:netmiko:write_channel: b'terminal width 511\n'
DEBUG:netmiko:Pattern is: Width set to
DEBUG:netmiko:_read_channel_expect read_data: Last login: Thu Jun 24 01:39:18 2021 from 18.144.100.179
DEBUG:netmiko:_read_channel_expect read_data: 

DEBUG:netmiko:_read_channel_expect read_data: terminal width 511

DEBUG:netmiko:_read_channel_expect read_data: terminal width 511

DEBUG:netmiko:_read_channel_expect read_data: arista1#
DEBUG:netmiko:_read_channel_expect read_data: t
DEBUG:netmiko:_read_channel_expect read_data: e
DEBUG:netmiko:_read_channel_expect read_data: r
DEBUG:netmiko:_read_channel_expect read_data: m
DEBUG:netmiko:_read_channel_expect read_data: i
DEBUG:netmiko:_read_channel_expect read_data: n
DEBUG:netmiko:_read_channel_expect read_data: a
DEBUG:netmiko:_read_channel_expect read_data: l
DEBUG:netmiko:_read_channel_expect read_data:  
DEBUG:netmiko:_read_channel_expect read_data: width 511
Width set to 511 columns.
arista1#
DEBUG:netmiko:Pattern found: Width set to Last login: Thu Jun 24 01:39:18 2021 from 18.144.100.179
terminal width 511
terminal width 511
arista1#terminal width 511
Width set to 511 columns.
arista1#
DEBUG:netmiko:In disable_paging
DEBUG:netmiko:Command: terminal length 0

DEBUG:netmiko:write_channel: b'terminal length 0\n'
DEBUG:netmiko:Pattern is: Pagination disabled
DEBUG:netmiko:_read_channel_expect read_data: terminal length 0

DEBUG:netmiko:_read_channel_expect read_data: Pagination disabled.
DEBUG:netmiko:Pattern found: Pagination disabled terminal length 0
Pagination disabled.
DEBUG:netmiko:terminal length 0
Pagination disabled.
DEBUG:netmiko:Exiting disable_paging
DEBUG:netmiko:read_channel: 

DEBUG:netmiko:Clear buffer detects data in the channel
DEBUG:netmiko:read_channel: arista1#
DEBUG:netmiko:Clear buffer detects data in the channel
DEBUG:netmiko:read_channel: 
DEBUG:netmiko:write_channel: b'\n'
DEBUG:netmiko:read_channel: 
DEBUG:netmiko:read_channel: 
DEBUG:netmiko:write_channel: b'\n'
DEBUG:netmiko:read_channel: 
DEBUG:netmiko:write_channel: b'\n'
DEBUG:netmiko:read_channel: 
arista1#
DEBUG:netmiko:read_channel: 
DEBUG:netmiko:[find_prompt()]: prompt is arista1#
DEBUG:netmiko:read_channel: 

DEBUG:netmiko:Clear buffer detects data in the channel
DEBUG:netmiko:read_channel: arista1#

DEBUG:netmiko:Clear buffer detects data in the channel
DEBUG:netmiko:read_channel: arista1#
DEBUG:netmiko:Clear buffer detects data in the channel
DEBUG:netmiko:read_channel: 
DEBUG:netmiko:write_channel: b'\n'
DEBUG:netmiko:read_channel: 
DEBUG:netmiko:read_channel: 
DEBUG:netmiko:write_channel: b'\n'
DEBUG:netmiko:read_channel: 
DEBUG:netmiko:write_channel: b'\n'
DEBUG:netmiko:read_channel: 
arista1#
DEBUG:netmiko:read_channel: 
DEBUG:netmiko:[find_prompt()]: prompt is arista1#
DEBUG:netmiko:read_channel: 
DEBUG:netmiko:write_channel: b'show vlan\n'
DEBUG:netmiko:Pattern is: show\ vlan
DEBUG:netmiko:_read_channel_expect read_data: 

DEBUG:netmiko:_read_channel_expect read_data: arista1#
DEBUG:netmiko:_read_channel_expect read_data: 

DEBUG:netmiko:_read_channel_expect read_data: arista1#
DEBUG:netmiko:_read_channel_expect read_data: s
DEBUG:netmiko:_read_channel_expect read_data: h
DEBUG:netmiko:_read_channel_expect read_data: o
DEBUG:netmiko:_read_channel_expect read_data: w
DEBUG:netmiko:_read_channel_expect read_data:  
DEBUG:netmiko:_read_channel_expect read_data: v
DEBUG:netmiko:_read_channel_expect read_data: l
DEBUG:netmiko:_read_channel_expect read_data: a
DEBUG:netmiko:_read_channel_expect read_data: n
DEBUG:netmiko:Pattern found: show\ vlan 
arista1#
arista1#show vlan
DEBUG:netmiko:read_channel: 

DEBUG:netmiko:read_channel: VLAN  Name                             Status    Ports
DEBUG:netmiko:read_channel: 
----- -------------------------------- --------- -------------------------------
1     default                          active    Cpu, Et1
2     VLAN0002                         active    Et2
3     VLAN0003                         active    Et3
4     VLAN0004                         active    Et4
5     VLAN0005                         active    Et5
6     VLAN0006                         active    Et6

DEBUG:netmiko:read_channel: 
DEBUG:netmiko:read_channel: 7     VLAN0007                         active    Et7

arista1#
DEBUG:netmiko:write_channel: b'\n'
DEBUG:netmiko:Pattern is: arista1
DEBUG:netmiko:_read_channel_expect read_data: 

DEBUG:netmiko:_read_channel_expect read_data: arista1#
DEBUG:netmiko:Pattern found: arista1 
arista1#
DEBUG:netmiko:write_channel: b'exit\n'
DEBUG:paramiko.transport:starting thread (client mode): 0x3e957610
DEBUG:paramiko.transport:Local version/idstring: SSH-2.0-paramiko_2.7.2
DEBUG:paramiko.transport:Remote version/idstring: SSH-2.0-OpenSSH_6.6.1
INFO:paramiko.transport:Connected (version 2.0, client OpenSSH_6.6.1)
DEBUG:paramiko.transport:kex algos:['curve25519-sha256@libssh.org', 'ecdh-sha2-nistp521', 'ecdh-sha2-nistp256', 'ecdh-sha2-nistp384', 'diffie-hellman-group14-sha1'] server key:['ssh-rsa', 'ecdsa-sha2-nistp521', 'ssh-ed25519'] client encrypt:['aes256-gcm@openssh.com', 'aes128-gcm@openssh.com', 'aes256-ctr', 'aes192-ctr', 'aes128-ctr'] server encrypt:['aes256-gcm@openssh.com', 'aes128-gcm@openssh.com', 'aes256-ctr', 'aes192-ctr', 'aes128-ctr'] client mac:['hmac-sha2-512-etm@openssh.com', 'hmac-sha2-256-etm@openssh.com', 'hmac-sha1-etm@openssh.com', 'hmac-sha2-512', 'hmac-sha2-256', 'hmac-sha1'] server mac:['hmac-sha2-512-etm@openssh.com', 'hmac-sha2-256-etm@openssh.com', 'hmac-sha1-etm@openssh.com', 'hmac-sha2-512', 'hmac-sha2-256', 'hmac-sha1'] client compress:['none', 'zlib@openssh.com'] server compress:['none', 'zlib@openssh.com'] client lang:[''] server lang:[''] kex follows?False
DEBUG:paramiko.transport:Kex agreed: curve25519-sha256@libssh.org
DEBUG:paramiko.transport:HostKey agreed: ssh-ed25519
DEBUG:paramiko.transport:Cipher agreed: aes128-ctr
DEBUG:paramiko.transport:MAC agreed: hmac-sha2-256
DEBUG:paramiko.transport:Compression agreed: none
DEBUG:paramiko.transport:kex engine KexCurve25519 specified hash_algo <built-in function openssl_sha256>
DEBUG:paramiko.transport:Switch to new keys ...
DEBUG:paramiko.transport:Adding ssh-ed25519 host key for arista1.lasthop.io: b'de8f7477a4a749270b1e79444d5051b9'
DEBUG:paramiko.transport:userauth is OK
DEBUG:paramiko.transport:Authentication type (password) not permitted.
DEBUG:paramiko.transport:Allowed methods: ['publickey', 'keyboard-interactive']
DEBUG:paramiko.transport:userauth is OK
INFO:paramiko.transport:Authentication (keyboard-interactive) successful!
DEBUG:paramiko.transport:[chan 0] Max packet in: 32768 bytes
DEBUG:paramiko.transport:[chan 0] Max packet out: 32768 bytes
DEBUG:paramiko.transport:Secsh channel 0 opened.
DEBUG:paramiko.transport:[chan 0] Sesch channel 0 request ok
DEBUG:paramiko.transport:[chan 0] Sesch channel 0 request ok
DEBUG:netmiko:write_channel: b'terminal width 511\n'
DEBUG:netmiko:Pattern is: Width set to
DEBUG:netmiko:_read_channel_expect read_data: Last login: Thu Jun 24 01:40:03 2021 from 18.144.100.179

DEBUG:netmiko:_read_channel_expect read_data: terminal width 511

DEBUG:netmiko:_read_channel_expect read_data: terminal width 511

DEBUG:netmiko:_read_channel_expect read_data: arista1#
DEBUG:netmiko:_read_channel_expect read_data: t
DEBUG:netmiko:_read_channel_expect read_data: er
DEBUG:netmiko:_read_channel_expect read_data: m
DEBUG:netmiko:_read_channel_expect read_data: i
DEBUG:netmiko:_read_channel_expect read_data: n
DEBUG:netmiko:_read_channel_expect read_data: a
DEBUG:netmiko:_read_channel_expect read_data: l
DEBUG:netmiko:_read_channel_expect read_data:  
DEBUG:netmiko:_read_channel_expect read_data: w
DEBUG:netmiko:_read_channel_expect read_data: idth 511
Width set to 511 columns.
arista1#
DEBUG:netmiko:Pattern found: Width set to Last login: Thu Jun 24 01:40:03 2021 from 18.144.100.179
terminal width 511
terminal width 511
arista1#terminal width 511
Width set to 511 columns.
arista1#
DEBUG:netmiko:In disable_paging
DEBUG:netmiko:Command: terminal length 0

DEBUG:netmiko:write_channel: b'terminal length 0\n'
DEBUG:netmiko:Pattern is: Pagination disabled
DEBUG:netmiko:_read_channel_expect read_data: t
DEBUG:netmiko:_read_channel_expect read_data: e
DEBUG:netmiko:_read_channel_expect read_data: r
DEBUG:netmiko:_read_channel_expect read_data: m
DEBUG:netmiko:_read_channel_expect read_data: i
DEBUG:netmiko:_read_channel_expect read_data: n
DEBUG:netmiko:_read_channel_expect read_data: a
DEBUG:netmiko:_read_channel_expect read_data: l
DEBUG:netmiko:_read_channel_expect read_data:  
DEBUG:netmiko:_read_channel_expect read_data: l
DEBUG:netmiko:_read_channel_expect read_data: e
DEBUG:netmiko:_read_channel_expect read_data: n
DEBUG:netmiko:_read_channel_expect read_data: g
DEBUG:netmiko:_read_channel_expect read_data: t
DEBUG:netmiko:_read_channel_expect read_data: h
DEBUG:netmiko:_read_channel_expect read_data:  0
Pagination disabled.
arista1#
DEBUG:netmiko:Pattern found: Pagination disabled terminal length 0
Pagination disabled.
arista1#
DEBUG:netmiko:terminal length 0
Pagination disabled.
arista1#
DEBUG:netmiko:Exiting disable_paging
DEBUG:netmiko:read_channel: 
DEBUG:netmiko:write_channel: b'\n'
DEBUG:netmiko:read_channel: 
DEBUG:netmiko:read_channel: 
DEBUG:netmiko:write_channel: b'\n'
DEBUG:netmiko:read_channel: 
DEBUG:netmiko:write_channel: b'\n'
DEBUG:netmiko:read_channel: 
arista1#
DEBUG:netmiko:read_channel: 
DEBUG:netmiko:[find_prompt()]: prompt is arista1#
DEBUG:netmiko:read_channel: 

DEBUG:netmiko:Clear buffer detects data in the channel
DEBUG:netmiko:read_channel: arista1#

DEBUG:netmiko:Clear buffer detects data in the channel
DEBUG:netmiko:read_channel: arista1#
DEBUG:netmiko:Clear buffer detects data in the channel
DEBUG:netmiko:read_channel: 
DEBUG:netmiko:write_channel: b'\n'
DEBUG:netmiko:read_channel: 
DEBUG:netmiko:read_channel: 
DEBUG:netmiko:write_channel: b'\n'
DEBUG:netmiko:read_channel: 
DEBUG:netmiko:write_channel: b'\n'
DEBUG:netmiko:read_channel: 

DEBUG:netmiko:write_channel: b'\n'
DEBUG:netmiko:read_channel: arista1#
DEBUG:netmiko:read_channel: 

DEBUG:netmiko:Clear buffer detects data in the channel
DEBUG:netmiko:read_channel: arista1#
DEBUG:netmiko:Clear buffer detects data in the channel
DEBUG:netmiko:read_channel: 
arista1#
DEBUG:netmiko:Clear buffer detects data in the channel
DEBUG:netmiko:read_channel: 
arista1#
DEBUG:netmiko:Clear buffer detects data in the channel
DEBUG:netmiko:read_channel: 
DEBUG:netmiko:[find_prompt()]: prompt is arista1#
DEBUG:netmiko:read_channel: 
DEBUG:netmiko:write_channel: b'show vlan\n'
DEBUG:netmiko:Pattern is: show\ vlan
DEBUG:netmiko:_read_channel_expect read_data: s
DEBUG:netmiko:_read_channel_expect read_data: h
DEBUG:netmiko:_read_channel_expect read_data: o
DEBUG:netmiko:_read_channel_expect read_data: w
DEBUG:netmiko:_read_channel_expect read_data:  
DEBUG:netmiko:_read_channel_expect read_data: v
DEBUG:netmiko:_read_channel_expect read_data: l
DEBUG:netmiko:_read_channel_expect read_data: a
DEBUG:netmiko:_read_channel_expect read_data: n
DEBUG:netmiko:Pattern found: show\ vlan show vlan
DEBUG:netmiko:read_channel: 

DEBUG:netmiko:read_channel: VLAN  Name                             Status    Ports
DEBUG:netmiko:read_channel: 
----- -------------------------------- --------- -------------------------------
DEBUG:netmiko:read_channel: 
1     default                          active    Cpu, Et1
DEBUG:netmiko:read_channel: 
2     VLAN0002                         active    Et2
DEBUG:netmiko:read_channel: 

DEBUG:netmiko:read_channel: 3     VLAN0003                         active    Et3

DEBUG:netmiko:read_channel: 4     VLAN0004                         active    Et4

DEBUG:netmiko:read_channel: 5     VLAN0005                         active    Et5

DEBUG:netmiko:read_channel: 6     VLAN0006                         active    Et6

DEBUG:netmiko:read_channel: 7     VLAN0007                         active    Et7

DEBUG:netmiko:read_channel: 
arista1#
DEBUG:netmiko:write_channel: b'\n'
DEBUG:netmiko:Pattern is: arista1
DEBUG:netmiko:_read_channel_expect read_data: 

DEBUG:netmiko:_read_channel_expect read_data: arista1#
DEBUG:netmiko:Pattern found: arista1 
arista1#
DEBUG:netmiko:write_channel: b'exit\n'
DEBUG:paramiko.transport:starting thread (client mode): 0x724c1510
DEBUG:paramiko.transport:Local version/idstring: SSH-2.0-paramiko_2.7.2
DEBUG:paramiko.transport:Remote version/idstring: SSH-2.0-OpenSSH_6.6.1
INFO:paramiko.transport:Connected (version 2.0, client OpenSSH_6.6.1)
DEBUG:paramiko.transport:kex algos:['curve25519-sha256@libssh.org', 'ecdh-sha2-nistp521', 'ecdh-sha2-nistp256', 'ecdh-sha2-nistp384', 'diffie-hellman-group14-sha1'] server key:['ssh-rsa', 'ecdsa-sha2-nistp521', 'ssh-ed25519'] client encrypt:['aes256-gcm@openssh.com', 'aes128-gcm@openssh.com', 'aes256-ctr', 'aes192-ctr', 'aes128-ctr'] server encrypt:['aes256-gcm@openssh.com', 'aes128-gcm@openssh.com', 'aes256-ctr', 'aes192-ctr', 'aes128-ctr'] client mac:['hmac-sha2-512-etm@openssh.com', 'hmac-sha2-256-etm@openssh.com', 'hmac-sha1-etm@openssh.com', 'hmac-sha2-512', 'hmac-sha2-256', 'hmac-sha1'] server mac:['hmac-sha2-512-etm@openssh.com', 'hmac-sha2-256-etm@openssh.com', 'hmac-sha1-etm@openssh.com', 'hmac-sha2-512', 'hmac-sha2-256', 'hmac-sha1'] client compress:['none', 'zlib@openssh.com'] server compress:['none', 'zlib@openssh.com'] client lang:[''] server lang:[''] kex follows?False
DEBUG:paramiko.transport:Kex agreed: curve25519-sha256@libssh.org
DEBUG:paramiko.transport:HostKey agreed: ssh-ed25519
DEBUG:paramiko.transport:Cipher agreed: aes128-ctr
DEBUG:paramiko.transport:MAC agreed: hmac-sha2-256
DEBUG:paramiko.transport:Compression agreed: none
DEBUG:paramiko.transport:kex engine KexCurve25519 specified hash_algo <built-in function openssl_sha256>
DEBUG:paramiko.transport:Switch to new keys ...
DEBUG:paramiko.transport:Adding ssh-ed25519 host key for arista1.lasthop.io: b'de8f7477a4a749270b1e79444d5051b9'
DEBUG:paramiko.transport:userauth is OK
DEBUG:paramiko.transport:Authentication type (password) not permitted.
DEBUG:paramiko.transport:Allowed methods: ['publickey', 'keyboard-interactive']
DEBUG:paramiko.transport:userauth is OK
INFO:paramiko.transport:Authentication (keyboard-interactive) successful!
DEBUG:paramiko.transport:[chan 0] Max packet in: 32768 bytes
DEBUG:paramiko.transport:[chan 0] Max packet out: 32768 bytes
DEBUG:paramiko.transport:Secsh channel 0 opened.
DEBUG:paramiko.transport:[chan 0] Sesch channel 0 request ok
DEBUG:paramiko.transport:[chan 0] Sesch channel 0 request ok
DEBUG:netmiko:write_channel: b'terminal width 511\n'
DEBUG:netmiko:Pattern is: Width set to
DEBUG:netmiko:_read_channel_expect read_data: Last login: Thu Jun 24 01:42:22 2021 from 18.144.100.179
DEBUG:netmiko:_read_channel_expect read_data: 

DEBUG:netmiko:_read_channel_expect read_data: terminal width 511

DEBUG:netmiko:_read_channel_expect read_data: terminal width 511

DEBUG:netmiko:_read_channel_expect read_data: arista1#
DEBUG:netmiko:_read_channel_expect read_data: t
DEBUG:netmiko:_read_channel_expect read_data: e
DEBUG:netmiko:_read_channel_expect read_data: r
DEBUG:netmiko:_read_channel_expect read_data: m
DEBUG:netmiko:_read_channel_expect read_data: i
DEBUG:netmiko:_read_channel_expect read_data: n
DEBUG:netmiko:_read_channel_expect read_data: a
DEBUG:netmiko:_read_channel_expect read_data: l
DEBUG:netmiko:_read_channel_expect read_data:  
DEBUG:netmiko:_read_channel_expect read_data: width 511
Width set to 511 columns.
arista1#
DEBUG:netmiko:Pattern found: Width set to Last login: Thu Jun 24 01:42:22 2021 from 18.144.100.179
terminal width 511
terminal width 511
arista1#terminal width 511
Width set to 511 columns.
arista1#
DEBUG:netmiko:In disable_paging
DEBUG:netmiko:Command: terminal length 0

DEBUG:netmiko:write_channel: b'terminal length 0\n'
DEBUG:netmiko:Pattern is: Pagination disabled
DEBUG:netmiko:_read_channel_expect read_data: t
DEBUG:netmiko:_read_channel_expect read_data: e
DEBUG:netmiko:_read_channel_expect read_data: r
DEBUG:netmiko:_read_channel_expect read_data: m
DEBUG:netmiko:_read_channel_expect read_data: i
DEBUG:netmiko:_read_channel_expect read_data: n
DEBUG:netmiko:_read_channel_expect read_data: a
DEBUG:netmiko:_read_channel_expect read_data: l
DEBUG:netmiko:_read_channel_expect read_data:  
DEBUG:netmiko:_read_channel_expect read_data: l
DEBUG:netmiko:_read_channel_expect read_data: e
DEBUG:netmiko:_read_channel_expect read_data: n
DEBUG:netmiko:_read_channel_expect read_data: g
DEBUG:netmiko:_read_channel_expect read_data: t
DEBUG:netmiko:_read_channel_expect read_data: h
DEBUG:netmiko:_read_channel_expect read_data:  0
Pagination disabled.
arista1#
DEBUG:netmiko:Pattern found: Pagination disabled terminal length 0
Pagination disabled.
arista1#
DEBUG:netmiko:terminal length 0
Pagination disabled.
arista1#
DEBUG:netmiko:Exiting disable_paging
DEBUG:netmiko:read_channel: 
DEBUG:netmiko:write_channel: b'\n'
DEBUG:netmiko:read_channel: 
DEBUG:netmiko:read_channel: 
DEBUG:netmiko:write_channel: b'\n'
DEBUG:netmiko:read_channel: 
DEBUG:netmiko:write_channel: b'\n'
DEBUG:netmiko:read_channel: 
arista1#
DEBUG:netmiko:read_channel: 
DEBUG:netmiko:[find_prompt()]: prompt is arista1#
DEBUG:netmiko:read_channel: 

DEBUG:netmiko:Clear buffer detects data in the channel
DEBUG:netmiko:read_channel: arista1#

DEBUG:netmiko:Clear buffer detects data in the channel
DEBUG:netmiko:read_channel: arista1#
DEBUG:netmiko:Clear buffer detects data in the channel
DEBUG:netmiko:read_channel: 
DEBUG:netmiko:write_channel: b'\n'
DEBUG:netmiko:read_channel: 
DEBUG:netmiko:read_channel: 
DEBUG:netmiko:write_channel: b'\n'
DEBUG:netmiko:read_channel: 
DEBUG:netmiko:write_channel: b'\n'
DEBUG:netmiko:read_channel: 

DEBUG:netmiko:write_channel: b'\n'
DEBUG:netmiko:read_channel: arista1#
DEBUG:netmiko:read_channel: 
arista1#
DEBUG:netmiko:Clear buffer detects data in the channel
DEBUG:netmiko:read_channel: 

DEBUG:netmiko:Clear buffer detects data in the channel
DEBUG:netmiko:read_channel: arista1#
DEBUG:netmiko:Clear buffer detects data in the channel
DEBUG:netmiko:read_channel: 
arista1#
DEBUG:netmiko:Clear buffer detects data in the channel
DEBUG:netmiko:read_channel: 
DEBUG:netmiko:[find_prompt()]: prompt is arista1#
DEBUG:netmiko:read_channel: 
DEBUG:netmiko:write_channel: b'show vlan\n'
DEBUG:netmiko:Pattern is: show\ vlan
DEBUG:netmiko:_read_channel_expect read_data: s
DEBUG:netmiko:_read_channel_expect read_data: h
DEBUG:netmiko:_read_channel_expect read_data: o
DEBUG:netmiko:_read_channel_expect read_data: w
DEBUG:netmiko:_read_channel_expect read_data:  
DEBUG:netmiko:_read_channel_expect read_data: v
DEBUG:netmiko:_read_channel_expect read_data: l
DEBUG:netmiko:_read_channel_expect read_data: a
DEBUG:netmiko:_read_channel_expect read_data: n
DEBUG:netmiko:Pattern found: show\ vlan show vlan
DEBUG:netmiko:read_channel: 

DEBUG:netmiko:read_channel: VLAN  Name                             Status    Ports

DEBUG:netmiko:read_channel: ----- -------------------------------- --------- -------------------------------

DEBUG:netmiko:read_channel: 1     default                          active    Cpu, Et1

DEBUG:netmiko:read_channel: 2     VLAN0002                         active    Et2

DEBUG:netmiko:read_channel: 3     VLAN0003                         active    Et3
DEBUG:netmiko:read_channel: 
4     VLAN0004                         active    Et4
DEBUG:netmiko:read_channel: 
5     VLAN0005                         active    Et5
DEBUG:netmiko:read_channel: 
6     VLAN0006                         active    Et6
DEBUG:netmiko:read_channel: 
7     VLAN0007                         active    Et7
DEBUG:netmiko:read_channel: 


DEBUG:netmiko:read_channel: arista1#
DEBUG:netmiko:write_channel: b'\n'
DEBUG:netmiko:Pattern is: arista1
DEBUG:netmiko:_read_channel_expect read_data: 

DEBUG:netmiko:_read_channel_expect read_data: arista1#
DEBUG:netmiko:Pattern found: arista1 
arista1#
DEBUG:netmiko:write_channel: b'exit\n'
DEBUG:paramiko.transport:starting thread (client mode): 0xc9baf650
DEBUG:paramiko.transport:Local version/idstring: SSH-2.0-paramiko_2.7.2
DEBUG:paramiko.transport:Remote version/idstring: SSH-2.0-OpenSSH_6.6.1
INFO:paramiko.transport:Connected (version 2.0, client OpenSSH_6.6.1)
DEBUG:paramiko.transport:kex algos:['curve25519-sha256@libssh.org', 'ecdh-sha2-nistp521', 'ecdh-sha2-nistp256', 'ecdh-sha2-nistp384', 'diffie-hellman-group14-sha1'] server key:['ssh-rsa', 'ecdsa-sha2-nistp521', 'ssh-ed25519'] client encrypt:['aes256-gcm@openssh.com', 'aes128-gcm@openssh.com', 'aes256-ctr', 'aes192-ctr', 'aes128-ctr'] server encrypt:['aes256-gcm@openssh.com', 'aes128-gcm@openssh.com', 'aes256-ctr', 'aes192-ctr', 'aes128-ctr'] client mac:['hmac-sha2-512-etm@openssh.com', 'hmac-sha2-256-etm@openssh.com', 'hmac-sha1-etm@openssh.com', 'hmac-sha2-512', 'hmac-sha2-256', 'hmac-sha1'] server mac:['hmac-sha2-512-etm@openssh.com', 'hmac-sha2-256-etm@openssh.com', 'hmac-sha1-etm@openssh.com', 'hmac-sha2-512', 'hmac-sha2-256', 'hmac-sha1'] client compress:['none', 'zlib@openssh.com'] server compress:['none', 'zlib@openssh.com'] client lang:[''] server lang:[''] kex follows?False
DEBUG:paramiko.transport:Kex agreed: curve25519-sha256@libssh.org
DEBUG:paramiko.transport:HostKey agreed: ssh-ed25519
DEBUG:paramiko.transport:Cipher agreed: aes128-ctr
DEBUG:paramiko.transport:MAC agreed: hmac-sha2-256
DEBUG:paramiko.transport:Compression agreed: none
DEBUG:paramiko.transport:kex engine KexCurve25519 specified hash_algo <built-in function openssl_sha256>
DEBUG:paramiko.transport:Switch to new keys ...
DEBUG:paramiko.transport:Adding ssh-ed25519 host key for arista1.lasthop.io: b'de8f7477a4a749270b1e79444d5051b9'
DEBUG:paramiko.transport:userauth is OK
DEBUG:paramiko.transport:Authentication type (password) not permitted.
DEBUG:paramiko.transport:Allowed methods: ['publickey', 'keyboard-interactive']
DEBUG:paramiko.transport:userauth is OK
INFO:paramiko.transport:Authentication (keyboard-interactive) successful!
DEBUG:paramiko.transport:[chan 0] Max packet in: 32768 bytes
DEBUG:paramiko.transport:[chan 0] Max packet out: 32768 bytes
DEBUG:paramiko.transport:Secsh channel 0 opened.
DEBUG:paramiko.transport:[chan 0] Sesch channel 0 request ok
DEBUG:paramiko.transport:[chan 0] Sesch channel 0 request ok
DEBUG:netmiko:write_channel: b'terminal width 511\n'
DEBUG:netmiko:Pattern is: Width set to
DEBUG:netmiko:_read_channel_expect read_data: Last login: Thu Jun 24 01:44:05 2021 from 18.144.100.179
DEBUG:netmiko:_read_channel_expect read_data: 

DEBUG:netmiko:_read_channel_expect read_data: terminal width 511

DEBUG:netmiko:_read_channel_expect read_data: terminal width 511

DEBUG:netmiko:_read_channel_expect read_data: arista1#t
DEBUG:netmiko:_read_channel_expect read_data: er
DEBUG:netmiko:_read_channel_expect read_data: m
DEBUG:netmiko:_read_channel_expect read_data: i
DEBUG:netmiko:_read_channel_expect read_data: n
DEBUG:netmiko:_read_channel_expect read_data: a
DEBUG:netmiko:_read_channel_expect read_data: l
DEBUG:netmiko:_read_channel_expect read_data:  
DEBUG:netmiko:_read_channel_expect read_data: w
DEBUG:netmiko:_read_channel_expect read_data: i
DEBUG:netmiko:_read_channel_expect read_data: dth 511
Width set to 511 columns.
arista1#
DEBUG:netmiko:Pattern found: Width set to Last login: Thu Jun 24 01:44:05 2021 from 18.144.100.179
terminal width 511
terminal width 511
arista1#terminal width 511
Width set to 511 columns.
arista1#
DEBUG:netmiko:In disable_paging
DEBUG:netmiko:Command: terminal length 0

DEBUG:netmiko:write_channel: b'terminal length 0\n'
DEBUG:netmiko:Pattern is: Pagination disabled
DEBUG:netmiko:_read_channel_expect read_data: terminal length 0

DEBUG:netmiko:_read_channel_expect read_data: Pagination disabled.
DEBUG:netmiko:Pattern found: Pagination disabled terminal length 0
Pagination disabled.
DEBUG:netmiko:terminal length 0
Pagination disabled.
DEBUG:netmiko:Exiting disable_paging
DEBUG:netmiko:read_channel: 
DEBUG:netmiko:write_channel: b'\n'
DEBUG:netmiko:read_channel: 
arista1#
DEBUG:netmiko:read_channel: 
DEBUG:netmiko:[find_prompt()]: prompt is arista1#
DEBUG:netmiko:read_channel: 
DEBUG:netmiko:write_channel: b'\n'
DEBUG:netmiko:read_channel: 

DEBUG:netmiko:read_channel: 
DEBUG:netmiko:write_channel: b'\n'
DEBUG:netmiko:read_channel: arista1#
DEBUG:netmiko:read_channel: 
DEBUG:netmiko:[find_prompt()]: prompt is arista1#
DEBUG:netmiko:read_channel: 
arista1#
DEBUG:netmiko:Clear buffer detects data in the channel
DEBUG:netmiko:read_channel: 
arista1#
DEBUG:netmiko:Clear buffer detects data in the channel
DEBUG:netmiko:read_channel: 
DEBUG:netmiko:write_channel: b'show vlan\n'
DEBUG:netmiko:Pattern is: show\ vlan
DEBUG:netmiko:_read_channel_expect read_data: s
DEBUG:netmiko:_read_channel_expect read_data: h
DEBUG:netmiko:_read_channel_expect read_data: ow v
DEBUG:netmiko:_read_channel_expect read_data: lan
DEBUG:netmiko:Pattern found: show\ vlan show vlan
DEBUG:netmiko:read_channel: 

DEBUG:netmiko:read_channel: VLAN  Name                             Status    Ports
DEBUG:netmiko:read_channel: 
----- -------------------------------- --------- -------------------------------
DEBUG:netmiko:read_channel: 

DEBUG:netmiko:read_channel: 1     default                          active    Cpu, Et1
DEBUG:netmiko:read_channel: 
2     VLAN0002                         active    Et2
DEBUG:netmiko:read_channel: 
3     VLAN0003                         active    Et3
DEBUG:netmiko:read_channel: 
DEBUG:netmiko:read_channel: 
DEBUG:netmiko:read_channel: 
DEBUG:netmiko:read_channel: 
DEBUG:netmiko:read_channel: 
DEBUG:netmiko:read_channel: 
4     VLAN0004                         active    Et4
5     VLAN0005                         active    Et5
6     VLAN0006                         active    Et6
7     VLAN0007                         active    Et7

arista1#
DEBUG:netmiko:write_channel: b'\n'
DEBUG:netmiko:Pattern is: arista1
DEBUG:netmiko:_read_channel_expect read_data: 

DEBUG:netmiko:_read_channel_expect read_data: arista1#
DEBUG:netmiko:Pattern found: arista1 
arista1#
DEBUG:netmiko:write_channel: b'exit\n'
DEBUG:paramiko.transport:starting thread (client mode): 0xcbe436d0
DEBUG:paramiko.transport:Local version/idstring: SSH-2.0-paramiko_2.7.2
DEBUG:paramiko.transport:Remote version/idstring: SSH-2.0-OpenSSH_6.6.1
INFO:paramiko.transport:Connected (version 2.0, client OpenSSH_6.6.1)
DEBUG:paramiko.transport:kex algos:['curve25519-sha256@libssh.org', 'ecdh-sha2-nistp521', 'ecdh-sha2-nistp256', 'ecdh-sha2-nistp384', 'diffie-hellman-group14-sha1'] server key:['ssh-rsa', 'ecdsa-sha2-nistp521', 'ssh-ed25519'] client encrypt:['aes256-gcm@openssh.com', 'aes128-gcm@openssh.com', 'aes256-ctr', 'aes192-ctr', 'aes128-ctr'] server encrypt:['aes256-gcm@openssh.com', 'aes128-gcm@openssh.com', 'aes256-ctr', 'aes192-ctr', 'aes128-ctr'] client mac:['hmac-sha2-512-etm@openssh.com', 'hmac-sha2-256-etm@openssh.com', 'hmac-sha1-etm@openssh.com', 'hmac-sha2-512', 'hmac-sha2-256', 'hmac-sha1'] server mac:['hmac-sha2-512-etm@openssh.com', 'hmac-sha2-256-etm@openssh.com', 'hmac-sha1-etm@openssh.com', 'hmac-sha2-512', 'hmac-sha2-256', 'hmac-sha1'] client compress:['none', 'zlib@openssh.com'] server compress:['none', 'zlib@openssh.com'] client lang:[''] server lang:[''] kex follows?False
DEBUG:paramiko.transport:Kex agreed: curve25519-sha256@libssh.org
DEBUG:paramiko.transport:HostKey agreed: ssh-ed25519
DEBUG:paramiko.transport:Cipher agreed: aes128-ctr
DEBUG:paramiko.transport:MAC agreed: hmac-sha2-256
DEBUG:paramiko.transport:Compression agreed: none
DEBUG:paramiko.transport:kex engine KexCurve25519 specified hash_algo <built-in function openssl_sha256>
DEBUG:paramiko.transport:Switch to new keys ...
DEBUG:paramiko.transport:Adding ssh-ed25519 host key for arista1.lasthop.io: b'de8f7477a4a749270b1e79444d5051b9'
DEBUG:paramiko.transport:userauth is OK
DEBUG:paramiko.transport:Authentication type (password) not permitted.
DEBUG:paramiko.transport:Allowed methods: ['publickey', 'keyboard-interactive']
DEBUG:paramiko.transport:userauth is OK
INFO:paramiko.transport:Authentication (keyboard-interactive) successful!
DEBUG:paramiko.transport:[chan 0] Max packet in: 32768 bytes
DEBUG:paramiko.transport:[chan 0] Max packet out: 32768 bytes
DEBUG:paramiko.transport:Secsh channel 0 opened.
DEBUG:paramiko.transport:[chan 0] Sesch channel 0 request ok
DEBUG:paramiko.transport:[chan 0] Sesch channel 0 request ok
DEBUG:netmiko:write_channel: b'terminal width 511\n'
DEBUG:netmiko:Pattern is: Width set to
DEBUG:netmiko:_read_channel_expect read_data: Last login: Thu Jun 24 01:46:21 2021 from 18.144.100.179

DEBUG:netmiko:_read_channel_expect read_data: terminal width 511

DEBUG:netmiko:_read_channel_expect read_data: terminal width 511

DEBUG:netmiko:_read_channel_expect read_data: arista1#
DEBUG:netmiko:_read_channel_expect read_data: t
DEBUG:netmiko:_read_channel_expect read_data: e
DEBUG:netmiko:_read_channel_expect read_data: r
DEBUG:netmiko:_read_channel_expect read_data: m
DEBUG:netmiko:_read_channel_expect read_data: i
DEBUG:netmiko:_read_channel_expect read_data: n
DEBUG:netmiko:_read_channel_expect read_data: a
DEBUG:netmiko:_read_channel_expect read_data: l
DEBUG:netmiko:_read_channel_expect read_data:  
DEBUG:netmiko:_read_channel_expect read_data: width 511
Width set to 511 columns.
arista1#
DEBUG:netmiko:Pattern found: Width set to Last login: Thu Jun 24 01:46:21 2021 from 18.144.100.179
terminal width 511
terminal width 511
arista1#terminal width 511
Width set to 511 columns.
arista1#
DEBUG:netmiko:In disable_paging
DEBUG:netmiko:Command: terminal length 0

DEBUG:netmiko:write_channel: b'terminal length 0\n'
DEBUG:netmiko:Pattern is: Pagination disabled
DEBUG:netmiko:_read_channel_expect read_data: t
DEBUG:netmiko:_read_channel_expect read_data: e
DEBUG:netmiko:_read_channel_expect read_data: r
DEBUG:netmiko:_read_channel_expect read_data: m
DEBUG:netmiko:_read_channel_expect read_data: i
DEBUG:netmiko:_read_channel_expect read_data: n
DEBUG:netmiko:_read_channel_expect read_data: a
DEBUG:netmiko:_read_channel_expect read_data: l
DEBUG:netmiko:_read_channel_expect read_data:  
DEBUG:netmiko:_read_channel_expect read_data: l
DEBUG:netmiko:_read_channel_expect read_data: e
DEBUG:netmiko:_read_channel_expect read_data: n
DEBUG:netmiko:_read_channel_expect read_data: g
DEBUG:netmiko:_read_channel_expect read_data: t
DEBUG:netmiko:_read_channel_expect read_data: h
DEBUG:netmiko:_read_channel_expect read_data:  0
Pagination disabled.
arista1#
DEBUG:netmiko:Pattern found: Pagination disabled terminal length 0
Pagination disabled.
arista1#
DEBUG:netmiko:terminal length 0
Pagination disabled.
arista1#
DEBUG:netmiko:Exiting disable_paging
DEBUG:netmiko:read_channel: 
DEBUG:netmiko:write_channel: b'\n'
DEBUG:netmiko:read_channel: 
DEBUG:netmiko:read_channel: 
DEBUG:netmiko:write_channel: b'\n'
DEBUG:netmiko:read_channel: 
DEBUG:netmiko:write_channel: b'\n'
DEBUG:netmiko:read_channel: 

DEBUG:netmiko:write_channel: b'\n'
DEBUG:netmiko:read_channel: arista1#
DEBUG:netmiko:read_channel: 

DEBUG:netmiko:Clear buffer detects data in the channel
DEBUG:netmiko:read_channel: arista1#

DEBUG:netmiko:Clear buffer detects data in the channel
DEBUG:netmiko:read_channel: arista1#
DEBUG:netmiko:Clear buffer detects data in the channel
DEBUG:netmiko:read_channel: 
arista1#
DEBUG:netmiko:Clear buffer detects data in the channel
DEBUG:netmiko:read_channel: 
DEBUG:netmiko:[find_prompt()]: prompt is arista1#
DEBUG:netmiko:read_channel: 
DEBUG:netmiko:write_channel: b'\n'
DEBUG:netmiko:read_channel: 
DEBUG:netmiko:read_channel: 
DEBUG:netmiko:write_channel: b'\n'
DEBUG:netmiko:read_channel: 
DEBUG:netmiko:write_channel: b'\n'
DEBUG:netmiko:read_channel: 

DEBUG:netmiko:write_channel: b'\n'
DEBUG:netmiko:read_channel: arista1#
DEBUG:netmiko:read_channel: 
arista1#

DEBUG:netmiko:Clear buffer detects data in the channel
DEBUG:netmiko:read_channel: arista1#
DEBUG:netmiko:Clear buffer detects data in the channel
DEBUG:netmiko:read_channel: 

DEBUG:netmiko:Clear buffer detects data in the channel
DEBUG:netmiko:read_channel: arista1#
DEBUG:netmiko:Clear buffer detects data in the channel
DEBUG:netmiko:read_channel: 
DEBUG:netmiko:[find_prompt()]: prompt is arista1#
DEBUG:netmiko:read_channel: 
DEBUG:netmiko:write_channel: b'show vlan\n'
DEBUG:netmiko:Pattern is: show\ vlan
DEBUG:netmiko:_read_channel_expect read_data: s
DEBUG:netmiko:_read_channel_expect read_data: how
DEBUG:netmiko:_read_channel_expect read_data:  vlan
DEBUG:netmiko:Pattern found: show\ vlan show vlan
DEBUG:netmiko:read_channel: 
VLAN  Name                             Status    Ports
DEBUG:netmiko:read_channel: 

DEBUG:netmiko:read_channel: ----- -------------------------------- --------- -------------------------------

DEBUG:netmiko:read_channel: 1     default                          active    Cpu, Et1
DEBUG:netmiko:read_channel: 

DEBUG:netmiko:read_channel: 2     VLAN0002                         active    Et2

DEBUG:netmiko:read_channel: 3     VLAN0003                         active    Et3

DEBUG:netmiko:read_channel: 4     VLAN0004                         active    Et4

DEBUG:netmiko:read_channel: 5     VLAN0005                         active    Et5

DEBUG:netmiko:read_channel: 6     VLAN0006                         active    Et6
DEBUG:netmiko:read_channel: 
7     VLAN0007                         active    Et7
DEBUG:netmiko:read_channel: 


DEBUG:netmiko:read_channel: arista1#
DEBUG:netmiko:write_channel: b'\n'
DEBUG:netmiko:Pattern is: arista1
DEBUG:netmiko:_read_channel_expect read_data: 

DEBUG:netmiko:_read_channel_expect read_data: arista1#
DEBUG:netmiko:Pattern found: arista1 
arista1#
DEBUG:netmiko:write_channel: b'exit\n'
DEBUG:paramiko.transport:starting thread (client mode): 0x329ad510
DEBUG:paramiko.transport:Local version/idstring: SSH-2.0-paramiko_2.7.2
DEBUG:paramiko.transport:Remote version/idstring: SSH-2.0-Cisco-1.25
INFO:paramiko.transport:Connected (version 2.0, client Cisco-1.25)
DEBUG:paramiko.transport:kex algos:['diffie-hellman-group-exchange-sha1', 'diffie-hellman-group14-sha1'] server key:['ssh-rsa'] client encrypt:['aes128-ctr', 'aes192-ctr', 'aes256-ctr'] server encrypt:['aes128-ctr', 'aes192-ctr', 'aes256-ctr'] client mac:['hmac-sha2-256', 'hmac-sha2-512', 'hmac-sha1', 'hmac-sha1-96'] server mac:['hmac-sha2-256', 'hmac-sha2-512', 'hmac-sha1', 'hmac-sha1-96'] client compress:['none'] server compress:['none'] client lang:[''] server lang:[''] kex follows?False
DEBUG:paramiko.transport:Kex agreed: diffie-hellman-group-exchange-sha1
DEBUG:paramiko.transport:HostKey agreed: ssh-rsa
DEBUG:paramiko.transport:Cipher agreed: aes128-ctr
DEBUG:paramiko.transport:MAC agreed: hmac-sha2-256
DEBUG:paramiko.transport:Compression agreed: none
DEBUG:paramiko.transport:Got server p (2048 bits)
DEBUG:paramiko.transport:kex engine KexGex specified hash_algo <built-in function openssl_sha1>
DEBUG:paramiko.transport:Switch to new keys ...
DEBUG:paramiko.transport:Adding ssh-rsa host key for cisco3.lasthop.io: b'f05fe0c73e29ddad92927e052a4b03f6'
DEBUG:paramiko.transport:userauth is OK
INFO:paramiko.transport:Authentication (password) successful!
DEBUG:paramiko.transport:[chan 0] Max packet in: 32768 bytes
DEBUG:paramiko.transport:[chan 0] Max packet out: 4096 bytes
DEBUG:paramiko.transport:Secsh channel 0 opened.
DEBUG:paramiko.transport:[chan 0] Sesch channel 0 request ok
DEBUG:paramiko.transport:[chan 0] Sesch channel 0 request ok
DEBUG:netmiko:write_channel: b'terminal width 511\n'
DEBUG:netmiko:Pattern is: terminal width 511
DEBUG:netmiko:_read_channel_expect read_data: 


cisco3#
DEBUG:netmiko:_read_channel_expect read_data: termi
DEBUG:netmiko:_read_channel_expect read_data: nal wid
DEBUG:netmiko:_read_channel_expect read_data: th 511
DEBUG:netmiko:Pattern found: terminal width 511 


cisco3#terminal width 511
DEBUG:netmiko:In disable_paging
DEBUG:netmiko:Command: terminal length 0

DEBUG:netmiko:write_channel: b'terminal length 0\n'
DEBUG:netmiko:Pattern is: terminal\ length\ 0
DEBUG:netmiko:_read_channel_expect read_data: 

DEBUG:netmiko:_read_channel_expect read_data: cisco3#termi
DEBUG:netmiko:_read_channel_expect read_data: nal le
DEBUG:netmiko:_read_channel_expect read_data: ngth 0
cisco3#
DEBUG:netmiko:Pattern found: terminal\ length\ 0 
cisco3#terminal length 0
cisco3#
DEBUG:netmiko:
cisco3#terminal length 0
cisco3#
DEBUG:netmiko:Exiting disable_paging
DEBUG:netmiko:read_channel: 
DEBUG:netmiko:write_channel: b'\n'
DEBUG:netmiko:read_channel: 
cisco3#
DEBUG:netmiko:read_channel: 
DEBUG:netmiko:[find_prompt()]: prompt is cisco3#
DEBUG:netmiko:read_channel: 
DEBUG:netmiko:write_channel: b'copy flash:testx.txt flash:test_jdg.txt\n'
DEBUG:netmiko:Pattern is: copy\ flash:testx\.txt\ flash:test_jdg\.txt
DEBUG:netmiko:_read_channel_expect read_data: co
DEBUG:netmiko:_read_channel_expect read_data: py fla
DEBUG:netmiko:_read_channel_expect read_data: sh:testx
DEBUG:netmiko:_read_channel_expect read_data: .txt fl
DEBUG:netmiko:_read_channel_expect read_data: ash:tes
DEBUG:netmiko:_read_channel_expect read_data: t_jdg.t
DEBUG:netmiko:_read_channel_expect read_data: xt

DEBUG:netmiko:Pattern found: copy\ flash:testx\.txt\ flash:test_jdg\.txt copy flash:testx.txt flash:test_jdg.txt

DEBUG:netmiko:read_channel: Destination filename [test_jdg.txt]? 
DEBUG:netmiko:read_channel: 
DEBUG:netmiko:read_channel: 
DEBUG:netmiko:read_channel: 
DEBUG:netmiko:read_channel: 
DEBUG:netmiko:read_channel: 
DEBUG:netmiko:read_channel: 
DEBUG:netmiko:read_channel: 
DEBUG:netmiko:read_channel: 
DEBUG:netmiko:read_channel: 
DEBUG:netmiko:read_channel: 
DEBUG:netmiko:read_channel: 
DEBUG:netmiko:read_channel: 
DEBUG:netmiko:read_channel: 
DEBUG:netmiko:read_channel: 
DEBUG:netmiko:read_channel: 
DEBUG:netmiko:read_channel: 
DEBUG:netmiko:read_channel: 
DEBUG:netmiko:read_channel: 
DEBUG:netmiko:read_channel: 
DEBUG:netmiko:read_channel: 
DEBUG:netmiko:read_channel: 
DEBUG:netmiko:read_channel: 
DEBUG:netmiko:read_channel: 
DEBUG:netmiko:read_channel: 
DEBUG:netmiko:read_channel: 
DEBUG:netmiko:read_channel: 
DEBUG:netmiko:read_channel: 
DEBUG:netmiko:read_channel: 
DEBUG:netmiko:read_channel: 
DEBUG:netmiko:read_channel: 
DEBUG:netmiko:read_channel: 
DEBUG:netmiko:read_channel: 
DEBUG:netmiko:read_channel: 
DEBUG:netmiko:read_channel: 
DEBUG:netmiko:read_channel: 
DEBUG:netmiko:read_channel: 
DEBUG:netmiko:read_channel: 
DEBUG:netmiko:read_channel: 
DEBUG:netmiko:read_channel: 
DEBUG:netmiko:read_channel: 
DEBUG:netmiko:read_channel: 
DEBUG:netmiko:read_channel: 
DEBUG:netmiko:read_channel: 
DEBUG:netmiko:read_channel: 
DEBUG:netmiko:read_channel: 
DEBUG:netmiko:read_channel: 
DEBUG:netmiko:read_channel: 
DEBUG:netmiko:read_channel: 
DEBUG:netmiko:read_channel: 
DEBUG:netmiko:read_channel: 
DEBUG:netmiko:read_channel: 
DEBUG:netmiko:read_channel: 
DEBUG:netmiko:read_channel: 
DEBUG:netmiko:read_channel: 
DEBUG:netmiko:read_channel: 
DEBUG:netmiko:read_channel: 
DEBUG:netmiko:read_channel: 
DEBUG:netmiko:read_channel: 
DEBUG:netmiko:read_channel: 
DEBUG:netmiko:read_channel: 
DEBUG:netmiko:read_channel: 
DEBUG:netmiko:read_channel: 
DEBUG:netmiko:read_channel: 
DEBUG:netmiko:read_channel: 
DEBUG:netmiko:read_channel: 
DEBUG:netmiko:read_channel: 
DEBUG:netmiko:read_channel: 
DEBUG:netmiko:read_channel: 
DEBUG:netmiko:read_channel: 
DEBUG:netmiko:read_channel: 
DEBUG:netmiko:read_channel: 
DEBUG:netmiko:read_channel: 
DEBUG:netmiko:read_channel: 
DEBUG:netmiko:read_channel: 
DEBUG:netmiko:read_channel: 
DEBUG:netmiko:read_channel: 
DEBUG:netmiko:read_channel: 
DEBUG:netmiko:read_channel: 
DEBUG:netmiko:read_channel: 
DEBUG:netmiko:read_channel: 
DEBUG:netmiko:read_channel: 
DEBUG:netmiko:read_channel: 
DEBUG:netmiko:read_channel: 
DEBUG:netmiko:read_channel: 
DEBUG:netmiko:read_channel: 
DEBUG:netmiko:read_channel: 
DEBUG:netmiko:read_channel: 
DEBUG:netmiko:read_channel: 
DEBUG:netmiko:read_channel: 
DEBUG:netmiko:read_channel: 
DEBUG:netmiko:read_channel: 
DEBUG:netmiko:read_channel: 
DEBUG:netmiko:read_channel: 
DEBUG:netmiko:read_channel: 
DEBUG:netmiko:read_channel: 
DEBUG:netmiko:read_channel: 
DEBUG:netmiko:read_channel: 
DEBUG:netmiko:read_channel: 
DEBUG:netmiko:read_channel: 
DEBUG:netmiko:read_channel: 
DEBUG:netmiko:read_channel: 
DEBUG:netmiko:read_channel: 
DEBUG:netmiko:read_channel: 
DEBUG:netmiko:read_channel: 
DEBUG:netmiko:read_channel: 
DEBUG:netmiko:read_channel: 
DEBUG:netmiko:read_channel: 
DEBUG:netmiko:read_channel: 
DEBUG:netmiko:read_channel: 
DEBUG:netmiko:read_channel: 
DEBUG:netmiko:read_channel: 
DEBUG:netmiko:read_channel: 
DEBUG:netmiko:read_channel: 
DEBUG:netmiko:read_channel: 
DEBUG:netmiko:read_channel: 
DEBUG:netmiko:read_channel: 
DEBUG:netmiko:read_channel: 
DEBUG:netmiko:read_channel: 
DEBUG:netmiko:read_channel: 
DEBUG:netmiko:read_channel: 
DEBUG:netmiko:read_channel: 
DEBUG:netmiko:read_channel: 
DEBUG:netmiko:read_channel: 
DEBUG:netmiko:read_channel: 
DEBUG:netmiko:read_channel: 
DEBUG:netmiko:read_channel: 
DEBUG:netmiko:read_channel: 
DEBUG:netmiko:read_channel: 
DEBUG:netmiko:read_channel: 
DEBUG:netmiko:read_channel: 
DEBUG:netmiko:read_channel: 
DEBUG:netmiko:read_channel: 
DEBUG:netmiko:read_channel: 
DEBUG:netmiko:read_channel: 
DEBUG:netmiko:read_channel: 
DEBUG:netmiko:read_channel: 
DEBUG:netmiko:read_channel: 
DEBUG:netmiko:read_channel: 
DEBUG:netmiko:read_channel: 
DEBUG:netmiko:read_channel: 
DEBUG:netmiko:read_channel: 
DEBUG:netmiko:read_channel: 
DEBUG:netmiko:read_channel: 
DEBUG:netmiko:read_channel: 
DEBUG:netmiko:read_channel: 
DEBUG:netmiko:read_channel: 
DEBUG:netmiko:read_channel: 
DEBUG:netmiko:read_channel: 
DEBUG:netmiko:read_channel: 
DEBUG:netmiko:read_channel: 
DEBUG:netmiko:read_channel: 
DEBUG:netmiko:read_channel: 
DEBUG:netmiko:read_channel: 
DEBUG:netmiko:read_channel: 
DEBUG:netmiko:read_channel: 
DEBUG:netmiko:read_channel: 
DEBUG:netmiko:read_channel: 
DEBUG:netmiko:read_channel: 
DEBUG:netmiko:read_channel: 
DEBUG:netmiko:read_channel: 
DEBUG:netmiko:read_channel: 
DEBUG:netmiko:read_channel: 
DEBUG:netmiko:read_channel: 
DEBUG:netmiko:read_channel: 
DEBUG:netmiko:read_channel: 
DEBUG:netmiko:read_channel: 
DEBUG:netmiko:read_channel: 
DEBUG:netmiko:read_channel: 
DEBUG:netmiko:read_channel: 
DEBUG:netmiko:read_channel: 
DEBUG:netmiko:read_channel: 
DEBUG:netmiko:read_channel: 
DEBUG:netmiko:read_channel: 
DEBUG:netmiko:read_channel: 
DEBUG:netmiko:read_channel: 
DEBUG:netmiko:read_channel: 
DEBUG:netmiko:read_channel: 
DEBUG:netmiko:read_channel: 
DEBUG:netmiko:read_channel: 
DEBUG:netmiko:read_channel: 
DEBUG:netmiko:read_channel: 
DEBUG:netmiko:read_channel: 
DEBUG:netmiko:read_channel: 
DEBUG:netmiko:read_channel: 
DEBUG:netmiko:read_channel: 
DEBUG:netmiko:read_channel: 
DEBUG:netmiko:read_channel: 
DEBUG:netmiko:read_channel: 
DEBUG:netmiko:read_channel: 
DEBUG:netmiko:read_channel: 
DEBUG:netmiko:read_channel: 
DEBUG:netmiko:read_channel: 
DEBUG:netmiko:read_channel: 
DEBUG:netmiko:read_channel: 
DEBUG:netmiko:read_channel: 
DEBUG:netmiko:read_channel: 
DEBUG:netmiko:read_channel: 
DEBUG:netmiko:read_channel: 
DEBUG:netmiko:read_channel: 
DEBUG:netmiko:read_channel: 
DEBUG:netmiko:read_channel: 
DEBUG:netmiko:read_channel: 
DEBUG:netmiko:read_channel: 
DEBUG:netmiko:read_channel: 
DEBUG:netmiko:read_channel: 
DEBUG:netmiko:read_channel: 
DEBUG:netmiko:read_channel: 
DEBUG:netmiko:read_channel: 
DEBUG:netmiko:read_channel: 
DEBUG:netmiko:read_channel: 
DEBUG:netmiko:read_channel: 
DEBUG:netmiko:read_channel: 
DEBUG:netmiko:read_channel: 
DEBUG:netmiko:read_channel: 
DEBUG:netmiko:read_channel: 
DEBUG:netmiko:read_channel: 
DEBUG:netmiko:read_channel: 
DEBUG:netmiko:read_channel: 
DEBUG:netmiko:read_channel: 
DEBUG:netmiko:read_channel: 
DEBUG:netmiko:read_channel: 
DEBUG:netmiko:read_channel: 
DEBUG:netmiko:read_channel: 
DEBUG:netmiko:read_channel: 
DEBUG:netmiko:read_channel: 
DEBUG:netmiko:read_channel: 
DEBUG:netmiko:read_channel: 
DEBUG:netmiko:read_channel: 
DEBUG:netmiko:read_channel: 
DEBUG:netmiko:read_channel: 
DEBUG:netmiko:read_channel: 
DEBUG:netmiko:read_channel: 
DEBUG:netmiko:read_channel: 
DEBUG:netmiko:read_channel: 
DEBUG:netmiko:read_channel: 
DEBUG:netmiko:read_channel: 
DEBUG:netmiko:read_channel: 
DEBUG:netmiko:read_channel: 
DEBUG:netmiko:read_channel: 
DEBUG:netmiko:read_channel: 
DEBUG:netmiko:read_channel: 
DEBUG:netmiko:read_channel: 
DEBUG:netmiko:read_channel: 
DEBUG:netmiko:read_channel: 
DEBUG:netmiko:read_channel: 
DEBUG:netmiko:read_channel: 
DEBUG:netmiko:read_channel: 
DEBUG:netmiko:read_channel: 
DEBUG:netmiko:read_channel: 
DEBUG:netmiko:read_channel: 
DEBUG:netmiko:read_channel: 
DEBUG:netmiko:read_channel: 
DEBUG:netmiko:read_channel: 
DEBUG:netmiko:read_channel: 
DEBUG:netmiko:read_channel: 
DEBUG:netmiko:read_channel: 
DEBUG:netmiko:read_channel: 
DEBUG:netmiko:read_channel: 
DEBUG:netmiko:read_channel: 
DEBUG:netmiko:read_channel: 
DEBUG:netmiko:read_channel: 
DEBUG:netmiko:read_channel: 
DEBUG:netmiko:read_channel: 
DEBUG:netmiko:read_channel: 
DEBUG:netmiko:read_channel: 
DEBUG:netmiko:read_channel: 
DEBUG:netmiko:read_channel: 
DEBUG:netmiko:read_channel: 
DEBUG:netmiko:read_channel: 
DEBUG:netmiko:read_channel: 
DEBUG:netmiko:read_channel: 
DEBUG:netmiko:read_channel: 
DEBUG:netmiko:read_channel: 
DEBUG:netmiko:read_channel: 
DEBUG:netmiko:read_channel: 
DEBUG:netmiko:read_channel: 
DEBUG:netmiko:read_channel: 
DEBUG:netmiko:read_channel: 
DEBUG:netmiko:read_channel: 
DEBUG:netmiko:read_channel: 
DEBUG:netmiko:read_channel: 
DEBUG:netmiko:read_channel: 
DEBUG:netmiko:read_channel: 
DEBUG:netmiko:read_channel: 
DEBUG:netmiko:read_channel: 
DEBUG:netmiko:read_channel: 
DEBUG:netmiko:read_channel: 
DEBUG:netmiko:read_channel: 
DEBUG:netmiko:read_channel: 
DEBUG:netmiko:read_channel: 
DEBUG:netmiko:read_channel: 
DEBUG:netmiko:read_channel: 
DEBUG:netmiko:read_channel: 
DEBUG:netmiko:read_channel: 
DEBUG:netmiko:read_channel: 
DEBUG:netmiko:read_channel: 
DEBUG:netmiko:read_channel: 
DEBUG:netmiko:read_channel: 
DEBUG:netmiko:read_channel: 
DEBUG:netmiko:read_channel: 
DEBUG:netmiko:read_channel: 
DEBUG:netmiko:read_channel: 
DEBUG:netmiko:read_channel: 
DEBUG:netmiko:read_channel: 
DEBUG:netmiko:read_channel: 
DEBUG:netmiko:read_channel: 
DEBUG:netmiko:read_channel: 
DEBUG:netmiko:read_channel: 
DEBUG:netmiko:read_channel: 
DEBUG:netmiko:read_channel: 
DEBUG:netmiko:read_channel: 
DEBUG:netmiko:read_channel: 
DEBUG:netmiko:read_channel: 
DEBUG:netmiko:read_channel: 
DEBUG:netmiko:read_channel: 
DEBUG:netmiko:read_channel: 
DEBUG:netmiko:read_channel: 
DEBUG:netmiko:read_channel: 
DEBUG:netmiko:read_channel: 
DEBUG:netmiko:read_channel: 
DEBUG:netmiko:read_channel: 
DEBUG:netmiko:read_channel: 
DEBUG:netmiko:read_channel: 
DEBUG:netmiko:read_channel: 
DEBUG:netmiko:read_channel: 
DEBUG:netmiko:read_channel: 
DEBUG:netmiko:read_channel: 
DEBUG:netmiko:read_channel: 
DEBUG:netmiko:read_channel: 
DEBUG:netmiko:read_channel: 
DEBUG:netmiko:read_channel: 
DEBUG:netmiko:read_channel: 
DEBUG:netmiko:read_channel: 
DEBUG:netmiko:read_channel: 
DEBUG:netmiko:read_channel: 
DEBUG:netmiko:read_channel: 
DEBUG:netmiko:read_channel: 
DEBUG:netmiko:read_channel: 
DEBUG:netmiko:read_channel: 
DEBUG:netmiko:read_channel: 
DEBUG:netmiko:read_channel: 
DEBUG:netmiko:read_channel: 
DEBUG:netmiko:read_channel: 
DEBUG:netmiko:read_channel: 
DEBUG:netmiko:read_channel: 
DEBUG:netmiko:read_channel: 
DEBUG:netmiko:read_channel: 
DEBUG:netmiko:read_channel: 
DEBUG:netmiko:read_channel: 
DEBUG:netmiko:read_channel: 
DEBUG:netmiko:read_channel: 
DEBUG:netmiko:read_channel: 
DEBUG:netmiko:read_channel: 
DEBUG:netmiko:read_channel: 
DEBUG:netmiko:read_channel: 
DEBUG:netmiko:read_channel: 
DEBUG:netmiko:read_channel: 
DEBUG:netmiko:read_channel: 
DEBUG:netmiko:read_channel: 
DEBUG:netmiko:read_channel: 
DEBUG:netmiko:read_channel: 
DEBUG:netmiko:read_channel: 
DEBUG:netmiko:read_channel: 
DEBUG:netmiko:read_channel: 
DEBUG:netmiko:read_channel: 
DEBUG:netmiko:read_channel: 
DEBUG:netmiko:read_channel: 
DEBUG:netmiko:read_channel: 
DEBUG:netmiko:read_channel: 
DEBUG:netmiko:read_channel: 
DEBUG:netmiko:read_channel: 
DEBUG:netmiko:read_channel: 
DEBUG:netmiko:read_channel: 
DEBUG:netmiko:read_channel: 
DEBUG:netmiko:read_channel: 
DEBUG:netmiko:read_channel: 
DEBUG:netmiko:read_channel: 
DEBUG:netmiko:read_channel: 
DEBUG:netmiko:read_channel: 
DEBUG:netmiko:read_channel: 
DEBUG:netmiko:read_channel: 
DEBUG:netmiko:read_channel: 
DEBUG:netmiko:read_channel: 
DEBUG:netmiko:read_channel: 
DEBUG:netmiko:read_channel: 
DEBUG:netmiko:read_channel: 
DEBUG:netmiko:read_channel: 
DEBUG:netmiko:read_channel: 
DEBUG:netmiko:read_channel: 
DEBUG:netmiko:read_channel: 
DEBUG:netmiko:read_channel: 
DEBUG:netmiko:read_channel: 
DEBUG:netmiko:read_channel: 
DEBUG:netmiko:read_channel: 
DEBUG:netmiko:read_channel: 
DEBUG:netmiko:read_channel: 
DEBUG:netmiko:read_channel: 
DEBUG:netmiko:read_channel: 
DEBUG:netmiko:read_channel: 
DEBUG:netmiko:read_channel: 
DEBUG:netmiko:read_channel: 
DEBUG:netmiko:read_channel: 
DEBUG:netmiko:read_channel: 
DEBUG:netmiko:read_channel: 
DEBUG:netmiko:read_channel: 
DEBUG:netmiko:read_channel: 
DEBUG:netmiko:read_channel: 
DEBUG:netmiko:read_channel: 
DEBUG:netmiko:read_channel: 
DEBUG:netmiko:read_channel: 
DEBUG:netmiko:read_channel: 
DEBUG:netmiko:read_channel: 
DEBUG:netmiko:read_channel: 
DEBUG:netmiko:read_channel: 
DEBUG:netmiko:read_channel: 
DEBUG:netmiko:read_channel: 
DEBUG:netmiko:read_channel: 
DEBUG:netmiko:read_channel: 
DEBUG:netmiko:read_channel: 
DEBUG:netmiko:read_channel: 
DEBUG:netmiko:read_channel: 
DEBUG:netmiko:read_channel: 
DEBUG:netmiko:read_channel: 
DEBUG:netmiko:read_channel: 
DEBUG:netmiko:read_channel: 
DEBUG:netmiko:read_channel: 
DEBUG:netmiko:read_channel: 
DEBUG:netmiko:read_channel: 
DEBUG:netmiko:read_channel: 
DEBUG:netmiko:read_channel: 
DEBUG:netmiko:read_channel: 
DEBUG:netmiko:read_channel: 
DEBUG:netmiko:read_channel: 
DEBUG:netmiko:read_channel: 
DEBUG:netmiko:read_channel: 
DEBUG:netmiko:read_channel: 
DEBUG:netmiko:read_channel: 
DEBUG:netmiko:read_channel: 
DEBUG:netmiko:read_channel: 
DEBUG:netmiko:read_channel: 
DEBUG:netmiko:read_channel: 
DEBUG:netmiko:read_channel: 
DEBUG:netmiko:read_channel: 
DEBUG:netmiko:read_channel: 
DEBUG:netmiko:read_channel: 
DEBUG:netmiko:read_channel: 
DEBUG:netmiko:read_channel: 
DEBUG:netmiko:read_channel: 
DEBUG:netmiko:read_channel: 
DEBUG:netmiko:read_channel: 
DEBUG:netmiko:read_channel: 
DEBUG:netmiko:read_channel: 
DEBUG:netmiko:read_channel: 
DEBUG:netmiko:read_channel: 
DEBUG:netmiko:read_channel: 
DEBUG:netmiko:read_channel: 
DEBUG:netmiko:read_channel: 
DEBUG:netmiko:read_channel: 
DEBUG:netmiko:read_channel: 
DEBUG:netmiko:read_channel: 
DEBUG:netmiko:read_channel: 
DEBUG:netmiko:read_channel: 
DEBUG:netmiko:read_channel: 
DEBUG:netmiko:read_channel: 
DEBUG:netmiko:read_channel: 
DEBUG:netmiko:read_channel: 
DEBUG:netmiko:read_channel: 
DEBUG:netmiko:read_channel: 
DEBUG:netmiko:read_channel: 
DEBUG:netmiko:read_channel: 
DEBUG:netmiko:read_channel: 
DEBUG:netmiko:read_channel: 
DEBUG:netmiko:read_channel: 
DEBUG:netmiko:read_channel: 
DEBUG:netmiko:read_channel: 
DEBUG:netmiko:read_channel: 
DEBUG:netmiko:read_channel: 
DEBUG:netmiko:read_channel: 
DEBUG:netmiko:read_channel: 
DEBUG:netmiko:read_channel: 
DEBUG:netmiko:read_channel: 
DEBUG:netmiko:read_channel: 
DEBUG:netmiko:read_channel: 
DEBUG:netmiko:read_channel: 
DEBUG:netmiko:read_channel: 
DEBUG:netmiko:read_channel: 
DEBUG:netmiko:read_channel: 
DEBUG:netmiko:read_channel: 
DEBUG:netmiko:read_channel: 
DEBUG:netmiko:read_channel: 
DEBUG:netmiko:read_channel: 
DEBUG:netmiko:read_channel: 
DEBUG:netmiko:read_channel: 
DEBUG:netmiko:read_channel: 
DEBUG:netmiko:read_channel: 
DEBUG:netmiko:read_channel: 
DEBUG:netmiko:read_channel: 
DEBUG:netmiko:read_channel: 
DEBUG:netmiko:read_channel: 
DEBUG:netmiko:write_channel: b'\n'
DEBUG:netmiko:read_channel: 
%Warning:There is a file already existing with this name 
Do you want to over write? [confirm]
DEBUG:netmiko:read_channel: 
DEBUG:netmiko:read_channel: 
DEBUG:netmiko:write_channel: b'exit\n'
DEBUG:paramiko.transport:starting thread (client mode): 0x18f96510
DEBUG:paramiko.transport:Local version/idstring: SSH-2.0-paramiko_2.7.2
DEBUG:paramiko.transport:Remote version/idstring: SSH-2.0-Cisco-1.25
INFO:paramiko.transport:Connected (version 2.0, client Cisco-1.25)
DEBUG:paramiko.transport:kex algos:['diffie-hellman-group-exchange-sha1', 'diffie-hellman-group14-sha1'] server key:['ssh-rsa'] client encrypt:['aes128-ctr', 'aes192-ctr', 'aes256-ctr'] server encrypt:['aes128-ctr', 'aes192-ctr', 'aes256-ctr'] client mac:['hmac-sha2-256', 'hmac-sha2-512', 'hmac-sha1', 'hmac-sha1-96'] server mac:['hmac-sha2-256', 'hmac-sha2-512', 'hmac-sha1', 'hmac-sha1-96'] client compress:['none'] server compress:['none'] client lang:[''] server lang:[''] kex follows?False
DEBUG:paramiko.transport:Kex agreed: diffie-hellman-group-exchange-sha1
DEBUG:paramiko.transport:HostKey agreed: ssh-rsa
DEBUG:paramiko.transport:Cipher agreed: aes128-ctr
DEBUG:paramiko.transport:MAC agreed: hmac-sha2-256
DEBUG:paramiko.transport:Compression agreed: none
DEBUG:paramiko.transport:Got server p (2048 bits)
DEBUG:paramiko.transport:kex engine KexGex specified hash_algo <built-in function openssl_sha1>
DEBUG:paramiko.transport:Switch to new keys ...
DEBUG:paramiko.transport:Adding ssh-rsa host key for cisco3.lasthop.io: b'f05fe0c73e29ddad92927e052a4b03f6'
DEBUG:paramiko.transport:userauth is OK
INFO:paramiko.transport:Authentication (password) successful!
DEBUG:paramiko.transport:[chan 0] Max packet in: 32768 bytes
DEBUG:paramiko.transport:[chan 0] Max packet out: 4096 bytes
DEBUG:paramiko.transport:Secsh channel 0 opened.
DEBUG:paramiko.transport:[chan 0] Sesch channel 0 request ok
DEBUG:paramiko.transport:[chan 0] Sesch channel 0 request ok
DEBUG:netmiko:write_channel: b'terminal width 511\n'
DEBUG:netmiko:Pattern is: terminal width 511
DEBUG:netmiko:_read_channel_expect read_data: 


cisco3#
DEBUG:netmiko:_read_channel_expect read_data: termi
DEBUG:netmiko:_read_channel_expect read_data: nal wid
DEBUG:netmiko:_read_channel_expect read_data: th 511
cisco3#
DEBUG:netmiko:Pattern found: terminal width 511 


cisco3#terminal width 511
cisco3#
DEBUG:netmiko:In disable_paging
DEBUG:netmiko:Command: terminal length 0

DEBUG:netmiko:write_channel: b'terminal length 0\n'
DEBUG:netmiko:Pattern is: terminal\ length\ 0
DEBUG:netmiko:_read_channel_expect read_data: t
DEBUG:netmiko:_read_channel_expect read_data: ermina
DEBUG:netmiko:_read_channel_expect read_data: l lengt
DEBUG:netmiko:_read_channel_expect read_data: h 0
cisco3#
DEBUG:netmiko:Pattern found: terminal\ length\ 0 terminal length 0
cisco3#
DEBUG:netmiko:terminal length 0
cisco3#
DEBUG:netmiko:Exiting disable_paging
DEBUG:netmiko:read_channel: 
DEBUG:netmiko:write_channel: b'\n'
DEBUG:netmiko:read_channel: 
cisco3#
DEBUG:netmiko:read_channel: 
DEBUG:netmiko:[find_prompt()]: prompt is cisco3#
DEBUG:netmiko:read_channel: 
DEBUG:netmiko:write_channel: b'copy flash:testx.txt flash:test_jdg.txt\n'
DEBUG:netmiko:Pattern is: copy\ flash:testx\.txt\ flash:test_jdg\.txt
DEBUG:netmiko:_read_channel_expect read_data: c
DEBUG:netmiko:_read_channel_expect read_data: opy fla
DEBUG:netmiko:_read_channel_expect read_data: sh:testx
DEBUG:netmiko:_read_channel_expect read_data: .txt f
DEBUG:netmiko:_read_channel_expect read_data: lash:tes
DEBUG:netmiko:_read_channel_expect read_data: t_jdg.
DEBUG:netmiko:_read_channel_expect read_data: txt

DEBUG:netmiko:Pattern found: copy\ flash:testx\.txt\ flash:test_jdg\.txt copy flash:testx.txt flash:test_jdg.txt

DEBUG:netmiko:read_channel: Destination filename [test_jdg.txt]? 
DEBUG:netmiko:read_channel: 
DEBUG:netmiko:write_channel: b'\n'
DEBUG:netmiko:read_channel: 
%Warning:There is a file already existing with this name 
Do you want to over write? [confirm]
DEBUG:netmiko:read_channel: 
DEBUG:netmiko:write_channel: b'y\n'
DEBUG:netmiko:Pattern is: y
DEBUG:netmiko:_read_channel_expect read_data: y
Copy in progress...
DEBUG:netmiko:Pattern found: y y
Copy in progress...
DEBUG:netmiko:read_channel: C
21 bytes copied in 0.024 secs (875 bytes/sec)
cisco3#
cisco3#
DEBUG:netmiko:read_channel: 
DEBUG:netmiko:write_channel: b'\n'
DEBUG:netmiko:read_channel: 
cisco3#
DEBUG:netmiko:read_channel: 
DEBUG:netmiko:[find_prompt()]: prompt is cisco3#
DEBUG:netmiko:write_channel: b'\n'
DEBUG:netmiko:read_channel: 
cisco3#
DEBUG:netmiko:read_channel: 
DEBUG:netmiko:read_channel: 
DEBUG:netmiko:write_channel: b'exit\n'
DEBUG:paramiko.transport:starting thread (client mode): 0x38259550
DEBUG:paramiko.transport:Local version/idstring: SSH-2.0-paramiko_2.7.2
DEBUG:paramiko.transport:Remote version/idstring: SSH-2.0-Cisco-1.25
INFO:paramiko.transport:Connected (version 2.0, client Cisco-1.25)
DEBUG:paramiko.transport:kex algos:['diffie-hellman-group-exchange-sha1', 'diffie-hellman-group14-sha1'] server key:['ssh-rsa'] client encrypt:['aes128-ctr', 'aes192-ctr', 'aes256-ctr'] server encrypt:['aes128-ctr', 'aes192-ctr', 'aes256-ctr'] client mac:['hmac-sha2-256', 'hmac-sha2-512', 'hmac-sha1', 'hmac-sha1-96'] server mac:['hmac-sha2-256', 'hmac-sha2-512', 'hmac-sha1', 'hmac-sha1-96'] client compress:['none'] server compress:['none'] client lang:[''] server lang:[''] kex follows?False
DEBUG:paramiko.transport:Kex agreed: diffie-hellman-group-exchange-sha1
DEBUG:paramiko.transport:HostKey agreed: ssh-rsa
DEBUG:paramiko.transport:Cipher agreed: aes128-ctr
DEBUG:paramiko.transport:MAC agreed: hmac-sha2-256
DEBUG:paramiko.transport:Compression agreed: none
DEBUG:paramiko.transport:Got server p (2048 bits)
DEBUG:paramiko.transport:kex engine KexGex specified hash_algo <built-in function openssl_sha1>
DEBUG:paramiko.transport:Switch to new keys ...
DEBUG:paramiko.transport:Adding ssh-rsa host key for cisco3.lasthop.io: b'f05fe0c73e29ddad92927e052a4b03f6'
DEBUG:paramiko.transport:userauth is OK
INFO:paramiko.transport:Authentication (password) successful!
DEBUG:paramiko.transport:[chan 0] Max packet in: 32768 bytes
DEBUG:paramiko.transport:[chan 0] Max packet out: 4096 bytes
DEBUG:paramiko.transport:Secsh channel 0 opened.
DEBUG:paramiko.transport:[chan 0] Sesch channel 0 request ok
DEBUG:paramiko.transport:[chan 0] Sesch channel 0 request ok
DEBUG:netmiko:write_channel: b'terminal width 511\n'
DEBUG:netmiko:Pattern is: terminal width 511
DEBUG:netmiko:_read_channel_expect read_data: 

cisco3#
DEBUG:netmiko:_read_channel_expect read_data: termi
DEBUG:netmiko:_read_channel_expect read_data: nal wid
DEBUG:netmiko:_read_channel_expect read_data: th 511
cisco3#
DEBUG:netmiko:Pattern found: terminal width 511 

cisco3#terminal width 511
cisco3#
DEBUG:netmiko:In disable_paging
DEBUG:netmiko:Command: terminal length 0

DEBUG:netmiko:write_channel: b'terminal length 0\n'
DEBUG:netmiko:Pattern is: terminal\ length\ 0
DEBUG:netmiko:_read_channel_expect read_data: t
DEBUG:netmiko:_read_channel_expect read_data: ermina
DEBUG:netmiko:_read_channel_expect read_data: l length 0
cisco3#
DEBUG:netmiko:Pattern found: terminal\ length\ 0 terminal length 0
cisco3#
DEBUG:netmiko:terminal length 0
cisco3#
DEBUG:netmiko:Exiting disable_paging
DEBUG:netmiko:read_channel: 
DEBUG:netmiko:write_channel: b'\n'
DEBUG:netmiko:read_channel: 
cisco3#
DEBUG:netmiko:read_channel: 
DEBUG:netmiko:[find_prompt()]: prompt is cisco3#
DEBUG:netmiko:read_channel: 
DEBUG:netmiko:write_channel: b'copy flash:testx.txt flash:test_jdg.txt\n'
DEBUG:netmiko:Pattern is: copy\ flash:testx\.txt\ flash:test_jdg\.txt
DEBUG:netmiko:_read_channel_expect read_data: c
DEBUG:netmiko:_read_channel_expect read_data: opy fla
DEBUG:netmiko:_read_channel_expect read_data: sh:testx
DEBUG:netmiko:_read_channel_expect read_data: .txt fl
DEBUG:netmiko:_read_channel_expect read_data: ash:te
DEBUG:netmiko:_read_channel_expect read_data: st_jdg.
DEBUG:netmiko:_read_channel_expect read_data: txt

DEBUG:netmiko:Pattern found: copy\ flash:testx\.txt\ flash:test_jdg\.txt copy flash:testx.txt flash:test_jdg.txt

DEBUG:netmiko:read_channel: Destination filename [test_jdg.txt]? 
DEBUG:netmiko:read_channel: 
DEBUG:netmiko:write_channel: b'\n'
DEBUG:netmiko:read_channel: 
%Warning:There is a file already existing with this name 
Do you want to over write? [confirm]
DEBUG:netmiko:read_channel: 
DEBUG:netmiko:write_channel: b'y\n'
DEBUG:netmiko:Pattern is: y
DEBUG:netmiko:_read_channel_expect read_data: y
Copy in progress...C
DEBUG:netmiko:Pattern found: y y
Copy in progress...C
DEBUG:netmiko:read_channel: 
21 bytes copied in 0.024 secs (875 bytes/sec)
cisco3#
cisco3#
DEBUG:netmiko:write_channel: b'\n'
DEBUG:netmiko:read_channel: 
cisco3#
DEBUG:netmiko:read_channel: 
DEBUG:netmiko:read_channel: 
DEBUG:netmiko:write_channel: b'exit\n'
DEBUG:paramiko.transport:starting thread (client mode): 0xe893e4d0
DEBUG:paramiko.transport:Local version/idstring: SSH-2.0-paramiko_2.7.2
DEBUG:paramiko.transport:Remote version/idstring: SSH-2.0-Cisco-1.25
INFO:paramiko.transport:Connected (version 2.0, client Cisco-1.25)
DEBUG:paramiko.transport:kex algos:['diffie-hellman-group-exchange-sha1', 'diffie-hellman-group14-sha1'] server key:['ssh-rsa'] client encrypt:['aes128-ctr', 'aes192-ctr', 'aes256-ctr'] server encrypt:['aes128-ctr', 'aes192-ctr', 'aes256-ctr'] client mac:['hmac-sha2-256', 'hmac-sha2-512', 'hmac-sha1', 'hmac-sha1-96'] server mac:['hmac-sha2-256', 'hmac-sha2-512', 'hmac-sha1', 'hmac-sha1-96'] client compress:['none'] server compress:['none'] client lang:[''] server lang:[''] kex follows?False
DEBUG:paramiko.transport:Kex agreed: diffie-hellman-group-exchange-sha1
DEBUG:paramiko.transport:HostKey agreed: ssh-rsa
DEBUG:paramiko.transport:Cipher agreed: aes128-ctr
DEBUG:paramiko.transport:MAC agreed: hmac-sha2-256
DEBUG:paramiko.transport:Compression agreed: none
DEBUG:paramiko.transport:Got server p (2048 bits)
DEBUG:paramiko.transport:kex engine KexGex specified hash_algo <built-in function openssl_sha1>
DEBUG:paramiko.transport:Switch to new keys ...
DEBUG:paramiko.transport:Adding ssh-rsa host key for cisco3.lasthop.io: b'f05fe0c73e29ddad92927e052a4b03f6'
DEBUG:paramiko.transport:userauth is OK
INFO:paramiko.transport:Authentication (password) successful!
DEBUG:paramiko.transport:[chan 0] Max packet in: 32768 bytes
DEBUG:paramiko.transport:[chan 0] Max packet out: 4096 bytes
DEBUG:paramiko.transport:Secsh channel 0 opened.
DEBUG:paramiko.transport:[chan 0] Sesch channel 0 request ok
DEBUG:paramiko.transport:[chan 0] Sesch channel 0 request ok
DEBUG:netmiko:write_channel: b'terminal width 511\n'
DEBUG:netmiko:Pattern is: terminal width 511
DEBUG:netmiko:_read_channel_expect read_data: 


cisco3#
DEBUG:netmiko:_read_channel_expect read_data: term
DEBUG:netmiko:_read_channel_expect read_data: inal 
DEBUG:netmiko:_read_channel_expect read_data: width 51
DEBUG:netmiko:_read_channel_expect read_data: 1
cisco3#
DEBUG:netmiko:Pattern found: terminal width 511 


cisco3#terminal width 511
cisco3#
DEBUG:netmiko:In disable_paging
DEBUG:netmiko:Command: terminal length 0

DEBUG:netmiko:write_channel: b'terminal length 0\n'
DEBUG:netmiko:Pattern is: terminal\ length\ 0
DEBUG:netmiko:_read_channel_expect read_data: t
DEBUG:netmiko:_read_channel_expect read_data: erminal
DEBUG:netmiko:_read_channel_expect read_data:  lengt
DEBUG:netmiko:_read_channel_expect read_data: h 0
cisco3#
DEBUG:netmiko:Pattern found: terminal\ length\ 0 terminal length 0
cisco3#
DEBUG:netmiko:terminal length 0
cisco3#
DEBUG:netmiko:Exiting disable_paging
DEBUG:netmiko:read_channel: 
DEBUG:netmiko:write_channel: b'\n'
DEBUG:netmiko:read_channel: 
cisco3#
DEBUG:netmiko:read_channel: 
DEBUG:netmiko:[find_prompt()]: prompt is cisco3#
DEBUG:netmiko:write_channel: b'copy flash:testx.txt flash:test_jdg.txt\n'
DEBUG:netmiko:send_command_timing current output: 
DEBUG:netmiko:read_channel: copy flash:testx.txt flash:test_jdg.txt
Destination filename [test_jdg.txt]? 
DEBUG:netmiko:read_channel: 
DEBUG:netmiko:read_channel: 
DEBUG:netmiko:send_command_timing final output: copy flash:testx.txt flash:test_jdg.txt
Destination filename [test_jdg.txt]? 
DEBUG:netmiko:write_channel: b'\n'
DEBUG:netmiko:send_command_timing current output: 
DEBUG:netmiko:read_channel: 
%Warning:There is a file already existing with this name 
Do you want to over write? [confirm]
DEBUG:netmiko:read_channel: 
DEBUG:netmiko:read_channel: 
DEBUG:netmiko:send_command_timing final output: 
%Warning:There is a file already existing with this name 
Do you want to over write? [confirm]
DEBUG:netmiko:write_channel: b'y\n'
DEBUG:netmiko:send_command_timing current output: 
DEBUG:netmiko:read_channel: y
Copy in progress...C
21 bytes copied in 0.024 secs (875 bytes/sec)
cisco3#
cisco3#
DEBUG:netmiko:read_channel: 
DEBUG:netmiko:read_channel: 
DEBUG:netmiko:send_command_timing final output: y
Copy in progress...C
21 bytes copied in 0.024 secs (875 bytes/sec)
cisco3#
cisco3#
DEBUG:netmiko:write_channel: b'\n'
DEBUG:netmiko:read_channel: 
cisco3#
DEBUG:netmiko:read_channel: 
DEBUG:netmiko:read_channel: 
DEBUG:netmiko:write_channel: b'exit\n'
DEBUG:paramiko.transport:starting thread (client mode): 0x5b4bd610
DEBUG:paramiko.transport:Local version/idstring: SSH-2.0-paramiko_2.7.2
DEBUG:paramiko.transport:Remote version/idstring: SSH-2.0-Cisco-1.25
INFO:paramiko.transport:Connected (version 2.0, client Cisco-1.25)
DEBUG:paramiko.transport:kex algos:['diffie-hellman-group-exchange-sha1', 'diffie-hellman-group14-sha1'] server key:['ssh-rsa'] client encrypt:['aes128-ctr', 'aes192-ctr', 'aes256-ctr'] server encrypt:['aes128-ctr', 'aes192-ctr', 'aes256-ctr'] client mac:['hmac-sha2-256', 'hmac-sha2-512', 'hmac-sha1', 'hmac-sha1-96'] server mac:['hmac-sha2-256', 'hmac-sha2-512', 'hmac-sha1', 'hmac-sha1-96'] client compress:['none'] server compress:['none'] client lang:[''] server lang:[''] kex follows?False
DEBUG:paramiko.transport:Kex agreed: diffie-hellman-group-exchange-sha1
DEBUG:paramiko.transport:HostKey agreed: ssh-rsa
DEBUG:paramiko.transport:Cipher agreed: aes128-ctr
DEBUG:paramiko.transport:MAC agreed: hmac-sha2-256
DEBUG:paramiko.transport:Compression agreed: none
DEBUG:paramiko.transport:Got server p (2048 bits)
DEBUG:paramiko.transport:kex engine KexGex specified hash_algo <built-in function openssl_sha1>
DEBUG:paramiko.transport:Switch to new keys ...
DEBUG:paramiko.transport:Adding ssh-rsa host key for cisco3.lasthop.io: b'f05fe0c73e29ddad92927e052a4b03f6'
DEBUG:paramiko.transport:userauth is OK
INFO:paramiko.transport:Authentication (password) successful!
DEBUG:paramiko.transport:[chan 0] Max packet in: 32768 bytes
DEBUG:paramiko.transport:[chan 0] Max packet out: 4096 bytes
DEBUG:paramiko.transport:Secsh channel 0 opened.
DEBUG:paramiko.transport:[chan 0] Sesch channel 0 request ok
DEBUG:paramiko.transport:[chan 0] Sesch channel 0 request ok
DEBUG:netmiko:write_channel: b'terminal width 511\n'
DEBUG:netmiko:Pattern is: terminal width 511
DEBUG:netmiko:_read_channel_expect read_data: 


cisco3#
DEBUG:netmiko:_read_channel_expect read_data: terminal width 511
cisco3#
DEBUG:netmiko:Pattern found: terminal width 511 


cisco3#terminal width 511
cisco3#
DEBUG:netmiko:In disable_paging
DEBUG:netmiko:Command: terminal length 0

DEBUG:netmiko:write_channel: b'terminal length 0\n'
DEBUG:netmiko:Pattern is: terminal\ length\ 0
DEBUG:netmiko:_read_channel_expect read_data: t
DEBUG:netmiko:_read_channel_expect read_data: erminal length 0
cisco3#
DEBUG:netmiko:Pattern found: terminal\ length\ 0 terminal length 0
cisco3#
DEBUG:netmiko:terminal length 0
cisco3#
DEBUG:netmiko:Exiting disable_paging
DEBUG:netmiko:read_channel: 
DEBUG:netmiko:write_channel: b'\n'
DEBUG:netmiko:read_channel: 
cisco3#
DEBUG:netmiko:read_channel: 
DEBUG:netmiko:[find_prompt()]: prompt is cisco3#
DEBUG:netmiko:read_channel: 
DEBUG:netmiko:write_channel: b'\n'
DEBUG:netmiko:read_channel: 
cisco3#
DEBUG:netmiko:read_channel: 
DEBUG:netmiko:[find_prompt()]: prompt is cisco3#
DEBUG:netmiko:write_channel: b'\n'
DEBUG:netmiko:read_channel: 
cisco3#
DEBUG:netmiko:read_channel: 
DEBUG:netmiko:read_channel: 
DEBUG:netmiko:write_channel: b'exit\n'
DEBUG:paramiko.transport:starting thread (client mode): 0x6cd24610
DEBUG:paramiko.transport:Local version/idstring: SSH-2.0-paramiko_2.7.2
DEBUG:paramiko.transport:Remote version/idstring: SSH-2.0-Cisco-1.25
INFO:paramiko.transport:Connected (version 2.0, client Cisco-1.25)
DEBUG:paramiko.transport:kex algos:['diffie-hellman-group-exchange-sha1', 'diffie-hellman-group14-sha1'] server key:['ssh-rsa'] client encrypt:['aes128-ctr', 'aes192-ctr', 'aes256-ctr'] server encrypt:['aes128-ctr', 'aes192-ctr', 'aes256-ctr'] client mac:['hmac-sha2-256', 'hmac-sha2-512', 'hmac-sha1', 'hmac-sha1-96'] server mac:['hmac-sha2-256', 'hmac-sha2-512', 'hmac-sha1', 'hmac-sha1-96'] client compress:['none'] server compress:['none'] client lang:[''] server lang:[''] kex follows?False
DEBUG:paramiko.transport:Kex agreed: diffie-hellman-group-exchange-sha1
DEBUG:paramiko.transport:HostKey agreed: ssh-rsa
DEBUG:paramiko.transport:Cipher agreed: aes128-ctr
DEBUG:paramiko.transport:MAC agreed: hmac-sha2-256
DEBUG:paramiko.transport:Compression agreed: none
DEBUG:paramiko.transport:Got server p (2048 bits)
DEBUG:paramiko.transport:kex engine KexGex specified hash_algo <built-in function openssl_sha1>
DEBUG:paramiko.transport:Switch to new keys ...
DEBUG:paramiko.transport:Adding ssh-rsa host key for cisco3.lasthop.io: b'f05fe0c73e29ddad92927e052a4b03f6'
DEBUG:paramiko.transport:userauth is OK
INFO:paramiko.transport:Authentication (password) successful!
DEBUG:paramiko.transport:[chan 0] Max packet in: 32768 bytes
DEBUG:paramiko.transport:[chan 0] Max packet out: 4096 bytes
DEBUG:paramiko.transport:Secsh channel 0 opened.
DEBUG:paramiko.transport:[chan 0] Sesch channel 0 request ok
DEBUG:paramiko.transport:[chan 0] Sesch channel 0 request ok
DEBUG:netmiko:write_channel: b'terminal width 511\n'
DEBUG:netmiko:Pattern is: terminal width 511
DEBUG:netmiko:_read_channel_expect read_data: 

cisco3#
DEBUG:netmiko:_read_channel_expect read_data: termi
DEBUG:netmiko:_read_channel_expect read_data: nal wid
DEBUG:netmiko:_read_channel_expect read_data: th 511
DEBUG:netmiko:Pattern found: terminal width 511 

cisco3#terminal width 511
DEBUG:netmiko:In disable_paging
DEBUG:netmiko:Command: terminal length 0

DEBUG:netmiko:write_channel: b'terminal length 0\n'
DEBUG:netmiko:Pattern is: terminal\ length\ 0
DEBUG:netmiko:_read_channel_expect read_data: 

DEBUG:netmiko:_read_channel_expect read_data: cisco3#termi
DEBUG:netmiko:_read_channel_expect read_data: nal len
DEBUG:netmiko:_read_channel_expect read_data: gth 0
cisco3#
DEBUG:netmiko:Pattern found: terminal\ length\ 0 
cisco3#terminal length 0
cisco3#
DEBUG:netmiko:
cisco3#terminal length 0
cisco3#
DEBUG:netmiko:Exiting disable_paging
DEBUG:netmiko:read_channel: 
DEBUG:netmiko:write_channel: b'\n'
DEBUG:netmiko:read_channel: 
cisco3#
DEBUG:netmiko:read_channel: 
DEBUG:netmiko:[find_prompt()]: prompt is cisco3#
DEBUG:netmiko:read_channel: 
DEBUG:netmiko:write_channel: b'\n'
DEBUG:netmiko:read_channel: 
cisco3#
DEBUG:netmiko:read_channel: 
DEBUG:netmiko:[find_prompt()]: prompt is cisco3#
DEBUG:netmiko:write_channel: b'\n'
DEBUG:netmiko:read_channel: 
cisco3#
DEBUG:netmiko:read_channel: 
DEBUG:netmiko:read_channel: 
DEBUG:netmiko:write_channel: b'exit\n'
DEBUG:paramiko.transport:starting thread (client mode): 0x91e0e5d0
DEBUG:paramiko.transport:Local version/idstring: SSH-2.0-paramiko_2.7.2
DEBUG:paramiko.transport:Remote version/idstring: SSH-2.0-Cisco-1.25
INFO:paramiko.transport:Connected (version 2.0, client Cisco-1.25)
DEBUG:paramiko.transport:kex algos:['diffie-hellman-group-exchange-sha1', 'diffie-hellman-group14-sha1'] server key:['ssh-rsa'] client encrypt:['aes128-ctr', 'aes192-ctr', 'aes256-ctr'] server encrypt:['aes128-ctr', 'aes192-ctr', 'aes256-ctr'] client mac:['hmac-sha2-256', 'hmac-sha2-512', 'hmac-sha1', 'hmac-sha1-96'] server mac:['hmac-sha2-256', 'hmac-sha2-512', 'hmac-sha1', 'hmac-sha1-96'] client compress:['none'] server compress:['none'] client lang:[''] server lang:[''] kex follows?False
DEBUG:paramiko.transport:Kex agreed: diffie-hellman-group-exchange-sha1
DEBUG:paramiko.transport:HostKey agreed: ssh-rsa
DEBUG:paramiko.transport:Cipher agreed: aes128-ctr
DEBUG:paramiko.transport:MAC agreed: hmac-sha2-256
DEBUG:paramiko.transport:Compression agreed: none
DEBUG:paramiko.transport:Got server p (2048 bits)
DEBUG:paramiko.transport:kex engine KexGex specified hash_algo <built-in function openssl_sha1>
DEBUG:paramiko.transport:Switch to new keys ...
DEBUG:paramiko.transport:Adding ssh-rsa host key for cisco3.lasthop.io: b'f05fe0c73e29ddad92927e052a4b03f6'
DEBUG:paramiko.transport:userauth is OK
INFO:paramiko.transport:Authentication (password) successful!
DEBUG:paramiko.transport:[chan 0] Max packet in: 32768 bytes
DEBUG:paramiko.transport:[chan 0] Max packet out: 4096 bytes
DEBUG:paramiko.transport:Secsh channel 0 opened.
DEBUG:paramiko.transport:[chan 0] Sesch channel 0 request ok
DEBUG:paramiko.transport:[chan 0] Sesch channel 0 request ok
DEBUG:netmiko:write_channel: b'terminal width 511\n'
DEBUG:netmiko:Pattern is: terminal width 511
DEBUG:netmiko:_read_channel_expect read_data: 

cisco3#
DEBUG:netmiko:_read_channel_expect read_data: terminal width 511
cisco3#
DEBUG:netmiko:Pattern found: terminal width 511 

cisco3#terminal width 511
cisco3#
DEBUG:netmiko:In disable_paging
DEBUG:netmiko:Command: terminal length 0

DEBUG:netmiko:write_channel: b'terminal length 0\n'
DEBUG:netmiko:Pattern is: terminal\ length\ 0
DEBUG:netmiko:_read_channel_expect read_data: t
DEBUG:netmiko:_read_channel_expect read_data: erminal length 0
cisco3#
DEBUG:netmiko:Pattern found: terminal\ length\ 0 terminal length 0
cisco3#
DEBUG:netmiko:terminal length 0
cisco3#
DEBUG:netmiko:Exiting disable_paging
DEBUG:netmiko:read_channel: 
DEBUG:netmiko:write_channel: b'\n'
DEBUG:netmiko:read_channel: 
cisco3#
DEBUG:netmiko:read_channel: 
DEBUG:netmiko:[find_prompt()]: prompt is cisco3#
DEBUG:netmiko:read_channel: 
DEBUG:netmiko:write_channel: b'\n'
DEBUG:netmiko:read_channel: 
cisco3#
DEBUG:netmiko:read_channel: 
DEBUG:netmiko:[find_prompt()]: prompt is cisco3#
DEBUG:netmiko:write_channel: b'\n'
DEBUG:netmiko:read_channel: 
cisco3#
DEBUG:netmiko:read_channel: 
DEBUG:netmiko:read_channel: 
DEBUG:netmiko:write_channel: b'exit\n'
DEBUG:paramiko.transport:starting thread (client mode): 0x9eda54d0
DEBUG:paramiko.transport:Local version/idstring: SSH-2.0-paramiko_2.7.2
DEBUG:paramiko.transport:Remote version/idstring: SSH-2.0-Cisco-1.25
INFO:paramiko.transport:Connected (version 2.0, client Cisco-1.25)
DEBUG:paramiko.transport:kex algos:['diffie-hellman-group-exchange-sha1', 'diffie-hellman-group14-sha1'] server key:['ssh-rsa'] client encrypt:['aes128-ctr', 'aes192-ctr', 'aes256-ctr'] server encrypt:['aes128-ctr', 'aes192-ctr', 'aes256-ctr'] client mac:['hmac-sha2-256', 'hmac-sha2-512', 'hmac-sha1', 'hmac-sha1-96'] server mac:['hmac-sha2-256', 'hmac-sha2-512', 'hmac-sha1', 'hmac-sha1-96'] client compress:['none'] server compress:['none'] client lang:[''] server lang:[''] kex follows?False
DEBUG:paramiko.transport:Kex agreed: diffie-hellman-group-exchange-sha1
DEBUG:paramiko.transport:HostKey agreed: ssh-rsa
DEBUG:paramiko.transport:Cipher agreed: aes128-ctr
DEBUG:paramiko.transport:MAC agreed: hmac-sha2-256
DEBUG:paramiko.transport:Compression agreed: none
DEBUG:paramiko.transport:Got server p (2048 bits)
DEBUG:paramiko.transport:kex engine KexGex specified hash_algo <built-in function openssl_sha1>
DEBUG:paramiko.transport:Switch to new keys ...
DEBUG:paramiko.transport:Adding ssh-rsa host key for cisco3.lasthop.io: b'f05fe0c73e29ddad92927e052a4b03f6'
DEBUG:paramiko.transport:userauth is OK
INFO:paramiko.transport:Authentication (password) successful!
DEBUG:paramiko.transport:[chan 0] Max packet in: 32768 bytes
DEBUG:paramiko.transport:[chan 0] Max packet out: 4096 bytes
DEBUG:paramiko.transport:Secsh channel 0 opened.
DEBUG:paramiko.transport:[chan 0] Sesch channel 0 request ok
DEBUG:paramiko.transport:[chan 0] Sesch channel 0 request ok
DEBUG:netmiko:write_channel: b'terminal width 511\n'
DEBUG:netmiko:Pattern is: terminal width 511
DEBUG:netmiko:_read_channel_expect read_data: 

cisco3#
DEBUG:netmiko:_read_channel_expect read_data: terminal width 511
cisco3#
DEBUG:netmiko:Pattern found: terminal width 511 

cisco3#terminal width 511
cisco3#
DEBUG:netmiko:In disable_paging
DEBUG:netmiko:Command: terminal length 0

DEBUG:netmiko:write_channel: b'terminal length 0\n'
DEBUG:netmiko:Pattern is: terminal\ length\ 0
DEBUG:netmiko:_read_channel_expect read_data: t
DEBUG:netmiko:_read_channel_expect read_data: erminal length 0
cisco3#
DEBUG:netmiko:Pattern found: terminal\ length\ 0 terminal length 0
cisco3#
DEBUG:netmiko:terminal length 0
cisco3#
DEBUG:netmiko:Exiting disable_paging
DEBUG:netmiko:read_channel: 
DEBUG:netmiko:write_channel: b'\n'
DEBUG:netmiko:read_channel: 
cisco3#
DEBUG:netmiko:read_channel: 
DEBUG:netmiko:[find_prompt()]: prompt is cisco3#
DEBUG:netmiko:read_channel: 
DEBUG:netmiko:write_channel: b'\n'
DEBUG:netmiko:read_channel: 
cisco3#
DEBUG:netmiko:read_channel: 
DEBUG:netmiko:[find_prompt()]: prompt is cisco3#
DEBUG:netmiko:write_channel: b'\n'
DEBUG:netmiko:read_channel: 
cisco3#
DEBUG:netmiko:read_channel: 
DEBUG:netmiko:read_channel: 
DEBUG:netmiko:write_channel: b'exit\n'
DEBUG:paramiko.transport:starting thread (client mode): 0x761536d0
DEBUG:paramiko.transport:Local version/idstring: SSH-2.0-paramiko_2.7.2
DEBUG:paramiko.transport:Remote version/idstring: SSH-2.0-Cisco-1.25
INFO:paramiko.transport:Connected (version 2.0, client Cisco-1.25)
DEBUG:paramiko.transport:kex algos:['diffie-hellman-group-exchange-sha1', 'diffie-hellman-group14-sha1'] server key:['ssh-rsa'] client encrypt:['aes128-ctr', 'aes192-ctr', 'aes256-ctr'] server encrypt:['aes128-ctr', 'aes192-ctr', 'aes256-ctr'] client mac:['hmac-sha2-256', 'hmac-sha2-512', 'hmac-sha1', 'hmac-sha1-96'] server mac:['hmac-sha2-256', 'hmac-sha2-512', 'hmac-sha1', 'hmac-sha1-96'] client compress:['none'] server compress:['none'] client lang:[''] server lang:[''] kex follows?False
DEBUG:paramiko.transport:Kex agreed: diffie-hellman-group-exchange-sha1
DEBUG:paramiko.transport:HostKey agreed: ssh-rsa
DEBUG:paramiko.transport:Cipher agreed: aes128-ctr
DEBUG:paramiko.transport:MAC agreed: hmac-sha2-256
DEBUG:paramiko.transport:Compression agreed: none
DEBUG:paramiko.transport:Got server p (2048 bits)
DEBUG:paramiko.transport:kex engine KexGex specified hash_algo <built-in function openssl_sha1>
DEBUG:paramiko.transport:Switch to new keys ...
DEBUG:paramiko.transport:Adding ssh-rsa host key for cisco4.lasthop.io: b'e4e02f180e551a9f34d5835b8f1e04e4'
DEBUG:paramiko.transport:userauth is OK
INFO:paramiko.transport:Authentication (password) successful!
DEBUG:paramiko.transport:[chan 0] Max packet in: 32768 bytes
DEBUG:paramiko.transport:[chan 0] Max packet out: 4096 bytes
DEBUG:paramiko.transport:Secsh channel 0 opened.
DEBUG:paramiko.transport:[chan 0] Sesch channel 0 request ok
DEBUG:paramiko.transport:[chan 0] Sesch channel 0 request ok
DEBUG:netmiko:write_channel: b'terminal width 511\n'
DEBUG:netmiko:Pattern is: terminal width 511
DEBUG:netmiko:_read_channel_expect read_data: 

cisco4#
DEBUG:netmiko:_read_channel_expect read_data: terminal width 511
cisco4#
DEBUG:netmiko:Pattern found: terminal width 511 

cisco4#terminal width 511
cisco4#
DEBUG:netmiko:In disable_paging
DEBUG:netmiko:Command: terminal length 0

DEBUG:netmiko:write_channel: b'terminal length 0\n'
DEBUG:netmiko:Pattern is: terminal\ length\ 0
DEBUG:netmiko:_read_channel_expect read_data: t
DEBUG:netmiko:_read_channel_expect read_data: erminal length 0
cisco4#
DEBUG:netmiko:Pattern found: terminal\ length\ 0 terminal length 0
cisco4#
DEBUG:netmiko:terminal length 0
cisco4#
DEBUG:netmiko:Exiting disable_paging
DEBUG:netmiko:read_channel: 
DEBUG:netmiko:write_channel: b'\n'
DEBUG:netmiko:read_channel: 
cisco4#
DEBUG:netmiko:read_channel: 
DEBUG:netmiko:[find_prompt()]: prompt is cisco4#
DEBUG:netmiko:read_channel: 
DEBUG:netmiko:write_channel: b'\n'
DEBUG:netmiko:read_channel: 
cisco4#
DEBUG:netmiko:read_channel: 
DEBUG:netmiko:[find_prompt()]: prompt is cisco4#
DEBUG:netmiko:read_channel: 
DEBUG:netmiko:write_channel: b'show run\n'
DEBUG:netmiko:Pattern is: show\ run
DEBUG:netmiko:_read_channel_expect read_data: s
DEBUG:netmiko:_read_channel_expect read_data: how run
Building configuration...

DEBUG:netmiko:Pattern found: show\ run show run
Building configuration...

DEBUG:netmiko:read_channel: 

Current configuration : 7142 bytes
!
! Last configuration change at 04:15:47 PDT Wed Jun 23 2021 by pyclass
! NVRAM config last updated at 04:15:42 PDT Wed Jun 23 2021 by pyclass
!
version 16.12
service timestamps debug datetime msec
service timestamps log datetime msec
service call-home
platform qfp utilization monitor load 80
no platform punt-keepalive disable-kernel-core
!
hostname cisco4
!
boot-start-marker
boot system flash c1100-universalk9_ias.16.12.03.SPA.bin
boot-end-marker
!
!
logging buffered 10000
no logging console
enable secret 9 $14$wD5Y$jC0XWKHlF399ck$JLf60r5ZEsFtG4IPB7CZGZElyahVh7cTjseuMA7Tw4c
!
aaa new-model
!
!
aaa authentication login default local
aaa authorization exec default local if-authenticated 
!
!
!
!
!
!
aaa session-id common
clock timezone PST -8 0
clock summer-time PDT recurring
call-home
 ! If contact email address in call-home is configured as sch-smart-licensing@cisco.com
 ! the email address configured in Cisco Smart License Portal will be used as contact email address to send SCH notifications.
 contact-email-addr sch-smart-licensing@cisco.com
 profile "CiscoTAC-1"
  active
  destination transport-method http
  no destination transport-method email
!
ip name-server 1.1.1.1 1.0.0.1
!
!
!
login on-success log
!
!
!
!
!
!
!
subscriber templating
multilink bundle-name authenticated
!
!
!
crypto pki trustpoint TP-self-signed-3809568711
 enrollment selfsigned
 subject-name cn=IOS-Self-Signed-Certificate-3809568711
 revocation-check none
 rsakeypair TP-self-signed-3809568711
!
crypto pki trustpoint SLA-TrustPoint
 enrollment terminal
 revocation-check crl
!
!
crypto pki certificate chain TP-self-signed-3809568711
 certificate self-signed 01
  30820330 30820218 A0030201 02020101 300D0609 2A864886 F70D0101 05050030 
  31312F30 2D060355 04031326 494F532D 53656C66 2D536967 6E65642D 43657274 
  69666963 6174652D 33383039 35363837 3131301E 170D3138 31303031 32323435 
  33305A17 0D323030 31303130 30303030 305A3031 312F302D 06035504 03132649 
  4F532D53 656C662D 5369676E 65642D43 65727469 66696361 74652D33 38303935 
  36383731 31308201 22300D06 092A8648 86F70D01 01010500 0382010F 00308201 
  0A028201 0100A946 F2400BFC A824D69A 5EEF5952 78F525D9 EC125EFA C6B7DC94 
  47C7A189 4E7C73CB F7AB4BA8 14E87019 1529CC01 CAE3746D F5EB162E B0C0F842 
  9F645D06 F6848BE3 05D8A0BF 2E84E107 66363D13 60A1DD24 BFC063EA 68510773 
  A50C7C11 E5747B7B 1AEDC996 7396CF51 CFA3C9D1 9741F06F 5D9E0D60 57075222 
  B7D70B46 BE983BE6 C2E6FA1D 6EA2D3E5 7C3C05C3 39E549D0 2AD60D06 3A120F5C 
  F2240BA6 897811C7 47AFA19D 39AAA7ED 05E0DC13 AB07C313 864D077A 189D1757 
  805150B0 DA862381 6933A841 4C03E060 038A396C 7C018A10 9F28D227 5F4458CC 
  A1AC07A4 456FBD7D 740DC39D 9729DCAF F214FEE2 57D66B47 4A832E3A C46102C4 
  6631424A 400B0203 010001A3 53305130 0F060355 1D130101 FF040530 030101FF 
  301F0603 551D2304 18301680 147241C5 EA70C1C5 9DF4F3A0 6DB21764 FFF2BD16 
  FC301D06 03551D0E 04160414 7241C5EA 70C1C59D F4F3A06D B21764FF F2BD16FC 
  300D0609 2A864886 F70D0101 05050003 82010100 832F1310 86EB3D1E 25A6FE57 
  7C510090 16F73DA8 5A1E8EF8 192CAAB1 DBC2271A AFCF5872 AB8284C5 8D50C2D3 
  DC54BE58 FC8B7D2F 52466F1F 19F8BC02 9D845FD3 C6971002 2853AB2B 5D2C120C 
  93E92D6D 9CE00416 51154174 E940FD43 8BCA472C 12E669BE 64E20DCD 80599516 
  7EFDF004 513FA231 DB3A42CB 6D10C1DC 0F619462 B8D00E3F F1FE77F3 50C8BE7A 
  20A89821 ACA8F0D6 63AE1FDE BA122EBC C1DF13E5 DB401783 8B249131 25FF6B5E 
  B1E44D79 103A0A12 09AA82A0 02E44897 42E88C61 D79B7EAE 1C9EC078 27A39F92 
  41FB9D21 2D7B9123 5FE02242 05C514EE 6ABBDAF6 9E770F96 50CC069F 8EC2F33E 
  CE1C6011 38C34D82 E14A4E4D 5631E57A E3E1DCBC
  	quit
crypto pki certificate chain SLA-TrustPoint
 certificate ca 01
  30820321 30820209 A0030201 02020101 300D0609 2A864886 F70D0101 0B050030 
  32310E30 0C060355 040A1305 43697363 6F312030 1E060355 04031317 43697363 
  6F204C69 63656E73 696E6720 526F6F74 20434130 1E170D31 33303533 30313934 
  3834375A 170D3338 30353330 31393438 34375A30 32310E30 0C060355 040A1305 
  43697363 6F312030 1E060355 04031317 43697363 6F204C69 63656E73 696E6720 
  526F6F74 20434130 82012230 0D06092A 864886F7 0D010101 05000382 010F0030 
  82010A02 82010100 A6BCBD96 131E05F7 145EA72C 2CD686E6 17222EA1 F1EFF64D 
  CBB4C798 212AA147 C655D8D7 9471380D 8711441E 1AAF071A 9CAE6388 8A38E520 
  1C394D78 462EF239 C659F715 B98C0A59 5BBB5CBD 0CFEBEA3 700A8BF7 D8F256EE 
  4AA4E80D DB6FD1C9 60B1FD18 FFC69C96 6FA68957 A2617DE7 104FDC5F EA2956AC 
  7390A3EB 2B5436AD C847A2C5 DAB553EB 69A9A535 58E9F3E3 C0BD23CF 58BD7188 
  68E69491 20F320E7 948E71D7 AE3BCC84 F10684C7 4BC8E00F 539BA42B 42C68BB7 
  C7479096 B4CB2D62 EA2F505D C7B062A4 6811D95B E8250FC4 5D5D5FB8 8F27D191 
  C55F0D76 61F9A4CD 3D992327 A8BB03BD 4E6D7069 7CBADF8B DF5F4368 95135E44 
  DFC7C6CF 04DD7FD1 02030100 01A34230 40300E06 03551D0F 0101FF04 04030201 
  06300F06 03551D13 0101FF04 05300301 01FF301D 0603551D 0E041604 1449DC85 
  4B3D31E5 1B3E6A17 606AF333 3D3B4C73 E8300D06 092A8648 86F70D01 010B0500 
  03820101 00507F24 D3932A66 86025D9F E838AE5C 6D4DF6B0 49631C78 240DA905 
  604EDCDE FF4FED2B 77FC460E CD636FDB DD44681E 3A5673AB 9093D3B1 6C9E3D8B 
  D98987BF E40CBD9E 1AECA0C2 2189BB5C 8FA85686 CD98B646 5575B146 8DFC66A8 
  467A3DF4 4D565700 6ADF0F0D CF835015 3C04FF7C 21E878AC 11BA9CD2 55A9232C 
  7CA7B7E6 C1AF74F6 152E99B7 B1FCF9BB E973DE7F 5BDDEB86 C71E3B49 1765308B 
  5FB0DA06 B92AFE7F 494E8A9E 07B85737 F3A58BE1 1A48A229 C37C1E69 39F08678 
  80DDCD16 D6BACECA EEBC7CF9 8428787B 35202CDC 60E4616A B623CDBD 230E3AFB 
  418616A9 4093E049 4D10AB75 27E86F73 932E35B5 8862FDAE 0275156F 719BB2F0 
  D697DF7F 28
  	quit
!
!
license udi pid C1111-4P sn FGL223392W1
archive
 path flash:cisco4-cfg
memory free low-watermark processor 70550
!
diagnostic bootup level minimal
!
spanning-tree extend system-id
!
username pyclass privilege 15 secret 9 $14$rDG5$T8goZdQIFKVpwE$q/GoRFUNa6zCJaAZgNvjFq/MR4DzwbHJyzKiNrB1Bto
username test9 secret 9 $14$CQCe$62uBknC8HgQNuk$hmF3nxAn3CX5Zun7qt1MChzJBhYY/SpWjx3KWDqevqE
username testuser privilege 15 secret 9 $14$A5eB$QympH47cSx0EH.$tz9GbSyPOpI8c7vSB4vJAb0E2QU2wmPI5Y2TxP50esk
username student1 privilege 15 secret 9 $14$/gYV$wZA4tW/ofO47xE$pakM5qrkSbmKJsf.ICJVM2rATbND013E0Mn2i1aV.PI
!
redundancy
 mode none
!
!
vlan internal allocation policy ascending
!
lldp run
!
!
!
!
!
interface GigabitEthernet0/0/0
 ip address 10.220.88.23 255.255.255.0
 negotiation auto
!
interface GigabitEthernet0/0/1
 no ip address
 shutdown
 media-type rj45
 negotiation auto
!
interface GigabitEthernet0/1/0
!
interface GigabitEthernet0/1/1
!
interface GigabitEthernet0/1/2
!
interface GigabitEthernet0/1/3
!
interface Vlan1
 no ip address
!
ip forward-protocol nd
no ip http server
no ip http secure-server
ip route 0.0.0.0 0.0.0.0 10.220.88.1
ip ssh version 2
ip ssh pubkey-chain
  username testuser
   key-hash ssh-rsa E5D7E26A603DD18923113E45F29BDF22 
  username student1
   key-hash ssh-rsa 1C3A949CF3B48F23F5074717EEEE025A 
ip scp server enable
!
!
!
!
!
!
!
!
!
control-plane
!
!
line con 0
 logging synchronous
 transport input none
 stopbits 1
line vty 0 4
 exec-timeout 20 0
 transport input telnet ssh
!
ntp server 130.126.24.24
ntp server 152.2.21.1
!
!
!
!
!
netconf-yang
end

cisco4#
DEBUG:netmiko:write_channel: b'\n'
DEBUG:netmiko:read_channel: 
cisco4#
DEBUG:netmiko:read_channel: 
DEBUG:netmiko:read_channel: 
DEBUG:netmiko:write_channel: b'exit\n'
DEBUG:paramiko.transport:starting thread (client mode): 0x826f1710
DEBUG:paramiko.transport:Local version/idstring: SSH-2.0-paramiko_2.7.2
DEBUG:paramiko.transport:Remote version/idstring: SSH-2.0-OpenSSH_7.5 PKIX[10.1]
INFO:paramiko.transport:Connected (version 2.0, client OpenSSH_7.5)
DEBUG:paramiko.transport:kex algos:['diffie-hellman-group14-sha1', 'ecdh-sha2-nistp256', 'ecdh-sha2-nistp384', 'ecdh-sha2-nistp521'] server key:['ssh-rsa', 'rsa-sha2-512', 'rsa-sha2-256'] client encrypt:['aes128-ctr', 'aes256-ctr', 'aes256-gcm@openssh.com', 'aes128-gcm@openssh.com'] server encrypt:['aes128-ctr', 'aes256-ctr', 'aes256-gcm@openssh.com', 'aes128-gcm@openssh.com'] client mac:['hmac-sha1', 'hmac-sha2-256', 'hmac-sha2-512'] server mac:['hmac-sha1', 'hmac-sha2-256', 'hmac-sha2-512'] client compress:['none', 'zlib@openssh.com'] server compress:['none', 'zlib@openssh.com'] client lang:[''] server lang:[''] kex follows?False
DEBUG:paramiko.transport:Kex agreed: ecdh-sha2-nistp256
DEBUG:paramiko.transport:HostKey agreed: ssh-rsa
DEBUG:paramiko.transport:Cipher agreed: aes128-ctr
DEBUG:paramiko.transport:MAC agreed: hmac-sha2-256
DEBUG:paramiko.transport:Compression agreed: none
DEBUG:paramiko.transport:kex engine KexNistp256 specified hash_algo <built-in function openssl_sha256>
DEBUG:paramiko.transport:Switch to new keys ...
DEBUG:paramiko.transport:Adding ssh-rsa host key for nxos1.lasthop.io: b'58318fd2f378211ff816a026bfbb687c'
DEBUG:paramiko.transport:userauth is OK
INFO:paramiko.transport:Auth banner: b'User Access Verification\n'
INFO:paramiko.transport:Authentication (password) successful!
DEBUG:paramiko.transport:[chan 0] Max packet in: 32768 bytes
DEBUG:paramiko.transport:Received global request "hostkeys-00@openssh.com"
DEBUG:paramiko.transport:Rejecting "hostkeys-00@openssh.com" global request from server.
DEBUG:paramiko.transport:[chan 0] Max packet out: 32768 bytes
DEBUG:paramiko.transport:Secsh channel 0 opened.
DEBUG:paramiko.transport:[chan 0] Sesch channel 0 request ok
DEBUG:paramiko.transport:[chan 0] Sesch channel 0 request ok
DEBUG:netmiko:read_channel: 

Cisco NX-OS Software
Copyright (c) 2002-2019, Cisco Systems, Inc. All rights reserved.
Nexus 9000v software ("Nexus 9000v Software") and related documentation,
files or other reference materials ("Documentation") are
the proprietary property and confidential information of Cisco
Systems, Inc. ("Cisco") and are protected, without limitation,
pursuant to United States and International copyright and trademark
laws in the applicable jurisdiction which provide civil and criminal
penalties for copying or distribution without Cisco's authorization.

Any use or disclosure, in whole or in part, of the Nexus 9000v Software
or Documentation to any third party for any purposes is expressly
prohibited except as otherwise authorized by Cisco in writing.
The copyrights to certain works contained herein are owned by other
third parties and are used and distributed under license. Some parts
of this software may be covered under the GNU Public License or the
GNU Lesser General Public License. A copy of each such license is
available at
http://www.gnu.org/licenses/gpl.html and
http://www.gnu.org/licenses/lgpl.html
***************************************************************************
*  Nexus 9000v is strictly limited to use for evaluation, demonstration   *
*  and NX-OS education. Any use or disclosure, in whole or in part of     *
*  the Nexus 9000v Software or Documentation to any third party for any   *
*  purposes is expressly prohibited except as otherwise authorized by     *
*  Cisco in writing.                                                      *
***************************************************************************
nxos1# 
DEBUG:netmiko:read_channel: 
DEBUG:netmiko:read_channel: 
DEBUG:netmiko:write_channel: b'terminal width 511\n'
DEBUG:netmiko:Pattern is: terminal width 511
DEBUG:netmiko:_read_channel_expect read_data: terminal width 511

DEBUG:netmiko:Pattern found: terminal width 511 terminal width 511

DEBUG:netmiko:In disable_paging
DEBUG:netmiko:Command: terminal length 0

DEBUG:netmiko:write_channel: b'terminal length 0\n'
DEBUG:netmiko:Pattern is: terminal\ length\ 0
DEBUG:netmiko:_read_channel_expect read_data: nxos1# 
DEBUG:netmiko:_read_channel_expect read_data: terminal length 0
nxos1# 
DEBUG:netmiko:Pattern found: terminal\ length\ 0 nxos1# terminal length 0
nxos1# 
DEBUG:netmiko:nxos1# terminal length 0
nxos1# 
DEBUG:netmiko:Exiting disable_paging
DEBUG:netmiko:read_channel: 
DEBUG:netmiko:write_channel: b'\n'
DEBUG:netmiko:read_channel: 
nxos1# 
DEBUG:netmiko:read_channel: 
DEBUG:netmiko:[find_prompt()]: prompt is nxos1#
DEBUG:netmiko:write_channel: b'\n'
DEBUG:netmiko:read_channel: 
nxos1# 
DEBUG:netmiko:read_channel: 
DEBUG:netmiko:read_channel: 
DEBUG:netmiko:write_channel: b'exit\n'
DEBUG:paramiko.transport:starting thread (client mode): 0xbfcae690
DEBUG:paramiko.transport:Local version/idstring: SSH-2.0-paramiko_2.7.2
DEBUG:paramiko.transport:Remote version/idstring: SSH-2.0-OpenSSH_7.5 PKIX[10.1]
INFO:paramiko.transport:Connected (version 2.0, client OpenSSH_7.5)
DEBUG:paramiko.transport:kex algos:['diffie-hellman-group14-sha1', 'ecdh-sha2-nistp256', 'ecdh-sha2-nistp384', 'ecdh-sha2-nistp521'] server key:['ssh-rsa', 'rsa-sha2-512', 'rsa-sha2-256'] client encrypt:['aes128-ctr', 'aes256-ctr', 'aes256-gcm@openssh.com', 'aes128-gcm@openssh.com'] server encrypt:['aes128-ctr', 'aes256-ctr', 'aes256-gcm@openssh.com', 'aes128-gcm@openssh.com'] client mac:['hmac-sha1', 'hmac-sha2-256', 'hmac-sha2-512'] server mac:['hmac-sha1', 'hmac-sha2-256', 'hmac-sha2-512'] client compress:['none', 'zlib@openssh.com'] server compress:['none', 'zlib@openssh.com'] client lang:[''] server lang:[''] kex follows?False
DEBUG:paramiko.transport:Kex agreed: ecdh-sha2-nistp256
DEBUG:paramiko.transport:HostKey agreed: ssh-rsa
DEBUG:paramiko.transport:Cipher agreed: aes128-ctr
DEBUG:paramiko.transport:MAC agreed: hmac-sha2-256
DEBUG:paramiko.transport:Compression agreed: none
DEBUG:paramiko.transport:kex engine KexNistp256 specified hash_algo <built-in function openssl_sha256>
DEBUG:paramiko.transport:Switch to new keys ...
DEBUG:paramiko.transport:Adding ssh-rsa host key for nxos1.lasthop.io: b'58318fd2f378211ff816a026bfbb687c'
DEBUG:paramiko.transport:userauth is OK
INFO:paramiko.transport:Auth banner: b'User Access Verification\n'
INFO:paramiko.transport:Authentication (password) successful!
DEBUG:paramiko.transport:[chan 0] Max packet in: 32768 bytes
DEBUG:paramiko.transport:Received global request "hostkeys-00@openssh.com"
DEBUG:paramiko.transport:Rejecting "hostkeys-00@openssh.com" global request from server.
DEBUG:paramiko.transport:[chan 0] Max packet out: 32768 bytes
DEBUG:paramiko.transport:Secsh channel 0 opened.
DEBUG:paramiko.transport:[chan 0] Sesch channel 0 request ok
DEBUG:paramiko.transport:[chan 0] Sesch channel 0 request ok
DEBUG:netmiko:read_channel: 

Cisco NX-OS Software
Copyright (c) 2002-2019, Cisco Systems, Inc. All rights reserved.
Nexus 9000v software ("Nexus 9000v Software") and related documentation,
files or other reference materials ("Documentation") are
the proprietary property and confidential information of Cisco
Systems, Inc. ("Cisco") and are protected, without limitation,
pursuant to United States and International copyright and trademark
laws in the applicable jurisdiction which provide civil and criminal
penalties for copying or distribution without Cisco's authorization.

Any use or disclosure, in whole or in part, of the Nexus 9000v Software
or Documentation to any third party for any purposes is expressly
prohibited except as otherwise authorized by Cisco in writing.
The copyrights to certain works contained herein are owned by other
third parties and are used and distributed under license. Some parts
of this software may be covered under the GNU Public License or the
GNU Lesser General Public License. A copy of each such license is
available at
http://www.gnu.org/licenses/gpl.html and
http://www.gnu.org/licenses/lgpl.html
***************************************************************************
*  Nexus 9000v is strictly limited to use for evaluation, demonstration   *
*  and NX-OS education. Any use or disclosure, in whole or in part of     *
*  the Nexus 9000v Software or Documentation to any third party for any   *
*  purposes is expressly prohibited except as otherwise authorized by     *
*  Cisco in writing.                                                      *
***************************************************************************
nxos1# 
DEBUG:netmiko:read_channel: 
DEBUG:netmiko:read_channel: 
DEBUG:netmiko:write_channel: b'terminal width 511\n'
DEBUG:netmiko:Pattern is: terminal width 511
DEBUG:netmiko:_read_channel_expect read_data: terminal width 511

DEBUG:netmiko:Pattern found: terminal width 511 terminal width 511

DEBUG:netmiko:In disable_paging
DEBUG:netmiko:Command: terminal length 0

DEBUG:netmiko:write_channel: b'terminal length 0\n'
DEBUG:netmiko:Pattern is: terminal\ length\ 0
DEBUG:netmiko:_read_channel_expect read_data: nxos1# 
DEBUG:netmiko:_read_channel_expect read_data: terminal length 0
nxos1# 
DEBUG:netmiko:Pattern found: terminal\ length\ 0 nxos1# terminal length 0
nxos1# 
DEBUG:netmiko:nxos1# terminal length 0
nxos1# 
DEBUG:netmiko:Exiting disable_paging
DEBUG:netmiko:read_channel: 
DEBUG:netmiko:write_channel: b'\n'
DEBUG:netmiko:read_channel: 
nxos1# 
DEBUG:netmiko:read_channel: 
DEBUG:netmiko:[find_prompt()]: prompt is nxos1#
DEBUG:netmiko:write_channel: b'\n'
DEBUG:netmiko:Pattern is: #
DEBUG:netmiko:_read_channel_expect read_data: 
nxos1# 
DEBUG:netmiko:Pattern found: # 
nxos1# 
DEBUG:netmiko:write_channel: b'configure terminal\n'
DEBUG:netmiko:Pattern is: configure\ terminal
DEBUG:netmiko:_read_channel_expect read_data: configure terminal

DEBUG:netmiko:Pattern found: configure\ terminal configure terminal

DEBUG:netmiko:Pattern is: nxos1
DEBUG:netmiko:_read_channel_expect read_data: Enter configuration commands, one per line. End with CNTL/Z.
nxos1(config)# 
DEBUG:netmiko:Pattern found: nxos1 Enter configuration commands, one per line. End with CNTL/Z.
nxos1(config)# 
DEBUG:netmiko:write_channel: b'\n'
DEBUG:netmiko:Pattern is: #
DEBUG:netmiko:_read_channel_expect read_data: 
nxos1(config)# 
DEBUG:netmiko:Pattern found: # 
nxos1(config)# 
DEBUG:netmiko:write_channel: b'ip domain-lookup\n'
DEBUG:netmiko:Pattern is: ip\ domain\-lookup
DEBUG:netmiko:_read_channel_expect read_data: ip domain-lookup

DEBUG:netmiko:Pattern found: ip\ domain\-lookup ip domain-lookup

DEBUG:netmiko:Pattern is: (?:nxos1|#)
DEBUG:netmiko:_read_channel_expect read_data: nxos1(config)# 
DEBUG:netmiko:Pattern found: (?:nxos1|#) nxos1(config)# 
DEBUG:netmiko:write_channel: b'ip domain-name bogus.com\n'
DEBUG:netmiko:Pattern is: ip\ domain\-name\ bogus\.com
DEBUG:netmiko:_read_channel_expect read_data: ip domain-name bogus.com

DEBUG:netmiko:Pattern found: ip\ domain\-name\ bogus\.com ip domain-name bogus.com

DEBUG:netmiko:Pattern is: (?:nxos1|#)
DEBUG:netmiko:_read_channel_expect read_data: nxos1(config)# 
DEBUG:netmiko:Pattern found: (?:nxos1|#) nxos1(config)# 
DEBUG:netmiko:write_channel: b'\n'
DEBUG:netmiko:Pattern is: #
DEBUG:netmiko:_read_channel_expect read_data: 
nxos1(config)# 
DEBUG:netmiko:Pattern found: # 
nxos1(config)# 
DEBUG:netmiko:write_channel: b'end\n'
DEBUG:netmiko:Pattern is: end
DEBUG:netmiko:_read_channel_expect read_data: end

DEBUG:netmiko:Pattern found: end end

DEBUG:netmiko:Pattern is: \#
DEBUG:netmiko:_read_channel_expect read_data: nxos1# 
DEBUG:netmiko:Pattern found: \# nxos1# 
DEBUG:netmiko:write_channel: b'\n'
DEBUG:netmiko:Pattern is: #
DEBUG:netmiko:_read_channel_expect read_data: 
nxos1# 
DEBUG:netmiko:Pattern found: # 
nxos1# 
DEBUG:netmiko:exit_config_mode: end
nxos1# 
DEBUG:netmiko:configure terminal
Enter configuration commands, one per line. End with CNTL/Z.

nxos1(config)# ip domain-lookup
nxos1(config)# ip domain-name bogus.com
nxos1(config)# end
nxos1# 
DEBUG:netmiko:write_channel: b'\n'
DEBUG:netmiko:read_channel: 
nxos1# 
DEBUG:netmiko:read_channel: 
DEBUG:netmiko:read_channel: 
DEBUG:netmiko:write_channel: b'exit\n'
DEBUG:paramiko.transport:EOF in transport thread
DEBUG:paramiko.transport:starting thread (client mode): 0xbfcc6a10
DEBUG:paramiko.transport:Local version/idstring: SSH-2.0-paramiko_2.7.2
DEBUG:paramiko.transport:Remote version/idstring: SSH-2.0-OpenSSH_7.5 PKIX[10.1]
INFO:paramiko.transport:Connected (version 2.0, client OpenSSH_7.5)
DEBUG:paramiko.transport:kex algos:['diffie-hellman-group14-sha1', 'ecdh-sha2-nistp256', 'ecdh-sha2-nistp384', 'ecdh-sha2-nistp521'] server key:['ssh-rsa', 'rsa-sha2-512', 'rsa-sha2-256'] client encrypt:['aes128-ctr', 'aes256-ctr', 'aes256-gcm@openssh.com', 'aes128-gcm@openssh.com'] server encrypt:['aes128-ctr', 'aes256-ctr', 'aes256-gcm@openssh.com', 'aes128-gcm@openssh.com'] client mac:['hmac-sha1', 'hmac-sha2-256', 'hmac-sha2-512'] server mac:['hmac-sha1', 'hmac-sha2-256', 'hmac-sha2-512'] client compress:['none', 'zlib@openssh.com'] server compress:['none', 'zlib@openssh.com'] client lang:[''] server lang:[''] kex follows?False
DEBUG:paramiko.transport:Kex agreed: ecdh-sha2-nistp256
DEBUG:paramiko.transport:HostKey agreed: ssh-rsa
DEBUG:paramiko.transport:Cipher agreed: aes128-ctr
DEBUG:paramiko.transport:MAC agreed: hmac-sha2-256
DEBUG:paramiko.transport:Compression agreed: none
DEBUG:paramiko.transport:kex engine KexNistp256 specified hash_algo <built-in function openssl_sha256>
DEBUG:paramiko.transport:Switch to new keys ...
DEBUG:paramiko.transport:Adding ssh-rsa host key for nxos2.lasthop.io: b'58318fd2f378211ff816a026bfbb687c'
DEBUG:paramiko.transport:userauth is OK
INFO:paramiko.transport:Auth banner: b'User Access Verification\n'
INFO:paramiko.transport:Authentication (password) successful!
DEBUG:paramiko.transport:[chan 0] Max packet in: 32768 bytes
DEBUG:paramiko.transport:Received global request "hostkeys-00@openssh.com"
DEBUG:paramiko.transport:Rejecting "hostkeys-00@openssh.com" global request from server.
DEBUG:paramiko.transport:[chan 0] Max packet out: 32768 bytes
DEBUG:paramiko.transport:Secsh channel 0 opened.
DEBUG:paramiko.transport:[chan 0] Sesch channel 0 request ok
DEBUG:paramiko.transport:[chan 0] Sesch channel 0 request ok
DEBUG:netmiko:read_channel: 

Cisco NX-OS Software
Copyright (c) 2002-2019, Cisco Systems, Inc. All rights reserved.
Nexus 9000v software ("Nexus 9000v Software") and related documentation,
files or other reference materials ("Documentation") are
the proprietary property and confidential information of Cisco
Systems, Inc. ("Cisco") and are protected, without limitation,
pursuant to United States and International copyright and trademark
laws in the applicable jurisdiction which provide civil and criminal
penalties for copying or distribution without Cisco's authorization.

Any use or disclosure, in whole or in part, of the Nexus 9000v Software
or Documentation to any third party for any purposes is expressly
prohibited except as otherwise authorized by Cisco in writing.
The copyrights to certain works contained herein are owned by other
third parties and are used and distributed under license. Some parts
of this software may be covered under the GNU Public License or the
GNU Lesser General Public License. A copy of each such license is
available at

DEBUG:netmiko:read_channel: http://www.gnu.org/licenses/gpl.html and
http://www.gnu.org/licenses/lgpl.html
***************************************************************************
*  Nexus 9000v is strictly limited to use for evaluation, demonstration   *
*  and NX-OS education. Any use or disclosure, in whole or in part of     *
*  the Nexus 9000v Software or Documentation to any third party for any   *
*  purposes is expressly prohibited except as otherwise authorized by     *
*  Cisco in writing.                                                      *
***************************************************************************

DEBUG:netmiko:read_channel: nxos2# 
DEBUG:netmiko:read_channel: 
DEBUG:netmiko:read_channel: 
DEBUG:netmiko:write_channel: b'terminal width 511\n'
DEBUG:netmiko:Pattern is: terminal width 511
DEBUG:netmiko:_read_channel_expect read_data: terminal width 511
DEBUG:netmiko:Pattern found: terminal width 511 terminal width 511
DEBUG:netmiko:In disable_paging
DEBUG:netmiko:Command: terminal length 0

DEBUG:netmiko:write_channel: b'terminal length 0\n'
DEBUG:netmiko:Pattern is: terminal\ length\ 0
DEBUG:netmiko:_read_channel_expect read_data: 

DEBUG:netmiko:_read_channel_expect read_data: nxos2# terminal length 0
nxos2# 
DEBUG:netmiko:Pattern found: terminal\ length\ 0 
nxos2# terminal length 0
nxos2# 
DEBUG:netmiko:
nxos2# terminal length 0
nxos2# 
DEBUG:netmiko:Exiting disable_paging
DEBUG:netmiko:read_channel: 
DEBUG:netmiko:write_channel: b'\n'
DEBUG:netmiko:read_channel: 
nxos2# 
DEBUG:netmiko:read_channel: 
DEBUG:netmiko:[find_prompt()]: prompt is nxos2#
DEBUG:netmiko:write_channel: b'\n'
DEBUG:netmiko:Pattern is: #
DEBUG:netmiko:_read_channel_expect read_data: 
nxos2# 
DEBUG:netmiko:Pattern found: # 
nxos2# 
DEBUG:netmiko:write_channel: b'configure terminal\n'
DEBUG:netmiko:Pattern is: configure\ terminal
DEBUG:netmiko:_read_channel_expect read_data: configure terminal

DEBUG:netmiko:Pattern found: configure\ terminal configure terminal

DEBUG:netmiko:Pattern is: nxos2
DEBUG:netmiko:_read_channel_expect read_data: Enter configuration commands, one per line. End with CNTL/Z.
nxos2(config)# 
DEBUG:netmiko:Pattern found: nxos2 Enter configuration commands, one per line. End with CNTL/Z.
nxos2(config)# 
DEBUG:netmiko:write_channel: b'\n'
DEBUG:netmiko:Pattern is: #
DEBUG:netmiko:_read_channel_expect read_data: 
nxos2(config)# 
DEBUG:netmiko:Pattern found: # 
nxos2(config)# 
DEBUG:netmiko:write_channel: b'ip domain-lookup\n'
DEBUG:netmiko:Pattern is: ip\ domain\-lookup
DEBUG:netmiko:_read_channel_expect read_data: ip domain-lookup

DEBUG:netmiko:Pattern found: ip\ domain\-lookup ip domain-lookup

DEBUG:netmiko:Pattern is: (?:nxos2|#)
DEBUG:netmiko:_read_channel_expect read_data: nxos2(config)# 
DEBUG:netmiko:Pattern found: (?:nxos2|#) nxos2(config)# 
DEBUG:netmiko:write_channel: b'ip domain-name bogus.com\n'
DEBUG:netmiko:Pattern is: ip\ domain\-name\ bogus\.com
DEBUG:netmiko:_read_channel_expect read_data: ip domain-name bogus.com

DEBUG:netmiko:Pattern found: ip\ domain\-name\ bogus\.com ip domain-name bogus.com

DEBUG:netmiko:Pattern is: (?:nxos2|#)
DEBUG:netmiko:_read_channel_expect read_data: nxos2(config)# 
DEBUG:netmiko:Pattern found: (?:nxos2|#) nxos2(config)# 
DEBUG:netmiko:write_channel: b'\n'
DEBUG:netmiko:Pattern is: #
DEBUG:netmiko:_read_channel_expect read_data: 
nxos2(config)# 
DEBUG:netmiko:Pattern found: # 
nxos2(config)# 
DEBUG:netmiko:write_channel: b'end\n'
DEBUG:netmiko:Pattern is: end
DEBUG:netmiko:_read_channel_expect read_data: end

DEBUG:netmiko:Pattern found: end end

DEBUG:netmiko:Pattern is: \#
DEBUG:netmiko:_read_channel_expect read_data: nxos2# 
DEBUG:netmiko:Pattern found: \# nxos2# 
DEBUG:netmiko:write_channel: b'\n'
DEBUG:netmiko:Pattern is: #
DEBUG:netmiko:_read_channel_expect read_data: 
nxos2# 
DEBUG:netmiko:Pattern found: # 
nxos2# 
DEBUG:netmiko:exit_config_mode: end
nxos2# 
DEBUG:netmiko:configure terminal
Enter configuration commands, one per line. End with CNTL/Z.

nxos2(config)# ip domain-lookup
nxos2(config)# ip domain-name bogus.com
nxos2(config)# end
nxos2# 
DEBUG:netmiko:write_channel: b'\n'
DEBUG:netmiko:read_channel: 
nxos2# 
DEBUG:netmiko:read_channel: 
DEBUG:netmiko:read_channel: 
DEBUG:netmiko:write_channel: b'exit\n'
DEBUG:paramiko.transport:starting thread (client mode): 0x2415750
DEBUG:paramiko.transport:Local version/idstring: SSH-2.0-paramiko_2.7.2
DEBUG:paramiko.transport:Remote version/idstring: SSH-2.0-OpenSSH_7.5 PKIX[10.1]
INFO:paramiko.transport:Connected (version 2.0, client OpenSSH_7.5)
DEBUG:paramiko.transport:kex algos:['diffie-hellman-group14-sha1', 'ecdh-sha2-nistp256', 'ecdh-sha2-nistp384', 'ecdh-sha2-nistp521'] server key:['ssh-rsa', 'rsa-sha2-512', 'rsa-sha2-256'] client encrypt:['aes128-ctr', 'aes256-ctr', 'aes256-gcm@openssh.com', 'aes128-gcm@openssh.com'] server encrypt:['aes128-ctr', 'aes256-ctr', 'aes256-gcm@openssh.com', 'aes128-gcm@openssh.com'] client mac:['hmac-sha1', 'hmac-sha2-256', 'hmac-sha2-512'] server mac:['hmac-sha1', 'hmac-sha2-256', 'hmac-sha2-512'] client compress:['none', 'zlib@openssh.com'] server compress:['none', 'zlib@openssh.com'] client lang:[''] server lang:[''] kex follows?False
DEBUG:paramiko.transport:Kex agreed: ecdh-sha2-nistp256
DEBUG:paramiko.transport:HostKey agreed: ssh-rsa
DEBUG:paramiko.transport:Cipher agreed: aes128-ctr
DEBUG:paramiko.transport:MAC agreed: hmac-sha2-256
DEBUG:paramiko.transport:Compression agreed: none
DEBUG:paramiko.transport:kex engine KexNistp256 specified hash_algo <built-in function openssl_sha256>
DEBUG:paramiko.transport:Switch to new keys ...
DEBUG:paramiko.transport:Adding ssh-rsa host key for nxos1.lasthop.io: b'58318fd2f378211ff816a026bfbb687c'
DEBUG:paramiko.transport:userauth is OK
INFO:paramiko.transport:Auth banner: b'User Access Verification\n'
INFO:paramiko.transport:Authentication (password) successful!
DEBUG:paramiko.transport:[chan 0] Max packet in: 32768 bytes
DEBUG:paramiko.transport:Received global request "hostkeys-00@openssh.com"
DEBUG:paramiko.transport:Rejecting "hostkeys-00@openssh.com" global request from server.
DEBUG:paramiko.transport:[chan 0] Max packet out: 32768 bytes
DEBUG:paramiko.transport:Secsh channel 0 opened.
DEBUG:paramiko.transport:[chan 0] Sesch channel 0 request ok
DEBUG:paramiko.transport:[chan 0] Sesch channel 0 request ok
DEBUG:netmiko:read_channel: 

Cisco NX-OS Software
Copyright (c) 2002-2019, Cisco Systems, Inc. All rights reserved.
Nexus 9000v software ("Nexus 9000v Software") and related documentation,
files or other reference materials ("Documentation") are
the proprietary property and confidential information of Cisco
Systems, Inc. ("Cisco") and are protected, without limitation,
pursuant to United States and International copyright and trademark
laws in the applicable jurisdiction which provide civil and criminal
penalties for copying or distribution without Cisco's authorization.

Any use or disclosure, in whole or in part, of the Nexus 9000v Software
or Documentation to any third party for any purposes is expressly
prohibited except as otherwise authorized by Cisco in writing.
The copyrights to certain works contained herein are owned by other
third parties and are used and distributed under license. Some parts
of this software may be covered under the GNU Public License or the
GNU Lesser General Public License. A copy of each such license is
available at
http://www.gnu.org/licenses/gpl.html and
http://www.gnu.org/licenses/lgpl.html
***************************************************************************
*  Nexus 9000v is strictly limited to use for evaluation, demonstration   *
*  and NX-OS education. Any use or disclosure, in whole or in part of     *
*  the Nexus 9000v Software or Documentation to any third party for any   *
*  purposes is expressly prohibited except as otherwise authorized by     *
*  Cisco in writing.                                                      *
***************************************************************************

DEBUG:netmiko:read_channel: nxos1# 
DEBUG:netmiko:read_channel: 
DEBUG:netmiko:read_channel: 
DEBUG:netmiko:write_channel: b'terminal width 511\n'
DEBUG:netmiko:Pattern is: terminal width 511
DEBUG:netmiko:_read_channel_expect read_data: terminal width 511

DEBUG:netmiko:Pattern found: terminal width 511 terminal width 511

DEBUG:netmiko:In disable_paging
DEBUG:netmiko:Command: terminal length 0

DEBUG:netmiko:write_channel: b'terminal length 0\n'
DEBUG:netmiko:Pattern is: terminal\ length\ 0
DEBUG:netmiko:_read_channel_expect read_data: nxos1# 
DEBUG:netmiko:_read_channel_expect read_data: terminal length 0
nxos1# 
DEBUG:netmiko:Pattern found: terminal\ length\ 0 nxos1# terminal length 0
nxos1# 
DEBUG:netmiko:nxos1# terminal length 0
nxos1# 
DEBUG:netmiko:Exiting disable_paging
DEBUG:netmiko:read_channel: 
DEBUG:netmiko:write_channel: b'\n'
DEBUG:netmiko:read_channel: 
nxos1# 
DEBUG:netmiko:read_channel: 
DEBUG:netmiko:[find_prompt()]: prompt is nxos1#
DEBUG:netmiko:write_channel: b'\n'
DEBUG:netmiko:read_channel: 
nxos1# 
DEBUG:netmiko:read_channel: 
DEBUG:netmiko:read_channel: 
DEBUG:netmiko:write_channel: b'exit\n'
DEBUG:paramiko.transport:starting thread (client mode): 0xecea750
DEBUG:paramiko.transport:Local version/idstring: SSH-2.0-paramiko_2.7.2
DEBUG:paramiko.transport:Remote version/idstring: SSH-2.0-OpenSSH_7.5 PKIX[10.1]
INFO:paramiko.transport:Connected (version 2.0, client OpenSSH_7.5)
DEBUG:paramiko.transport:kex algos:['diffie-hellman-group14-sha1', 'ecdh-sha2-nistp256', 'ecdh-sha2-nistp384', 'ecdh-sha2-nistp521'] server key:['ssh-rsa', 'rsa-sha2-512', 'rsa-sha2-256'] client encrypt:['aes128-ctr', 'aes256-ctr', 'aes256-gcm@openssh.com', 'aes128-gcm@openssh.com'] server encrypt:['aes128-ctr', 'aes256-ctr', 'aes256-gcm@openssh.com', 'aes128-gcm@openssh.com'] client mac:['hmac-sha1', 'hmac-sha2-256', 'hmac-sha2-512'] server mac:['hmac-sha1', 'hmac-sha2-256', 'hmac-sha2-512'] client compress:['none', 'zlib@openssh.com'] server compress:['none', 'zlib@openssh.com'] client lang:[''] server lang:[''] kex follows?False
DEBUG:paramiko.transport:Kex agreed: ecdh-sha2-nistp256
DEBUG:paramiko.transport:HostKey agreed: ssh-rsa
DEBUG:paramiko.transport:Cipher agreed: aes128-ctr
DEBUG:paramiko.transport:MAC agreed: hmac-sha2-256
DEBUG:paramiko.transport:Compression agreed: none
DEBUG:paramiko.transport:kex engine KexNistp256 specified hash_algo <built-in function openssl_sha256>
DEBUG:paramiko.transport:Switch to new keys ...
DEBUG:paramiko.transport:Adding ssh-rsa host key for nxos1.lasthop.io: b'58318fd2f378211ff816a026bfbb687c'
DEBUG:paramiko.transport:userauth is OK
INFO:paramiko.transport:Auth banner: b'User Access Verification\n'
INFO:paramiko.transport:Authentication (password) successful!
DEBUG:paramiko.transport:[chan 0] Max packet in: 32768 bytes
DEBUG:paramiko.transport:Received global request "hostkeys-00@openssh.com"
DEBUG:paramiko.transport:Rejecting "hostkeys-00@openssh.com" global request from server.
DEBUG:paramiko.transport:[chan 0] Max packet out: 32768 bytes
DEBUG:paramiko.transport:Secsh channel 0 opened.
DEBUG:paramiko.transport:[chan 0] Sesch channel 0 request ok
DEBUG:paramiko.transport:[chan 0] Sesch channel 0 request ok
DEBUG:netmiko:read_channel: 

Cisco NX-OS Software
Copyright (c) 2002-2019, Cisco Systems, Inc. All rights reserved.
Nexus 9000v software ("Nexus 9000v Software") and related documentation,
files or other reference materials ("Documentation") are
the proprietary property and confidential information of Cisco
Systems, Inc. ("Cisco") and are protected, without limitation,
pursuant to United States and International copyright and trademark
laws in the applicable jurisdiction which provide civil and criminal
penalties for copying or distribution without Cisco's authorization.

Any use or disclosure, in whole or in part, of the Nexus 9000v Software
or Documentation to any third party for any purposes is expressly
prohibited except as otherwise authorized by Cisco in writing.
The copyrights to certain works contained herein are owned by other
third parties and are used and distributed under license. Some parts
of this software may be covered under the GNU Public License or the
GNU Lesser General Public License. A copy of each such license is
available at
http://www.gnu.org/licenses/gpl.html and
http://www.gnu.org/licenses/lgpl.html
***************************************************************************
*  Nexus 9000v is strictly limited to use for evaluation, demonstration   *
*  and NX-OS education. Any use or disclosure, in whole or in part of     *
*  the Nexus 9000v Software or Documentation to any third party for any   *
*  purposes is expressly prohibited except as otherwise authorized by     *
*  Cisco in writing.                                                      *
***************************************************************************
nxos1# 
DEBUG:netmiko:read_channel: 
DEBUG:netmiko:read_channel: 
DEBUG:netmiko:write_channel: b'terminal width 511\n'
DEBUG:netmiko:Pattern is: terminal width 511
DEBUG:netmiko:_read_channel_expect read_data: terminal width 511

DEBUG:netmiko:Pattern found: terminal width 511 terminal width 511

DEBUG:netmiko:In disable_paging
DEBUG:netmiko:Command: terminal length 0

DEBUG:netmiko:write_channel: b'terminal length 0\n'
DEBUG:netmiko:Pattern is: terminal\ length\ 0
DEBUG:netmiko:_read_channel_expect read_data: nxos1# 
DEBUG:netmiko:_read_channel_expect read_data: terminal length 0
nxos1# 
DEBUG:netmiko:Pattern found: terminal\ length\ 0 nxos1# terminal length 0
nxos1# 
DEBUG:netmiko:nxos1# terminal length 0
nxos1# 
DEBUG:netmiko:Exiting disable_paging
DEBUG:netmiko:read_channel: 
DEBUG:netmiko:write_channel: b'\n'
DEBUG:netmiko:read_channel: 
nxos1# 
DEBUG:netmiko:read_channel: 
DEBUG:netmiko:[find_prompt()]: prompt is nxos1#
DEBUG:netmiko:write_channel: b'\n'
DEBUG:netmiko:Pattern is: #
DEBUG:netmiko:_read_channel_expect read_data: 
nxos1# 
DEBUG:netmiko:Pattern found: # 
nxos1# 
DEBUG:netmiko:write_channel: b'configure terminal\n'
DEBUG:netmiko:Pattern is: configure\ terminal
DEBUG:netmiko:_read_channel_expect read_data: configure terminal
Enter configuration commands, one per line. End with CNTL/Z.
nxos1(config)# 
DEBUG:netmiko:Pattern found: configure\ terminal configure terminal
Enter configuration commands, one per line. End with CNTL/Z.
nxos1(config)# 
DEBUG:netmiko:write_channel: b'\n'
DEBUG:netmiko:Pattern is: #
DEBUG:netmiko:_read_channel_expect read_data: 
nxos1(config)# 
DEBUG:netmiko:Pattern found: # 
nxos1(config)# 
DEBUG:netmiko:write_channel: b'vlan 501\n'
DEBUG:netmiko:Pattern is: vlan\ 501
DEBUG:netmiko:_read_channel_expect read_data: vlan 501

DEBUG:netmiko:Pattern found: vlan\ 501 vlan 501

DEBUG:netmiko:Pattern is: (?:nxos1|#)
DEBUG:netmiko:_read_channel_expect read_data: nxos1(config-vlan)# 
DEBUG:netmiko:Pattern found: (?:nxos1|#) nxos1(config-vlan)# 
DEBUG:netmiko:write_channel: b'name blue501\n'
DEBUG:netmiko:Pattern is: name\ blue501
DEBUG:netmiko:_read_channel_expect read_data: name blue501

DEBUG:netmiko:Pattern found: name\ blue501 name blue501

DEBUG:netmiko:Pattern is: (?:nxos1|#)
DEBUG:netmiko:_read_channel_expect read_data: nxos1(config-vlan)# 
DEBUG:netmiko:Pattern found: (?:nxos1|#) nxos1(config-vlan)# 
DEBUG:netmiko:write_channel: b'vlan 502\n'
DEBUG:netmiko:Pattern is: vlan\ 502
DEBUG:netmiko:_read_channel_expect read_data: vlan 502

DEBUG:netmiko:Pattern found: vlan\ 502 vlan 502

DEBUG:netmiko:Pattern is: (?:nxos1|#)
DEBUG:netmiko:_read_channel_expect read_data: nxos1(config-vlan)# 
DEBUG:netmiko:Pattern found: (?:nxos1|#) nxos1(config-vlan)# 
DEBUG:netmiko:write_channel: b'name blue502\n'
DEBUG:netmiko:Pattern is: name\ blue502
DEBUG:netmiko:_read_channel_expect read_data: name blue502

DEBUG:netmiko:Pattern found: name\ blue502 name blue502

DEBUG:netmiko:Pattern is: (?:nxos1|#)
DEBUG:netmiko:_read_channel_expect read_data: nxos1(config-vlan)# 
DEBUG:netmiko:Pattern found: (?:nxos1|#) nxos1(config-vlan)# 
DEBUG:netmiko:write_channel: b'\n'
DEBUG:netmiko:Pattern is: #
DEBUG:netmiko:_read_channel_expect read_data: 
nxos1(config-vlan)# 
DEBUG:netmiko:Pattern found: # 
nxos1(config-vlan)# 
DEBUG:netmiko:write_channel: b'end\n'
DEBUG:netmiko:Pattern is: end
DEBUG:netmiko:_read_channel_expect read_data: end

DEBUG:netmiko:Pattern found: end end

DEBUG:netmiko:Pattern is: \#
DEBUG:netmiko:_read_channel_expect read_data: nxos1# 
DEBUG:netmiko:Pattern found: \# nxos1# 
DEBUG:netmiko:write_channel: b'\n'
DEBUG:netmiko:Pattern is: #
DEBUG:netmiko:_read_channel_expect read_data: 
nxos1# 
DEBUG:netmiko:Pattern found: # 
nxos1# 
DEBUG:netmiko:exit_config_mode: end
nxos1# 
DEBUG:netmiko:configure terminal
Enter configuration commands, one per line. End with CNTL/Z.

nxos1(config)# vlan 501
nxos1(config-vlan)# name blue501
nxos1(config-vlan)# vlan 502
nxos1(config-vlan)# name blue502
nxos1(config-vlan)# end
nxos1# 
DEBUG:netmiko:write_channel: b'\n'
DEBUG:netmiko:read_channel: 
nxos1# 
DEBUG:netmiko:read_channel: 
DEBUG:netmiko:read_channel: 
DEBUG:netmiko:write_channel: b'exit\n'
DEBUG:paramiko.transport:starting thread (client mode): 0xecab050
DEBUG:paramiko.transport:Local version/idstring: SSH-2.0-paramiko_2.7.2
DEBUG:paramiko.transport:EOF in transport thread
DEBUG:paramiko.transport:Remote version/idstring: SSH-2.0-OpenSSH_7.5 PKIX[10.1]
INFO:paramiko.transport:Connected (version 2.0, client OpenSSH_7.5)
DEBUG:paramiko.transport:kex algos:['diffie-hellman-group14-sha1', 'ecdh-sha2-nistp256', 'ecdh-sha2-nistp384', 'ecdh-sha2-nistp521'] server key:['ssh-rsa', 'rsa-sha2-512', 'rsa-sha2-256'] client encrypt:['aes128-ctr', 'aes256-ctr', 'aes256-gcm@openssh.com', 'aes128-gcm@openssh.com'] server encrypt:['aes128-ctr', 'aes256-ctr', 'aes256-gcm@openssh.com', 'aes128-gcm@openssh.com'] client mac:['hmac-sha1', 'hmac-sha2-256', 'hmac-sha2-512'] server mac:['hmac-sha1', 'hmac-sha2-256', 'hmac-sha2-512'] client compress:['none', 'zlib@openssh.com'] server compress:['none', 'zlib@openssh.com'] client lang:[''] server lang:[''] kex follows?False
DEBUG:paramiko.transport:Kex agreed: ecdh-sha2-nistp256
DEBUG:paramiko.transport:HostKey agreed: ssh-rsa
DEBUG:paramiko.transport:Cipher agreed: aes128-ctr
DEBUG:paramiko.transport:MAC agreed: hmac-sha2-256
DEBUG:paramiko.transport:Compression agreed: none
DEBUG:paramiko.transport:kex engine KexNistp256 specified hash_algo <built-in function openssl_sha256>
DEBUG:paramiko.transport:Switch to new keys ...
DEBUG:paramiko.transport:Adding ssh-rsa host key for nxos2.lasthop.io: b'58318fd2f378211ff816a026bfbb687c'
DEBUG:paramiko.transport:userauth is OK
INFO:paramiko.transport:Auth banner: b'User Access Verification\n'
INFO:paramiko.transport:Authentication (password) successful!
DEBUG:paramiko.transport:[chan 0] Max packet in: 32768 bytes
DEBUG:paramiko.transport:Received global request "hostkeys-00@openssh.com"
DEBUG:paramiko.transport:Rejecting "hostkeys-00@openssh.com" global request from server.
DEBUG:paramiko.transport:[chan 0] Max packet out: 32768 bytes
DEBUG:paramiko.transport:Secsh channel 0 opened.
DEBUG:paramiko.transport:[chan 0] Sesch channel 0 request ok
DEBUG:paramiko.transport:[chan 0] Sesch channel 0 request ok
DEBUG:netmiko:read_channel: 


DEBUG:netmiko:read_channel: Cisco NX-OS Software
Copyright (c) 2002-2019, Cisco Systems, Inc. All rights reserved.
Nexus 9000v software ("Nexus 9000v Software") and related documentation,
files or other reference materials ("Documentation") are
the proprietary property and confidential information of Cisco
Systems, Inc. ("Cisco") and are protected, without limitation,
pursuant to United States and International copyright and trademark
laws in the applicable jurisdiction which provide civil and criminal
penalties for copying or distribution without Cisco's authorization.

Any use or disclosure, in whole or in part, of the Nexus 9000v Software
or Documentation to any third party for any purposes is expressly
prohibited except as otherwise authorized by Cisco in writing.
The copyrights to certain works contained herein are owned by other
third parties and are used and distributed under license. Some parts
of this software may be covered under the GNU Public License or the
GNU Lesser General Public License. A copy of each such license is
available at
http://www.gnu.org/licenses/gpl.html and
http://www.gnu.org/licenses/lgpl.html
***************************************************************************
*  Nexus 9000v is strictly limited to use for evaluation, demonstration   *
*  and NX-OS education. Any use or disclosure, in whole or in part of     *
*  the Nexus 9000v Software or Documentation to any third party for any   *
*  purposes is expressly prohibited except as otherwise authorized by     *
*  Cisco in writing.                                                      *
***************************************************************************

DEBUG:netmiko:read_channel: nxos2# 
DEBUG:netmiko:read_channel: 
DEBUG:netmiko:read_channel: 
DEBUG:netmiko:write_channel: b'terminal width 511\n'
DEBUG:netmiko:Pattern is: terminal width 511
DEBUG:netmiko:_read_channel_expect read_data: terminal width 511

DEBUG:netmiko:Pattern found: terminal width 511 terminal width 511

DEBUG:netmiko:In disable_paging
DEBUG:netmiko:Command: terminal length 0

DEBUG:netmiko:write_channel: b'terminal length 0\n'
DEBUG:netmiko:Pattern is: terminal\ length\ 0
DEBUG:netmiko:_read_channel_expect read_data: nxos2# 
DEBUG:netmiko:_read_channel_expect read_data: terminal length 0
nxos2# 
DEBUG:netmiko:Pattern found: terminal\ length\ 0 nxos2# terminal length 0
nxos2# 
DEBUG:netmiko:nxos2# terminal length 0
nxos2# 
DEBUG:netmiko:Exiting disable_paging
DEBUG:netmiko:read_channel: 
DEBUG:netmiko:write_channel: b'\n'
DEBUG:netmiko:read_channel: 
nxos2# 
DEBUG:netmiko:read_channel: 
DEBUG:netmiko:[find_prompt()]: prompt is nxos2#
DEBUG:netmiko:write_channel: b'\n'
DEBUG:netmiko:Pattern is: #
DEBUG:netmiko:_read_channel_expect read_data: 
nxos2# 
DEBUG:netmiko:Pattern found: # 
nxos2# 
DEBUG:netmiko:write_channel: b'configure terminal\n'
DEBUG:netmiko:Pattern is: configure\ terminal
DEBUG:netmiko:_read_channel_expect read_data: configure terminal

DEBUG:netmiko:Pattern found: configure\ terminal configure terminal

DEBUG:netmiko:Pattern is: nxos2
DEBUG:netmiko:_read_channel_expect read_data: Enter configuration commands, one per line. End with CNTL/Z.
nxos2(config)# 
DEBUG:netmiko:Pattern found: nxos2 Enter configuration commands, one per line. End with CNTL/Z.
nxos2(config)# 
DEBUG:netmiko:write_channel: b'\n'
DEBUG:netmiko:Pattern is: #
DEBUG:netmiko:_read_channel_expect read_data: 

DEBUG:netmiko:_read_channel_expect read_data: nxos2(config)# 
DEBUG:netmiko:Pattern found: # 
nxos2(config)# 
DEBUG:netmiko:write_channel: b'vlan 501\n'
DEBUG:netmiko:Pattern is: vlan\ 501
DEBUG:netmiko:_read_channel_expect read_data: vlan 501

DEBUG:netmiko:Pattern found: vlan\ 501 vlan 501

DEBUG:netmiko:Pattern is: (?:nxos2|#)
DEBUG:netmiko:_read_channel_expect read_data: nxos2(config-vlan)# 
DEBUG:netmiko:Pattern found: (?:nxos2|#) nxos2(config-vlan)# 
DEBUG:netmiko:write_channel: b'name blue501\n'
DEBUG:netmiko:Pattern is: name\ blue501
DEBUG:netmiko:_read_channel_expect read_data: name blue501

DEBUG:netmiko:Pattern found: name\ blue501 name blue501

DEBUG:netmiko:Pattern is: (?:nxos2|#)
DEBUG:netmiko:_read_channel_expect read_data: nxos2(config-vlan)# 
DEBUG:netmiko:Pattern found: (?:nxos2|#) nxos2(config-vlan)# 
DEBUG:netmiko:write_channel: b'vlan 502\n'
DEBUG:netmiko:Pattern is: vlan\ 502
DEBUG:netmiko:_read_channel_expect read_data: vlan 502

DEBUG:netmiko:Pattern found: vlan\ 502 vlan 502

DEBUG:netmiko:Pattern is: (?:nxos2|#)
DEBUG:netmiko:_read_channel_expect read_data: nxos2(config-vlan)# 
DEBUG:netmiko:Pattern found: (?:nxos2|#) nxos2(config-vlan)# 
DEBUG:netmiko:write_channel: b'name blue502\n'
DEBUG:netmiko:Pattern is: name\ blue502
DEBUG:netmiko:_read_channel_expect read_data: name blue502

DEBUG:netmiko:Pattern found: name\ blue502 name blue502

DEBUG:netmiko:Pattern is: (?:nxos2|#)
DEBUG:netmiko:_read_channel_expect read_data: nxos2(config-vlan)# 
DEBUG:netmiko:Pattern found: (?:nxos2|#) nxos2(config-vlan)# 
DEBUG:netmiko:write_channel: b'\n'
DEBUG:netmiko:Pattern is: #
DEBUG:netmiko:_read_channel_expect read_data: 

DEBUG:netmiko:_read_channel_expect read_data: nxos2(config-vlan)# 
DEBUG:netmiko:Pattern found: # 
nxos2(config-vlan)# 
DEBUG:netmiko:write_channel: b'end\n'
DEBUG:netmiko:Pattern is: end
DEBUG:netmiko:_read_channel_expect read_data: end

DEBUG:netmiko:Pattern found: end end

DEBUG:netmiko:Pattern is: \#
DEBUG:netmiko:_read_channel_expect read_data: nxos2# 
DEBUG:netmiko:Pattern found: \# nxos2# 
DEBUG:netmiko:write_channel: b'\n'
DEBUG:netmiko:Pattern is: #
DEBUG:netmiko:_read_channel_expect read_data: 

DEBUG:netmiko:_read_channel_expect read_data: nxos2# 
DEBUG:netmiko:Pattern found: # 
nxos2# 
DEBUG:netmiko:exit_config_mode: end
nxos2# 
DEBUG:netmiko:configure terminal
Enter configuration commands, one per line. End with CNTL/Z.

nxos2(config)# vlan 501
nxos2(config-vlan)# name blue501
nxos2(config-vlan)# vlan 502
nxos2(config-vlan)# name blue502
nxos2(config-vlan)# end
nxos2# 
DEBUG:netmiko:write_channel: b'\n'
DEBUG:netmiko:read_channel: 
nxos2# 
DEBUG:netmiko:read_channel: 
DEBUG:netmiko:read_channel: 
DEBUG:netmiko:write_channel: b'exit\n'
DEBUG:paramiko.transport:starting thread (client mode): 0x71bab550
DEBUG:paramiko.transport:Local version/idstring: SSH-2.0-paramiko_2.7.2
DEBUG:paramiko.transport:Remote version/idstring: SSH-2.0-OpenSSH_7.5 PKIX[10.1]
INFO:paramiko.transport:Connected (version 2.0, client OpenSSH_7.5)
DEBUG:paramiko.transport:kex algos:['diffie-hellman-group14-sha1', 'ecdh-sha2-nistp256', 'ecdh-sha2-nistp384', 'ecdh-sha2-nistp521'] server key:['ssh-rsa', 'rsa-sha2-512', 'rsa-sha2-256'] client encrypt:['aes128-ctr', 'aes256-ctr', 'aes256-gcm@openssh.com', 'aes128-gcm@openssh.com'] server encrypt:['aes128-ctr', 'aes256-ctr', 'aes256-gcm@openssh.com', 'aes128-gcm@openssh.com'] client mac:['hmac-sha1', 'hmac-sha2-256', 'hmac-sha2-512'] server mac:['hmac-sha1', 'hmac-sha2-256', 'hmac-sha2-512'] client compress:['none', 'zlib@openssh.com'] server compress:['none', 'zlib@openssh.com'] client lang:[''] server lang:[''] kex follows?False
DEBUG:paramiko.transport:Kex agreed: ecdh-sha2-nistp256
DEBUG:paramiko.transport:HostKey agreed: ssh-rsa
DEBUG:paramiko.transport:Cipher agreed: aes128-ctr
DEBUG:paramiko.transport:MAC agreed: hmac-sha2-256
DEBUG:paramiko.transport:Compression agreed: none
DEBUG:paramiko.transport:kex engine KexNistp256 specified hash_algo <built-in function openssl_sha256>
DEBUG:paramiko.transport:Switch to new keys ...
DEBUG:paramiko.transport:Adding ssh-rsa host key for nxos1.lasthop.io: b'58318fd2f378211ff816a026bfbb687c'
DEBUG:paramiko.transport:userauth is OK
INFO:paramiko.transport:Auth banner: b'User Access Verification\n'
INFO:paramiko.transport:Authentication (password) successful!
DEBUG:paramiko.transport:[chan 0] Max packet in: 32768 bytes
DEBUG:paramiko.transport:Received global request "hostkeys-00@openssh.com"
DEBUG:paramiko.transport:Rejecting "hostkeys-00@openssh.com" global request from server.
DEBUG:paramiko.transport:[chan 0] Max packet out: 32768 bytes
DEBUG:paramiko.transport:Secsh channel 0 opened.
DEBUG:paramiko.transport:[chan 0] Sesch channel 0 request ok
DEBUG:paramiko.transport:[chan 0] Sesch channel 0 request ok
DEBUG:netmiko:read_channel: 

Cisco NX-OS Software
Copyright (c) 2002-2019, Cisco Systems, Inc. All rights reserved.
Nexus 9000v software ("Nexus 9000v Software") and related documentation,
files or other reference materials ("Documentation") are
the proprietary property and confidential information of Cisco
Systems, Inc. ("Cisco") and are protected, without limitation,
pursuant to United States and International copyright and trademark
laws in the applicable jurisdiction which provide civil and criminal
penalties for copying or distribution without Cisco's authorization.

Any use or disclosure, in whole or in part, of the Nexus 9000v Software
or Documentation to any third party for any purposes is expressly
prohibited except as otherwise authorized by Cisco in writing.
The copyrights to certain works contained herein are owned by other
third parties and are used and distributed under license. Some parts
of this software may be covered under the GNU Public License or the
GNU Lesser General Public License. A copy of each such license is
available at
http://www.gnu.org/licenses/gpl.html and
http://www.gnu.org/licenses/lgpl.html
***************************************************************************
*  Nexus 9000v is strictly limited to use for evaluation, demonstration   *
*  and NX-OS education. Any use or disclosure, in whole or in part of     *
*  the Nexus 9000v Software or Documentation to any third party for any   *
*  purposes is expressly prohibited except as otherwise authorized by     *
*  Cisco in writing.                                                      *
***************************************************************************
verylonghostnamefornxos# 
DEBUG:netmiko:read_channel: 
DEBUG:netmiko:read_channel: 
DEBUG:netmiko:write_channel: b'terminal width 511\n'
DEBUG:netmiko:Pattern is: terminal width 511
DEBUG:netmiko:_read_channel_expect read_data: terminal width 511

DEBUG:netmiko:Pattern found: terminal width 511 terminal width 511

DEBUG:netmiko:In disable_paging
DEBUG:netmiko:Command: terminal length 0

DEBUG:netmiko:write_channel: b'terminal length 0\n'
DEBUG:netmiko:Pattern is: terminal\ length\ 0
DEBUG:netmiko:_read_channel_expect read_data: verylonghostnamefornxos# 
DEBUG:netmiko:_read_channel_expect read_data: terminal length 0
verylonghostnamefornxos# 
DEBUG:netmiko:Pattern found: terminal\ length\ 0 verylonghostnamefornxos# terminal length 0
verylonghostnamefornxos# 
DEBUG:netmiko:verylonghostnamefornxos# terminal length 0
verylonghostnamefornxos# 
DEBUG:netmiko:Exiting disable_paging
DEBUG:netmiko:read_channel: 
DEBUG:netmiko:write_channel: b'\n'
DEBUG:netmiko:read_channel: 
verylonghostnamefornxos# 
DEBUG:netmiko:read_channel: 
DEBUG:netmiko:[find_prompt()]: prompt is verylonghostnamefornxos#
DEBUG:netmiko:read_channel: 
DEBUG:netmiko:write_channel: b'\n'
DEBUG:netmiko:read_channel: 
verylonghostnamefornxos# 
DEBUG:netmiko:read_channel: 
DEBUG:netmiko:[find_prompt()]: prompt is verylonghostnamefornxos#
DEBUG:netmiko:read_channel: 
DEBUG:netmiko:write_channel: b'show ip int brief vrf management | include management\n'
DEBUG:netmiko:Pattern is: show\ ip\ int\ brief\ vrf\ management\ \|\ include\ management
DEBUG:netmiko:_read_channel_expect read_data: show ip int brief vrf management | include management

DEBUG:netmiko:Pattern found: show\ ip\ int\ brief\ vrf\ management\ \|\ include\ management show ip int brief vrf management | include management

DEBUG:netmiko:read_channel: IP Interface Status for VRF "management"(2)
verylonghostnamefornxos# 
DEBUG:netmiko:write_channel: b'\n'
DEBUG:netmiko:read_channel: 
verylonghostnamefornxos# 
DEBUG:netmiko:read_channel: 
DEBUG:netmiko:read_channel: 
DEBUG:netmiko:write_channel: b'exit\n'
DEBUG:paramiko.transport:starting thread (client mode): 0x6a604510
DEBUG:paramiko.transport:Local version/idstring: SSH-2.0-paramiko_2.7.2
DEBUG:paramiko.transport:Remote version/idstring: SSH-2.0-OpenSSH_7.5 PKIX[10.1]
INFO:paramiko.transport:Connected (version 2.0, client OpenSSH_7.5)
DEBUG:paramiko.transport:kex algos:['diffie-hellman-group14-sha1', 'ecdh-sha2-nistp256', 'ecdh-sha2-nistp384', 'ecdh-sha2-nistp521'] server key:['ssh-rsa', 'rsa-sha2-512', 'rsa-sha2-256'] client encrypt:['aes128-ctr', 'aes256-ctr', 'aes256-gcm@openssh.com', 'aes128-gcm@openssh.com'] server encrypt:['aes128-ctr', 'aes256-ctr', 'aes256-gcm@openssh.com', 'aes128-gcm@openssh.com'] client mac:['hmac-sha1', 'hmac-sha2-256', 'hmac-sha2-512'] server mac:['hmac-sha1', 'hmac-sha2-256', 'hmac-sha2-512'] client compress:['none', 'zlib@openssh.com'] server compress:['none', 'zlib@openssh.com'] client lang:[''] server lang:[''] kex follows?False
DEBUG:paramiko.transport:Kex agreed: ecdh-sha2-nistp256
DEBUG:paramiko.transport:HostKey agreed: ssh-rsa
DEBUG:paramiko.transport:Cipher agreed: aes128-ctr
DEBUG:paramiko.transport:MAC agreed: hmac-sha2-256
DEBUG:paramiko.transport:Compression agreed: none
DEBUG:paramiko.transport:kex engine KexNistp256 specified hash_algo <built-in function openssl_sha256>
DEBUG:paramiko.transport:Switch to new keys ...
DEBUG:paramiko.transport:Adding ssh-rsa host key for nxos1.lasthop.io: b'58318fd2f378211ff816a026bfbb687c'
DEBUG:paramiko.transport:userauth is OK
INFO:paramiko.transport:Auth banner: b'User Access Verification\n'
INFO:paramiko.transport:Authentication (password) successful!
DEBUG:paramiko.transport:[chan 0] Max packet in: 32768 bytes
DEBUG:paramiko.transport:Received global request "hostkeys-00@openssh.com"
DEBUG:paramiko.transport:Rejecting "hostkeys-00@openssh.com" global request from server.
DEBUG:paramiko.transport:[chan 0] Max packet out: 32768 bytes
DEBUG:paramiko.transport:Secsh channel 0 opened.
DEBUG:paramiko.transport:[chan 0] Sesch channel 0 request ok
DEBUG:paramiko.transport:[chan 0] Sesch channel 0 request ok
DEBUG:netmiko:read_channel: 


DEBUG:netmiko:read_channel: Cisco NX-OS Software
Copyright (c) 2002-2019, Cisco Systems, Inc. All rights reserved.
Nexus 9000v software ("Nexus 9000v Software") and related documentation,
files or other reference materials ("Documentation") are
the proprietary property and confidential information of Cisco
Systems, Inc. ("Cisco") and are protected, without limitation,
pursuant to United States and International copyright and trademark
laws in the applicable jurisdiction which provide civil and criminal
penalties for copying or distribution without Cisco's authorization.

Any use or disclosure, in whole or in part, of the Nexus 9000v Software
or Documentation to any third party for any purposes is expressly
prohibited except as otherwise authorized by Cisco in writing.
The copyrights to certain works contained herein are owned by other
third parties and are used and distributed under license. Some parts
of this software may be covered under the GNU Public License or the
GNU Lesser General Public License. A copy of each such license is
available at
http://www.gnu.org/licenses/gpl.html and
http://www.gnu.org/licenses/lgpl.html
***************************************************************************
*  Nexus 9000v is strictly limited to use for evaluation, demonstration   *
*  and NX-OS education. Any use or disclosure, in whole or in part of     *
*  the Nexus 9000v Software or Documentation to any third party for any   *
*  purposes is expressly prohibited except as otherwise authorized by     *
*  Cisco in writing.                                                      *
***************************************************************************

DEBUG:netmiko:read_channel: verylonghostnamefornxos# 
DEBUG:netmiko:read_channel: 
DEBUG:netmiko:read_channel: 
DEBUG:netmiko:write_channel: b'terminal width 511\n'
DEBUG:netmiko:Pattern is: terminal width 511
DEBUG:netmiko:_read_channel_expect read_data: terminal width 511
verylonghostnamefornxos# 
DEBUG:netmiko:Pattern found: terminal width 511 terminal width 511
verylonghostnamefornxos# 
DEBUG:netmiko:In disable_paging
DEBUG:netmiko:Command: terminal length 0

DEBUG:netmiko:write_channel: b'terminal length 0\n'
DEBUG:netmiko:Pattern is: terminal\ length\ 0
DEBUG:netmiko:_read_channel_expect read_data: terminal length 0

DEBUG:netmiko:Pattern found: terminal\ length\ 0 terminal length 0

DEBUG:netmiko:terminal length 0

DEBUG:netmiko:Exiting disable_paging
DEBUG:netmiko:read_channel: verylonghostnamefornxos# 
DEBUG:netmiko:Clear buffer detects data in the channel
DEBUG:netmiko:read_channel: 
DEBUG:netmiko:write_channel: b'\n'
DEBUG:netmiko:read_channel: 
verylonghostnamefornxos# 
DEBUG:netmiko:read_channel: 
DEBUG:netmiko:[find_prompt()]: prompt is verylonghostnamefornxos#
DEBUG:netmiko:read_channel: 
DEBUG:netmiko:write_channel: b'\n'
DEBUG:netmiko:read_channel: 
verylonghostnamefornxos# 
DEBUG:netmiko:read_channel: 
DEBUG:netmiko:[find_prompt()]: prompt is verylonghostnamefornxos#
DEBUG:netmiko:read_channel: 
DEBUG:netmiko:write_channel: b'show ip interface brief vrf management | include management\n'
DEBUG:netmiko:Pattern is: show\ ip\ interface\ brief\ vrf\ management\ \|\ include\ management
DEBUG:netmiko:_read_channel_expect read_data: show ip interface brief vrf management | include management

DEBUG:netmiko:Pattern found: show\ ip\ interface\ brief\ vrf\ management\ \|\ include\ management show ip interface brief vrf management | include management

DEBUG:netmiko:read_channel: IP Interface Status for VRF "management"(2)
verylonghostnamefornxos# 
DEBUG:netmiko:write_channel: b'\n'
DEBUG:netmiko:read_channel: 
verylonghostnamefornxos# 
DEBUG:netmiko:read_channel: 
DEBUG:netmiko:read_channel: 
DEBUG:netmiko:write_channel: b'exit\n'
DEBUG:paramiko.transport:starting thread (client mode): 0x8db96510
DEBUG:paramiko.transport:Local version/idstring: SSH-2.0-paramiko_2.7.2
DEBUG:paramiko.transport:Remote version/idstring: SSH-2.0-OpenSSH_7.5 PKIX[10.1]
INFO:paramiko.transport:Connected (version 2.0, client OpenSSH_7.5)
DEBUG:paramiko.transport:kex algos:['diffie-hellman-group14-sha1', 'ecdh-sha2-nistp256', 'ecdh-sha2-nistp384', 'ecdh-sha2-nistp521'] server key:['ssh-rsa', 'rsa-sha2-512', 'rsa-sha2-256'] client encrypt:['aes128-ctr', 'aes256-ctr', 'aes256-gcm@openssh.com', 'aes128-gcm@openssh.com'] server encrypt:['aes128-ctr', 'aes256-ctr', 'aes256-gcm@openssh.com', 'aes128-gcm@openssh.com'] client mac:['hmac-sha1', 'hmac-sha2-256', 'hmac-sha2-512'] server mac:['hmac-sha1', 'hmac-sha2-256', 'hmac-sha2-512'] client compress:['none', 'zlib@openssh.com'] server compress:['none', 'zlib@openssh.com'] client lang:[''] server lang:[''] kex follows?False
DEBUG:paramiko.transport:Kex agreed: ecdh-sha2-nistp256
DEBUG:paramiko.transport:HostKey agreed: ssh-rsa
DEBUG:paramiko.transport:Cipher agreed: aes128-ctr
DEBUG:paramiko.transport:MAC agreed: hmac-sha2-256
DEBUG:paramiko.transport:Compression agreed: none
DEBUG:paramiko.transport:kex engine KexNistp256 specified hash_algo <built-in function openssl_sha256>
DEBUG:paramiko.transport:Switch to new keys ...
DEBUG:paramiko.transport:Adding ssh-rsa host key for nxos1.lasthop.io: b'58318fd2f378211ff816a026bfbb687c'
DEBUG:paramiko.transport:userauth is OK
INFO:paramiko.transport:Auth banner: b'User Access Verification\n'
INFO:paramiko.transport:Authentication (password) successful!
DEBUG:paramiko.transport:[chan 0] Max packet in: 32768 bytes
DEBUG:paramiko.transport:Received global request "hostkeys-00@openssh.com"
DEBUG:paramiko.transport:Rejecting "hostkeys-00@openssh.com" global request from server.
DEBUG:paramiko.transport:[chan 0] Max packet out: 32768 bytes
DEBUG:paramiko.transport:Secsh channel 0 opened.
DEBUG:paramiko.transport:[chan 0] Sesch channel 0 request ok
DEBUG:paramiko.transport:[chan 0] Sesch channel 0 request ok
DEBUG:netmiko:read_channel: 


DEBUG:netmiko:read_channel: 
DEBUG:netmiko:read_channel: Cisco NX-OS Software
Copyright (c) 2002-2019, Cisco Systems, Inc. All rights reserved.
Nexus 9000v software ("Nexus 9000v Software") and related documentation,
files or other reference materials ("Documentation") are
the proprietary property and confidential information of Cisco
Systems, Inc. ("Cisco") and are protected, without limitation,
pursuant to United States and International copyright and trademark
laws in the applicable jurisdiction which provide civil and criminal
penalties for copying or distribution without Cisco's authorization.

Any use or disclosure, in whole or in part, of the Nexus 9000v Software
or Documentation to any third party for any purposes is expressly
prohibited except as otherwise authorized by Cisco in writing.
The copyrights to certain works contained herein are owned by other
third parties and are used and distributed under license. Some parts
of this software may be covered under the GNU Public License or the
GNU Lesser General Public License. A copy of each such license is
available at
http://www.gnu.org/licenses/gpl.html and
http://www.gnu.org/licenses/lgpl.html
***************************************************************************
*  Nexus 9000v is strictly limited to use for evaluation, demonstration   *
*  and NX-OS education. Any use or disclosure, in whole or in part of     *
*  the Nexus 9000v Software or Documentation to any third party for any   *
*  purposes is expressly prohibited except as otherwise authorized by     *
*  Cisco in writing.                                                      *
***************************************************************************
verylonghostnamefornxos# 
DEBUG:netmiko:read_channel: 
DEBUG:netmiko:read_channel: 
DEBUG:netmiko:write_channel: b'terminal width 511\n'
DEBUG:netmiko:Pattern is: terminal width 511
DEBUG:netmiko:_read_channel_expect read_data: terminal width 511

DEBUG:netmiko:Pattern found: terminal width 511 terminal width 511

DEBUG:netmiko:In disable_paging
DEBUG:netmiko:Command: terminal length 0

DEBUG:netmiko:write_channel: b'terminal length 0\n'
DEBUG:netmiko:Pattern is: terminal\ length\ 0
DEBUG:netmiko:_read_channel_expect read_data: verylonghostnamefornxos# 
DEBUG:netmiko:_read_channel_expect read_data: terminal length 0
verylonghostnamefornxos# 
DEBUG:netmiko:Pattern found: terminal\ length\ 0 verylonghostnamefornxos# terminal length 0
verylonghostnamefornxos# 
DEBUG:netmiko:verylonghostnamefornxos# terminal length 0
verylonghostnamefornxos# 
DEBUG:netmiko:Exiting disable_paging
DEBUG:netmiko:read_channel: 
DEBUG:netmiko:write_channel: b'\n'
DEBUG:netmiko:read_channel: 
verylonghostnamefornxos# 
DEBUG:netmiko:read_channel: 
DEBUG:netmiko:[find_prompt()]: prompt is verylonghostnamefornxos#
DEBUG:netmiko:read_channel: 
DEBUG:netmiko:write_channel: b'\n'
DEBUG:netmiko:read_channel: 
verylonghostnamefornxos# 
DEBUG:netmiko:read_channel: 
DEBUG:netmiko:[find_prompt()]: prompt is verylonghostnamefornxos#
DEBUG:netmiko:read_channel: 
DEBUG:netmiko:write_channel: b'show ip interface brief vrf management | include management\n'
DEBUG:netmiko:Pattern is: show\ ip\ interface\ brief\ vrf\ management\ \|\ include\ management
DEBUG:netmiko:_read_channel_expect read_data: show ip interface brief vrf management | include management

DEBUG:netmiko:Pattern found: show\ ip\ interface\ brief\ vrf\ management\ \|\ include\ management show ip interface brief vrf management | include management

DEBUG:netmiko:read_channel: IP Interface Status for VRF "management"(2)
verylonghostnamefornxos# 
DEBUG:netmiko:write_channel: b'\n'
DEBUG:netmiko:read_channel: 
verylonghostnamefornxos# 
DEBUG:netmiko:read_channel: 
DEBUG:netmiko:read_channel: 
DEBUG:netmiko:write_channel: b'exit\n'
DEBUG:paramiko.transport:starting thread (client mode): 0x9a8cb490
DEBUG:paramiko.transport:Local version/idstring: SSH-2.0-paramiko_2.7.2
DEBUG:paramiko.transport:Remote version/idstring: SSH-2.0-OpenSSH_7.5 PKIX[10.1]
INFO:paramiko.transport:Connected (version 2.0, client OpenSSH_7.5)
DEBUG:paramiko.transport:kex algos:['diffie-hellman-group14-sha1', 'ecdh-sha2-nistp256', 'ecdh-sha2-nistp384', 'ecdh-sha2-nistp521'] server key:['ssh-rsa', 'rsa-sha2-512', 'rsa-sha2-256'] client encrypt:['aes128-ctr', 'aes256-ctr', 'aes256-gcm@openssh.com', 'aes128-gcm@openssh.com'] server encrypt:['aes128-ctr', 'aes256-ctr', 'aes256-gcm@openssh.com', 'aes128-gcm@openssh.com'] client mac:['hmac-sha1', 'hmac-sha2-256', 'hmac-sha2-512'] server mac:['hmac-sha1', 'hmac-sha2-256', 'hmac-sha2-512'] client compress:['none', 'zlib@openssh.com'] server compress:['none', 'zlib@openssh.com'] client lang:[''] server lang:[''] kex follows?False
DEBUG:paramiko.transport:Kex agreed: ecdh-sha2-nistp256
DEBUG:paramiko.transport:HostKey agreed: ssh-rsa
DEBUG:paramiko.transport:Cipher agreed: aes128-ctr
DEBUG:paramiko.transport:MAC agreed: hmac-sha2-256
DEBUG:paramiko.transport:Compression agreed: none
DEBUG:paramiko.transport:kex engine KexNistp256 specified hash_algo <built-in function openssl_sha256>
DEBUG:paramiko.transport:Switch to new keys ...
DEBUG:paramiko.transport:Adding ssh-rsa host key for nxos1.lasthop.io: b'58318fd2f378211ff816a026bfbb687c'
DEBUG:paramiko.transport:userauth is OK
INFO:paramiko.transport:Auth banner: b'User Access Verification\n'
INFO:paramiko.transport:Authentication (password) successful!
DEBUG:paramiko.transport:[chan 0] Max packet in: 32768 bytes
DEBUG:paramiko.transport:Received global request "hostkeys-00@openssh.com"
DEBUG:paramiko.transport:Rejecting "hostkeys-00@openssh.com" global request from server.
DEBUG:paramiko.transport:[chan 0] Max packet out: 32768 bytes
DEBUG:paramiko.transport:Secsh channel 0 opened.
DEBUG:paramiko.transport:[chan 0] Sesch channel 0 request ok
DEBUG:paramiko.transport:[chan 0] Sesch channel 0 request ok
DEBUG:netmiko:read_channel: 

Cisco NX-OS Software
Copyright (c) 2002-2019, Cisco Systems, Inc. All rights reserved.
Nexus 9000v software ("Nexus 9000v Software") and related documentation,
files or other reference materials ("Documentation") are
the proprietary property and confidential information of Cisco
Systems, Inc. ("Cisco") and are protected, without limitation,
pursuant to United States and International copyright and trademark
laws in the applicable jurisdiction which provide civil and criminal
penalties for copying or distribution without Cisco's authorization.

Any use or disclosure, in whole or in part, of the Nexus 9000v Software
or Documentation to any third party for any purposes is expressly
prohibited except as otherwise authorized by Cisco in writing.
The copyrights to certain works contained herein are owned by other
third parties and are used and distributed under license. Some parts
of this software may be covered under the GNU Public License or the
GNU Lesser General Public License. A copy of each such license is
available at
http://www.gnu.org/licenses/gpl.html and
http://www.gnu.org/licenses/lgpl.html
***************************************************************************
*  Nexus 9000v is strictly limited to use for evaluation, demonstration   *
*  and NX-OS education. Any use or disclosure, in whole or in part of     *
*  the Nexus 9000v Software or Documentation to any third party for any   *
*  purposes is expressly prohibited except as otherwise authorized by     *
*  Cisco in writing.                                                      *
***************************************************************************

DEBUG:netmiko:read_channel: verylonghostnamefornxos# 
DEBUG:netmiko:read_channel: 
DEBUG:netmiko:read_channel: 
DEBUG:netmiko:write_channel: b'terminal width 511\n'
DEBUG:netmiko:Pattern is: terminal width 511
DEBUG:netmiko:_read_channel_expect read_data: terminal width 511

DEBUG:netmiko:Pattern found: terminal width 511 terminal width 511

DEBUG:netmiko:In disable_paging
DEBUG:netmiko:Command: terminal length 0

DEBUG:netmiko:write_channel: b'terminal length 0\n'
DEBUG:netmiko:Pattern is: terminal\ length\ 0
DEBUG:netmiko:_read_channel_expect read_data: verylonghostnamefornxos# 
DEBUG:netmiko:_read_channel_expect read_data: terminal length 0
verylonghostnamefornxos# 
DEBUG:netmiko:Pattern found: terminal\ length\ 0 verylonghostnamefornxos# terminal length 0
verylonghostnamefornxos# 
DEBUG:netmiko:verylonghostnamefornxos# terminal length 0
verylonghostnamefornxos# 
DEBUG:netmiko:Exiting disable_paging
DEBUG:netmiko:read_channel: 
DEBUG:netmiko:write_channel: b'\n'
DEBUG:netmiko:read_channel: 
verylonghostnamefornxos# 
DEBUG:netmiko:read_channel: 
DEBUG:netmiko:[find_prompt()]: prompt is verylonghostnamefornxos#
DEBUG:netmiko:write_channel: b'\n'
DEBUG:netmiko:read_channel: 
verylonghostnamefornxos# 
DEBUG:netmiko:read_channel: 
DEBUG:netmiko:read_channel: 
DEBUG:netmiko:write_channel: b'exit\n'
DEBUG:paramiko.transport:starting thread (client mode): 0xc263e5d0
DEBUG:paramiko.transport:Local version/idstring: SSH-2.0-paramiko_2.7.2
DEBUG:paramiko.transport:Remote version/idstring: SSH-2.0-OpenSSH_7.5 PKIX[10.1]
INFO:paramiko.transport:Connected (version 2.0, client OpenSSH_7.5)
DEBUG:paramiko.transport:kex algos:['diffie-hellman-group14-sha1', 'ecdh-sha2-nistp256', 'ecdh-sha2-nistp384', 'ecdh-sha2-nistp521'] server key:['ssh-rsa', 'rsa-sha2-512', 'rsa-sha2-256'] client encrypt:['aes128-ctr', 'aes256-ctr', 'aes256-gcm@openssh.com', 'aes128-gcm@openssh.com'] server encrypt:['aes128-ctr', 'aes256-ctr', 'aes256-gcm@openssh.com', 'aes128-gcm@openssh.com'] client mac:['hmac-sha1', 'hmac-sha2-256', 'hmac-sha2-512'] server mac:['hmac-sha1', 'hmac-sha2-256', 'hmac-sha2-512'] client compress:['none', 'zlib@openssh.com'] server compress:['none', 'zlib@openssh.com'] client lang:[''] server lang:[''] kex follows?False
DEBUG:paramiko.transport:Kex agreed: ecdh-sha2-nistp256
DEBUG:paramiko.transport:HostKey agreed: ssh-rsa
DEBUG:paramiko.transport:Cipher agreed: aes128-ctr
DEBUG:paramiko.transport:MAC agreed: hmac-sha2-256
DEBUG:paramiko.transport:Compression agreed: none
DEBUG:paramiko.transport:kex engine KexNistp256 specified hash_algo <built-in function openssl_sha256>
DEBUG:paramiko.transport:Switch to new keys ...
DEBUG:paramiko.transport:Adding ssh-rsa host key for nxos1.lasthop.io: b'58318fd2f378211ff816a026bfbb687c'
DEBUG:paramiko.transport:userauth is OK
INFO:paramiko.transport:Auth banner: b'User Access Verification\n'
INFO:paramiko.transport:Authentication (password) successful!
DEBUG:paramiko.transport:[chan 0] Max packet in: 32768 bytes
DEBUG:paramiko.transport:Received global request "hostkeys-00@openssh.com"
DEBUG:paramiko.transport:Rejecting "hostkeys-00@openssh.com" global request from server.
DEBUG:paramiko.transport:[chan 0] Max packet out: 32768 bytes
DEBUG:paramiko.transport:Secsh channel 0 opened.
DEBUG:paramiko.transport:[chan 0] Sesch channel 0 request ok
DEBUG:paramiko.transport:[chan 0] Sesch channel 0 request ok
DEBUG:netmiko:read_channel: 


DEBUG:netmiko:read_channel: Cisco NX-OS Software
Copyright (c) 2002-2019, Cisco Systems, Inc. All rights reserved.
Nexus 9000v software ("Nexus 9000v Software") and related documentation,
files or other reference materials ("Documentation") are
the proprietary property and confidential information of Cisco
Systems, Inc. ("Cisco") and are protected, without limitation,
pursuant to United States and International copyright and trademark
laws in the applicable jurisdiction which provide civil and criminal
penalties for copying or distribution without Cisco's authorization.

Any use or disclosure, in whole or in part, of the Nexus 9000v Software
or Documentation to any third party for any purposes is expressly
prohibited except as otherwise authorized by Cisco in writing.
The copyrights to certain works contained herein are owned by other
third parties and are used and distributed under license. Some parts
of this software may be covered under the GNU Public License or the
GNU Lesser General Public License. A copy of each such license is
available at
http://www.gnu.org/licenses/gpl.html and
http://www.gnu.org/licenses/lgpl.html
***************************************************************************
*  Nexus 9000v is strictly limited to use for evaluation, demonstration   *
*  and NX-OS education. Any use or disclosure, in whole or in part of     *
*  the Nexus 9000v Software or Documentation to any third party for any   *
*  purposes is expressly prohibited except as otherwise authorized by     *
*  Cisco in writing.                                                      *
***************************************************************************

DEBUG:netmiko:read_channel: verylonghostnamefornxos# 
DEBUG:netmiko:read_channel: 
DEBUG:netmiko:read_channel: 
DEBUG:netmiko:write_channel: b'terminal width 511\n'
DEBUG:netmiko:Pattern is: terminal width 511
DEBUG:netmiko:_read_channel_expect read_data: terminal width 511

DEBUG:netmiko:Pattern found: terminal width 511 terminal width 511

DEBUG:netmiko:In disable_paging
DEBUG:netmiko:Command: terminal length 0

DEBUG:netmiko:write_channel: b'terminal length 0\n'
DEBUG:netmiko:Pattern is: terminal\ length\ 0
DEBUG:netmiko:_read_channel_expect read_data: verylonghostnamefornxos# 
DEBUG:netmiko:_read_channel_expect read_data: terminal length 0
verylonghostnamefornxos# 
DEBUG:netmiko:Pattern found: terminal\ length\ 0 verylonghostnamefornxos# terminal length 0
verylonghostnamefornxos# 
DEBUG:netmiko:verylonghostnamefornxos# terminal length 0
verylonghostnamefornxos# 
DEBUG:netmiko:Exiting disable_paging
DEBUG:netmiko:read_channel: 
DEBUG:netmiko:write_channel: b'\n'
DEBUG:netmiko:read_channel: 
verylonghostnamefornxos# 
DEBUG:netmiko:read_channel: 
DEBUG:netmiko:[find_prompt()]: prompt is verylonghostnamefornxos#
DEBUG:netmiko:write_channel: b'\n'
DEBUG:netmiko:read_channel: 
verylonghostnamefornxos# 
DEBUG:netmiko:read_channel: 
DEBUG:netmiko:read_channel: 
DEBUG:netmiko:write_channel: b'exit\n'
DEBUG:paramiko.transport:starting thread (client mode): 0x6856f590
DEBUG:paramiko.transport:Local version/idstring: SSH-2.0-paramiko_2.7.2
DEBUG:paramiko.transport:Remote version/idstring: SSH-2.0-OpenSSH_7.5 PKIX[10.1]
INFO:paramiko.transport:Connected (version 2.0, client OpenSSH_7.5)
DEBUG:paramiko.transport:kex algos:['diffie-hellman-group14-sha1', 'ecdh-sha2-nistp256', 'ecdh-sha2-nistp384', 'ecdh-sha2-nistp521'] server key:['ssh-rsa', 'rsa-sha2-512', 'rsa-sha2-256'] client encrypt:['aes128-ctr', 'aes256-ctr', 'aes256-gcm@openssh.com', 'aes128-gcm@openssh.com'] server encrypt:['aes128-ctr', 'aes256-ctr', 'aes256-gcm@openssh.com', 'aes128-gcm@openssh.com'] client mac:['hmac-sha1', 'hmac-sha2-256', 'hmac-sha2-512'] server mac:['hmac-sha1', 'hmac-sha2-256', 'hmac-sha2-512'] client compress:['none', 'zlib@openssh.com'] server compress:['none', 'zlib@openssh.com'] client lang:[''] server lang:[''] kex follows?False
DEBUG:paramiko.transport:Kex agreed: ecdh-sha2-nistp256
DEBUG:paramiko.transport:HostKey agreed: ssh-rsa
DEBUG:paramiko.transport:Cipher agreed: aes128-ctr
DEBUG:paramiko.transport:MAC agreed: hmac-sha2-256
DEBUG:paramiko.transport:Compression agreed: none
DEBUG:paramiko.transport:kex engine KexNistp256 specified hash_algo <built-in function openssl_sha256>
DEBUG:paramiko.transport:Switch to new keys ...
DEBUG:paramiko.transport:Adding ssh-rsa host key for nxos1.lasthop.io: b'58318fd2f378211ff816a026bfbb687c'
DEBUG:paramiko.transport:userauth is OK
INFO:paramiko.transport:Auth banner: b'User Access Verification\n'
INFO:paramiko.transport:Authentication (password) successful!
DEBUG:paramiko.transport:[chan 0] Max packet in: 32768 bytes
DEBUG:paramiko.transport:Received global request "hostkeys-00@openssh.com"
DEBUG:paramiko.transport:Rejecting "hostkeys-00@openssh.com" global request from server.
DEBUG:paramiko.transport:[chan 0] Max packet out: 32768 bytes
DEBUG:paramiko.transport:Secsh channel 0 opened.
DEBUG:paramiko.transport:[chan 0] Sesch channel 0 request ok
DEBUG:paramiko.transport:[chan 0] Sesch channel 0 request ok
DEBUG:netmiko:read_channel: 

Cisco NX-OS Software
Copyright (c) 2002-2019, Cisco Systems, Inc. All rights reserved.
Nexus 9000v software ("Nexus 9000v Software") and related documentation,
files or other reference materials ("Documentation") are
the proprietary property and confidential information of Cisco
Systems, Inc. ("Cisco") and are protected, without limitation,
pursuant to United States and International copyright and trademark
laws in the applicable jurisdiction which provide civil and criminal
penalties for copying or distribution without Cisco's authorization.

Any use or disclosure, in whole or in part, of the Nexus 9000v Software
or Documentation to any third party for any purposes is expressly
prohibited except as otherwise authorized by Cisco in writing.
The copyrights to certain works contained herein are owned by other
third parties and are used and distributed under license. Some parts
of this software may be covered under the GNU Public License or the
GNU Lesser General Public License. A copy of each such license is
available at
http://www.gnu.org/licenses/gpl.html and
http://www.gnu.org/licenses/lgpl.html
***************************************************************************
*  Nexus 9000v is strictly limited to use for evaluation, demonstration   *
*  and NX-OS education. Any use or disclosure, in whole or in part of     *
*  the Nexus 9000v Software or Documentation to any third party for any   *
*  purposes is expressly prohibited except as otherwise authorized by     *
*  Cisco in writing.                                                      *
***************************************************************************
verylonghostnamefornxos# 
DEBUG:netmiko:read_channel: 
DEBUG:netmiko:read_channel: 
DEBUG:netmiko:write_channel: b'terminal width 511\n'
DEBUG:netmiko:Pattern is: terminal width 511
DEBUG:netmiko:_read_channel_expect read_data: terminal width 511

DEBUG:netmiko:Pattern found: terminal width 511 terminal width 511

DEBUG:netmiko:In disable_paging
DEBUG:netmiko:Command: terminal length 0

DEBUG:netmiko:write_channel: b'terminal length 0\n'
DEBUG:netmiko:Pattern is: terminal\ length\ 0
DEBUG:netmiko:_read_channel_expect read_data: verylonghostnamefornxos# 
DEBUG:netmiko:_read_channel_expect read_data: terminal length 0
verylonghostnamefornxos# 
DEBUG:netmiko:Pattern found: terminal\ length\ 0 verylonghostnamefornxos# terminal length 0
verylonghostnamefornxos# 
DEBUG:netmiko:verylonghostnamefornxos# terminal length 0
verylonghostnamefornxos# 
DEBUG:netmiko:Exiting disable_paging
DEBUG:netmiko:read_channel: 
DEBUG:netmiko:write_channel: b'\n'
DEBUG:netmiko:read_channel: 
verylonghostnamefornxos# 
DEBUG:netmiko:read_channel: 
DEBUG:netmiko:[find_prompt()]: prompt is verylonghostnamefornxos#
DEBUG:netmiko:write_channel: b'\n'
DEBUG:netmiko:Pattern is: #
DEBUG:netmiko:_read_channel_expect read_data: 
verylonghostnamefornxos# 
DEBUG:netmiko:Pattern found: # 
verylonghostnamefornxos# 
DEBUG:netmiko:write_channel: b'configure terminal\n'
DEBUG:netmiko:Pattern is: configure\ terminal
DEBUG:netmiko:_read_channel_expect read_data: configure terminal
Enter configuration commands, one per line. End with CNTL/Z.
verylonghostnamefornxos(config)# 
DEBUG:netmiko:Pattern found: configure\ terminal configure terminal
Enter configuration commands, one per line. End with CNTL/Z.
verylonghostnamefornxos(config)# 
DEBUG:netmiko:write_channel: b'\n'
DEBUG:netmiko:Pattern is: #
DEBUG:netmiko:_read_channel_expect read_data: 
verylonghostnamefornxos(config)# 
DEBUG:netmiko:Pattern found: # 
verylonghostnamefornxos(config)# 
DEBUG:netmiko:write_channel: b'terminal width 80\n'
DEBUG:netmiko:Pattern is: terminal\ width\ 80
DEBUG:netmiko:_read_channel_expect read_data: terminal width 80

DEBUG:netmiko:Pattern found: terminal\ width\ 80 terminal width 80

DEBUG:netmiko:Pattern is: (?:verylonghostnamefornxos|#)
DEBUG:netmiko:_read_channel_expect read_data: verylonghostnamefornxos(config)# 
DEBUG:netmiko:Pattern found: (?:verylonghostnamefornxos|#) verylonghostnamefornxos(config)# 
DEBUG:netmiko:write_channel: b'show ip interface brief vrf management | include management\n'
DEBUG:netmiko:Pattern is: show\ ip\ interface\ brief\ vrf\ management\ \|\ include\ management
DEBUG:netmiko:_read_channel_expect read_data: show ip interface brief vrf management | includ e management

DEBUG:netmiko:_read_channel_expect read_data: IP Interface Status for VRF "management"(2)
verylonghostnamefornxos(config)# 
DEBUG:netmiko:write_channel: b'\n'
DEBUG:netmiko:read_channel: 
verylonghostnamefornxos(config)# 
DEBUG:netmiko:read_channel: 
DEBUG:netmiko:read_channel: 
DEBUG:netmiko:write_channel: b'\n'
DEBUG:netmiko:Pattern is: #
DEBUG:netmiko:_read_channel_expect read_data: 
verylonghostnamefornxos(config)# 
DEBUG:netmiko:Pattern found: # 
verylonghostnamefornxos(config)# 
DEBUG:netmiko:write_channel: b'end\n'
DEBUG:netmiko:Pattern is: end
DEBUG:netmiko:_read_channel_expect read_data: end

DEBUG:netmiko:Pattern found: end end

DEBUG:netmiko:Pattern is: \#
DEBUG:netmiko:_read_channel_expect read_data: verylonghostnamefornxos# 
DEBUG:netmiko:Pattern found: \# verylonghostnamefornxos# 
DEBUG:netmiko:write_channel: b'\n'
DEBUG:netmiko:Pattern is: #
DEBUG:netmiko:_read_channel_expect read_data: 
verylonghostnamefornxos# 
DEBUG:netmiko:Pattern found: # 
verylonghostnamefornxos# 
DEBUG:netmiko:exit_config_mode: end
verylonghostnamefornxos# 
DEBUG:netmiko:write_channel: b'exit\n'
DEBUG:paramiko.transport:starting thread (client mode): 0xebf154d0
DEBUG:paramiko.transport:Local version/idstring: SSH-2.0-paramiko_2.7.2
DEBUG:paramiko.transport:Remote version/idstring: SSH-2.0-OpenSSH_7.5 PKIX[10.1]
INFO:paramiko.transport:Connected (version 2.0, client OpenSSH_7.5)
DEBUG:paramiko.transport:kex algos:['diffie-hellman-group14-sha1', 'ecdh-sha2-nistp256', 'ecdh-sha2-nistp384', 'ecdh-sha2-nistp521'] server key:['ssh-rsa', 'rsa-sha2-512', 'rsa-sha2-256'] client encrypt:['aes128-ctr', 'aes256-ctr', 'aes256-gcm@openssh.com', 'aes128-gcm@openssh.com'] server encrypt:['aes128-ctr', 'aes256-ctr', 'aes256-gcm@openssh.com', 'aes128-gcm@openssh.com'] client mac:['hmac-sha1', 'hmac-sha2-256', 'hmac-sha2-512'] server mac:['hmac-sha1', 'hmac-sha2-256', 'hmac-sha2-512'] client compress:['none', 'zlib@openssh.com'] server compress:['none', 'zlib@openssh.com'] client lang:[''] server lang:[''] kex follows?False
DEBUG:paramiko.transport:Kex agreed: ecdh-sha2-nistp256
DEBUG:paramiko.transport:HostKey agreed: ssh-rsa
DEBUG:paramiko.transport:Cipher agreed: aes128-ctr
DEBUG:paramiko.transport:MAC agreed: hmac-sha2-256
DEBUG:paramiko.transport:Compression agreed: none
DEBUG:paramiko.transport:kex engine KexNistp256 specified hash_algo <built-in function openssl_sha256>
DEBUG:paramiko.transport:Switch to new keys ...
DEBUG:paramiko.transport:Adding ssh-rsa host key for nxos1.lasthop.io: b'58318fd2f378211ff816a026bfbb687c'
DEBUG:paramiko.transport:userauth is OK
INFO:paramiko.transport:Auth banner: b'User Access Verification\n'
INFO:paramiko.transport:Authentication (password) successful!
DEBUG:paramiko.transport:[chan 0] Max packet in: 32768 bytes
DEBUG:paramiko.transport:Received global request "hostkeys-00@openssh.com"
DEBUG:paramiko.transport:Rejecting "hostkeys-00@openssh.com" global request from server.
DEBUG:paramiko.transport:[chan 0] Max packet out: 32768 bytes
DEBUG:paramiko.transport:Secsh channel 0 opened.
DEBUG:paramiko.transport:[chan 0] Sesch channel 0 request ok
DEBUG:paramiko.transport:[chan 0] Sesch channel 0 request ok
DEBUG:netmiko:read_channel: 


DEBUG:netmiko:read_channel: 
DEBUG:netmiko:read_channel: Cisco NX-OS Software
Copyright (c) 2002-2019, Cisco Systems, Inc. All rights reserved.
Nexus 9000v software ("Nexus 9000v Software") and related documentation,
files or other reference materials ("Documentation") are
the proprietary property and confidential information of Cisco
Systems, Inc. ("Cisco") and are protected, without limitation,
pursuant to United States and International copyright and trademark
laws in the applicable jurisdiction which provide civil and criminal
penalties for copying or distribution without Cisco's authorization.

Any use or disclosure, in whole or in part, of the Nexus 9000v Software
or Documentation to any third party for any purposes is expressly
prohibited except as otherwise authorized by Cisco in writing.
The copyrights to certain works contained herein are owned by other
third parties and are used and distributed under license. Some parts
of this software may be covered under the GNU Public License or the
GNU Lesser General Public License. A copy of each such license is
available at
http://www.gnu.org/licenses/gpl.html and
http://www.gnu.org/licenses/lgpl.html
***************************************************************************
*  Nexus 9000v is strictly limited to use for evaluation, demonstration   *
*  and NX-OS education. Any use or disclosure, in whole or in part of     *
*  the Nexus 9000v Software or Documentation to any third party for any   *
*  purposes is expressly prohibited except as otherwise authorized by     *
*  Cisco in writing.                                                      *
***************************************************************************
verylonghostnamefornxos# 
DEBUG:netmiko:read_channel: 
DEBUG:netmiko:read_channel: 
DEBUG:netmiko:write_channel: b'terminal width 511\n'
DEBUG:netmiko:Pattern is: terminal width 511
DEBUG:netmiko:_read_channel_expect read_data: terminal width 511

DEBUG:netmiko:Pattern found: terminal width 511 terminal width 511

DEBUG:netmiko:In disable_paging
DEBUG:netmiko:Command: terminal length 0

DEBUG:netmiko:write_channel: b'terminal length 0\n'
DEBUG:netmiko:Pattern is: terminal\ length\ 0
DEBUG:netmiko:_read_channel_expect read_data: verylonghostnamefornxos# 
DEBUG:netmiko:_read_channel_expect read_data: terminal length 0
verylonghostnamefornxos# 
DEBUG:netmiko:Pattern found: terminal\ length\ 0 verylonghostnamefornxos# terminal length 0
verylonghostnamefornxos# 
DEBUG:netmiko:verylonghostnamefornxos# terminal length 0
verylonghostnamefornxos# 
DEBUG:netmiko:Exiting disable_paging
DEBUG:netmiko:read_channel: 
DEBUG:netmiko:write_channel: b'\n'
DEBUG:netmiko:read_channel: 
verylonghostnamefornxos# 
DEBUG:netmiko:read_channel: 
DEBUG:netmiko:[find_prompt()]: prompt is verylonghostnamefornxos#
DEBUG:netmiko:write_channel: b'\n'
DEBUG:netmiko:Pattern is: #
DEBUG:netmiko:_read_channel_expect read_data: 
verylonghostnamefornxos# 
DEBUG:netmiko:Pattern found: # 
verylonghostnamefornxos# 
DEBUG:netmiko:write_channel: b'configure terminal\n'
DEBUG:netmiko:Pattern is: configure\ terminal
DEBUG:netmiko:_read_channel_expect read_data: configure terminal

DEBUG:netmiko:Pattern found: configure\ terminal configure terminal

DEBUG:netmiko:Pattern is: verylonghostname
DEBUG:netmiko:_read_channel_expect read_data: Enter configuration commands, one per line. End with CNTL/Z.
verylonghostnamefornxos(config)# 
DEBUG:netmiko:Pattern found: verylonghostname Enter configuration commands, one per line. End with CNTL/Z.
verylonghostnamefornxos(config)# 
DEBUG:netmiko:write_channel: b'\n'
DEBUG:netmiko:Pattern is: #
DEBUG:netmiko:_read_channel_expect read_data: 
verylonghostnamefornxos(config)# 
DEBUG:netmiko:Pattern found: # 
verylonghostnamefornxos(config)# 
DEBUG:netmiko:write_channel: b'terminal width 80\n'
DEBUG:netmiko:Pattern is: terminal\ width\ 80
DEBUG:netmiko:_read_channel_expect read_data: terminal width 80

DEBUG:netmiko:Pattern found: terminal\ width\ 80 terminal width 80

DEBUG:netmiko:Pattern is: (?:verylonghostnamefornxos|#)
DEBUG:netmiko:_read_channel_expect read_data: verylonghostnamefornxos(config)# 
DEBUG:netmiko:Pattern found: (?:verylonghostnamefornxos|#) verylonghostnamefornxos(config)# 
DEBUG:netmiko:write_channel: b'show ip interface brief vrf management | include management\n'
DEBUG:netmiko:Pattern is: show\ ip\ interface\ brief\ vrf\ management\ \|\ include\ management
DEBUG:netmiko:_read_channel_expect read_data: show ip interface brief vrf management | includ e management

DEBUG:netmiko:_read_channel_expect read_data: IP Interface Status for VRF "management"(2)
verylonghostnamefornxos(config)# 
DEBUG:netmiko:write_channel: b'\n'
DEBUG:netmiko:read_channel: 
verylonghostnamefornxos(config)# 
DEBUG:netmiko:read_channel: 
DEBUG:netmiko:read_channel: 
DEBUG:netmiko:write_channel: b'\n'
DEBUG:netmiko:Pattern is: #
DEBUG:netmiko:_read_channel_expect read_data: 
verylonghostnamefornxos(config)# 
DEBUG:netmiko:Pattern found: # 
verylonghostnamefornxos(config)# 
DEBUG:netmiko:write_channel: b'end\n'
DEBUG:netmiko:Pattern is: end
DEBUG:netmiko:_read_channel_expect read_data: end

DEBUG:netmiko:Pattern found: end end

DEBUG:netmiko:Pattern is: \#
DEBUG:netmiko:_read_channel_expect read_data: verylonghostnamefornxos# 
DEBUG:netmiko:Pattern found: \# verylonghostnamefornxos# 
DEBUG:netmiko:write_channel: b'\n'
DEBUG:netmiko:Pattern is: #
DEBUG:netmiko:_read_channel_expect read_data: 
verylonghostnamefornxos# 
DEBUG:netmiko:Pattern found: # 
verylonghostnamefornxos# 
DEBUG:netmiko:exit_config_mode: end
verylonghostnamefornxos# 
DEBUG:netmiko:write_channel: b'exit\n'
DEBUG:paramiko.transport:EOF in transport thread
DEBUG:paramiko.transport:starting thread (client mode): 0x1f81e550
DEBUG:paramiko.transport:Local version/idstring: SSH-2.0-paramiko_2.7.2
DEBUG:paramiko.transport:Remote version/idstring: SSH-2.0-OpenSSH_7.5 PKIX[10.1]
INFO:paramiko.transport:Connected (version 2.0, client OpenSSH_7.5)
DEBUG:paramiko.transport:kex algos:['diffie-hellman-group14-sha1', 'ecdh-sha2-nistp256', 'ecdh-sha2-nistp384', 'ecdh-sha2-nistp521'] server key:['ssh-rsa', 'rsa-sha2-512', 'rsa-sha2-256'] client encrypt:['aes128-ctr', 'aes256-ctr', 'aes256-gcm@openssh.com', 'aes128-gcm@openssh.com'] server encrypt:['aes128-ctr', 'aes256-ctr', 'aes256-gcm@openssh.com', 'aes128-gcm@openssh.com'] client mac:['hmac-sha1', 'hmac-sha2-256', 'hmac-sha2-512'] server mac:['hmac-sha1', 'hmac-sha2-256', 'hmac-sha2-512'] client compress:['none', 'zlib@openssh.com'] server compress:['none', 'zlib@openssh.com'] client lang:[''] server lang:[''] kex follows?False
DEBUG:paramiko.transport:Kex agreed: ecdh-sha2-nistp256
DEBUG:paramiko.transport:HostKey agreed: ssh-rsa
DEBUG:paramiko.transport:Cipher agreed: aes128-ctr
DEBUG:paramiko.transport:MAC agreed: hmac-sha2-256
DEBUG:paramiko.transport:Compression agreed: none
DEBUG:paramiko.transport:kex engine KexNistp256 specified hash_algo <built-in function openssl_sha256>
DEBUG:paramiko.transport:Switch to new keys ...
DEBUG:paramiko.transport:Adding ssh-rsa host key for nxos1.lasthop.io: b'58318fd2f378211ff816a026bfbb687c'
DEBUG:paramiko.transport:userauth is OK
INFO:paramiko.transport:Auth banner: b'User Access Verification\n'
INFO:paramiko.transport:Authentication (password) successful!
DEBUG:paramiko.transport:[chan 0] Max packet in: 32768 bytes
DEBUG:paramiko.transport:Received global request "hostkeys-00@openssh.com"
DEBUG:paramiko.transport:Rejecting "hostkeys-00@openssh.com" global request from server.
DEBUG:paramiko.transport:[chan 0] Max packet out: 32768 bytes
DEBUG:paramiko.transport:Secsh channel 0 opened.
DEBUG:paramiko.transport:[chan 0] Sesch channel 0 request ok
DEBUG:paramiko.transport:[chan 0] Sesch channel 0 request ok
DEBUG:netmiko:read_channel: 

Cisco NX-OS Software
Copyright (c) 2002-2019, Cisco Systems, Inc. All rights reserved.
Nexus 9000v software ("Nexus 9000v Software") and related documentation,
files or other reference materials ("Documentation") are
the proprietary property and confidential information of Cisco
Systems, Inc. ("Cisco") and are protected, without limitation,
pursuant to United States and International copyright and trademark
laws in the applicable jurisdiction which provide civil and criminal
penalties for copying or distribution without Cisco's authorization.

Any use or disclosure, in whole or in part, of the Nexus 9000v Software
or Documentation to any third party for any purposes is expressly
prohibited except as otherwise authorized by Cisco in writing.
The copyrights to certain works contained herein are owned by other
third parties and are used and distributed under license. Some parts
of this software may be covered under the GNU Public License or the
GNU Lesser General Public License. A copy of each such license is
available at
http://www.gnu.org/licenses/gpl.html and
http://www.gnu.org/licenses/lgpl.html
***************************************************************************
*  Nexus 9000v is strictly limited to use for evaluation, demonstration   *
*  and NX-OS education. Any use or disclosure, in whole or in part of     *
*  the Nexus 9000v Software or Documentation to any third party for any   *
*  purposes is expressly prohibited except as otherwise authorized by     *
*  Cisco in writing.                                                      *
***************************************************************************

DEBUG:netmiko:read_channel: verylonghostnamefornxos# 
DEBUG:netmiko:read_channel: 
DEBUG:netmiko:read_channel: 
DEBUG:netmiko:write_channel: b'terminal width 511\n'
DEBUG:netmiko:Pattern is: terminal width 511
DEBUG:netmiko:_read_channel_expect read_data: terminal width 511

DEBUG:netmiko:Pattern found: terminal width 511 terminal width 511

DEBUG:netmiko:In disable_paging
DEBUG:netmiko:Command: terminal length 0

DEBUG:netmiko:write_channel: b'terminal length 0\n'
DEBUG:netmiko:Pattern is: terminal\ length\ 0
DEBUG:netmiko:_read_channel_expect read_data: verylonghostnamefornxos# 
DEBUG:netmiko:_read_channel_expect read_data: terminal length 0
verylonghostnamefornxos# 
DEBUG:netmiko:Pattern found: terminal\ length\ 0 verylonghostnamefornxos# terminal length 0
verylonghostnamefornxos# 
DEBUG:netmiko:verylonghostnamefornxos# terminal length 0
verylonghostnamefornxos# 
DEBUG:netmiko:Exiting disable_paging
DEBUG:netmiko:read_channel: 
DEBUG:netmiko:write_channel: b'\n'
DEBUG:netmiko:read_channel: 
verylonghostnamefornxos# 
DEBUG:netmiko:read_channel: 
DEBUG:netmiko:[find_prompt()]: prompt is verylonghostnamefornxos#
DEBUG:netmiko:write_channel: b'\n'
DEBUG:netmiko:Pattern is: #
DEBUG:netmiko:_read_channel_expect read_data: 
verylonghostnamefornxos# 
DEBUG:netmiko:Pattern found: # 
verylonghostnamefornxos# 
DEBUG:netmiko:write_channel: b'configure terminal\n'
DEBUG:netmiko:Pattern is: configure\ terminal
DEBUG:netmiko:_read_channel_expect read_data: configure terminal

DEBUG:netmiko:Pattern found: configure\ terminal configure terminal

DEBUG:netmiko:Pattern is: verylonghostname
DEBUG:netmiko:_read_channel_expect read_data: Enter configuration commands, one per line. End with CNTL/Z.

DEBUG:netmiko:_read_channel_expect read_data: verylonghostnamefornxos(config)# 
DEBUG:netmiko:Pattern found: verylonghostname Enter configuration commands, one per line. End with CNTL/Z.
verylonghostnamefornxos(config)# 
DEBUG:netmiko:write_channel: b'\n'
DEBUG:netmiko:Pattern is: #
DEBUG:netmiko:_read_channel_expect read_data: 
verylonghostnamefornxos(config)# 
DEBUG:netmiko:Pattern found: # 
verylonghostnamefornxos(config)# 
DEBUG:netmiko:write_channel: b'terminal width 80\n'
DEBUG:netmiko:write_channel: b'show ip interface brief vrf management | include management\n'
DEBUG:netmiko:read_channel: terminal width 80
verylonghostnamefornxos(config)# show ip interface brief vrf management | includ e management
IP Interface Status for VRF "management"(2)
verylonghostnamefornxos(config)# 
DEBUG:netmiko:read_channel: 
DEBUG:netmiko:read_channel: 
DEBUG:netmiko:write_channel: b'\n'
DEBUG:netmiko:Pattern is: #
DEBUG:netmiko:_read_channel_expect read_data: 
verylonghostnamefornxos(config)# 
DEBUG:netmiko:Pattern found: # 
verylonghostnamefornxos(config)# 
DEBUG:netmiko:write_channel: b'end\n'
DEBUG:netmiko:Pattern is: end
DEBUG:netmiko:_read_channel_expect read_data: end

DEBUG:netmiko:Pattern found: end end

DEBUG:netmiko:Pattern is: \#
DEBUG:netmiko:_read_channel_expect read_data: verylonghostnamefornxos# 
DEBUG:netmiko:Pattern found: \# verylonghostnamefornxos# 
DEBUG:netmiko:write_channel: b'\n'
DEBUG:netmiko:Pattern is: #
DEBUG:netmiko:_read_channel_expect read_data: 
verylonghostnamefornxos# 
DEBUG:netmiko:Pattern found: # 
verylonghostnamefornxos# 
DEBUG:netmiko:exit_config_mode: end
verylonghostnamefornxos# 
DEBUG:netmiko:configure terminal
Enter configuration commands, one per line. End with CNTL/Z.

verylonghostnamefornxos(config)# terminal width 80
verylonghostnamefornxos(config)# show ip interface brief vrf management | includ e management
IP Interface Status for VRF "management"(2)

verylonghostnamefornxos(config)# end
verylonghostnamefornxos# 
DEBUG:netmiko:write_channel: b'\n'
DEBUG:netmiko:read_channel: 
verylonghostnamefornxos# 
DEBUG:netmiko:read_channel: 
DEBUG:netmiko:read_channel: 
DEBUG:netmiko:write_channel: b'exit\n'
DEBUG:paramiko.transport:starting thread (client mode): 0x16bd7450
DEBUG:paramiko.transport:Local version/idstring: SSH-2.0-paramiko_2.7.2
DEBUG:paramiko.transport:Remote version/idstring: SSH-2.0-OpenSSH_7.5 PKIX[10.1]
INFO:paramiko.transport:Connected (version 2.0, client OpenSSH_7.5)
DEBUG:paramiko.transport:kex algos:['diffie-hellman-group14-sha1', 'ecdh-sha2-nistp256', 'ecdh-sha2-nistp384', 'ecdh-sha2-nistp521'] server key:['ssh-rsa', 'rsa-sha2-512', 'rsa-sha2-256'] client encrypt:['aes128-ctr', 'aes256-ctr', 'aes256-gcm@openssh.com', 'aes128-gcm@openssh.com'] server encrypt:['aes128-ctr', 'aes256-ctr', 'aes256-gcm@openssh.com', 'aes128-gcm@openssh.com'] client mac:['hmac-sha1', 'hmac-sha2-256', 'hmac-sha2-512'] server mac:['hmac-sha1', 'hmac-sha2-256', 'hmac-sha2-512'] client compress:['none', 'zlib@openssh.com'] server compress:['none', 'zlib@openssh.com'] client lang:[''] server lang:[''] kex follows?False
DEBUG:paramiko.transport:Kex agreed: ecdh-sha2-nistp256
DEBUG:paramiko.transport:HostKey agreed: ssh-rsa
DEBUG:paramiko.transport:Cipher agreed: aes128-ctr
DEBUG:paramiko.transport:MAC agreed: hmac-sha2-256
DEBUG:paramiko.transport:Compression agreed: none
DEBUG:paramiko.transport:kex engine KexNistp256 specified hash_algo <built-in function openssl_sha256>
DEBUG:paramiko.transport:Switch to new keys ...
DEBUG:paramiko.transport:Adding ssh-rsa host key for nxos1.lasthop.io: b'58318fd2f378211ff816a026bfbb687c'
DEBUG:paramiko.transport:userauth is OK
INFO:paramiko.transport:Auth banner: b'User Access Verification\n'
INFO:paramiko.transport:Authentication (password) successful!
DEBUG:paramiko.transport:[chan 0] Max packet in: 32768 bytes
DEBUG:paramiko.transport:Received global request "hostkeys-00@openssh.com"
DEBUG:paramiko.transport:Rejecting "hostkeys-00@openssh.com" global request from server.
DEBUG:paramiko.transport:[chan 0] Max packet out: 32768 bytes
DEBUG:paramiko.transport:Secsh channel 0 opened.
DEBUG:paramiko.transport:[chan 0] Sesch channel 0 request ok
DEBUG:paramiko.transport:[chan 0] Sesch channel 0 request ok
DEBUG:netmiko:read_channel: 

Cisco NX-OS Software
Copyright (c) 2002-2019, Cisco Systems, Inc. All rights reserved.
Nexus 9000v software ("Nexus 9000v Software") and related documentation,
files or other reference materials ("Documentation") are
the proprietary property and confidential information of Cisco
Systems, Inc. ("Cisco") and are protected, without limitation,
pursuant to United States and International copyright and trademark
laws in the applicable jurisdiction which provide civil and criminal
penalties for copying or distribution without Cisco's authorization.

Any use or disclosure, in whole or in part, of the Nexus 9000v Software
or Documentation to any third party for any purposes is expressly
prohibited except as otherwise authorized by Cisco in writing.
The copyrights to certain works contained herein are owned by other
third parties and are used and distributed under license. Some parts
of this software may be covered under the GNU Public License or the
GNU Lesser General Public License. A copy of each such license is
available at
http://www.gnu.org/licenses/gpl.html and
http://www.gnu.org/licenses/lgpl.html
***************************************************************************
*  Nexus 9000v is strictly limited to use for evaluation, demonstration   *
*  and NX-OS education. Any use or disclosure, in whole or in part of     *
*  the Nexus 9000v Software or Documentation to any third party for any   *
*  purposes is expressly prohibited except as otherwise authorized by     *
*  Cisco in writing.                                                      *
***************************************************************************
verylonghostnamefornxos# 
DEBUG:netmiko:read_channel: 
DEBUG:netmiko:read_channel: 
DEBUG:netmiko:write_channel: b'terminal width 511\n'
DEBUG:netmiko:Pattern is: terminal width 511
DEBUG:netmiko:_read_channel_expect read_data: terminal width 511

DEBUG:netmiko:Pattern found: terminal width 511 terminal width 511

DEBUG:netmiko:In disable_paging
DEBUG:netmiko:Command: terminal length 0

DEBUG:netmiko:write_channel: b'terminal length 0\n'
DEBUG:netmiko:Pattern is: terminal\ length\ 0
DEBUG:netmiko:_read_channel_expect read_data: terminal length 0

DEBUG:netmiko:Pattern found: terminal\ length\ 0 terminal length 0

DEBUG:netmiko:terminal length 0

DEBUG:netmiko:Exiting disable_paging
DEBUG:netmiko:read_channel: verylonghostnamefornxos# terminal length 0
verylonghostnamefornxos# 
DEBUG:netmiko:Clear buffer detects data in the channel
DEBUG:netmiko:read_channel: 
DEBUG:netmiko:write_channel: b'\n'
DEBUG:netmiko:read_channel: 
verylonghostnamefornxos# 
DEBUG:netmiko:read_channel: 
DEBUG:netmiko:[find_prompt()]: prompt is verylonghostnamefornxos#
DEBUG:netmiko:write_channel: b'\n'
DEBUG:netmiko:Pattern is: #
DEBUG:netmiko:_read_channel_expect read_data: 
verylonghostnamefornxos# 
DEBUG:netmiko:Pattern found: # 
verylonghostnamefornxos# 
DEBUG:netmiko:write_channel: b'configure terminal\n'
DEBUG:netmiko:Pattern is: verylonghostname
DEBUG:netmiko:_read_channel_expect read_data: configure terminal

DEBUG:netmiko:_read_channel_expect read_data: Enter configuration commands, one per line. End with CNTL/Z.
verylonghostnamefornxos(config)# 
DEBUG:netmiko:Pattern found: verylonghostname configure terminal
Enter configuration commands, one per line. End with CNTL/Z.
verylonghostnamefornxos(config)# 
DEBUG:netmiko:write_channel: b'\n'
DEBUG:netmiko:Pattern is: #
DEBUG:netmiko:_read_channel_expect read_data: 
verylonghostnamefornxos(config)# 
DEBUG:netmiko:Pattern found: # 
verylonghostnamefornxos(config)# 
DEBUG:netmiko:write_channel: b'terminal width 80\n'
DEBUG:netmiko:Pattern is: terminal\ width\ 80
DEBUG:netmiko:_read_channel_expect read_data: terminal width 80

DEBUG:netmiko:Pattern found: terminal\ width\ 80 terminal width 80

DEBUG:netmiko:Pattern is: (?:verylonghostnamefornxos|#)
DEBUG:netmiko:_read_channel_expect read_data: verylonghostnamefornxos(config)# 
DEBUG:netmiko:Pattern found: (?:verylonghostnamefornxos|#) verylonghostnamefornxos(config)# 
DEBUG:netmiko:write_channel: b'show ip interface brief vrf management | include management\n'
DEBUG:netmiko:Pattern is: show\ ip\ interface\ brief\ vrf\ management\ \|\ include\ management
DEBUG:netmiko:_read_channel_expect read_data: show ip interface brief vrf management | includ e management

DEBUG:netmiko:_read_channel_expect read_data: IP Interface Status for VRF "management"(2)
verylonghostnamefornxos(config)# 
DEBUG:netmiko:write_channel: b'\n'
DEBUG:netmiko:read_channel: 
verylonghostnamefornxos(config)# 
DEBUG:netmiko:read_channel: 
DEBUG:netmiko:read_channel: 
DEBUG:netmiko:write_channel: b'\n'
DEBUG:netmiko:Pattern is: #
DEBUG:netmiko:_read_channel_expect read_data: 
verylonghostnamefornxos(config)# 
DEBUG:netmiko:Pattern found: # 
verylonghostnamefornxos(config)# 
DEBUG:netmiko:write_channel: b'end\n'
DEBUG:netmiko:Pattern is: \#
DEBUG:netmiko:_read_channel_expect read_data: end

DEBUG:netmiko:_read_channel_expect read_data: verylonghostnamefornxos# 
DEBUG:netmiko:Pattern found: \# end
verylonghostnamefornxos# 
DEBUG:netmiko:write_channel: b'\n'
DEBUG:netmiko:Pattern is: #
DEBUG:netmiko:_read_channel_expect read_data: 
verylonghostnamefornxos# 
DEBUG:netmiko:Pattern found: # 
verylonghostnamefornxos# 
DEBUG:netmiko:exit_config_mode: end
verylonghostnamefornxos# 
DEBUG:netmiko:write_channel: b'exit\n'
DEBUG:paramiko.transport:starting thread (client mode): 0xac4df550
DEBUG:paramiko.transport:Local version/idstring: SSH-2.0-paramiko_2.7.2
DEBUG:paramiko.transport:Remote version/idstring: SSH-2.0-OpenSSH_7.5 PKIX[10.1]
INFO:paramiko.transport:Connected (version 2.0, client OpenSSH_7.5)
DEBUG:paramiko.transport:kex algos:['diffie-hellman-group14-sha1', 'ecdh-sha2-nistp256', 'ecdh-sha2-nistp384', 'ecdh-sha2-nistp521'] server key:['ssh-rsa', 'rsa-sha2-512', 'rsa-sha2-256'] client encrypt:['aes128-ctr', 'aes256-ctr', 'aes256-gcm@openssh.com', 'aes128-gcm@openssh.com'] server encrypt:['aes128-ctr', 'aes256-ctr', 'aes256-gcm@openssh.com', 'aes128-gcm@openssh.com'] client mac:['hmac-sha1', 'hmac-sha2-256', 'hmac-sha2-512'] server mac:['hmac-sha1', 'hmac-sha2-256', 'hmac-sha2-512'] client compress:['none', 'zlib@openssh.com'] server compress:['none', 'zlib@openssh.com'] client lang:[''] server lang:[''] kex follows?False
DEBUG:paramiko.transport:Kex agreed: ecdh-sha2-nistp256
DEBUG:paramiko.transport:HostKey agreed: ssh-rsa
DEBUG:paramiko.transport:Cipher agreed: aes128-ctr
DEBUG:paramiko.transport:MAC agreed: hmac-sha2-256
DEBUG:paramiko.transport:Compression agreed: none
DEBUG:paramiko.transport:kex engine KexNistp256 specified hash_algo <built-in function openssl_sha256>
DEBUG:paramiko.transport:Switch to new keys ...
DEBUG:paramiko.transport:Adding ssh-rsa host key for nxos1.lasthop.io: b'58318fd2f378211ff816a026bfbb687c'
DEBUG:paramiko.transport:userauth is OK
INFO:paramiko.transport:Auth banner: b'User Access Verification\n'
INFO:paramiko.transport:Authentication (password) successful!
DEBUG:paramiko.transport:[chan 0] Max packet in: 32768 bytes
DEBUG:paramiko.transport:Received global request "hostkeys-00@openssh.com"
DEBUG:paramiko.transport:Rejecting "hostkeys-00@openssh.com" global request from server.
DEBUG:paramiko.transport:[chan 0] Max packet out: 32768 bytes
DEBUG:paramiko.transport:Secsh channel 0 opened.
DEBUG:paramiko.transport:[chan 0] Sesch channel 0 request ok
DEBUG:paramiko.transport:[chan 0] Sesch channel 0 request ok
DEBUG:netmiko:read_channel: 

Cisco NX-OS Software
Copyright (c) 2002-2019, Cisco Systems, Inc. All rights reserved.
Nexus 9000v software ("Nexus 9000v Software") and related documentation,
files or other reference materials ("Documentation") are
the proprietary property and confidential information of Cisco
Systems, Inc. ("Cisco") and are protected, without limitation,
pursuant to United States and International copyright and trademark
laws in the applicable jurisdiction which provide civil and criminal
penalties for copying or distribution without Cisco's authorization.

Any use or disclosure, in whole or in part, of the Nexus 9000v Software
or Documentation to any third party for any purposes is expressly
prohibited except as otherwise authorized by Cisco in writing.
The copyrights to certain works contained herein are owned by other
third parties and are used and distributed under license. Some parts
of this software may be covered under the GNU Public License or the
GNU Lesser General Public License. A copy of each such license is
available at
http://www.gnu.org/licenses/gpl.html and
http://www.gnu.org/licenses/lgpl.html
***************************************************************************
*  Nexus 9000v is strictly limited to use for evaluation, demonstration   *
*  and NX-OS education. Any use or disclosure, in whole or in part of     *
*  the Nexus 9000v Software or Documentation to any third party for any   *
*  purposes is expressly prohibited except as otherwise authorized by     *
*  Cisco in writing.                                                      *
***************************************************************************
verylonghostnamefornxos# 
DEBUG:netmiko:read_channel: 
DEBUG:netmiko:read_channel: 
DEBUG:netmiko:write_channel: b'terminal width 511\n'
DEBUG:netmiko:Pattern is: terminal width 511
DEBUG:netmiko:_read_channel_expect read_data: terminal width 511

DEBUG:netmiko:Pattern found: terminal width 511 terminal width 511

DEBUG:netmiko:In disable_paging
DEBUG:netmiko:Command: terminal length 0

DEBUG:netmiko:write_channel: b'terminal length 0\n'
DEBUG:netmiko:Pattern is: terminal\ length\ 0
DEBUG:netmiko:_read_channel_expect read_data: verylonghostnamefornxos# 
DEBUG:netmiko:_read_channel_expect read_data: terminal length 0
verylonghostnamefornxos# 
DEBUG:netmiko:Pattern found: terminal\ length\ 0 verylonghostnamefornxos# terminal length 0
verylonghostnamefornxos# 
DEBUG:netmiko:verylonghostnamefornxos# terminal length 0
verylonghostnamefornxos# 
DEBUG:netmiko:Exiting disable_paging
DEBUG:netmiko:read_channel: 
DEBUG:netmiko:write_channel: b'\n'
DEBUG:netmiko:read_channel: 
verylonghostnamefornxos# 
DEBUG:netmiko:read_channel: 
DEBUG:netmiko:[find_prompt()]: prompt is verylonghostnamefornxos#
DEBUG:netmiko:write_channel: b'\n'
DEBUG:netmiko:Pattern is: #
DEBUG:netmiko:_read_channel_expect read_data: 
verylonghostnamefornxos# 
DEBUG:netmiko:Pattern found: # 
verylonghostnamefornxos# 
DEBUG:netmiko:write_channel: b'configure terminal\n'
DEBUG:netmiko:Pattern is: verylonghostname
DEBUG:netmiko:_read_channel_expect read_data: configure terminal
Enter configuration commands, one per line. End with CNTL/Z.
verylonghostnamefornxos(config)# 
DEBUG:netmiko:Pattern found: verylonghostname configure terminal
Enter configuration commands, one per line. End with CNTL/Z.
verylonghostnamefornxos(config)# 
DEBUG:netmiko:write_channel: b'\n'
DEBUG:netmiko:Pattern is: #
DEBUG:netmiko:_read_channel_expect read_data: 
verylonghostnamefornxos(config)# 
DEBUG:netmiko:Pattern found: # 
verylonghostnamefornxos(config)# 
DEBUG:netmiko:write_channel: b'terminal width 80\n'
DEBUG:netmiko:Pattern is: terminal\ width\ 80
DEBUG:netmiko:_read_channel_expect read_data: terminal width 80

DEBUG:netmiko:Pattern found: terminal\ width\ 80 terminal width 80

DEBUG:netmiko:Pattern is: (?:verylonghostnamefornxos|#)
DEBUG:netmiko:_read_channel_expect read_data: verylonghostnamefornxos(config)# 
DEBUG:netmiko:Pattern found: (?:verylonghostnamefornxos|#) verylonghostnamefornxos(config)# 
DEBUG:netmiko:write_channel: b'show ip interface brief vrf management | include management\n'
DEBUG:netmiko:Pattern is: show\ ip\ interface\ brief\ vrf\ management\ \|\ include\ management
DEBUG:netmiko:_read_channel_expect read_data: show ip interface brief vrf management | includ e management

DEBUG:netmiko:_read_channel_expect read_data: IP Interface Status for VRF "management"(2)
verylonghostnamefornxos(config)# 
DEBUG:netmiko:write_channel: b'\n'
DEBUG:netmiko:read_channel: 
verylonghostnamefornxos(config)# 
DEBUG:netmiko:read_channel: 
DEBUG:netmiko:read_channel: 
DEBUG:netmiko:write_channel: b'\n'
DEBUG:netmiko:Pattern is: #
DEBUG:netmiko:_read_channel_expect read_data: 
verylonghostnamefornxos(config)# 
DEBUG:netmiko:Pattern found: # 
verylonghostnamefornxos(config)# 
DEBUG:netmiko:write_channel: b'end\n'
DEBUG:netmiko:Pattern is: \#
DEBUG:netmiko:_read_channel_expect read_data: end

DEBUG:netmiko:_read_channel_expect read_data: verylonghostnamefornxos# 
DEBUG:netmiko:Pattern found: \# end
verylonghostnamefornxos# 
DEBUG:netmiko:write_channel: b'\n'
DEBUG:netmiko:Pattern is: #
DEBUG:netmiko:_read_channel_expect read_data: 
verylonghostnamefornxos# 
DEBUG:netmiko:Pattern found: # 
verylonghostnamefornxos# 
DEBUG:netmiko:exit_config_mode: end
verylonghostnamefornxos# 
DEBUG:netmiko:write_channel: b'exit\n'
DEBUG:paramiko.transport:starting thread (client mode): 0x4cee450
DEBUG:paramiko.transport:Local version/idstring: SSH-2.0-paramiko_2.7.2
DEBUG:paramiko.transport:Remote version/idstring: SSH-2.0-OpenSSH_7.5 PKIX[10.1]
INFO:paramiko.transport:Connected (version 2.0, client OpenSSH_7.5)
DEBUG:paramiko.transport:kex algos:['diffie-hellman-group14-sha1', 'ecdh-sha2-nistp256', 'ecdh-sha2-nistp384', 'ecdh-sha2-nistp521'] server key:['ssh-rsa', 'rsa-sha2-512', 'rsa-sha2-256'] client encrypt:['aes128-ctr', 'aes256-ctr', 'aes256-gcm@openssh.com', 'aes128-gcm@openssh.com'] server encrypt:['aes128-ctr', 'aes256-ctr', 'aes256-gcm@openssh.com', 'aes128-gcm@openssh.com'] client mac:['hmac-sha1', 'hmac-sha2-256', 'hmac-sha2-512'] server mac:['hmac-sha1', 'hmac-sha2-256', 'hmac-sha2-512'] client compress:['none', 'zlib@openssh.com'] server compress:['none', 'zlib@openssh.com'] client lang:[''] server lang:[''] kex follows?False
DEBUG:paramiko.transport:Kex agreed: ecdh-sha2-nistp256
DEBUG:paramiko.transport:HostKey agreed: ssh-rsa
DEBUG:paramiko.transport:Cipher agreed: aes128-ctr
DEBUG:paramiko.transport:MAC agreed: hmac-sha2-256
DEBUG:paramiko.transport:Compression agreed: none
DEBUG:paramiko.transport:kex engine KexNistp256 specified hash_algo <built-in function openssl_sha256>
DEBUG:paramiko.transport:Switch to new keys ...
DEBUG:paramiko.transport:Adding ssh-rsa host key for nxos1.lasthop.io: b'58318fd2f378211ff816a026bfbb687c'
DEBUG:paramiko.transport:userauth is OK
INFO:paramiko.transport:Auth banner: b'User Access Verification\n'
INFO:paramiko.transport:Authentication (password) successful!
DEBUG:paramiko.transport:[chan 0] Max packet in: 32768 bytes
DEBUG:paramiko.transport:Received global request "hostkeys-00@openssh.com"
DEBUG:paramiko.transport:Rejecting "hostkeys-00@openssh.com" global request from server.
DEBUG:paramiko.transport:[chan 0] Max packet out: 32768 bytes
DEBUG:paramiko.transport:Secsh channel 0 opened.
DEBUG:paramiko.transport:[chan 0] Sesch channel 0 request ok
DEBUG:paramiko.transport:[chan 0] Sesch channel 0 request ok
DEBUG:netmiko:read_channel: 

Cisco NX-OS Software
Copyright (c) 2002-2019, Cisco Systems, Inc. All rights reserved.
Nexus 9000v software ("Nexus 9000v Software") and related documentation,
files or other reference materials ("Documentation") are
the proprietary property and confidential information of Cisco
Systems, Inc. ("Cisco") and are protected, without limitation,
pursuant to United States and International copyright and trademark
laws in the applicable jurisdiction which provide civil and criminal
penalties for copying or distribution without Cisco's authorization.

Any use or disclosure, in whole or in part, of the Nexus 9000v Software
or Documentation to any third party for any purposes is expressly
prohibited except as otherwise authorized by Cisco in writing.
The copyrights to certain works contained herein are owned by other
third parties and are used and distributed under license. Some parts
of this software may be covered under the GNU Public License or the
GNU Lesser General Public License. A copy of each such license is
available at
http://www.gnu.org/licenses/gpl.html and
http://www.gnu.org/licenses/lgpl.html
***************************************************************************
*  Nexus 9000v is strictly limited to use for evaluation, demonstration   *
*  and NX-OS education. Any use or disclosure, in whole or in part of     *
*  the Nexus 9000v Software or Documentation to any third party for any   *
*  purposes is expressly prohibited except as otherwise authorized by     *
*  Cisco in writing.                                                      *
***************************************************************************
verylonghostnamefornxos# 
DEBUG:netmiko:read_channel: 
DEBUG:netmiko:read_channel: 
DEBUG:netmiko:write_channel: b'terminal width 511\n'
DEBUG:netmiko:Pattern is: terminal width 511
DEBUG:netmiko:_read_channel_expect read_data: terminal width 511

DEBUG:netmiko:Pattern found: terminal width 511 terminal width 511

DEBUG:netmiko:In disable_paging
DEBUG:netmiko:Command: terminal length 0

DEBUG:netmiko:write_channel: b'terminal length 0\n'
DEBUG:netmiko:Pattern is: terminal\ length\ 0
DEBUG:netmiko:_read_channel_expect read_data: verylonghostnamefornxos# 
DEBUG:netmiko:_read_channel_expect read_data: terminal length 0
verylonghostnamefornxos# 
DEBUG:netmiko:Pattern found: terminal\ length\ 0 verylonghostnamefornxos# terminal length 0
verylonghostnamefornxos# 
DEBUG:netmiko:verylonghostnamefornxos# terminal length 0
verylonghostnamefornxos# 
DEBUG:netmiko:Exiting disable_paging
DEBUG:netmiko:read_channel: 
DEBUG:netmiko:write_channel: b'\n'
DEBUG:netmiko:read_channel: 
verylonghostnamefornxos# 
DEBUG:netmiko:read_channel: 
DEBUG:netmiko:[find_prompt()]: prompt is verylonghostnamefornxos#
DEBUG:netmiko:read_channel: 
DEBUG:netmiko:write_channel: b'\n'
DEBUG:netmiko:read_channel: 
verylonghostnamefornxos# 
DEBUG:netmiko:read_channel: 
DEBUG:netmiko:[find_prompt()]: prompt is verylonghostnamefornxos#
DEBUG:netmiko:read_channel: 
DEBUG:netmiko:write_channel: b'terminal width 80\n'
DEBUG:netmiko:read_channel: terminal width 80
verylonghostnamefornxos# 
DEBUG:netmiko:read_channel: 
DEBUG:netmiko:write_channel: b'\n'
DEBUG:netmiko:read_channel: 
verylonghostnamefornxos# 
DEBUG:netmiko:read_channel: 
DEBUG:netmiko:[find_prompt()]: prompt is verylonghostnamefornxos#
DEBUG:netmiko:read_channel: 
DEBUG:netmiko:write_channel: b'show ip interface brief vrf management | include management\n'
DEBUG:netmiko:read_channel: show ip interface brief vrf management | include manage ment
IP Interface Status for VRF "management"(2)
verylonghostnamefornxos# 
DEBUG:netmiko:write_channel: b'\n'
DEBUG:netmiko:read_channel: 
verylonghostnamefornxos# 
DEBUG:netmiko:read_channel: 
DEBUG:netmiko:read_channel: 
DEBUG:netmiko:write_channel: b'exit\n'
DEBUG:paramiko.transport:starting thread (client mode): 0x1a2187d0
DEBUG:paramiko.transport:Local version/idstring: SSH-2.0-paramiko_2.7.2
DEBUG:paramiko.transport:Remote version/idstring: SSH-2.0-Cisco-1.25
INFO:paramiko.transport:Connected (version 2.0, client Cisco-1.25)
DEBUG:paramiko.transport:kex algos:['diffie-hellman-group-exchange-sha1', 'diffie-hellman-group14-sha1'] server key:['ssh-rsa'] client encrypt:['aes128-ctr', 'aes192-ctr', 'aes256-ctr'] server encrypt:['aes128-ctr', 'aes192-ctr', 'aes256-ctr'] client mac:['hmac-sha2-256', 'hmac-sha2-512', 'hmac-sha1', 'hmac-sha1-96'] server mac:['hmac-sha2-256', 'hmac-sha2-512', 'hmac-sha1', 'hmac-sha1-96'] client compress:['none'] server compress:['none'] client lang:[''] server lang:[''] kex follows?False
DEBUG:paramiko.transport:Kex agreed: diffie-hellman-group-exchange-sha1
DEBUG:paramiko.transport:HostKey agreed: ssh-rsa
DEBUG:paramiko.transport:Cipher agreed: aes128-ctr
DEBUG:paramiko.transport:MAC agreed: hmac-sha2-256
DEBUG:paramiko.transport:Compression agreed: none
DEBUG:paramiko.transport:Got server p (2048 bits)
DEBUG:paramiko.transport:kex engine KexGex specified hash_algo <built-in function openssl_sha1>
DEBUG:paramiko.transport:Switch to new keys ...
DEBUG:paramiko.transport:Adding ssh-rsa host key for cisco3.lasthop.io: b'f05fe0c73e29ddad92927e052a4b03f6'
DEBUG:paramiko.transport:Trying discovered key b'1c3a949cf3b48f23f5074717eeee025a' in /home/degruijter/.ssh/student_key
DEBUG:paramiko.transport:userauth is OK
INFO:paramiko.transport:Authentication (publickey) successful!
DEBUG:paramiko.transport:[chan 0] Max packet in: 32768 bytes
DEBUG:paramiko.transport:[chan 0] Max packet out: 4096 bytes
DEBUG:paramiko.transport:Secsh channel 0 opened.
DEBUG:paramiko.transport:[chan 0] Sesch channel 0 request ok
DEBUG:paramiko.transport:[chan 0] Sesch channel 0 request ok
DEBUG:netmiko:write_channel: b'terminal width 511\n'
DEBUG:netmiko:Pattern is: terminal width 511
DEBUG:netmiko:_read_channel_expect read_data: 


cisco3#
DEBUG:netmiko:_read_channel_expect read_data: terminal width 511
cisco3#
DEBUG:netmiko:Pattern found: terminal width 511 


cisco3#terminal width 511
cisco3#
DEBUG:netmiko:In disable_paging
DEBUG:netmiko:Command: terminal length 0

DEBUG:netmiko:write_channel: b'terminal length 0\n'
DEBUG:netmiko:Pattern is: terminal\ length\ 0
DEBUG:netmiko:_read_channel_expect read_data: t
DEBUG:netmiko:_read_channel_expect read_data: erminal length 0
cisco3#
DEBUG:netmiko:Pattern found: terminal\ length\ 0 terminal length 0
cisco3#
DEBUG:netmiko:terminal length 0
cisco3#
DEBUG:netmiko:Exiting disable_paging
DEBUG:netmiko:read_channel: 
DEBUG:netmiko:write_channel: b'\n'
DEBUG:netmiko:read_channel: 
cisco3#
DEBUG:netmiko:read_channel: 
DEBUG:netmiko:[find_prompt()]: prompt is cisco3#
DEBUG:netmiko:read_channel: 
DEBUG:netmiko:write_channel: b'\n'
DEBUG:netmiko:read_channel: 
cisco3#
DEBUG:netmiko:read_channel: 
DEBUG:netmiko:[find_prompt()]: prompt is cisco3#
DEBUG:netmiko:read_channel: 
DEBUG:netmiko:write_channel: b'show ip aep\n'
DEBUG:netmiko:Pattern is: show\ ip\ aep
DEBUG:netmiko:_read_channel_expect read_data: s
DEBUG:netmiko:_read_channel_expect read_data: how ip aep
                ^
% Invalid input detected at '^' marker.

cisco3#
DEBUG:netmiko:Pattern found: show\ ip\ aep show ip aep
                ^
% Invalid input detected at '^' marker.

cisco3#
DEBUG:netmiko:write_channel: b'\n'
DEBUG:netmiko:read_channel: 
cisco3#
DEBUG:netmiko:read_channel: 
DEBUG:netmiko:read_channel: 
DEBUG:netmiko:write_channel: b'exit\n'
DEBUG:paramiko.transport:starting thread (client mode): 0xf78d47d0
DEBUG:paramiko.transport:Local version/idstring: SSH-2.0-paramiko_2.7.2
DEBUG:paramiko.transport:Remote version/idstring: SSH-2.0-Cisco-1.25
INFO:paramiko.transport:Connected (version 2.0, client Cisco-1.25)
DEBUG:paramiko.transport:kex algos:['diffie-hellman-group-exchange-sha1', 'diffie-hellman-group14-sha1'] server key:['ssh-rsa'] client encrypt:['aes128-ctr', 'aes192-ctr', 'aes256-ctr'] server encrypt:['aes128-ctr', 'aes192-ctr', 'aes256-ctr'] client mac:['hmac-sha2-256', 'hmac-sha2-512', 'hmac-sha1', 'hmac-sha1-96'] server mac:['hmac-sha2-256', 'hmac-sha2-512', 'hmac-sha1', 'hmac-sha1-96'] client compress:['none'] server compress:['none'] client lang:[''] server lang:[''] kex follows?False
DEBUG:paramiko.transport:Kex agreed: diffie-hellman-group-exchange-sha1
DEBUG:paramiko.transport:HostKey agreed: ssh-rsa
DEBUG:paramiko.transport:Cipher agreed: aes128-ctr
DEBUG:paramiko.transport:MAC agreed: hmac-sha2-256
DEBUG:paramiko.transport:Compression agreed: none
DEBUG:paramiko.transport:Got server p (2048 bits)
DEBUG:paramiko.transport:kex engine KexGex specified hash_algo <built-in function openssl_sha1>
DEBUG:paramiko.transport:Switch to new keys ...
DEBUG:paramiko.transport:Adding ssh-rsa host key for cisco3.lasthop.io: b'f05fe0c73e29ddad92927e052a4b03f6'
DEBUG:paramiko.transport:Trying discovered key b'1c3a949cf3b48f23f5074717eeee025a' in /home/degruijter/.ssh/student_key
DEBUG:paramiko.transport:userauth is OK
INFO:paramiko.transport:Authentication (publickey) successful!
DEBUG:paramiko.transport:[chan 0] Max packet in: 32768 bytes
DEBUG:paramiko.transport:[chan 0] Max packet out: 4096 bytes
DEBUG:paramiko.transport:Secsh channel 0 opened.
DEBUG:paramiko.transport:[chan 0] Sesch channel 0 request ok
DEBUG:paramiko.transport:[chan 0] Sesch channel 0 request ok
DEBUG:netmiko:write_channel: b'terminal width 511\n'
DEBUG:netmiko:Pattern is: terminal width 511
DEBUG:netmiko:_read_channel_expect read_data: 


cisco3#
DEBUG:netmiko:_read_channel_expect read_data: terminal width 511
cisco3#
DEBUG:netmiko:Pattern found: terminal width 511 


cisco3#terminal width 511
cisco3#
DEBUG:netmiko:In disable_paging
DEBUG:netmiko:Command: terminal length 0

DEBUG:netmiko:write_channel: b'terminal length 0\n'
DEBUG:netmiko:Pattern is: terminal\ length\ 0
DEBUG:netmiko:_read_channel_expect read_data: t
DEBUG:netmiko:_read_channel_expect read_data: erminal length 0
cisco3#
DEBUG:netmiko:Pattern found: terminal\ length\ 0 terminal length 0
cisco3#
DEBUG:netmiko:terminal length 0
cisco3#
DEBUG:netmiko:Exiting disable_paging
DEBUG:netmiko:read_channel: 
DEBUG:netmiko:write_channel: b'\n'
DEBUG:netmiko:read_channel: 
cisco3#
DEBUG:netmiko:read_channel: 
DEBUG:netmiko:[find_prompt()]: prompt is cisco3#
DEBUG:netmiko:read_channel: 
DEBUG:netmiko:write_channel: b'\n'
DEBUG:netmiko:read_channel: 
cisco3#
DEBUG:netmiko:read_channel: 
DEBUG:netmiko:[find_prompt()]: prompt is cisco3#
DEBUG:netmiko:read_channel: 
DEBUG:netmiko:write_channel: b'show ip aep\n'
DEBUG:netmiko:Pattern is: show\ ip\ aep
DEBUG:netmiko:_read_channel_expect read_data: s
DEBUG:netmiko:_read_channel_expect read_data: how ip aep
                ^
% Invalid input detected at '^' marker.

cisco3#
DEBUG:netmiko:Pattern found: show\ ip\ aep show ip aep
                ^
% Invalid input detected at '^' marker.

cisco3#
DEBUG:netmiko:write_channel: b'\n'
DEBUG:netmiko:read_channel: 
cisco3#
DEBUG:netmiko:read_channel: 
DEBUG:netmiko:read_channel: 
DEBUG:netmiko:write_channel: b'exit\n'
DEBUG:paramiko.transport:starting thread (client mode): 0x49511790
DEBUG:paramiko.transport:Local version/idstring: SSH-2.0-paramiko_2.7.2
DEBUG:paramiko.transport:Remote version/idstring: SSH-2.0-Cisco-1.25
INFO:paramiko.transport:Connected (version 2.0, client Cisco-1.25)
DEBUG:paramiko.transport:kex algos:['diffie-hellman-group-exchange-sha1', 'diffie-hellman-group14-sha1'] server key:['ssh-rsa'] client encrypt:['aes128-ctr', 'aes192-ctr', 'aes256-ctr'] server encrypt:['aes128-ctr', 'aes192-ctr', 'aes256-ctr'] client mac:['hmac-sha2-256', 'hmac-sha2-512', 'hmac-sha1', 'hmac-sha1-96'] server mac:['hmac-sha2-256', 'hmac-sha2-512', 'hmac-sha1', 'hmac-sha1-96'] client compress:['none'] server compress:['none'] client lang:[''] server lang:[''] kex follows?False
DEBUG:paramiko.transport:Kex agreed: diffie-hellman-group-exchange-sha1
DEBUG:paramiko.transport:HostKey agreed: ssh-rsa
DEBUG:paramiko.transport:Cipher agreed: aes128-ctr
DEBUG:paramiko.transport:MAC agreed: hmac-sha2-256
DEBUG:paramiko.transport:Compression agreed: none
DEBUG:paramiko.transport:Got server p (2048 bits)
DEBUG:paramiko.transport:kex engine KexGex specified hash_algo <built-in function openssl_sha1>
DEBUG:paramiko.transport:Switch to new keys ...
DEBUG:paramiko.transport:Adding ssh-rsa host key for cisco3.lasthop.io: b'f05fe0c73e29ddad92927e052a4b03f6'
DEBUG:paramiko.transport:Trying discovered key b'1c3a949cf3b48f23f5074717eeee025a' in /home/degruijter/.ssh/student_key
DEBUG:paramiko.transport:userauth is OK
INFO:paramiko.transport:Authentication (publickey) successful!
DEBUG:paramiko.transport:[chan 0] Max packet in: 32768 bytes
DEBUG:paramiko.transport:[chan 0] Max packet out: 4096 bytes
DEBUG:paramiko.transport:Secsh channel 0 opened.
DEBUG:paramiko.transport:[chan 0] Sesch channel 0 request ok
DEBUG:paramiko.transport:[chan 0] Sesch channel 0 request ok
DEBUG:netmiko:write_channel: b'terminal width 511\n'
DEBUG:netmiko:Pattern is: terminal width 511
DEBUG:netmiko:_read_channel_expect read_data: 

cisco3#
DEBUG:netmiko:_read_channel_expect read_data: terminal width 511
cisco3#
DEBUG:netmiko:Pattern found: terminal width 511 

cisco3#terminal width 511
cisco3#
DEBUG:netmiko:In disable_paging
DEBUG:netmiko:Command: terminal length 0

DEBUG:netmiko:write_channel: b'terminal length 0\n'
DEBUG:netmiko:Pattern is: terminal\ length\ 0
DEBUG:netmiko:_read_channel_expect read_data: t
DEBUG:netmiko:_read_channel_expect read_data: erminal length 0
cisco3#
DEBUG:netmiko:Pattern found: terminal\ length\ 0 terminal length 0
cisco3#
DEBUG:netmiko:terminal length 0
cisco3#
DEBUG:netmiko:Exiting disable_paging
DEBUG:netmiko:read_channel: 
DEBUG:netmiko:write_channel: b'\n'
DEBUG:netmiko:read_channel: 
cisco3#
DEBUG:netmiko:read_channel: 
DEBUG:netmiko:[find_prompt()]: prompt is cisco3#
DEBUG:netmiko:read_channel: 
DEBUG:netmiko:write_channel: b'\n'
DEBUG:netmiko:read_channel: 
cisco3#
DEBUG:netmiko:read_channel: 
DEBUG:netmiko:[find_prompt()]: prompt is cisco3#
DEBUG:netmiko:read_channel: 
DEBUG:netmiko:write_channel: b'show ip arp\n'
DEBUG:netmiko:Pattern is: show\ ip\ arp
DEBUG:netmiko:_read_channel_expect read_data: sh
DEBUG:netmiko:_read_channel_expect read_data: ow ip arp
Protocol  Address          Age (min)  Hardware Addr   Type   Interface
Internet  10.220.88.1            33   0062.ec29.70fe  ARPA   GigabitEthernet0/0/0
Internet  10.220.88.21          123   1c6a.7aaf.576c  ARPA   GigabitEthernet0/0/0
Internet  10.220.88.22            -   a093.5141.b780  ARPA   GigabitEthernet0/0/0
Internet  10.220.88.28          224   00aa.fc05.b513  ARPA   GigabitEthernet0/0/0
Internet  10.220.88.37           69   0001.00ff.0001  ARPA   GigabitEthernet0/0/0
Internet  10.220.88.38           33   0002.00ff.0001  ARPA   GigabitEthernet0/0/0
cisco3#
DEBUG:netmiko:Pattern found: show\ ip\ arp show ip arp
Protocol  Address          Age (min)  Hardware Addr   Type   Interface
Internet  10.220.88.1            33   0062.ec29.70fe  ARPA   GigabitEthernet0/0/0
Internet  10.220.88.21          123   1c6a.7aaf.576c  ARPA   GigabitEthernet0/0/0
Internet  10.220.88.22            -   a093.5141.b780  ARPA   GigabitEthernet0/0/0
Internet  10.220.88.28          224   00aa.fc05.b513  ARPA   GigabitEthernet0/0/0
Internet  10.220.88.37           69   0001.00ff.0001  ARPA   GigabitEthernet0/0/0
Internet  10.220.88.38           33   0002.00ff.0001  ARPA   GigabitEthernet0/0/0
cisco3#
DEBUG:netmiko:write_channel: b'\n'
DEBUG:netmiko:read_channel: 
cisco3#
DEBUG:netmiko:read_channel: 
DEBUG:netmiko:read_channel: 
DEBUG:netmiko:write_channel: b'exit\n'
DEBUG:paramiko.transport:starting thread (client mode): 0x33f20750
DEBUG:paramiko.transport:Local version/idstring: SSH-2.0-paramiko_2.7.2
DEBUG:paramiko.transport:Remote version/idstring: SSH-2.0-Cisco-1.25
INFO:paramiko.transport:Connected (version 2.0, client Cisco-1.25)
DEBUG:paramiko.transport:kex algos:['diffie-hellman-group-exchange-sha1', 'diffie-hellman-group14-sha1'] server key:['ssh-rsa'] client encrypt:['aes128-ctr', 'aes192-ctr', 'aes256-ctr'] server encrypt:['aes128-ctr', 'aes192-ctr', 'aes256-ctr'] client mac:['hmac-sha2-256', 'hmac-sha2-512', 'hmac-sha1', 'hmac-sha1-96'] server mac:['hmac-sha2-256', 'hmac-sha2-512', 'hmac-sha1', 'hmac-sha1-96'] client compress:['none'] server compress:['none'] client lang:[''] server lang:[''] kex follows?False
DEBUG:paramiko.transport:Kex agreed: diffie-hellman-group-exchange-sha1
DEBUG:paramiko.transport:HostKey agreed: ssh-rsa
DEBUG:paramiko.transport:Cipher agreed: aes128-ctr
DEBUG:paramiko.transport:MAC agreed: hmac-sha2-256
DEBUG:paramiko.transport:Compression agreed: none
DEBUG:paramiko.transport:Got server p (2048 bits)
DEBUG:paramiko.transport:kex engine KexGex specified hash_algo <built-in function openssl_sha1>
DEBUG:paramiko.transport:Switch to new keys ...
DEBUG:paramiko.transport:Adding ssh-rsa host key for cisco3.lasthop.io: b'f05fe0c73e29ddad92927e052a4b03f6'
DEBUG:paramiko.transport:Trying discovered key b'1c3a949cf3b48f23f5074717eeee025a' in /home/degruijter/.ssh/student_key
DEBUG:paramiko.transport:userauth is OK
INFO:paramiko.transport:Authentication (publickey) successful!
DEBUG:paramiko.transport:[chan 0] Max packet in: 32768 bytes
DEBUG:paramiko.transport:[chan 0] Max packet out: 4096 bytes
DEBUG:paramiko.transport:Secsh channel 0 opened.
DEBUG:paramiko.transport:[chan 0] Sesch channel 0 request ok
DEBUG:paramiko.transport:[chan 0] Sesch channel 0 request ok
DEBUG:netmiko:write_channel: b'terminal width 511\n'
DEBUG:netmiko:Pattern is: terminal width 511
DEBUG:netmiko:_read_channel_expect read_data: 

cisco3#
DEBUG:netmiko:_read_channel_expect read_data: terminal width 511
cisco3#
DEBUG:netmiko:Pattern found: terminal width 511 

cisco3#terminal width 511
cisco3#
DEBUG:netmiko:In disable_paging
DEBUG:netmiko:Command: terminal length 0

DEBUG:netmiko:write_channel: b'terminal length 0\n'
DEBUG:netmiko:Pattern is: terminal\ length\ 0
DEBUG:netmiko:_read_channel_expect read_data: t
DEBUG:netmiko:_read_channel_expect read_data: erminal length 0
cisco3#
DEBUG:netmiko:Pattern found: terminal\ length\ 0 terminal length 0
cisco3#
DEBUG:netmiko:terminal length 0
cisco3#
DEBUG:netmiko:Exiting disable_paging
DEBUG:netmiko:read_channel: 
DEBUG:netmiko:write_channel: b'\n'
DEBUG:netmiko:read_channel: 
cisco3#
DEBUG:netmiko:read_channel: 
DEBUG:netmiko:[find_prompt()]: prompt is cisco3#
DEBUG:netmiko:read_channel: 
DEBUG:netmiko:write_channel: b'\n'
DEBUG:netmiko:read_channel: 
cisco3#
DEBUG:netmiko:read_channel: 
DEBUG:netmiko:[find_prompt()]: prompt is cisco3#
DEBUG:netmiko:read_channel: 
DEBUG:netmiko:write_channel: b'show ip arp\n'
DEBUG:netmiko:Pattern is: show\ ip\ arp
DEBUG:netmiko:_read_channel_expect read_data: sh
DEBUG:netmiko:_read_channel_expect read_data: ow ip arp
Protocol  Address          Age (min)  Hardware Addr   Type   Interface
Internet  10.220.88.1            33   0062.ec29.70fe  ARPA   GigabitEthernet0/0/0
Internet  10.220.88.21          123   1c6a.7aaf.576c  ARPA   GigabitEthernet0/0/0
Internet  10.220.88.22            -   a093.5141.b780  ARPA   GigabitEthernet0/0/0
Internet  10.220.88.28          225   00aa.fc05.b513  ARPA   GigabitEthernet0/0/0
Internet  10.220.88.37           70   0001.00ff.0001  ARPA   GigabitEthernet0/0/0
Internet  10.220.88.38           34   0002.00ff.0001  ARPA   GigabitEthernet0/0/0
cisco3#
DEBUG:netmiko:Pattern found: show\ ip\ arp show ip arp
Protocol  Address          Age (min)  Hardware Addr   Type   Interface
Internet  10.220.88.1            33   0062.ec29.70fe  ARPA   GigabitEthernet0/0/0
Internet  10.220.88.21          123   1c6a.7aaf.576c  ARPA   GigabitEthernet0/0/0
Internet  10.220.88.22            -   a093.5141.b780  ARPA   GigabitEthernet0/0/0
Internet  10.220.88.28          225   00aa.fc05.b513  ARPA   GigabitEthernet0/0/0
Internet  10.220.88.37           70   0001.00ff.0001  ARPA   GigabitEthernet0/0/0
Internet  10.220.88.38           34   0002.00ff.0001  ARPA   GigabitEthernet0/0/0
cisco3#
DEBUG:netmiko:write_channel: b'\n'
DEBUG:netmiko:read_channel: 
cisco3#
DEBUG:netmiko:read_channel: 
DEBUG:netmiko:read_channel: 
DEBUG:netmiko:write_channel: b'exit\n'
DEBUG:paramiko.transport:starting thread (client mode): 0x33be4050
DEBUG:paramiko.transport:Local version/idstring: SSH-2.0-paramiko_2.7.2
DEBUG:paramiko.transport:EOF in transport thread
DEBUG:paramiko.transport:Remote version/idstring: SSH-2.0-Cisco-1.25
INFO:paramiko.transport:Connected (version 2.0, client Cisco-1.25)
DEBUG:paramiko.transport:kex algos:['diffie-hellman-group-exchange-sha1', 'diffie-hellman-group14-sha1'] server key:['ssh-rsa'] client encrypt:['aes128-ctr', 'aes192-ctr', 'aes256-ctr'] server encrypt:['aes128-ctr', 'aes192-ctr', 'aes256-ctr'] client mac:['hmac-sha2-256', 'hmac-sha2-512', 'hmac-sha1', 'hmac-sha1-96'] server mac:['hmac-sha2-256', 'hmac-sha2-512', 'hmac-sha1', 'hmac-sha1-96'] client compress:['none'] server compress:['none'] client lang:[''] server lang:[''] kex follows?False
DEBUG:paramiko.transport:Kex agreed: diffie-hellman-group-exchange-sha1
DEBUG:paramiko.transport:HostKey agreed: ssh-rsa
DEBUG:paramiko.transport:Cipher agreed: aes128-ctr
DEBUG:paramiko.transport:MAC agreed: hmac-sha2-256
DEBUG:paramiko.transport:Compression agreed: none
DEBUG:paramiko.transport:Got server p (2048 bits)
DEBUG:paramiko.transport:kex engine KexGex specified hash_algo <built-in function openssl_sha1>
DEBUG:paramiko.transport:Switch to new keys ...
DEBUG:paramiko.transport:Adding ssh-rsa host key for cisco4.lasthop.io: b'e4e02f180e551a9f34d5835b8f1e04e4'
DEBUG:paramiko.transport:Trying discovered key b'1c3a949cf3b48f23f5074717eeee025a' in /home/degruijter/.ssh/student_key
DEBUG:paramiko.transport:userauth is OK
INFO:paramiko.transport:Authentication (publickey) successful!
DEBUG:paramiko.transport:[chan 0] Max packet in: 32768 bytes
DEBUG:paramiko.transport:[chan 0] Max packet out: 4096 bytes
DEBUG:paramiko.transport:Secsh channel 0 opened.
DEBUG:paramiko.transport:[chan 0] Sesch channel 0 request ok
DEBUG:paramiko.transport:[chan 0] Sesch channel 0 request ok
DEBUG:netmiko:write_channel: b'terminal width 511\n'
DEBUG:netmiko:Pattern is: terminal width 511
DEBUG:netmiko:_read_channel_expect read_data: 

cisco4#
DEBUG:netmiko:_read_channel_expect read_data: terminal width 511
cisco4#
DEBUG:netmiko:Pattern found: terminal width 511 

cisco4#terminal width 511
cisco4#
DEBUG:netmiko:In disable_paging
DEBUG:netmiko:Command: terminal length 0

DEBUG:netmiko:write_channel: b'terminal length 0\n'
DEBUG:netmiko:Pattern is: terminal\ length\ 0
DEBUG:netmiko:_read_channel_expect read_data: t
DEBUG:netmiko:_read_channel_expect read_data: erminal length 0
cisco4#
DEBUG:netmiko:Pattern found: terminal\ length\ 0 terminal length 0
cisco4#
DEBUG:netmiko:terminal length 0
cisco4#
DEBUG:netmiko:Exiting disable_paging
DEBUG:netmiko:read_channel: 
DEBUG:netmiko:write_channel: b'\n'
DEBUG:netmiko:read_channel: 
cisco4#
DEBUG:netmiko:read_channel: 
DEBUG:netmiko:[find_prompt()]: prompt is cisco4#
DEBUG:netmiko:read_channel: 
DEBUG:netmiko:write_channel: b'\n'
DEBUG:netmiko:read_channel: 
cisco4#
DEBUG:netmiko:read_channel: 
DEBUG:netmiko:[find_prompt()]: prompt is cisco4#
DEBUG:netmiko:read_channel: 
DEBUG:netmiko:write_channel: b'show ip arp\n'
DEBUG:netmiko:Pattern is: show\ ip\ arp
DEBUG:netmiko:_read_channel_expect read_data: sh
DEBUG:netmiko:_read_channel_expect read_data: ow ip arp
Protocol  Address          Age (min)  Hardware Addr   Type   Interface
Internet  10.220.88.1            33   0062.ec29.70fe  ARPA   GigabitEthernet0/0/0
Internet  10.220.88.23            -   502f.a8b1.6900  ARPA   GigabitEthernet0/0/0
cisco4#
DEBUG:netmiko:Pattern found: show\ ip\ arp show ip arp
Protocol  Address          Age (min)  Hardware Addr   Type   Interface
Internet  10.220.88.1            33   0062.ec29.70fe  ARPA   GigabitEthernet0/0/0
Internet  10.220.88.23            -   502f.a8b1.6900  ARPA   GigabitEthernet0/0/0
cisco4#
DEBUG:netmiko:write_channel: b'\n'
DEBUG:netmiko:read_channel: 
cisco4#
DEBUG:netmiko:read_channel: 
DEBUG:netmiko:read_channel: 
DEBUG:netmiko:write_channel: b'exit\n'
DEBUG:paramiko.transport:starting thread (client mode): 0xaba55790
DEBUG:paramiko.transport:Local version/idstring: SSH-2.0-paramiko_2.7.2
DEBUG:paramiko.transport:Remote version/idstring: SSH-2.0-Cisco-1.25
INFO:paramiko.transport:Connected (version 2.0, client Cisco-1.25)
DEBUG:paramiko.transport:kex algos:['diffie-hellman-group-exchange-sha1', 'diffie-hellman-group14-sha1'] server key:['ssh-rsa'] client encrypt:['aes128-ctr', 'aes192-ctr', 'aes256-ctr'] server encrypt:['aes128-ctr', 'aes192-ctr', 'aes256-ctr'] client mac:['hmac-sha2-256', 'hmac-sha2-512', 'hmac-sha1', 'hmac-sha1-96'] server mac:['hmac-sha2-256', 'hmac-sha2-512', 'hmac-sha1', 'hmac-sha1-96'] client compress:['none'] server compress:['none'] client lang:[''] server lang:[''] kex follows?False
DEBUG:paramiko.transport:Kex agreed: diffie-hellman-group-exchange-sha1
DEBUG:paramiko.transport:HostKey agreed: ssh-rsa
DEBUG:paramiko.transport:Cipher agreed: aes128-ctr
DEBUG:paramiko.transport:MAC agreed: hmac-sha2-256
DEBUG:paramiko.transport:Compression agreed: none
DEBUG:paramiko.transport:Got server p (2048 bits)
DEBUG:paramiko.transport:kex engine KexGex specified hash_algo <built-in function openssl_sha1>
DEBUG:paramiko.transport:Switch to new keys ...
DEBUG:paramiko.transport:Adding ssh-rsa host key for cisco4.lasthop.io: b'e4e02f180e551a9f34d5835b8f1e04e4'
DEBUG:paramiko.transport:Trying discovered key b'1c3a949cf3b48f23f5074717eeee025a' in /home/degruijter/.ssh/student_key
DEBUG:paramiko.transport:userauth is OK
INFO:paramiko.transport:Authentication (publickey) successful!
DEBUG:paramiko.transport:[chan 0] Max packet in: 32768 bytes
DEBUG:paramiko.transport:[chan 0] Max packet out: 4096 bytes
DEBUG:paramiko.transport:Secsh channel 0 opened.
DEBUG:paramiko.transport:[chan 0] Sesch channel 0 request ok
DEBUG:paramiko.transport:[chan 0] Sesch channel 0 request ok
DEBUG:netmiko:write_channel: b'terminal width 511\n'
DEBUG:netmiko:Pattern is: terminal width 511
DEBUG:netmiko:_read_channel_expect read_data: 

cisco4#
DEBUG:netmiko:_read_channel_expect read_data: terminal width 511
cisco4#
DEBUG:netmiko:Pattern found: terminal width 511 

cisco4#terminal width 511
cisco4#
DEBUG:netmiko:In disable_paging
DEBUG:netmiko:Command: terminal length 0

DEBUG:netmiko:write_channel: b'terminal length 0\n'
DEBUG:netmiko:Pattern is: terminal\ length\ 0
DEBUG:netmiko:_read_channel_expect read_data: t
DEBUG:netmiko:_read_channel_expect read_data: erminal length 0
cisco4#
DEBUG:netmiko:Pattern found: terminal\ length\ 0 terminal length 0
cisco4#
DEBUG:netmiko:terminal length 0
cisco4#
DEBUG:netmiko:Exiting disable_paging
DEBUG:netmiko:read_channel: 
DEBUG:netmiko:write_channel: b'\n'
DEBUG:netmiko:read_channel: 
cisco4#
DEBUG:netmiko:read_channel: 
DEBUG:netmiko:[find_prompt()]: prompt is cisco4#
DEBUG:netmiko:read_channel: 
DEBUG:netmiko:write_channel: b'\n'
DEBUG:netmiko:read_channel: 
cisco4#
DEBUG:netmiko:read_channel: 
DEBUG:netmiko:[find_prompt()]: prompt is cisco4#
DEBUG:netmiko:read_channel: 
DEBUG:netmiko:write_channel: b'show ip arp\n'
DEBUG:netmiko:Pattern is: show\ ip\ arp
DEBUG:netmiko:_read_channel_expect read_data: s
DEBUG:netmiko:_read_channel_expect read_data: how ip arp
Protocol  Address          Age (min)  Hardware Addr   Type   Interface
Internet  10.220.88.1           104   0062.ec29.70fe  ARPA   GigabitEthernet0/0/0
Internet  10.220.88.23            -   502f.a8b1.6900  ARPA   GigabitEthernet0/0/0
cisco4#
DEBUG:netmiko:Pattern found: show\ ip\ arp show ip arp
Protocol  Address          Age (min)  Hardware Addr   Type   Interface
Internet  10.220.88.1           104   0062.ec29.70fe  ARPA   GigabitEthernet0/0/0
Internet  10.220.88.23            -   502f.a8b1.6900  ARPA   GigabitEthernet0/0/0
cisco4#
DEBUG:netmiko:write_channel: b'\n'
DEBUG:netmiko:read_channel: 
cisco4#
DEBUG:netmiko:read_channel: 
DEBUG:netmiko:read_channel: 
DEBUG:netmiko:write_channel: b'exit\n'
DEBUG:paramiko.transport:starting thread (client mode): 0xd0f57810
DEBUG:paramiko.transport:Local version/idstring: SSH-2.0-paramiko_2.7.2
DEBUG:paramiko.transport:Remote version/idstring: SSH-2.0-Cisco-1.25
INFO:paramiko.transport:Connected (version 2.0, client Cisco-1.25)
DEBUG:paramiko.transport:kex algos:['diffie-hellman-group-exchange-sha1', 'diffie-hellman-group14-sha1'] server key:['ssh-rsa'] client encrypt:['aes128-ctr', 'aes192-ctr', 'aes256-ctr'] server encrypt:['aes128-ctr', 'aes192-ctr', 'aes256-ctr'] client mac:['hmac-sha2-256', 'hmac-sha2-512', 'hmac-sha1', 'hmac-sha1-96'] server mac:['hmac-sha2-256', 'hmac-sha2-512', 'hmac-sha1', 'hmac-sha1-96'] client compress:['none'] server compress:['none'] client lang:[''] server lang:[''] kex follows?False
DEBUG:paramiko.transport:Kex agreed: diffie-hellman-group-exchange-sha1
DEBUG:paramiko.transport:HostKey agreed: ssh-rsa
DEBUG:paramiko.transport:Cipher agreed: aes128-ctr
DEBUG:paramiko.transport:MAC agreed: hmac-sha2-256
DEBUG:paramiko.transport:Compression agreed: none
DEBUG:paramiko.transport:Got server p (2048 bits)
DEBUG:paramiko.transport:kex engine KexGex specified hash_algo <built-in function openssl_sha1>
DEBUG:paramiko.transport:Switch to new keys ...
DEBUG:paramiko.transport:Adding ssh-rsa host key for cisco4.lasthop.io: b'e4e02f180e551a9f34d5835b8f1e04e4'
DEBUG:paramiko.transport:EOF in transport thread
DEBUG:paramiko.transport:starting thread (client mode): 0x201f8790
DEBUG:paramiko.transport:Local version/idstring: SSH-2.0-paramiko_2.7.2
DEBUG:paramiko.transport:Remote version/idstring: SSH-2.0-Cisco-1.25
INFO:paramiko.transport:Connected (version 2.0, client Cisco-1.25)
DEBUG:paramiko.transport:kex algos:['diffie-hellman-group-exchange-sha1', 'diffie-hellman-group14-sha1'] server key:['ssh-rsa'] client encrypt:['aes128-ctr', 'aes192-ctr', 'aes256-ctr'] server encrypt:['aes128-ctr', 'aes192-ctr', 'aes256-ctr'] client mac:['hmac-sha2-256', 'hmac-sha2-512', 'hmac-sha1', 'hmac-sha1-96'] server mac:['hmac-sha2-256', 'hmac-sha2-512', 'hmac-sha1', 'hmac-sha1-96'] client compress:['none'] server compress:['none'] client lang:[''] server lang:[''] kex follows?False
DEBUG:paramiko.transport:Kex agreed: diffie-hellman-group-exchange-sha1
DEBUG:paramiko.transport:HostKey agreed: ssh-rsa
DEBUG:paramiko.transport:Cipher agreed: aes128-ctr
DEBUG:paramiko.transport:MAC agreed: hmac-sha2-256
DEBUG:paramiko.transport:Compression agreed: none
DEBUG:paramiko.transport:Got server p (2048 bits)
DEBUG:paramiko.transport:kex engine KexGex specified hash_algo <built-in function openssl_sha1>
DEBUG:paramiko.transport:Switch to new keys ...
DEBUG:paramiko.transport:Adding ssh-rsa host key for cisco4.lasthop.io: b'e4e02f180e551a9f34d5835b8f1e04e4'
DEBUG:paramiko.transport:Trying SSH agent key b'1c3a949cf3b48f23f5074717eeee025a'
DEBUG:paramiko.transport:userauth is OK
INFO:paramiko.transport:Authentication (publickey) successful!
DEBUG:paramiko.transport:[chan 0] Max packet in: 32768 bytes
DEBUG:paramiko.transport:[chan 0] Max packet out: 4096 bytes
DEBUG:paramiko.transport:Secsh channel 0 opened.
DEBUG:paramiko.transport:[chan 0] Sesch channel 0 request ok
DEBUG:paramiko.transport:[chan 0] Sesch channel 0 request ok
DEBUG:netmiko:write_channel: b'terminal width 511\n'
DEBUG:netmiko:Pattern is: terminal width 511
DEBUG:netmiko:_read_channel_expect read_data: 

cisco4#
DEBUG:netmiko:_read_channel_expect read_data: terminal width 511
cisco4#
DEBUG:netmiko:Pattern found: terminal width 511 

cisco4#terminal width 511
cisco4#
DEBUG:netmiko:In disable_paging
DEBUG:netmiko:Command: terminal length 0

DEBUG:netmiko:write_channel: b'terminal length 0\n'
DEBUG:netmiko:Pattern is: terminal\ length\ 0
DEBUG:netmiko:_read_channel_expect read_data: t
DEBUG:netmiko:_read_channel_expect read_data: erminal length 0
cisco4#
DEBUG:netmiko:Pattern found: terminal\ length\ 0 terminal length 0
cisco4#
DEBUG:netmiko:terminal length 0
cisco4#
DEBUG:netmiko:Exiting disable_paging
DEBUG:netmiko:read_channel: 
DEBUG:netmiko:write_channel: b'\n'
DEBUG:netmiko:read_channel: 
cisco4#
DEBUG:netmiko:read_channel: 
DEBUG:netmiko:[find_prompt()]: prompt is cisco4#
DEBUG:netmiko:read_channel: 
DEBUG:netmiko:write_channel: b'\n'
DEBUG:netmiko:read_channel: 
cisco4#
DEBUG:netmiko:read_channel: 
DEBUG:netmiko:[find_prompt()]: prompt is cisco4#
DEBUG:netmiko:read_channel: 
DEBUG:netmiko:write_channel: b'show ip arp\n'
DEBUG:netmiko:Pattern is: show\ ip\ arp
DEBUG:netmiko:_read_channel_expect read_data: s
DEBUG:netmiko:_read_channel_expect read_data: how ip arp
Protocol  Address          Age (min)  Hardware Addr   Type   Interface
Internet  10.220.88.1           116   0062.ec29.70fe  ARPA   GigabitEthernet0/0/0
Internet  10.220.88.23            -   502f.a8b1.6900  ARPA   GigabitEthernet0/0/0
cisco4#
DEBUG:netmiko:Pattern found: show\ ip\ arp show ip arp
Protocol  Address          Age (min)  Hardware Addr   Type   Interface
Internet  10.220.88.1           116   0062.ec29.70fe  ARPA   GigabitEthernet0/0/0
Internet  10.220.88.23            -   502f.a8b1.6900  ARPA   GigabitEthernet0/0/0
cisco4#
DEBUG:netmiko:write_channel: b'\n'
DEBUG:netmiko:read_channel: 
cisco4#
DEBUG:netmiko:read_channel: 
DEBUG:netmiko:read_channel: 
DEBUG:netmiko:write_channel: b'exit\n'
DEBUG:paramiko.transport:starting thread (client mode): 0x1f1b2590
DEBUG:paramiko.transport:Local version/idstring: SSH-2.0-paramiko_2.7.2
DEBUG:paramiko.transport:Remote version/idstring: SSH-2.0-Cisco-1.25
INFO:paramiko.transport:Connected (version 2.0, client Cisco-1.25)
DEBUG:paramiko.transport:kex algos:['diffie-hellman-group-exchange-sha1', 'diffie-hellman-group14-sha1'] server key:['ssh-rsa'] client encrypt:['aes128-ctr', 'aes192-ctr', 'aes256-ctr'] server encrypt:['aes128-ctr', 'aes192-ctr', 'aes256-ctr'] client mac:['hmac-sha2-256', 'hmac-sha2-512', 'hmac-sha1', 'hmac-sha1-96'] server mac:['hmac-sha2-256', 'hmac-sha2-512', 'hmac-sha1', 'hmac-sha1-96'] client compress:['none'] server compress:['none'] client lang:[''] server lang:[''] kex follows?False
DEBUG:paramiko.transport:Kex agreed: diffie-hellman-group-exchange-sha1
DEBUG:paramiko.transport:HostKey agreed: ssh-rsa
DEBUG:paramiko.transport:Cipher agreed: aes128-ctr
DEBUG:paramiko.transport:MAC agreed: hmac-sha2-256
DEBUG:paramiko.transport:Compression agreed: none
DEBUG:paramiko.transport:Got server p (2048 bits)
DEBUG:paramiko.transport:kex engine KexGex specified hash_algo <built-in function openssl_sha1>
DEBUG:paramiko.transport:Switch to new keys ...
DEBUG:paramiko.transport:Adding ssh-rsa host key for cisco3.lasthop.io: b'f05fe0c73e29ddad92927e052a4b03f6'
DEBUG:paramiko.transport:userauth is OK
INFO:paramiko.transport:Authentication (password) successful!
DEBUG:paramiko.transport:[chan 0] Max packet in: 32768 bytes
DEBUG:paramiko.transport:[chan 0] Max packet out: 4096 bytes
DEBUG:paramiko.transport:Secsh channel 0 opened.
DEBUG:paramiko.transport:[chan 0] Sesch channel 0 request ok
DEBUG:paramiko.transport:[chan 0] Sesch channel 0 request ok
DEBUG:netmiko:write_channel: b'terminal width 511\n'
DEBUG:netmiko:Pattern is: terminal width 511
DEBUG:netmiko:_read_channel_expect read_data: 


cisco3#
DEBUG:netmiko:_read_channel_expect read_data: terminal width 511
cisco3#
DEBUG:netmiko:Pattern found: terminal width 511 


cisco3#terminal width 511
cisco3#
DEBUG:netmiko:In disable_paging
DEBUG:netmiko:Command: terminal length 0

DEBUG:netmiko:write_channel: b'terminal length 0\n'
DEBUG:netmiko:Pattern is: terminal\ length\ 0
DEBUG:netmiko:_read_channel_expect read_data: t
DEBUG:netmiko:_read_channel_expect read_data: erminal length 0
cisco3#
DEBUG:netmiko:Pattern found: terminal\ length\ 0 terminal length 0
cisco3#
DEBUG:netmiko:terminal length 0
cisco3#
DEBUG:netmiko:Exiting disable_paging
DEBUG:netmiko:read_channel: 
DEBUG:netmiko:write_channel: b'\n'
DEBUG:netmiko:read_channel: 
cisco3#
DEBUG:netmiko:read_channel: 
DEBUG:netmiko:[find_prompt()]: prompt is cisco3#
DEBUG:netmiko:read_channel: 
DEBUG:netmiko:write_channel: b'\n'
DEBUG:netmiko:read_channel: 
cisco3#
DEBUG:netmiko:read_channel: 
DEBUG:netmiko:[find_prompt()]: prompt is cisco3#
DEBUG:netmiko:read_channel: 
DEBUG:netmiko:write_channel: b'show users\n'
DEBUG:netmiko:Pattern is: show\ users
DEBUG:netmiko:_read_channel_expect read_data: sh
DEBUG:netmiko:_read_channel_expect read_data: ow users
    Line       User       Host(s)              Idle       Location
*  1 vty 0     pyclass    idle                 00:00:00
DEBUG:netmiko:Pattern found: show\ users show users
    Line       User       Host(s)              Idle       Location
*  1 vty 0     pyclass    idle                 00:00:00
DEBUG:netmiko:read_channel: 
                              ec2-18-144-100-179.us-west-1.compute.amazonaws.com

  Interface    User               Mode         Idle     Peer Address

cisco3#
DEBUG:netmiko:write_channel: b'\n'
DEBUG:netmiko:read_channel: 
cisco3#
DEBUG:netmiko:read_channel: 
DEBUG:netmiko:read_channel: 
DEBUG:netmiko:write_channel: b'exit\n'
DEBUG:paramiko.transport:starting thread (client mode): 0x905186d0
DEBUG:paramiko.transport:Local version/idstring: SSH-2.0-paramiko_2.7.2
DEBUG:paramiko.transport:Remote version/idstring: SSH-2.0-OpenSSH_7.5 PKIX[10.1]
INFO:paramiko.transport:Connected (version 2.0, client OpenSSH_7.5)
DEBUG:paramiko.transport:kex algos:['diffie-hellman-group14-sha1', 'ecdh-sha2-nistp256', 'ecdh-sha2-nistp384', 'ecdh-sha2-nistp521'] server key:['ssh-rsa', 'rsa-sha2-512', 'rsa-sha2-256'] client encrypt:['aes128-ctr', 'aes256-ctr', 'aes256-gcm@openssh.com', 'aes128-gcm@openssh.com'] server encrypt:['aes128-ctr', 'aes256-ctr', 'aes256-gcm@openssh.com', 'aes128-gcm@openssh.com'] client mac:['hmac-sha1', 'hmac-sha2-256', 'hmac-sha2-512'] server mac:['hmac-sha1', 'hmac-sha2-256', 'hmac-sha2-512'] client compress:['none', 'zlib@openssh.com'] server compress:['none', 'zlib@openssh.com'] client lang:[''] server lang:[''] kex follows?False
DEBUG:paramiko.transport:Kex agreed: ecdh-sha2-nistp256
DEBUG:paramiko.transport:HostKey agreed: ssh-rsa
DEBUG:paramiko.transport:Cipher agreed: aes128-ctr
DEBUG:paramiko.transport:MAC agreed: hmac-sha2-256
DEBUG:paramiko.transport:Compression agreed: none
DEBUG:paramiko.transport:kex engine KexNistp256 specified hash_algo <built-in function openssl_sha256>
DEBUG:paramiko.transport:Switch to new keys ...
DEBUG:paramiko.transport:Adding ssh-rsa host key for nxos1.lasthop.io: b'58318fd2f378211ff816a026bfbb687c'
DEBUG:paramiko.transport:userauth is OK
INFO:paramiko.transport:Auth banner: b'User Access Verification\n'
INFO:paramiko.transport:Authentication (password) failed.
DEBUG:paramiko.transport:starting thread (client mode): 0x5515a710
DEBUG:paramiko.transport:Local version/idstring: SSH-2.0-paramiko_2.7.2
DEBUG:paramiko.transport:Remote version/idstring: SSH-2.0-OpenSSH_7.5 PKIX[10.1]
INFO:paramiko.transport:Connected (version 2.0, client OpenSSH_7.5)
DEBUG:paramiko.transport:kex algos:['diffie-hellman-group14-sha1', 'ecdh-sha2-nistp256', 'ecdh-sha2-nistp384', 'ecdh-sha2-nistp521'] server key:['ssh-rsa', 'rsa-sha2-512', 'rsa-sha2-256'] client encrypt:['aes128-ctr', 'aes256-ctr', 'aes256-gcm@openssh.com', 'aes128-gcm@openssh.com'] server encrypt:['aes128-ctr', 'aes256-ctr', 'aes256-gcm@openssh.com', 'aes128-gcm@openssh.com'] client mac:['hmac-sha1', 'hmac-sha2-256', 'hmac-sha2-512'] server mac:['hmac-sha1', 'hmac-sha2-256', 'hmac-sha2-512'] client compress:['none', 'zlib@openssh.com'] server compress:['none', 'zlib@openssh.com'] client lang:[''] server lang:[''] kex follows?False
DEBUG:paramiko.transport:Kex agreed: ecdh-sha2-nistp256
DEBUG:paramiko.transport:HostKey agreed: ssh-rsa
DEBUG:paramiko.transport:Cipher agreed: aes128-ctr
DEBUG:paramiko.transport:MAC agreed: hmac-sha2-256
DEBUG:paramiko.transport:Compression agreed: none
DEBUG:paramiko.transport:kex engine KexNistp256 specified hash_algo <built-in function openssl_sha256>
DEBUG:paramiko.transport:Switch to new keys ...
DEBUG:paramiko.transport:Adding ssh-rsa host key for nxos1.lasthop.io: b'58318fd2f378211ff816a026bfbb687c'
DEBUG:paramiko.transport:userauth is OK
INFO:paramiko.transport:Auth banner: b'User Access Verification\n'
INFO:paramiko.transport:Authentication (password) successful!
DEBUG:paramiko.transport:[chan 0] Max packet in: 32768 bytes
DEBUG:paramiko.transport:Received global request "hostkeys-00@openssh.com"
DEBUG:paramiko.transport:Rejecting "hostkeys-00@openssh.com" global request from server.
DEBUG:paramiko.transport:[chan 0] Max packet out: 32768 bytes
DEBUG:paramiko.transport:Secsh channel 0 opened.
DEBUG:paramiko.transport:[chan 0] Sesch channel 0 request ok
DEBUG:paramiko.transport:[chan 0] Sesch channel 0 request ok
DEBUG:netmiko:read_channel: 

Cisco NX-OS Software
Copyright (c) 2002-2019, Cisco Systems, Inc. All rights reserved.
Nexus 9000v software ("Nexus 9000v Software") and related documentation,
files or other reference materials ("Documentation") are
the proprietary property and confidential information of Cisco
Systems, Inc. ("Cisco") and are protected, without limitation,
pursuant to United States and International copyright and trademark
laws in the applicable jurisdiction which provide civil and criminal
penalties for copying or distribution without Cisco's authorization.

Any use or disclosure, in whole or in part, of the Nexus 9000v Software
or Documentation to any third party for any purposes is expressly
prohibited except as otherwise authorized by Cisco in writing.
The copyrights to certain works contained herein are owned by other
third parties and are used and distributed under license. Some parts
of this software may be covered under the GNU Public License or the
GNU Lesser General Public License. A copy of each such license is
available at
http://www.gnu.org/licenses/gpl.html and
http://www.gnu.org/licenses/lgpl.html
***************************************************************************
*  Nexus 9000v is strictly limited to use for evaluation, demonstration   *
*  and NX-OS education. Any use or disclosure, in whole or in part of     *
*  the Nexus 9000v Software or Documentation to any third party for any   *
*  purposes is expressly prohibited except as otherwise authorized by     *
*  Cisco in writing.                                                      *
***************************************************************************

DEBUG:netmiko:read_channel: nxos1# 
DEBUG:netmiko:read_channel: 
DEBUG:netmiko:read_channel: 
DEBUG:netmiko:write_channel: b'terminal width 511\n'
DEBUG:netmiko:Pattern is: terminal width 511
DEBUG:netmiko:_read_channel_expect read_data: terminal width 511

DEBUG:netmiko:Pattern found: terminal width 511 terminal width 511

DEBUG:netmiko:In disable_paging
DEBUG:netmiko:Command: terminal length 0

DEBUG:netmiko:write_channel: b'terminal length 0\n'
DEBUG:netmiko:Pattern is: terminal\ length\ 0
DEBUG:netmiko:_read_channel_expect read_data: nxos1# 
DEBUG:netmiko:_read_channel_expect read_data: terminal length 0
nxos1# 
DEBUG:netmiko:Pattern found: terminal\ length\ 0 nxos1# terminal length 0
nxos1# 
DEBUG:netmiko:nxos1# terminal length 0
nxos1# 
DEBUG:netmiko:Exiting disable_paging
DEBUG:netmiko:read_channel: 
DEBUG:netmiko:write_channel: b'\n'
DEBUG:netmiko:read_channel: 
nxos1# 
DEBUG:netmiko:read_channel: 
DEBUG:netmiko:[find_prompt()]: prompt is nxos1#
DEBUG:netmiko:read_channel: 
DEBUG:netmiko:write_channel: b'\n'
DEBUG:netmiko:read_channel: 
nxos1# 
DEBUG:netmiko:read_channel: 
DEBUG:netmiko:[find_prompt()]: prompt is nxos1#
DEBUG:netmiko:read_channel: 
DEBUG:netmiko:write_channel: b'show ip arp vrf management\n'
DEBUG:netmiko:Pattern is: show\ ip\ arp\ vrf\ management
DEBUG:netmiko:_read_channel_expect read_data: show ip arp vrf management

DEBUG:netmiko:Pattern found: show\ ip\ arp\ vrf\ management show ip arp vrf management

DEBUG:netmiko:read_channel: 
Flags: * - Adjacencies learnt on non-active FHRP router
       + - Adjacencies synced via CFSoE
       # - Adjacencies Throttled for Glean
       CP - Added via L2RIB, Control plane Adjacencies
       PS - Added via L2RIB, Peer Sync
       RO - Re-Originated Peer Sync Entry
       D - Static Adjacencies attached to down interface

IP ARP Table for context management
Total number of entries: 2
Address         Age       MAC Address     Interface       Flags
10.0.2.2        00:10:06  5255.0a00.0202  mgmt0           
10.0.2.3        00:06:00  5255.0a00.0203  mgmt0           
nxos1# 
DEBUG:paramiko.transport:starting thread (client mode): 0x6f9d8790
DEBUG:paramiko.transport:Local version/idstring: SSH-2.0-paramiko_2.7.2
DEBUG:paramiko.transport:Remote version/idstring: SSH-2.0-OpenSSH_7.5 PKIX[10.1]
INFO:paramiko.transport:Connected (version 2.0, client OpenSSH_7.5)
DEBUG:paramiko.transport:kex algos:['diffie-hellman-group14-sha1', 'ecdh-sha2-nistp256', 'ecdh-sha2-nistp384', 'ecdh-sha2-nistp521'] server key:['ssh-rsa', 'rsa-sha2-512', 'rsa-sha2-256'] client encrypt:['aes128-ctr', 'aes256-ctr', 'aes256-gcm@openssh.com', 'aes128-gcm@openssh.com'] server encrypt:['aes128-ctr', 'aes256-ctr', 'aes256-gcm@openssh.com', 'aes128-gcm@openssh.com'] client mac:['hmac-sha1', 'hmac-sha2-256', 'hmac-sha2-512'] server mac:['hmac-sha1', 'hmac-sha2-256', 'hmac-sha2-512'] client compress:['none', 'zlib@openssh.com'] server compress:['none', 'zlib@openssh.com'] client lang:[''] server lang:[''] kex follows?False
DEBUG:paramiko.transport:Kex agreed: ecdh-sha2-nistp256
DEBUG:paramiko.transport:HostKey agreed: ssh-rsa
DEBUG:paramiko.transport:Cipher agreed: aes128-ctr
DEBUG:paramiko.transport:MAC agreed: hmac-sha2-256
DEBUG:paramiko.transport:Compression agreed: none
DEBUG:paramiko.transport:kex engine KexNistp256 specified hash_algo <built-in function openssl_sha256>
DEBUG:paramiko.transport:Switch to new keys ...
DEBUG:paramiko.transport:Adding ssh-rsa host key for nxos1.lasthop.io: b'58318fd2f378211ff816a026bfbb687c'
DEBUG:paramiko.transport:userauth is OK
INFO:paramiko.transport:Auth banner: b'User Access Verification\n'
INFO:paramiko.transport:Authentication (password) failed.
DEBUG:paramiko.transport:starting thread (client mode): 0x8bf9d0
DEBUG:paramiko.transport:Local version/idstring: SSH-2.0-paramiko_2.7.2
DEBUG:paramiko.transport:Remote version/idstring: SSH-2.0-Cisco-1.25
INFO:paramiko.transport:Connected (version 2.0, client Cisco-1.25)
DEBUG:paramiko.transport:kex algos:['diffie-hellman-group-exchange-sha1', 'diffie-hellman-group14-sha1'] server key:['ssh-rsa'] client encrypt:['aes128-ctr', 'aes192-ctr', 'aes256-ctr'] server encrypt:['aes128-ctr', 'aes192-ctr', 'aes256-ctr'] client mac:['hmac-sha2-256', 'hmac-sha2-512', 'hmac-sha1', 'hmac-sha1-96'] server mac:['hmac-sha2-256', 'hmac-sha2-512', 'hmac-sha1', 'hmac-sha1-96'] client compress:['none'] server compress:['none'] client lang:[''] server lang:[''] kex follows?False
DEBUG:paramiko.transport:Kex agreed: diffie-hellman-group-exchange-sha1
DEBUG:paramiko.transport:HostKey agreed: ssh-rsa
DEBUG:paramiko.transport:Cipher agreed: aes128-ctr
DEBUG:paramiko.transport:MAC agreed: hmac-sha2-256
DEBUG:paramiko.transport:Compression agreed: none
DEBUG:paramiko.transport:Got server p (2048 bits)
DEBUG:paramiko.transport:kex engine KexGex specified hash_algo <built-in function openssl_sha1>
DEBUG:paramiko.transport:Switch to new keys ...
DEBUG:paramiko.transport:Adding ssh-rsa host key for cisco3.lasthop.io: b'f05fe0c73e29ddad92927e052a4b03f6'
DEBUG:paramiko.transport:userauth is OK
INFO:paramiko.transport:Authentication (password) successful!
DEBUG:paramiko.transport:[chan 0] Max packet in: 32768 bytes
DEBUG:paramiko.transport:[chan 0] Max packet out: 4096 bytes
DEBUG:paramiko.transport:Secsh channel 0 opened.
DEBUG:paramiko.transport:[chan 0] Sesch channel 0 request ok
DEBUG:paramiko.transport:[chan 0] Sesch channel 0 request ok
DEBUG:netmiko:write_channel: b'terminal width 511\n'
DEBUG:netmiko:Pattern is: terminal width 511
DEBUG:netmiko:_read_channel_expect read_data: 


cisco3#
DEBUG:netmiko:_read_channel_expect read_data: termi
DEBUG:netmiko:_read_channel_expect read_data: nal wi
DEBUG:netmiko:_read_channel_expect read_data: dth 511
DEBUG:netmiko:Pattern found: terminal width 511 


cisco3#terminal width 511
DEBUG:netmiko:In disable_paging
DEBUG:netmiko:Command: terminal length 0

DEBUG:netmiko:write_channel: b'terminal length 0\n'
DEBUG:netmiko:Pattern is: terminal\ length\ 0
DEBUG:netmiko:_read_channel_expect read_data: 

DEBUG:netmiko:_read_channel_expect read_data: cisco3#termi
DEBUG:netmiko:_read_channel_expect read_data: nal leng
DEBUG:netmiko:_read_channel_expect read_data: th 0
cisco3#
DEBUG:netmiko:Pattern found: terminal\ length\ 0 
cisco3#terminal length 0
cisco3#
DEBUG:netmiko:
cisco3#terminal length 0
cisco3#
DEBUG:netmiko:Exiting disable_paging
DEBUG:netmiko:read_channel: 
DEBUG:netmiko:write_channel: b'\n'
DEBUG:netmiko:read_channel: 
cisco3#
DEBUG:netmiko:read_channel: 
DEBUG:netmiko:[find_prompt()]: prompt is cisco3#
DEBUG:netmiko:read_channel: 
DEBUG:netmiko:write_channel: b'\n'
DEBUG:netmiko:read_channel: 
cisco3#
DEBUG:netmiko:read_channel: 
DEBUG:netmiko:[find_prompt()]: prompt is cisco3#
DEBUG:paramiko.transport:starting thread (client mode): 0x5751d0
DEBUG:paramiko.transport:Local version/idstring: SSH-2.0-paramiko_2.7.2
DEBUG:paramiko.transport:Remote version/idstring: SSH-2.0-Cisco-1.25
INFO:paramiko.transport:Connected (version 2.0, client Cisco-1.25)
DEBUG:paramiko.transport:kex algos:['diffie-hellman-group-exchange-sha1', 'diffie-hellman-group14-sha1'] server key:['ssh-rsa'] client encrypt:['aes128-ctr', 'aes192-ctr', 'aes256-ctr'] server encrypt:['aes128-ctr', 'aes192-ctr', 'aes256-ctr'] client mac:['hmac-sha2-256', 'hmac-sha2-512', 'hmac-sha1', 'hmac-sha1-96'] server mac:['hmac-sha2-256', 'hmac-sha2-512', 'hmac-sha1', 'hmac-sha1-96'] client compress:['none'] server compress:['none'] client lang:[''] server lang:[''] kex follows?False
DEBUG:paramiko.transport:Kex agreed: diffie-hellman-group-exchange-sha1
DEBUG:paramiko.transport:HostKey agreed: ssh-rsa
DEBUG:paramiko.transport:Cipher agreed: aes128-ctr
DEBUG:paramiko.transport:MAC agreed: hmac-sha2-256
DEBUG:paramiko.transport:Compression agreed: none
DEBUG:paramiko.transport:Got server p (2048 bits)
DEBUG:paramiko.transport:kex engine KexGex specified hash_algo <built-in function openssl_sha1>
DEBUG:paramiko.transport:Switch to new keys ...
DEBUG:paramiko.transport:Adding ssh-rsa host key for cisco3.lasthop.io: b'f05fe0c73e29ddad92927e052a4b03f6'
DEBUG:paramiko.transport:userauth is OK
INFO:paramiko.transport:Authentication (password) successful!
DEBUG:netmiko:read_channel: 
DEBUG:netmiko:write_channel: b'\n'
DEBUG:netmiko:read_channel: 
cisco3#
DEBUG:netmiko:read_channel: 
DEBUG:netmiko:[find_prompt()]: prompt is cisco3#
DEBUG:netmiko:read_channel: 
DEBUG:netmiko:write_channel: b'dir flash:/config2.cfg\n'
DEBUG:netmiko:Pattern is: dir\ flash:/config2\.cfg
DEBUG:netmiko:_read_channel_expect read_data: d
DEBUG:netmiko:_read_channel_expect read_data: ir flas
DEBUG:netmiko:_read_channel_expect read_data: h:/conf
DEBUG:netmiko:_read_channel_expect read_data: ig2.cfg
DEBUG:netmiko:Pattern found: dir\ flash:/config2\.cfg dir flash:/config2.cfg
DEBUG:netmiko:read_channel: 
%Error opening bootflash:/config2.cfg (No such file or directory)
cisco3#
DEBUG:netmiko:read_channel: 
DEBUG:netmiko:write_channel: b'\n'
DEBUG:netmiko:read_channel: 
cisco3#
DEBUG:netmiko:read_channel: 
DEBUG:netmiko:[find_prompt()]: prompt is cisco3#
DEBUG:netmiko:read_channel: 
DEBUG:netmiko:write_channel: b'dir flash:\n'
DEBUG:netmiko:Pattern is: dir\ flash:
DEBUG:netmiko:_read_channel_expect read_data: di
DEBUG:netmiko:_read_channel_expect read_data: r flas
DEBUG:netmiko:_read_channel_expect read_data: h:

DEBUG:netmiko:Pattern found: dir\ flash: dir flash:

DEBUG:netmiko:read_channel: 
DEBUG:netmiko:read_channel: 
DEBUG:netmiko:read_channel: 
DEBUG:netmiko:read_channel: 
DEBUG:netmiko:read_channel: 
DEBUG:netmiko:read_channel: 
DEBUG:netmiko:read_channel: 
DEBUG:netmiko:read_channel: 
DEBUG:netmiko:read_channel: 
DEBUG:netmiko:read_channel: 
DEBUG:netmiko:read_channel: 
DEBUG:netmiko:read_channel: 
DEBUG:netmiko:read_channel: 
DEBUG:netmiko:read_channel: 
DEBUG:netmiko:read_channel: 
DEBUG:netmiko:read_channel: 
DEBUG:netmiko:read_channel: 
DEBUG:netmiko:read_channel: 
DEBUG:netmiko:read_channel: 
DEBUG:netmiko:read_channel: 
DEBUG:netmiko:read_channel: 
DEBUG:netmiko:read_channel: 
DEBUG:netmiko:read_channel: 
DEBUG:netmiko:read_channel: 
DEBUG:netmiko:read_channel: 
DEBUG:netmiko:read_channel: 
DEBUG:netmiko:read_channel: 
DEBUG:netmiko:read_channel: 
DEBUG:netmiko:read_channel: 
DEBUG:netmiko:read_channel: Directory of bootflash:/

   11  drwx            16384  May 28 2018 11:14:59 -07:00  lost+found
32641  drwx             4096  Jul 25 2020 10:17:07 -07:00  .prst_sync
   12  -rw-        427968764  May 28 2018 11:26:42 -07:00  c1100-universalk9_ias.16.08.01.SPA.bin
73441  drwx             4096  Jun 14 2021 19:08:17 -07:00  .installer
48961  drwx             4096  May 28 2018 11:32:49 -07:00  core
40801  drwx             4096  May 28 2018 11:31:22 -07:00  .rollback_timer
65281  drwx            94208  Jul 13 2021 02:37:10 -07:00  tracelogs
   13  -rw-               30  Jun 14 2021 19:09:25 -07:00  throughput_monitor_params
122401  drwx             4096  May 28 2018 11:32:46 -07:00  onep
   14  -rw-               34   Oct 1 2018 13:41:53 -07:00  pnp-tech-time
   15  -rw-            58279   Oct 1 2018 13:42:05 -07:00  pnp-tech-discovery-summary
   16  -rw-             1256  Jun 23 2021 02:42:06 -07:00  vlan.dat
   17  -rw-            10730   Jul 4 2021 04:15:37 -07:00  candidate_config.txt
   18  -rw-            10891  Jul 12 2021 20:42:53 -07:00  rollback_config.txt
   25  -rw-           252453  Oct 30 2019 22:26:26 -07:00  '"`
  122  -rw-               19  Jun 22 2021 23:00:24 -07:00  y
89761  drwx             4096  Feb 19 2019 20:18:33 -08:00  no
   27  -rw-               19  Jun 29 2021 20:07:58 -07:00  test9.txt
   63  -rw-                8  Feb 11 2021 14:33:04 -08:00  alTestv1.txt
   19  -rw-             4519  May 15 2020 04:15:39 -07:00  cisco3-cfg-May-15-11-15-39.580-111
   21  -rw-             4747   Oct 5 2019 10:47:56 -07:00  cisco3-cfg-Oct--5-17-47-56.343-0
   24  -rw-             4085   Feb 3 2019 12:16:20 -08:00  running-config
   31  -rw-             4747   Oct 5 2019 10:51:49 -07:00  cisco3-cfg-Oct--5-17-51-49.660-1
   71  -rw-               21  Jun 24 2021 10:21:02 -07:00  test_jdg.txt
  107  -rw-               21   Jul 2 2021 08:37:08 -07:00  test-ab.txt
   65  -rw-               68  Apr 22 2021 11:25:24 -07:00  john_testy.txt
   33  -rw-             4747   Oct 5 2019 10:54:26 -07:00  cisco3-cfg-Oct--5-17-54-26.295-2
   29  -rw-             2340   Mar 9 2021 15:45:39 -08:00  test1_vlan.txt
   47  -rw-               98   Mar 9 2021 16:03:40 -08:00  mergeTest.txt
   30  -rw-             4224  Apr 25 2019 04:15:42 -07:00  cisco3-cfg-Apr-25-11-15-42.139-54
   20  -rw-             4127  Apr 26 2019 04:15:44 -07:00  cisco3-cfg-Apr-26-11-15-44.638-55
   26  -rw-             4096  Apr 29 2019 04:15:46 -07:00  cisco3-cfg-Apr-29-11-15-46.198-57
   28  -rw-             4276   May 3 2019 04:15:40 -07:00  cisco3-cfg-May--3-11-15-40.614-59
   42  -rw-            10695  Feb 22 2021 19:34:10 -08:00  show_ip_int_brief.txt
   41  -rw-           104178  Dec 30 2020 06:47:05 -08:00  'Line
   54  -rw-               21  Jun 19 2021 16:13:20 -07:00  test-ktb.txt
   22  -rw-             4127  Apr 27 2019 04:15:45 -07:00  cisco3-cfg-Apr-27-11-15-45.453-56
   37  -rw-             4748   Oct 5 2019 11:00:43 -07:00  cisco3-cfg-Oct--5-18-00-43.783-4
   38  -rw-             4547   Oct 5 2019 11:02:39 -07:00  cisco3-cfg-Oct--5-18-02-39.566-5
   39  -rw-             4748   Oct 5 2019 11:04:07 -07:00  cisco3-cfg-Oct--5-18-04-07.058-6
   40  -rw-             4748   Oct 6 2019 00:38:46 -07:00  cisco3-cfg-Oct--6-07-38-46.190-7
   35  -rw-               42   Jul 1 2021 20:09:54 -07:00  testx.txt
  118  -rw-              124   Jul 6 2021 08:58:08 -07:00  cfg.txt
   44  -rw-             4748   Oct 6 2019 00:57:52 -07:00  cisco3-cfg-Oct--6-07-57-52.174-8
   45  -rw-             4748   Oct 6 2019 04:15:48 -07:00  cisco3-cfg-Oct--6-11-15-48.317-9
   32  -rw-               47   Jul 2 2021 08:56:27 -07:00  test2.txt
   43  -rw-             2340  Mar 10 2021 08:13:57 -08:00  test_vlan_RPR.txt
   61  -rw-               21   Mar 9 2021 16:26:14 -08:00  testx-ag.txt
   80  -rw-               21   Mar 9 2021 16:28:56 -08:00  testx.txt-slap.txt
   48  -rw-             4897   Oct 7 2019 10:59:50 -07:00  cisco3-cfg-Oct--7-17-59-50.048-0
   49  -rw-             4897   Oct 7 2019 11:03:38 -07:00  cisco3-cfg-Oct--7-18-03-38.232-0
   50  -rw-             4896   Oct 7 2019 11:07:48 -07:00  cisco3-cfg-Oct--7-18-07-48.591-0
   23  -rw-             4384   Oct 7 2019 11:47:19 -07:00  cisco3-cfg-Oct--7-18-47-19.352-0
   46  -rw-               98  Jul 12 2021 18:42:30 -07:00  merge_config.txt
   74  -rw-              120  Feb 22 2021 14:01:29 -08:00  create_vlans.txt
   66  -rw-              114  Jan 27 2021 20:06:42 -08:00  john_test2.txt
   60  -rw-            10873  Oct 14 2020 17:33:14 -07:00  delete126.txt
   56  -rw-               21   Apr 5 2021 09:24:07 -07:00  test-as.txt
  123  -rw-               21   Apr 5 2021 09:29:24 -07:00  test-as2.txt
   69  -rw-              114  Jan 27 2021 20:06:42 -08:00  john_test3.txt
   59  -rw-        542086804  May 19 2020 17:10:59 -07:00  c1100-universalk9_ias.16.12.03.SPA.bin
   55  -rw-               21   Dec 8 2020 01:37:26 -08:00  test-tim.txt
   87  -rw-               21   Mar 9 2021 16:29:35 -08:00  testx.txt-punch.txt
   53  -rw-             4482  May 10 2020 04:15:36 -07:00  cisco3-cfg-May-10-11-15-35.747-108
   57  -rw-             4452  May 11 2020 04:15:36 -07:00  cisco3-cfg-May-11-11-15-36.522-109
   73  -rw-            12728  Mar 21 2021 04:00:36 -07:00  show_intf_jg.txt
   75  -rw-              124  Feb 22 2021 14:10:05 -08:00  cfg_name_servers.txt
   52  -rw-             7160  Jun 30 2021 04:15:36 -07:00  cisco3-cfg-Jun-30-11-15-36.663-175
   62  -rw-               21   Mar 8 2021 11:25:09 -08:00  test-ds.txt
   64  -rw-            10894  Oct 15 2020 15:15:29 -07:00  myfilecrap6.txt
   58  -rw-               21  Mar 11 2021 07:18:44 -08:00  test-ac.txt
   91  -rw-               21  Mar 11 2021 19:16:31 -08:00  test-cdzr.txt
   72  -rw-               17   Dec 7 2020 16:44:31 -08:00  tim5.txt
   81  -rw-               21   Mar 8 2021 11:46:03 -08:00  test-sd.txt
138721  drwx             4096  May 21 2020 14:57:23 -07:00  gs_script
   68  -rw-           132108  Jun 14 2021 19:09:02 -07:00  memleak.tcl
97921  drwx             4096  May 21 2020 15:02:55 -07:00  virtual-instance
106081  drwx             4096  May 21 2020 16:13:18 -07:00  .dbpersist
114241  drwx             4096  Jun 14 2021 19:09:32 -07:00  license_evlog
   70  -rw-               21  Mar 19 2021 05:33:23 -07:00  test-jall.txt
   36  -rw-            10695  Mar 21 2021 03:43:15 -07:00  show_interfaces1.txt
   76  -rw-              125  Mar 21 2021 09:08:44 -07:00  cfg_name_servers_mf.txt
   67  -rw-               42  Jun 19 2021 12:46:03 -07:00  test-jd.txt
  124  -rw-               21  Jun 19 2021 16:32:29 -07:00  test-dfb.txt
   51  -rw-              124  Mar 23 2021 07:51:18 -07:00  lesson9_config.txt
   82  -rw-               21   Mar 8 2021 21:36:56 -08:00  test-jg.txt
   83  -rw-               21   Mar 8 2021 22:30:07 -08:00  test-jg1.txt
   34  -rw-             9574  Jul 12 2021 08:25:08 -07:00  kdfw_show_interfaces.txt
   98  -rw-              730  Mar 27 2021 02:56:20 -07:00  show_ip_int_brief_mf.txt
   77  -rw-            10695  Feb 22 2021 19:34:01 -08:00  show_ip_int_brief.tx
   78  -rw-            10696  Mar 22 2021 04:58:03 -07:00  show_interfaces.txt
   79  -rw-             9564   Jul 1 2021 23:20:17 -07:00  show_interfaces_ktb.txt
   88  -rw-               21   Mar 9 2021 16:42:04 -08:00  testx.txt-kick.txt
   84  -rw-               21   Mar 9 2021 07:46:36 -08:00  test-aa.txt
   85  -rw-              114   Mar 9 2021 08:02:50 -08:00  text-aa.txt
   86  -rw-               21   Mar 9 2021 10:48:06 -08:00  test-mf.txt
   89  -rw-               21   Mar 9 2021 19:34:09 -08:00  test-AbC.txt
   95  -rw-               21  Jun 20 2021 15:41:15 -07:00  test-dl.txt
  120  -rw-              124   Apr 2 2021 03:02:08 -07:00  jall-config
   93  -rw-               21  Mar 14 2021 19:37:15 -07:00  test-roe.txt
  100  -rw-              124  Jun 30 2021 11:45:44 -07:00  name_svrs.txt
  110  -rw-            10915   Jul 3 2021 04:15:39 -07:00  cisco3-cfg-Jul--3-11-15-39.620-178
   96  -rw-              730   Apr 4 2021 04:47:55 -07:00  jall_show_ip_int_brief.txt
   92
DEBUG:netmiko:read_channel: 
DEBUG:netmiko:read_channel: 
DEBUG:netmiko:read_channel: 
DEBUG:netmiko:read_channel: 
DEBUG:netmiko:read_channel: 
DEBUG:netmiko:read_channel: 
DEBUG:netmiko:read_channel:   -rw-            11019  Jun 26 2021 04:15:39 -07:00  cisco3-cfg-Jun-26-11-15-39.063-172
  101  -rw-            10696  Mar 22 2021 08:44:32 -07:00  show_interfaces_aa.txt
  113  -rw-               45   Jul 5 2021 11:49:13 -07:00  test_put.txt
  103  -rw-            10690  Mar 22 2021 08:05:04 -07:00  show_interfaces_ac.txt
   94  -rw-             7298  Jun 27 2021 04:15:38 -07:00  cisco3-cfg-Jun-27-11-15-38.538-173
   99  -rw-             7160  Jun 29 2021 04:15:34 -07:00  cisco3-cfg-Jun-29-11-15-34.600-174
  102  -rw-             9564  Jun 30 2021 11:50:18 -07:00  show_interfaces_bdp.txt
  105  -rw-              124   Jul 1 2021 22:33:37 -07:00  db_name-server_change.txt
  109  -rw-              124  Mar 23 2021 09:18:19 -07:00  reubens_lesson9_2_config.txt
  108  -rw-            10690  Mar 23 2021 10:26:13 -07:00  reubens_lesson9_exe2_config.txt
  111  -rw-            10696  Mar 23 2021 15:38:57 -07:00  roe_showints.txt
  112  -rw-            10696  Mar 23 2021 11:36:03 -07:00  roe_showinterfaces.txt
  116  -rw-               45   Jul 5 2021 11:52:41 -07:00  test_put2.txt
  114  -rw-            10690  Mar 23 2021 13:31:29 -07:00  show_interfaces_ds.txt
  115  -rw-            10696  Mar 23 2021 19:56:09 -07:00  roe_show_interfaces.txt
  117  -rw-            10696  Mar 23 2021 21:26:26 -07:00  SphynxInterfaces.txt
  104  -rw-            10916   Jul 1 2021 04:15:36 -07:00  cisco3-cfg-Jul--1-11-15-36.505-176
  119  -rw-              124   Apr 2 2021 02:41:03 -07:00  jall_ns_config.txt
  106  -rw-            10915   Jul 2 2021 04:15:37 -07:00  cisco3-cfg-Jul--2-11-15-36.838-177
  127  -rw-               21  Jun 21 2021 10:28:56 -07:00  test-bdp.txt
  129  -rw-               19  Jun 22 2021 23:34:32 -07:00  test9-dp.txt
  121  -rw-             9568   Jul 8 2021 10:34:17 -07:00  show_interfaces_jd.txt
  126  -rw-              124   Jul 9 2021 09:45:44 -07:00  kdfw_cfg_cmds.txt
   97  -rw-               21  Jun 21 2021 18:50:38 -07:00  test-kdfw.txt
  125  -rw-            10915   Jul 7 2021 04:15:37 -07:00  cisco3-cfg-Jul--7-11-15-36.915-179
  128  -rw-            10916  Jul 10 2021 04:15:37 -07:00  cisco3-cfg-Jul-10-11-15-37.496-180
  130  -rw-            11019  Jul 12 2021 20:31:31 -07:00  cisco3-cfg-Jul-13-03-31-31.600-181

2908606464 bytes total (1778888704 bytes free)
cisco3#
DEBUG:paramiko.transport:[chan 0] Max packet in: 32768 bytes
DEBUG:paramiko.transport:[chan 0] Max packet out: 4096 bytes
DEBUG:paramiko.transport:Secsh channel 0 opened.
DEBUG:paramiko.transport:[chan 0] Sesch channel 0 request ok
DEBUG:paramiko.transport:[chan 0] EOF sent (0)
DEBUG:netmiko:read_channel: 
DEBUG:netmiko:write_channel: b'\n'
DEBUG:netmiko:read_channel: 
cisco3#
DEBUG:netmiko:read_channel: 
DEBUG:netmiko:[find_prompt()]: prompt is cisco3#
DEBUG:netmiko:read_channel: 
DEBUG:netmiko:write_channel: b'verify /md5 flash:/config2.cfg\n'
DEBUG:netmiko:Pattern is: verify\ /md5\ flash:/config2\.cfg
DEBUG:netmiko:_read_channel_expect read_data: v
DEBUG:netmiko:_read_channel_expect read_data: erify /
DEBUG:netmiko:_read_channel_expect read_data: md5 flas
DEBUG:paramiko.transport:EOF in transport thread
DEBUG:netmiko:_read_channel_expect read_data: h:/config2
DEBUG:netmiko:_read_channel_expect read_data: .cfg

DEBUG:netmiko:Pattern found: verify\ /md5\ flash:/config2\.cfg verify /md5 flash:/config2.cfg

DEBUG:netmiko:read_channel: .Done!
verify /md5 (bootflash:/config2.cfg) = da0091724abe2f0064bdc96dd3523c5d


cisco3#
DEBUG:netmiko:write_channel: b'\n'
DEBUG:netmiko:Pattern is: #
DEBUG:netmiko:_read_channel_expect read_data: 

DEBUG:netmiko:_read_channel_expect read_data: cisco3#
DEBUG:netmiko:Pattern found: # 
cisco3#
DEBUG:netmiko:write_channel: b'configure terminal\n'
DEBUG:netmiko:Pattern is: configure\ terminal
DEBUG:netmiko:_read_channel_expect read_data: co
DEBUG:netmiko:_read_channel_expect read_data: nfigur
DEBUG:netmiko:_read_channel_expect read_data: e term
DEBUG:netmiko:_read_channel_expect read_data: inal
Enter configuration commands, one per line.  End with CNTL/Z.
cisco3(config)#
DEBUG:netmiko:Pattern found: configure\ terminal configure terminal
Enter configuration commands, one per line.  End with CNTL/Z.
cisco3(config)#
DEBUG:netmiko:write_channel: b'\n'
DEBUG:netmiko:Pattern is: #
DEBUG:netmiko:_read_channel_expect read_data: 

DEBUG:netmiko:_read_channel_expect read_data: cisco3(config)#
DEBUG:netmiko:Pattern found: # 
cisco3(config)#
DEBUG:netmiko:write_channel: b'copy flash:/config2.cfg system:running-config\n'
DEBUG:netmiko:Pattern is: copy\ flash:/config2\.cfg\ system:running\-config
DEBUG:netmiko:_read_channel_expect read_data: c
DEBUG:netmiko:_read_channel_expect read_data: opy fla
DEBUG:netmiko:_read_channel_expect read_data: sh:/con
DEBUG:netmiko:_read_channel_expect read_data: fig2.cf
DEBUG:netmiko:_read_channel_expect read_data: g syst
DEBUG:netmiko:_read_channel_expect read_data: em:run
DEBUG:netmiko:_read_channel_expect read_data: ning-
DEBUG:netmiko:_read_channel_expect read_data: config

DEBUG:netmiko:Pattern found: copy\ flash:/config2\.cfg\ system:running\-config copy flash:/config2.cfg system:running-config

DEBUG:netmiko:Pattern is: (?:cisco3|#)
DEBUG:netmiko:_read_channel_expect read_data:                   ^
% Invalid input detected at '^' marker.

cisco3(config)#
DEBUG:netmiko:Pattern found: (?:cisco3|#)                   ^
% Invalid input detected at '^' marker.

cisco3(config)#
DEBUG:netmiko:write_channel: b'\n'
DEBUG:netmiko:Pattern is: #
DEBUG:netmiko:_read_channel_expect read_data: 

DEBUG:netmiko:_read_channel_expect read_data: cisco3(config)#
DEBUG:netmiko:Pattern found: # 
cisco3(config)#
DEBUG:netmiko:write_channel: b'end\n'
DEBUG:netmiko:Pattern is: end
DEBUG:netmiko:_read_channel_expect read_data: e
DEBUG:netmiko:_read_channel_expect read_data: nd
cisco3#
DEBUG:netmiko:Pattern found: end end
cisco3#
DEBUG:netmiko:write_channel: b'\n'
DEBUG:netmiko:Pattern is: #
DEBUG:netmiko:_read_channel_expect read_data: 

DEBUG:netmiko:_read_channel_expect read_data: cisco3#
DEBUG:netmiko:Pattern found: # 
cisco3#
DEBUG:netmiko:exit_config_mode: end
cisco3#
DEBUG:netmiko:configure terminal
Enter configuration commands, one per line.  End with CNTL/Z.
cisco3(config)#copy flash:/config2.cfg system:running-config
                  ^
% Invalid input detected at '^' marker.

cisco3(config)#end
cisco3#
DEBUG:netmiko:read_channel: 
DEBUG:netmiko:write_channel: b'\n'
DEBUG:netmiko:read_channel: 
cisco3#
DEBUG:netmiko:read_channel: 
DEBUG:netmiko:[find_prompt()]: prompt is cisco3#
DEBUG:netmiko:write_channel: b'\n'
DEBUG:netmiko:read_channel: 
cisco3#
DEBUG:netmiko:read_channel: 
DEBUG:netmiko:read_channel: 
DEBUG:netmiko:write_channel: b'exit\n'
DEBUG:paramiko.transport:EOF in transport thread
DEBUG:paramiko.transport:starting thread (client mode): 0x8d8d10
DEBUG:paramiko.transport:Local version/idstring: SSH-2.0-paramiko_2.7.2
DEBUG:paramiko.transport:Remote version/idstring: SSH-2.0-Cisco-1.25
INFO:paramiko.transport:Connected (version 2.0, client Cisco-1.25)
DEBUG:paramiko.transport:kex algos:['diffie-hellman-group-exchange-sha1', 'diffie-hellman-group14-sha1'] server key:['ssh-rsa'] client encrypt:['aes128-ctr', 'aes192-ctr', 'aes256-ctr'] server encrypt:['aes128-ctr', 'aes192-ctr', 'aes256-ctr'] client mac:['hmac-sha2-256', 'hmac-sha2-512', 'hmac-sha1', 'hmac-sha1-96'] server mac:['hmac-sha2-256', 'hmac-sha2-512', 'hmac-sha1', 'hmac-sha1-96'] client compress:['none'] server compress:['none'] client lang:[''] server lang:[''] kex follows?False
DEBUG:paramiko.transport:Kex agreed: diffie-hellman-group-exchange-sha1
DEBUG:paramiko.transport:HostKey agreed: ssh-rsa
DEBUG:paramiko.transport:Cipher agreed: aes128-ctr
DEBUG:paramiko.transport:MAC agreed: hmac-sha2-256
DEBUG:paramiko.transport:Compression agreed: none
DEBUG:paramiko.transport:Got server p (2048 bits)
DEBUG:paramiko.transport:kex engine KexGex specified hash_algo <built-in function openssl_sha1>
DEBUG:paramiko.transport:Switch to new keys ...
DEBUG:paramiko.transport:Adding ssh-rsa host key for cisco4.lasthop.io: b'e4e02f180e551a9f34d5835b8f1e04e4'
DEBUG:paramiko.transport:userauth is OK
INFO:paramiko.transport:Authentication (password) successful!
DEBUG:paramiko.transport:[chan 0] Max packet in: 32768 bytes
DEBUG:paramiko.transport:[chan 0] Max packet out: 4096 bytes
DEBUG:paramiko.transport:Secsh channel 0 opened.
DEBUG:paramiko.transport:[chan 0] Sesch channel 0 request ok
DEBUG:paramiko.transport:[chan 0] Sesch channel 0 request ok
DEBUG:netmiko:write_channel: b'terminal width 511\n'
DEBUG:netmiko:Pattern is: terminal width 511
DEBUG:netmiko:_read_channel_expect read_data: 


cisco4#
DEBUG:netmiko:_read_channel_expect read_data: term
DEBUG:netmiko:_read_channel_expect read_data: inal w
DEBUG:netmiko:_read_channel_expect read_data: idth 51
DEBUG:netmiko:_read_channel_expect read_data: 1
cisco4#
DEBUG:netmiko:Pattern found: terminal width 511 


cisco4#terminal width 511
cisco4#
DEBUG:netmiko:In disable_paging
DEBUG:netmiko:Command: terminal length 0

DEBUG:netmiko:write_channel: b'terminal length 0\n'
DEBUG:netmiko:Pattern is: terminal\ length\ 0
DEBUG:netmiko:_read_channel_expect read_data: t
DEBUG:netmiko:_read_channel_expect read_data: erminal
DEBUG:netmiko:_read_channel_expect read_data:  length 0
DEBUG:netmiko:Pattern found: terminal\ length\ 0 terminal length 0
DEBUG:netmiko:terminal length 0
DEBUG:netmiko:Exiting disable_paging
DEBUG:netmiko:read_channel: 
cisco4#
DEBUG:netmiko:Clear buffer detects data in the channel
DEBUG:netmiko:read_channel: 
DEBUG:netmiko:write_channel: b'\n'
DEBUG:netmiko:read_channel: 
cisco4#
DEBUG:netmiko:read_channel: 
DEBUG:netmiko:[find_prompt()]: prompt is cisco4#
DEBUG:netmiko:read_channel: 
DEBUG:netmiko:write_channel: b'\n'
DEBUG:netmiko:read_channel: 
cisco4#
DEBUG:netmiko:read_channel: 
DEBUG:netmiko:[find_prompt()]: prompt is cisco4#
DEBUG:paramiko.transport:starting thread (client mode): 0x5881d0
DEBUG:paramiko.transport:Local version/idstring: SSH-2.0-paramiko_2.7.2
DEBUG:paramiko.transport:Remote version/idstring: SSH-2.0-Cisco-1.25
INFO:paramiko.transport:Connected (version 2.0, client Cisco-1.25)
DEBUG:paramiko.transport:kex algos:['diffie-hellman-group-exchange-sha1', 'diffie-hellman-group14-sha1'] server key:['ssh-rsa'] client encrypt:['aes128-ctr', 'aes192-ctr', 'aes256-ctr'] server encrypt:['aes128-ctr', 'aes192-ctr', 'aes256-ctr'] client mac:['hmac-sha2-256', 'hmac-sha2-512', 'hmac-sha1', 'hmac-sha1-96'] server mac:['hmac-sha2-256', 'hmac-sha2-512', 'hmac-sha1', 'hmac-sha1-96'] client compress:['none'] server compress:['none'] client lang:[''] server lang:[''] kex follows?False
DEBUG:paramiko.transport:Kex agreed: diffie-hellman-group-exchange-sha1
DEBUG:paramiko.transport:HostKey agreed: ssh-rsa
DEBUG:paramiko.transport:Cipher agreed: aes128-ctr
DEBUG:paramiko.transport:MAC agreed: hmac-sha2-256
DEBUG:paramiko.transport:Compression agreed: none
DEBUG:paramiko.transport:Got server p (2048 bits)
DEBUG:paramiko.transport:kex engine KexGex specified hash_algo <built-in function openssl_sha1>
DEBUG:paramiko.transport:Switch to new keys ...
DEBUG:paramiko.transport:Adding ssh-rsa host key for cisco4.lasthop.io: b'e4e02f180e551a9f34d5835b8f1e04e4'
DEBUG:paramiko.transport:userauth is OK
INFO:paramiko.transport:Authentication (password) successful!
DEBUG:netmiko:read_channel: 
DEBUG:netmiko:write_channel: b'\n'
DEBUG:netmiko:read_channel: 
cisco4#
DEBUG:netmiko:read_channel: 
DEBUG:netmiko:[find_prompt()]: prompt is cisco4#
DEBUG:netmiko:read_channel: 
DEBUG:netmiko:write_channel: b'dir flash:/config2.cfg\n'
DEBUG:netmiko:Pattern is: dir\ flash:/config2\.cfg
DEBUG:netmiko:_read_channel_expect read_data: di
DEBUG:netmiko:_read_channel_expect read_data: r flash
DEBUG:netmiko:_read_channel_expect read_data: :/con
DEBUG:netmiko:_read_channel_expect read_data: fig2.cfg
DEBUG:netmiko:Pattern found: dir\ flash:/config2\.cfg dir flash:/config2.cfg
DEBUG:netmiko:read_channel: 
%Error opening bootflash:/config2.cfg (No such file or directory)
cisco4#
DEBUG:netmiko:read_channel: 
DEBUG:netmiko:write_channel: b'\n'
DEBUG:netmiko:read_channel: 
cisco4#
DEBUG:netmiko:read_channel: 
DEBUG:netmiko:[find_prompt()]: prompt is cisco4#
DEBUG:netmiko:read_channel: 
DEBUG:netmiko:write_channel: b'dir flash:\n'
DEBUG:netmiko:Pattern is: dir\ flash:
DEBUG:netmiko:_read_channel_expect read_data: di
DEBUG:netmiko:_read_channel_expect read_data: r flas
DEBUG:netmiko:_read_channel_expect read_data: h:

DEBUG:netmiko:Pattern found: dir\ flash: dir flash:

DEBUG:netmiko:read_channel: 
DEBUG:netmiko:read_channel: 
DEBUG:netmiko:read_channel: 
DEBUG:netmiko:read_channel: 
DEBUG:netmiko:read_channel: 
DEBUG:netmiko:read_channel: 
DEBUG:netmiko:read_channel: 
DEBUG:netmiko:read_channel: 
DEBUG:netmiko:read_channel: 
DEBUG:netmiko:read_channel: 
DEBUG:netmiko:read_channel: 
DEBUG:netmiko:read_channel: 
DEBUG:netmiko:read_channel: 
DEBUG:netmiko:read_channel: 
DEBUG:netmiko:read_channel: 
DEBUG:netmiko:read_channel: 
DEBUG:netmiko:read_channel: 
DEBUG:netmiko:read_channel: 
DEBUG:netmiko:read_channel: 
DEBUG:netmiko:read_channel: Directory of bootflash:/

   11  drwx            16384  Aug 17 2018 17:40:38 -07:00  lost+found
48865  drwx             4096  Jun 14 2021 19:07:48 -07:00  .installer
40721  drwx             4096  Aug 17 2018 17:43:13 -07:00  core
146593  drwx             4096  May 29 2020 09:59:34 -07:00  .prst_sync
162881  drwx             4096  Aug 17 2018 17:41:50 -07:00  .rollback_timer
81441  drwx            12288  Jul 13 2021 02:41:10 -07:00  tracelogs
   12  -rw-               30  Jun 14 2021 19:08:57 -07:00  throughput_monitor_params
57009  drwx             4096  Aug 17 2018 17:43:10 -07:00  onep
   13  -rw-               34   Oct 1 2018 15:45:15 -07:00  pnp-tech-time
   14  -rw-            47062   Oct 1 2018 15:45:26 -07:00  pnp-tech-discovery-summary
   15  -rw-        427968764  Aug 17 2018 17:58:49 -07:00  c1100-universalk9_ias.16.08.01.SPA.bin
   16  -rw-             7044  May 30 2020 04:15:32 -07:00  candidate_config.txt
   17  -rw-               55  Jun 23 2020 10:19:43 -07:00  merge_config.txt
   18  -rw-             7185  Jul 10 2021 04:15:37 -07:00  rollback_config.txt
   20  -rw-             2548  May 17 2019 07:49:22 -07:00  mylog.log
114017  drwx             4096  May 29 2020 09:53:30 -07:00  gs_script
   22  -rw-           132108  Jun 14 2021 19:08:34 -07:00  memleak.tcl
   24  -rw-             4488  May 16 2020 04:15:40 -07:00  cisco4-cfg-May-16-11-15-39.954-125
   25  -rw-             4483  May 17 2020 04:15:38 -07:00  cisco4-cfg-May-17-11-15-38.260-126
   23  -rw-             2876  Jun 23 2021 02:42:16 -07:00  vlan.dat
   45  -rw-              124  Jun 30 2021 11:47:01 -07:00  name_svrs.txt
   27  -rw-             4464  May 19 2020 04:15:35 -07:00  cisco4-cfg-May-19-11-15-34.998-128
   28  -rw-        542086804  May 20 2020 11:24:35 -07:00  c1100-universalk9_ias.16.12.03.SPA.bin
   31  -rw-             4516  May 22 2020 04:15:36 -07:00  cisco4-cfg-May-22-11-15-35.812-130
   26  -rw-               11  May 17 2020 15:10:00 -07:00  test_file2.txt
   29  -rw-             4463  May 18 2020 04:15:37 -07:00  cisco4-cfg-May-18-11-15-36.998-127
   21  -rw-             4564  May 29 2020 04:15:41 -07:00  cisco4-cfg-May-29-11-15-41.526-134
65153  drwx             4096  May 29 2020 09:59:03 -07:00  virtual-instance
   30  -rw-             4552  May 21 2020 04:15:40 -07:00  cisco4-cfg-May-21-11-15-40.421-129
   32  -rw-             4513  May 23 2020 04:15:38 -07:00  cisco4-cfg-May-23-11-15-38.071-131
   34  -rw-             4622  May 28 2020 04:15:40 -07:00  cisco4-cfg-May-28-11-15-40.705-133
73297  drwx             4096  May 29 2020 10:38:18 -07:00  .dbpersist
   33  -rw-             4574  May 24 2020 04:15:37 -07:00  cisco4-cfg-May-24-11-15-37.274-132
171025  drwx             4096  Jun 14 2021 19:09:04 -07:00  license_evlog
   36  -rw-              114  Jan 27 2021 20:07:38 -08:00  john_test1.txt
   54  -rw-               14  Jan 28 2021 21:17:19 -08:00  test1.txt
   37  -rw-              124   Jul 9 2021 09:45:54 -07:00  kdfw_cfg_cmds.txt
   38  -rw-             7259   May 8 2021 04:15:40 -07:00  cisco4-cfg-May--8-11-15-40.594-59
   40  -rw-              125  Mar 21 2021 09:08:48 -07:00  cfg_name_servers_mf.txt
   41  -rw-              124  Mar 22 2021 07:58:24 -07:00  config.txt
   57  -rw-              124  Mar 23 2021 07:51:24 -07:00  lesson9_config.txt
   42  -rw-              124  Feb 22 2021 14:39:34 -08:00  cfg_name_servers.txt
   58  -rw-              124  Mar 21 2021 15:17:31 -07:00  ex1.cfg
   43  -rw-           104178  Dec 30 2020 06:47:05 -08:00  'Line
   44  -rw-              124   Apr 2 2021 02:42:03 -07:00  jall_ns_config.txt
   69  -rw-             7185   Jul 1 2021 04:15:36 -07:00  cisco4-cfg-Jul--1-11-15-36.284-65
   56  -rw-              124   Jul 6 2021 08:59:55 -07:00  cfg.txt
   47  -rw-             7185  Jan 21 2021 15:26:06 -08:00  test123.txt
   48  -rw-             7185  Jan 24 2021 20:14:49 -08:00  cdl_cisco_acl.txt
   46  -rw-             7298  Jun 23 2021 04:15:40 -07:00  cisco4-cfg-Jun-23-11-15-40.450-63
   35  -rw-               21  Jan 26 2021 15:30:35 -08:00  test2021.txt
   49  -rw-              124   Jul 1 2021 22:33:46 -07:00  db_name-server_change.txt
   50  -rw-              114  Jan 27 2021 20:07:38 -08:00  john_test2.txt
   51  -rw-              114  Jan 27 2021 20:07:39 -08:00  john_test3.txt
   52  -rw-              114  Jan 27 2021 20:07:39 -08:00  john_test4.txt
   53  -rw-              114  Jan 27 2021 20:07:39 -08:00  john_test5.txt
   55  -rw-             7166  Jan 28 2021 21:28:12 -08:00  backup-Ram.txt
   71  -rw-             7184   Jul 7 2021 04:15:37 -07:00  cisco4-cfg-Jul--7-11-15-37.134-67
   61  -rw-              124  Mar 23 2021 09:05:55 -07:00  reubens_lesson9_config.txt
   39  -rw-             7270  May 29 2021 04:15:39 -07:00  cisco4-cfg-May-29-11-15-39.645-60
   59  -rw-             7236   Jun 4 2021 04:15:39 -07:00  cisco4-cfg-Jun--4-11-15-39.693-61
   62  -rw-              124  Mar 23 2021 09:10:56 -07:00  reubens_lesson9_1_config.txt
   63  -rw-              124  Mar 23 2021 09:18:27 -07:00  reubens_lesson9_2_config.txt
   64  -rw-             9580  Mar 23 2021 15:39:19 -07:00  roe_showints.txt
   65  -rw-              125  Mar 23 2021 19:42:25 -07:00  exercise1.txt
   66  -rw-              124  Mar 23 2021 12:21:09 -07:00  ds_config.txt
   67  -rw-             9574  Mar 23 2021 19:56:33 -07:00  roe_show_interfaces.txt
   60  -rw-             7204  Jun 13 2021 04:15:36 -07:00  cisco4-cfg-Jun-13-11-15-36.338-62
   68  -rw-             7298  Jun 27 2021 04:15:38 -07:00  cisco4-cfg-Jun-27-11-15-38.291-64
   70  -rw-             7184   Jul 2 2021 04:15:37 -07:00  cisco4-cfg-Jul--2-11-15-36.876-66
   72  -rw-             7185  Jul 10 2021 04:15:38 -07:00  cisco4-cfg-Jul-10-11-15-38.007-68

2885718016 bytes total (1757880320 bytes free)
cisco4#
DEBUG:paramiko.transport:[chan 0] Max packet in: 32768 bytes
DEBUG:paramiko.transport:[chan 0] Max packet out: 4096 bytes
DEBUG:paramiko.transport:Secsh channel 0 opened.
DEBUG:paramiko.transport:[chan 0] Sesch channel 0 request ok
DEBUG:paramiko.transport:[chan 0] EOF sent (0)
DEBUG:netmiko:read_channel: 
DEBUG:netmiko:write_channel: b'\n'
DEBUG:netmiko:read_channel: 
cisco4#
DEBUG:netmiko:read_channel: 
DEBUG:netmiko:[find_prompt()]: prompt is cisco4#
DEBUG:netmiko:read_channel: 
DEBUG:netmiko:write_channel: b'verify /md5 flash:/config2.cfg\n'
DEBUG:netmiko:Pattern is: verify\ /md5\ flash:/config2\.cfg
DEBUG:netmiko:_read_channel_expect read_data: v
DEBUG:netmiko:_read_channel_expect read_data: erif
DEBUG:netmiko:_read_channel_expect read_data: y /md5 
DEBUG:paramiko.transport:EOF in transport thread
DEBUG:netmiko:_read_channel_expect read_data: flash:/con
DEBUG:netmiko:_read_channel_expect read_data: fig2.cfg

DEBUG:netmiko:Pattern found: verify\ /md5\ flash:/config2\.cfg verify /md5 flash:/config2.cfg

DEBUG:netmiko:read_channel: .Done!
verify /md5 (bootflash:/config2.cfg) = da0091724abe2f0064bdc96dd3523c5d


cisco4#
DEBUG:netmiko:write_channel: b'\n'
DEBUG:netmiko:Pattern is: #
DEBUG:netmiko:_read_channel_expect read_data: 

DEBUG:netmiko:_read_channel_expect read_data: cisco4#
DEBUG:netmiko:Pattern found: # 
cisco4#
DEBUG:netmiko:write_channel: b'configure terminal\n'
DEBUG:netmiko:Pattern is: configure\ terminal
DEBUG:netmiko:_read_channel_expect read_data: c
DEBUG:netmiko:_read_channel_expect read_data: onfigur
DEBUG:netmiko:_read_channel_expect read_data: e termin
DEBUG:netmiko:_read_channel_expect read_data: al
Enter configuration commands, one per line.  End with CNTL/Z.
cisco4(config)#
DEBUG:netmiko:Pattern found: configure\ terminal configure terminal
Enter configuration commands, one per line.  End with CNTL/Z.
cisco4(config)#
DEBUG:netmiko:write_channel: b'\n'
DEBUG:netmiko:Pattern is: #
DEBUG:netmiko:_read_channel_expect read_data: 

DEBUG:netmiko:_read_channel_expect read_data: cisco4(config)#
DEBUG:netmiko:Pattern found: # 
cisco4(config)#
DEBUG:netmiko:write_channel: b'copy flash:/config2.cfg system:running-config\n'
DEBUG:netmiko:Pattern is: copy\ flash:/config2\.cfg\ system:running\-config
DEBUG:netmiko:_read_channel_expect read_data: c
DEBUG:netmiko:_read_channel_expect read_data: opy fla
DEBUG:netmiko:_read_channel_expect read_data: sh:/c
DEBUG:netmiko:_read_channel_expect read_data: onfig2.
DEBUG:netmiko:_read_channel_expect read_data: cfg syst
DEBUG:netmiko:_read_channel_expect read_data: em:runn
DEBUG:netmiko:_read_channel_expect read_data: ing-con
DEBUG:netmiko:_read_channel_expect read_data: fig
                  ^
% Invalid input detected at '^' marker.

cisco4(config)#
DEBUG:netmiko:Pattern found: copy\ flash:/config2\.cfg\ system:running\-config copy flash:/config2.cfg system:running-config
                  ^
% Invalid input detected at '^' marker.

cisco4(config)#
DEBUG:netmiko:write_channel: b'\n'
DEBUG:netmiko:Pattern is: #
DEBUG:netmiko:_read_channel_expect read_data: 

DEBUG:netmiko:_read_channel_expect read_data: cisco4(config)#
DEBUG:netmiko:Pattern found: # 
cisco4(config)#
DEBUG:netmiko:write_channel: b'end\n'
DEBUG:netmiko:Pattern is: end
DEBUG:netmiko:_read_channel_expect read_data: e
DEBUG:netmiko:_read_channel_expect read_data: nd
cisco4#
DEBUG:netmiko:Pattern found: end end
cisco4#
DEBUG:netmiko:write_channel: b'\n'
DEBUG:netmiko:Pattern is: #
DEBUG:netmiko:_read_channel_expect read_data: 

DEBUG:netmiko:_read_channel_expect read_data: cisco4#
DEBUG:netmiko:Pattern found: # 
cisco4#
DEBUG:netmiko:exit_config_mode: end
cisco4#
DEBUG:netmiko:configure terminal
Enter configuration commands, one per line.  End with CNTL/Z.
cisco4(config)#copy flash:/config2.cfg system:running-config
                  ^
% Invalid input detected at '^' marker.

cisco4(config)#end
cisco4#
DEBUG:netmiko:read_channel: 
DEBUG:netmiko:write_channel: b'\n'
DEBUG:netmiko:read_channel: 
cisco4#
DEBUG:netmiko:read_channel: 
DEBUG:netmiko:[find_prompt()]: prompt is cisco4#
DEBUG:netmiko:write_channel: b'\n'
DEBUG:netmiko:read_channel: 
cisco4#
DEBUG:netmiko:read_channel: 
DEBUG:netmiko:read_channel: 
DEBUG:netmiko:write_channel: b'exit\n'
DEBUG:paramiko.transport:starting thread (client mode): 0xef8eda50
DEBUG:paramiko.transport:Local version/idstring: SSH-2.0-paramiko_2.7.2
DEBUG:paramiko.transport:Remote version/idstring: SSH-2.0-Cisco-1.25
INFO:paramiko.transport:Connected (version 2.0, client Cisco-1.25)
DEBUG:paramiko.transport:kex algos:['diffie-hellman-group-exchange-sha1', 'diffie-hellman-group14-sha1'] server key:['ssh-rsa'] client encrypt:['aes128-ctr', 'aes192-ctr', 'aes256-ctr'] server encrypt:['aes128-ctr', 'aes192-ctr', 'aes256-ctr'] client mac:['hmac-sha2-256', 'hmac-sha2-512', 'hmac-sha1', 'hmac-sha1-96'] server mac:['hmac-sha2-256', 'hmac-sha2-512', 'hmac-sha1', 'hmac-sha1-96'] client compress:['none'] server compress:['none'] client lang:[''] server lang:[''] kex follows?False
DEBUG:paramiko.transport:Kex agreed: diffie-hellman-group-exchange-sha1
DEBUG:paramiko.transport:HostKey agreed: ssh-rsa
DEBUG:paramiko.transport:Cipher agreed: aes128-ctr
DEBUG:paramiko.transport:MAC agreed: hmac-sha2-256
DEBUG:paramiko.transport:Compression agreed: none
DEBUG:paramiko.transport:Got server p (2048 bits)
DEBUG:paramiko.transport:kex engine KexGex specified hash_algo <built-in function openssl_sha1>
DEBUG:paramiko.transport:Switch to new keys ...
DEBUG:paramiko.transport:Adding ssh-rsa host key for cisco3.lasthop.io: b'f05fe0c73e29ddad92927e052a4b03f6'
DEBUG:paramiko.transport:userauth is OK
INFO:paramiko.transport:Authentication (password) successful!
DEBUG:paramiko.transport:[chan 0] Max packet in: 32768 bytes
DEBUG:paramiko.transport:[chan 0] Max packet out: 4096 bytes
DEBUG:paramiko.transport:Secsh channel 0 opened.
DEBUG:paramiko.transport:[chan 0] Sesch channel 0 request ok
DEBUG:paramiko.transport:[chan 0] Sesch channel 0 request ok
DEBUG:netmiko:write_channel: b'terminal width 511\n'
DEBUG:netmiko:Pattern is: terminal width 511
DEBUG:netmiko:_read_channel_expect read_data: 

cisco3#
DEBUG:netmiko:_read_channel_expect read_data: term
DEBUG:netmiko:_read_channel_expect read_data: inal w
DEBUG:netmiko:_read_channel_expect read_data: idth 
DEBUG:netmiko:_read_channel_expect read_data: 511
cisco3#
DEBUG:netmiko:Pattern found: terminal width 511 

cisco3#terminal width 511
cisco3#
DEBUG:netmiko:In disable_paging
DEBUG:netmiko:Command: terminal length 0

DEBUG:netmiko:write_channel: b'terminal length 0\n'
DEBUG:netmiko:Pattern is: terminal\ length\ 0
DEBUG:netmiko:_read_channel_expect read_data: t
DEBUG:netmiko:_read_channel_expect read_data: erminal
DEBUG:netmiko:_read_channel_expect read_data:  length 
DEBUG:netmiko:_read_channel_expect read_data: 0
cisco3#
DEBUG:netmiko:Pattern found: terminal\ length\ 0 terminal length 0
cisco3#
DEBUG:netmiko:terminal length 0
cisco3#
DEBUG:netmiko:Exiting disable_paging
DEBUG:netmiko:read_channel: 
DEBUG:netmiko:write_channel: b'\n'
DEBUG:netmiko:read_channel: 
cisco3#
DEBUG:netmiko:read_channel: 
DEBUG:netmiko:[find_prompt()]: prompt is cisco3#
DEBUG:netmiko:read_channel: 
DEBUG:netmiko:write_channel: b'\n'
DEBUG:netmiko:read_channel: 
cisco3#
DEBUG:netmiko:read_channel: 
DEBUG:netmiko:[find_prompt()]: prompt is cisco3#
DEBUG:paramiko.transport:starting thread (client mode): 0xef5a42d0
DEBUG:paramiko.transport:Local version/idstring: SSH-2.0-paramiko_2.7.2
DEBUG:paramiko.transport:Remote version/idstring: SSH-2.0-Cisco-1.25
INFO:paramiko.transport:Connected (version 2.0, client Cisco-1.25)
DEBUG:paramiko.transport:kex algos:['diffie-hellman-group-exchange-sha1', 'diffie-hellman-group14-sha1'] server key:['ssh-rsa'] client encrypt:['aes128-ctr', 'aes192-ctr', 'aes256-ctr'] server encrypt:['aes128-ctr', 'aes192-ctr', 'aes256-ctr'] client mac:['hmac-sha2-256', 'hmac-sha2-512', 'hmac-sha1', 'hmac-sha1-96'] server mac:['hmac-sha2-256', 'hmac-sha2-512', 'hmac-sha1', 'hmac-sha1-96'] client compress:['none'] server compress:['none'] client lang:[''] server lang:[''] kex follows?False
DEBUG:paramiko.transport:Kex agreed: diffie-hellman-group-exchange-sha1
DEBUG:paramiko.transport:HostKey agreed: ssh-rsa
DEBUG:paramiko.transport:Cipher agreed: aes128-ctr
DEBUG:paramiko.transport:MAC agreed: hmac-sha2-256
DEBUG:paramiko.transport:Compression agreed: none
DEBUG:paramiko.transport:Got server p (2048 bits)
DEBUG:paramiko.transport:kex engine KexGex specified hash_algo <built-in function openssl_sha1>
DEBUG:paramiko.transport:Switch to new keys ...
DEBUG:paramiko.transport:Adding ssh-rsa host key for cisco3.lasthop.io: b'f05fe0c73e29ddad92927e052a4b03f6'
DEBUG:paramiko.transport:userauth is OK
INFO:paramiko.transport:Authentication (password) successful!
DEBUG:netmiko:read_channel: 
DEBUG:netmiko:write_channel: b'\n'
DEBUG:netmiko:read_channel: 
cisco3#
DEBUG:netmiko:read_channel: 
DEBUG:netmiko:[find_prompt()]: prompt is cisco3#
DEBUG:netmiko:read_channel: 
DEBUG:netmiko:write_channel: b'dir flash:/config2.cfg\n'
DEBUG:netmiko:Pattern is: dir\ flash:/config2\.cfg
DEBUG:netmiko:_read_channel_expect read_data: di
DEBUG:netmiko:_read_channel_expect read_data: r flas
DEBUG:netmiko:_read_channel_expect read_data: h:/con
DEBUG:netmiko:_read_channel_expect read_data: fig2.c
DEBUG:netmiko:_read_channel_expect read_data: fg

DEBUG:netmiko:Pattern found: dir\ flash:/config2\.cfg dir flash:/config2.cfg

DEBUG:netmiko:read_channel: 
DEBUG:netmiko:read_channel: Directory of bootflash:/config2.cfg

   90  -rw-              124  Jul 13 2021 02:45:09 -07:00  config2.cfg

2908606464 bytes total (1778884608 bytes free)
cisco3#
DEBUG:netmiko:read_channel: 
DEBUG:netmiko:write_channel: b'\n'
DEBUG:netmiko:read_channel: 
cisco3#
DEBUG:netmiko:read_channel: 
DEBUG:netmiko:[find_prompt()]: prompt is cisco3#
DEBUG:netmiko:read_channel: 
DEBUG:netmiko:write_channel: b'verify /md5 flash:/config2.cfg\n'
DEBUG:netmiko:Pattern is: verify\ /md5\ flash:/config2\.cfg
DEBUG:netmiko:_read_channel_expect read_data: v
DEBUG:netmiko:_read_channel_expect read_data: erify /
DEBUG:netmiko:_read_channel_expect read_data: md5 fla
DEBUG:netmiko:_read_channel_expect read_data: sh:/con
DEBUG:netmiko:_read_channel_expect read_data: fig2.c
DEBUG:netmiko:_read_channel_expect read_data: fg
.
DEBUG:netmiko:Pattern found: verify\ /md5\ flash:/config2\.cfg verify /md5 flash:/config2.cfg
.
DEBUG:netmiko:read_channel: Done!
verify /md5 (bootflash:/config2.cfg) = da0091724abe2f0064bdc96dd3523c5d


cisco3#
DEBUG:netmiko:read_channel: 
DEBUG:netmiko:write_channel: b'\n'
DEBUG:netmiko:read_channel: 
cisco3#
DEBUG:netmiko:read_channel: 
DEBUG:netmiko:[find_prompt()]: prompt is cisco3#
DEBUG:netmiko:read_channel: 
DEBUG:netmiko:write_channel: b'copy flash:/config2.cfg system:running-config\n'
DEBUG:netmiko:Pattern is: copy\ flash:/config2\.cfg\ system:running\-config
DEBUG:netmiko:_read_channel_expect read_data: co
DEBUG:paramiko.transport:EOF in transport thread
DEBUG:netmiko:_read_channel_expect read_data: py fla
DEBUG:netmiko:_read_channel_expect read_data: sh:/config
DEBUG:netmiko:_read_channel_expect read_data: 2.cfg 
DEBUG:netmiko:_read_channel_expect read_data: system:
DEBUG:netmiko:_read_channel_expect read_data: running
DEBUG:netmiko:_read_channel_expect read_data: -confi
DEBUG:netmiko:_read_channel_expect read_data: g
Destination filename [running-config]? 
DEBUG:netmiko:Pattern found: copy\ flash:/config2\.cfg\ system:running\-config copy flash:/config2.cfg system:running-config
Destination filename [running-config]? 
DEBUG:netmiko:read_channel: 
DEBUG:netmiko:read_channel: 
DEBUG:netmiko:read_channel: 
DEBUG:netmiko:read_channel: 
DEBUG:netmiko:read_channel: 
DEBUG:netmiko:read_channel: 
DEBUG:netmiko:read_channel: 
DEBUG:netmiko:read_channel: 
DEBUG:netmiko:read_channel: 
DEBUG:netmiko:read_channel: 
DEBUG:netmiko:read_channel: 
DEBUG:netmiko:read_channel: 
DEBUG:netmiko:read_channel: 
DEBUG:netmiko:read_channel: 
DEBUG:netmiko:read_channel: 
DEBUG:netmiko:read_channel: 
DEBUG:netmiko:read_channel: 
DEBUG:netmiko:read_channel: 
DEBUG:netmiko:read_channel: 
DEBUG:netmiko:read_channel: 
DEBUG:netmiko:read_channel: 
DEBUG:netmiko:read_channel: 
DEBUG:netmiko:read_channel: 
DEBUG:netmiko:read_channel: 
DEBUG:netmiko:read_channel: 
DEBUG:netmiko:read_channel: 
DEBUG:netmiko:read_channel: 
DEBUG:netmiko:read_channel: 
DEBUG:netmiko:read_channel: 
DEBUG:netmiko:read_channel: 
DEBUG:netmiko:read_channel: 
DEBUG:netmiko:read_channel: 
DEBUG:netmiko:read_channel: 
DEBUG:netmiko:read_channel: 
DEBUG:netmiko:read_channel: 
DEBUG:netmiko:read_channel: 
DEBUG:netmiko:read_channel: 
DEBUG:netmiko:read_channel: 
DEBUG:netmiko:read_channel: 
DEBUG:netmiko:read_channel: 
DEBUG:netmiko:read_channel: 
DEBUG:netmiko:read_channel: 
DEBUG:netmiko:read_channel: 
DEBUG:netmiko:read_channel: 
DEBUG:netmiko:read_channel: 
DEBUG:netmiko:read_channel: 
DEBUG:netmiko:read_channel: 
DEBUG:netmiko:read_channel: 
DEBUG:netmiko:read_channel: 
DEBUG:netmiko:read_channel: 
DEBUG:netmiko:read_channel: 
DEBUG:netmiko:read_channel: 
DEBUG:netmiko:read_channel: 
DEBUG:netmiko:read_channel: 
DEBUG:netmiko:read_channel: 
DEBUG:netmiko:read_channel: 
DEBUG:netmiko:read_channel: 
DEBUG:netmiko:read_channel: 
DEBUG:netmiko:read_channel: 
DEBUG:netmiko:read_channel: 
DEBUG:netmiko:read_channel: 
DEBUG:netmiko:read_channel: 
DEBUG:netmiko:read_channel: 
DEBUG:netmiko:read_channel: 
DEBUG:netmiko:read_channel: 
DEBUG:netmiko:read_channel: 
DEBUG:netmiko:read_channel: 
DEBUG:netmiko:read_channel: 
DEBUG:netmiko:read_channel: 
DEBUG:netmiko:read_channel: 
DEBUG:netmiko:read_channel: 
DEBUG:netmiko:read_channel: 
DEBUG:netmiko:read_channel: 
DEBUG:netmiko:read_channel: 
DEBUG:netmiko:read_channel: 
DEBUG:netmiko:read_channel: 
DEBUG:netmiko:read_channel: 
DEBUG:netmiko:read_channel: 
DEBUG:netmiko:read_channel: 
DEBUG:netmiko:read_channel: 
DEBUG:netmiko:read_channel: 
DEBUG:netmiko:read_channel: 
DEBUG:netmiko:read_channel: 
DEBUG:netmiko:read_channel: 
DEBUG:netmiko:read_channel: 
DEBUG:netmiko:read_channel: 
DEBUG:netmiko:read_channel: 
DEBUG:netmiko:read_channel: 
DEBUG:netmiko:read_channel: 
DEBUG:netmiko:read_channel: 
DEBUG:netmiko:read_channel: 
DEBUG:netmiko:read_channel: 
DEBUG:netmiko:read_channel: 
DEBUG:netmiko:read_channel: 
DEBUG:netmiko:read_channel: 
DEBUG:netmiko:read_channel: 
DEBUG:netmiko:read_channel: 
DEBUG:netmiko:read_channel: 
DEBUG:netmiko:read_channel: 
DEBUG:netmiko:read_channel: 
DEBUG:netmiko:read_channel: 
DEBUG:netmiko:read_channel: 
DEBUG:netmiko:read_channel: 
DEBUG:netmiko:read_channel: 
DEBUG:netmiko:read_channel: 
DEBUG:netmiko:read_channel: 
DEBUG:netmiko:read_channel: 
DEBUG:netmiko:read_channel: 
DEBUG:netmiko:read_channel: 
DEBUG:netmiko:read_channel: 
DEBUG:netmiko:read_channel: 
DEBUG:netmiko:read_channel: 
DEBUG:netmiko:read_channel: 
DEBUG:netmiko:read_channel: 
DEBUG:netmiko:read_channel: 
DEBUG:netmiko:read_channel: 
DEBUG:netmiko:read_channel: 
DEBUG:netmiko:read_channel: 
DEBUG:netmiko:read_channel: 
DEBUG:netmiko:read_channel: 
DEBUG:netmiko:read_channel: 
DEBUG:netmiko:read_channel: 
DEBUG:netmiko:read_channel: 
DEBUG:netmiko:read_channel: 
DEBUG:netmiko:read_channel: 
DEBUG:netmiko:read_channel: 
DEBUG:netmiko:read_channel: 
DEBUG:netmiko:read_channel: 
DEBUG:netmiko:read_channel: 
DEBUG:netmiko:read_channel: 
DEBUG:netmiko:read_channel: 
DEBUG:netmiko:read_channel: 
DEBUG:netmiko:read_channel: 
DEBUG:netmiko:read_channel: 
DEBUG:netmiko:read_channel: 
DEBUG:netmiko:read_channel: 
DEBUG:netmiko:read_channel: 
DEBUG:netmiko:read_channel: 
DEBUG:netmiko:read_channel: 
DEBUG:netmiko:read_channel: 
DEBUG:netmiko:read_channel: 
DEBUG:netmiko:read_channel: 
DEBUG:netmiko:read_channel: 
DEBUG:netmiko:read_channel: 
DEBUG:netmiko:read_channel: 
DEBUG:netmiko:read_channel: 
DEBUG:netmiko:read_channel: 
DEBUG:netmiko:read_channel: 
DEBUG:netmiko:read_channel: 
DEBUG:netmiko:read_channel: 
DEBUG:netmiko:read_channel: 
DEBUG:netmiko:read_channel: 
DEBUG:netmiko:read_channel: 
DEBUG:netmiko:read_channel: 
DEBUG:netmiko:read_channel: 
DEBUG:netmiko:read_channel: 
DEBUG:netmiko:read_channel: 
DEBUG:netmiko:read_channel: 
DEBUG:netmiko:read_channel: 
DEBUG:netmiko:read_channel: 
DEBUG:netmiko:read_channel: 
DEBUG:netmiko:read_channel: 
DEBUG:netmiko:read_channel: 
DEBUG:netmiko:read_channel: 
DEBUG:netmiko:read_channel: 
DEBUG:netmiko:read_channel: 
DEBUG:netmiko:read_channel: 
DEBUG:netmiko:read_channel: 
DEBUG:netmiko:read_channel: 
DEBUG:netmiko:read_channel: 
DEBUG:netmiko:read_channel: 
DEBUG:netmiko:read_channel: 
DEBUG:netmiko:read_channel: 
DEBUG:netmiko:read_channel: 
DEBUG:netmiko:read_channel: 
DEBUG:netmiko:read_channel: 
DEBUG:netmiko:read_channel: 
DEBUG:netmiko:read_channel: 
DEBUG:netmiko:read_channel: 
DEBUG:netmiko:read_channel: 
DEBUG:netmiko:read_channel: 
DEBUG:netmiko:read_channel: 
DEBUG:netmiko:read_channel: 
DEBUG:netmiko:read_channel: 
DEBUG:netmiko:read_channel: 
DEBUG:netmiko:read_channel: 
DEBUG:netmiko:read_channel: 
DEBUG:netmiko:read_channel: 
DEBUG:netmiko:read_channel: 
DEBUG:netmiko:read_channel: 
DEBUG:netmiko:read_channel: 
DEBUG:netmiko:read_channel: 
DEBUG:netmiko:read_channel: 
DEBUG:netmiko:read_channel: 
DEBUG:netmiko:read_channel: 
DEBUG:netmiko:read_channel: 
DEBUG:netmiko:read_channel: 
DEBUG:netmiko:read_channel: 
DEBUG:netmiko:read_channel: 
DEBUG:netmiko:read_channel: 
DEBUG:netmiko:read_channel: 
DEBUG:netmiko:read_channel: 
DEBUG:netmiko:read_channel: 
DEBUG:netmiko:read_channel: 
DEBUG:netmiko:read_channel: 
DEBUG:netmiko:read_channel: 
DEBUG:netmiko:read_channel: 
DEBUG:netmiko:read_channel: 
DEBUG:netmiko:read_channel: 
DEBUG:netmiko:read_channel: 
DEBUG:netmiko:read_channel: 
DEBUG:netmiko:read_channel: 
DEBUG:netmiko:read_channel: 
DEBUG:netmiko:read_channel: 
DEBUG:netmiko:read_channel: 
DEBUG:netmiko:read_channel: 
DEBUG:netmiko:read_channel: 
DEBUG:netmiko:read_channel: 
DEBUG:netmiko:read_channel: 
DEBUG:netmiko:read_channel: 
DEBUG:netmiko:read_channel: 
DEBUG:netmiko:read_channel: 
DEBUG:netmiko:read_channel: 
DEBUG:netmiko:read_channel: 
DEBUG:netmiko:read_channel: 
DEBUG:netmiko:read_channel: 
DEBUG:netmiko:read_channel: 
DEBUG:netmiko:read_channel: 
DEBUG:netmiko:read_channel: 
DEBUG:netmiko:read_channel: 
DEBUG:netmiko:read_channel: 
DEBUG:netmiko:read_channel: 
DEBUG:netmiko:read_channel: 
DEBUG:netmiko:read_channel: 
DEBUG:netmiko:read_channel: 
DEBUG:netmiko:read_channel: 
DEBUG:netmiko:read_channel: 
DEBUG:netmiko:read_channel: 
DEBUG:netmiko:read_channel: 
DEBUG:netmiko:read_channel: 
DEBUG:netmiko:read_channel: 
DEBUG:netmiko:read_channel: 
DEBUG:netmiko:read_channel: 
DEBUG:netmiko:read_channel: 
DEBUG:netmiko:read_channel: 
DEBUG:netmiko:read_channel: 
DEBUG:netmiko:read_channel: 
DEBUG:netmiko:read_channel: 
DEBUG:netmiko:read_channel: 
DEBUG:netmiko:read_channel: 
DEBUG:netmiko:read_channel: 
DEBUG:netmiko:read_channel: 
DEBUG:netmiko:read_channel: 
DEBUG:netmiko:read_channel: 
DEBUG:netmiko:read_channel: 
DEBUG:netmiko:read_channel: 
DEBUG:netmiko:read_channel: 
DEBUG:netmiko:read_channel: 
DEBUG:netmiko:read_channel: 
DEBUG:netmiko:read_channel: 
DEBUG:netmiko:read_channel: 
DEBUG:netmiko:read_channel: 
DEBUG:netmiko:read_channel: 
DEBUG:netmiko:read_channel: 
DEBUG:netmiko:read_channel: 
DEBUG:netmiko:read_channel: 
DEBUG:netmiko:read_channel: 
DEBUG:netmiko:read_channel: 
DEBUG:netmiko:read_channel: 
DEBUG:netmiko:read_channel: 
DEBUG:netmiko:read_channel: 
DEBUG:netmiko:read_channel: 
DEBUG:netmiko:read_channel: 
DEBUG:netmiko:read_channel: 
DEBUG:netmiko:read_channel: 
DEBUG:netmiko:read_channel: 
DEBUG:netmiko:read_channel: 
DEBUG:netmiko:read_channel: 
DEBUG:netmiko:read_channel: 
DEBUG:netmiko:read_channel: 
DEBUG:netmiko:read_channel: 
DEBUG:netmiko:read_channel: 
DEBUG:netmiko:read_channel: 
DEBUG:netmiko:read_channel: 
DEBUG:netmiko:read_channel: 
DEBUG:netmiko:read_channel: 
DEBUG:netmiko:read_channel: 
DEBUG:netmiko:read_channel: 
DEBUG:netmiko:read_channel: 
DEBUG:netmiko:read_channel: 
DEBUG:netmiko:read_channel: 
DEBUG:netmiko:read_channel: 
DEBUG:netmiko:read_channel: 
DEBUG:netmiko:read_channel: 
DEBUG:netmiko:read_channel: 
DEBUG:netmiko:read_channel: 
DEBUG:netmiko:read_channel: 
DEBUG:netmiko:read_channel: 
DEBUG:netmiko:read_channel: 
DEBUG:netmiko:read_channel: 
DEBUG:netmiko:read_channel: 
DEBUG:netmiko:read_channel: 
DEBUG:netmiko:read_channel: 
DEBUG:netmiko:read_channel: 
DEBUG:netmiko:read_channel: 
DEBUG:netmiko:read_channel: 
DEBUG:netmiko:read_channel: 
DEBUG:netmiko:read_channel: 
DEBUG:netmiko:read_channel: 
DEBUG:netmiko:read_channel: 
DEBUG:netmiko:read_channel: 
DEBUG:netmiko:read_channel: 
DEBUG:netmiko:read_channel: 
DEBUG:netmiko:read_channel: 
DEBUG:netmiko:read_channel: 
DEBUG:netmiko:read_channel: 
DEBUG:netmiko:read_channel: 
DEBUG:netmiko:read_channel: 
DEBUG:netmiko:read_channel: 
DEBUG:netmiko:read_channel: 
DEBUG:netmiko:read_channel: 
DEBUG:netmiko:read_channel: 
DEBUG:netmiko:read_channel: 
DEBUG:netmiko:read_channel: 
DEBUG:netmiko:read_channel: 
DEBUG:netmiko:read_channel: 
DEBUG:netmiko:read_channel: 
DEBUG:netmiko:read_channel: 
DEBUG:netmiko:read_channel: 
DEBUG:netmiko:read_channel: 
DEBUG:netmiko:read_channel: 
DEBUG:netmiko:read_channel: 
DEBUG:netmiko:read_channel: 
DEBUG:netmiko:read_channel: 
DEBUG:netmiko:read_channel: 
DEBUG:netmiko:read_channel: 
DEBUG:netmiko:read_channel: 
DEBUG:netmiko:read_channel: 
DEBUG:netmiko:read_channel: 
DEBUG:netmiko:read_channel: 
DEBUG:netmiko:read_channel: 
DEBUG:netmiko:read_channel: 
DEBUG:netmiko:read_channel: 
DEBUG:netmiko:read_channel: 
DEBUG:netmiko:read_channel: 
DEBUG:netmiko:read_channel: 
DEBUG:netmiko:read_channel: 
DEBUG:netmiko:read_channel: 
DEBUG:netmiko:read_channel: 
DEBUG:netmiko:read_channel: 
DEBUG:netmiko:read_channel: 
DEBUG:netmiko:read_channel: 
DEBUG:netmiko:read_channel: 
DEBUG:netmiko:read_channel: 
DEBUG:netmiko:read_channel: 
DEBUG:netmiko:read_channel: 
DEBUG:netmiko:read_channel: 
DEBUG:netmiko:read_channel: 
DEBUG:netmiko:read_channel: 
DEBUG:netmiko:read_channel: 
DEBUG:netmiko:read_channel: 
DEBUG:netmiko:read_channel: 
DEBUG:netmiko:read_channel: 
DEBUG:netmiko:read_channel: 
DEBUG:netmiko:read_channel: 
DEBUG:netmiko:read_channel: 
DEBUG:netmiko:read_channel: 
DEBUG:netmiko:read_channel: 
DEBUG:netmiko:read_channel: 
DEBUG:netmiko:read_channel: 
DEBUG:netmiko:read_channel: 
DEBUG:netmiko:read_channel: 
DEBUG:netmiko:read_channel: 
DEBUG:netmiko:read_channel: 
DEBUG:netmiko:read_channel: 
DEBUG:netmiko:read_channel: 
DEBUG:netmiko:read_channel: 
DEBUG:netmiko:read_channel: 
DEBUG:netmiko:read_channel: 
DEBUG:netmiko:read_channel: 
DEBUG:netmiko:read_channel: 
DEBUG:netmiko:read_channel: 
DEBUG:netmiko:read_channel: 
DEBUG:netmiko:read_channel: 
DEBUG:netmiko:read_channel: 
DEBUG:netmiko:read_channel: 
DEBUG:netmiko:read_channel: 
DEBUG:netmiko:read_channel: 
DEBUG:netmiko:read_channel: 
DEBUG:netmiko:read_channel: 
DEBUG:netmiko:read_channel: 
DEBUG:netmiko:read_channel: 
DEBUG:netmiko:read_channel: 
DEBUG:netmiko:read_channel: 
DEBUG:netmiko:read_channel: 
DEBUG:netmiko:read_channel: 
DEBUG:netmiko:read_channel: 
DEBUG:netmiko:read_channel: 
DEBUG:netmiko:read_channel: 
DEBUG:netmiko:read_channel: 
DEBUG:netmiko:read_channel: 
DEBUG:netmiko:read_channel: 
DEBUG:netmiko:read_channel: 
DEBUG:netmiko:read_channel: 
DEBUG:netmiko:read_channel: 
DEBUG:netmiko:read_channel: 
DEBUG:netmiko:read_channel: 
DEBUG:netmiko:read_channel: 
DEBUG:netmiko:read_channel: 
DEBUG:netmiko:read_channel: 
DEBUG:netmiko:read_channel: 
DEBUG:netmiko:read_channel: 
DEBUG:netmiko:read_channel: 
DEBUG:netmiko:read_channel: 
DEBUG:netmiko:read_channel: 
DEBUG:netmiko:read_channel: 
DEBUG:netmiko:read_channel: 
DEBUG:netmiko:read_channel: 
DEBUG:netmiko:read_channel: 
DEBUG:netmiko:read_channel: 
DEBUG:netmiko:read_channel: 
DEBUG:netmiko:read_channel: 
DEBUG:netmiko:read_channel: 
DEBUG:netmiko:read_channel: 
DEBUG:netmiko:read_channel: 
DEBUG:netmiko:read_channel: 
DEBUG:netmiko:read_channel: 
DEBUG:netmiko:read_channel: 
DEBUG:netmiko:read_channel: 
DEBUG:netmiko:read_channel: 
DEBUG:netmiko:read_channel: 
DEBUG:netmiko:read_channel: 
DEBUG:netmiko:read_channel: 
DEBUG:netmiko:read_channel: 
DEBUG:netmiko:read_channel: 
DEBUG:netmiko:read_channel: 
DEBUG:netmiko:read_channel: 
DEBUG:netmiko:read_channel: 
DEBUG:netmiko:read_channel: 
DEBUG:netmiko:read_channel: 
DEBUG:netmiko:read_channel: 
DEBUG:netmiko:read_channel: 
DEBUG:netmiko:read_channel: 
DEBUG:netmiko:read_channel: 
DEBUG:netmiko:read_channel: 
DEBUG:netmiko:read_channel: 
DEBUG:netmiko:read_channel: 
DEBUG:netmiko:read_channel: 
DEBUG:netmiko:read_channel: 
DEBUG:netmiko:read_channel: 
DEBUG:netmiko:read_channel: 
DEBUG:netmiko:read_channel: 
DEBUG:netmiko:read_channel: 
DEBUG:netmiko:read_channel: 
DEBUG:netmiko:read_channel: 
DEBUG:netmiko:read_channel: 
DEBUG:netmiko:read_channel: 
DEBUG:netmiko:read_channel: 
DEBUG:netmiko:read_channel: 
DEBUG:netmiko:read_channel: 
DEBUG:netmiko:read_channel: 
DEBUG:netmiko:read_channel: 
DEBUG:netmiko:read_channel: 
DEBUG:netmiko:read_channel: 
DEBUG:netmiko:read_channel: 
DEBUG:netmiko:read_channel: 
DEBUG:netmiko:read_channel: 
DEBUG:netmiko:read_channel: 
DEBUG:netmiko:read_channel: 
DEBUG:netmiko:read_channel: 
DEBUG:netmiko:read_channel: 
DEBUG:netmiko:read_channel: 
DEBUG:netmiko:read_channel: 
DEBUG:netmiko:read_channel: 
DEBUG:netmiko:read_channel: 
DEBUG:netmiko:read_channel: 
DEBUG:netmiko:read_channel: 
DEBUG:netmiko:read_channel: 
DEBUG:netmiko:read_channel: 
DEBUG:netmiko:read_channel: 
DEBUG:netmiko:read_channel: 
DEBUG:netmiko:read_channel: 
DEBUG:netmiko:read_channel: 
DEBUG:netmiko:read_channel: 
DEBUG:netmiko:read_channel: 
DEBUG:netmiko:read_channel: 
DEBUG:netmiko:read_channel: 
DEBUG:netmiko:read_channel: 
DEBUG:netmiko:read_channel: 
DEBUG:netmiko:read_channel: 
DEBUG:netmiko:read_channel: 
DEBUG:netmiko:read_channel: 
DEBUG:netmiko:read_channel: 
DEBUG:netmiko:read_channel: 
DEBUG:netmiko:read_channel: 
DEBUG:netmiko:read_channel: 
DEBUG:netmiko:read_channel: 
DEBUG:netmiko:read_channel: 
DEBUG:netmiko:read_channel: 
DEBUG:netmiko:read_channel: 
DEBUG:netmiko:write_channel: b'\n'
DEBUG:netmiko:read_channel: 
124 bytes copied in 0.028 secs (4429 bytes/sec)
cisco3#
DEBUG:netmiko:read_channel: 
DEBUG:netmiko:read_channel: 
DEBUG:netmiko:write_channel: b'exit\n'
DEBUG:paramiko.transport:EOF in transport thread
DEBUG:paramiko.transport:starting thread (client mode): 0x643a69d0
DEBUG:paramiko.transport:Local version/idstring: SSH-2.0-paramiko_2.7.2
DEBUG:paramiko.transport:Remote version/idstring: SSH-2.0-Cisco-1.25
INFO:paramiko.transport:Connected (version 2.0, client Cisco-1.25)
DEBUG:paramiko.transport:kex algos:['diffie-hellman-group-exchange-sha1', 'diffie-hellman-group14-sha1'] server key:['ssh-rsa'] client encrypt:['aes128-ctr', 'aes192-ctr', 'aes256-ctr'] server encrypt:['aes128-ctr', 'aes192-ctr', 'aes256-ctr'] client mac:['hmac-sha2-256', 'hmac-sha2-512', 'hmac-sha1', 'hmac-sha1-96'] server mac:['hmac-sha2-256', 'hmac-sha2-512', 'hmac-sha1', 'hmac-sha1-96'] client compress:['none'] server compress:['none'] client lang:[''] server lang:[''] kex follows?False
DEBUG:paramiko.transport:Kex agreed: diffie-hellman-group-exchange-sha1
DEBUG:paramiko.transport:HostKey agreed: ssh-rsa
DEBUG:paramiko.transport:Cipher agreed: aes128-ctr
DEBUG:paramiko.transport:MAC agreed: hmac-sha2-256
DEBUG:paramiko.transport:Compression agreed: none
DEBUG:paramiko.transport:Got server p (2048 bits)
DEBUG:paramiko.transport:kex engine KexGex specified hash_algo <built-in function openssl_sha1>
DEBUG:paramiko.transport:Switch to new keys ...
DEBUG:paramiko.transport:Adding ssh-rsa host key for cisco3.lasthop.io: b'f05fe0c73e29ddad92927e052a4b03f6'
DEBUG:paramiko.transport:userauth is OK
INFO:paramiko.transport:Authentication (password) successful!
DEBUG:paramiko.transport:[chan 0] Max packet in: 32768 bytes
DEBUG:paramiko.transport:[chan 0] Max packet out: 4096 bytes
DEBUG:paramiko.transport:Secsh channel 0 opened.
DEBUG:paramiko.transport:[chan 0] Sesch channel 0 request ok
DEBUG:paramiko.transport:[chan 0] Sesch channel 0 request ok
DEBUG:netmiko:write_channel: b'terminal width 511\n'
DEBUG:netmiko:Pattern is: terminal width 511
DEBUG:netmiko:_read_channel_expect read_data: 


cisco3#
DEBUG:netmiko:_read_channel_expect read_data: termi
DEBUG:netmiko:_read_channel_expect read_data: nal wi
DEBUG:netmiko:_read_channel_expect read_data: dth 51
DEBUG:netmiko:_read_channel_expect read_data: 1
cisco3#
DEBUG:netmiko:Pattern found: terminal width 511 


cisco3#terminal width 511
cisco3#
DEBUG:netmiko:In disable_paging
DEBUG:netmiko:Command: terminal length 0

DEBUG:netmiko:write_channel: b'terminal length 0\n'
DEBUG:netmiko:Pattern is: terminal\ length\ 0
DEBUG:netmiko:_read_channel_expect read_data: t
DEBUG:netmiko:_read_channel_expect read_data: ermin
DEBUG:netmiko:_read_channel_expect read_data: al len
DEBUG:netmiko:_read_channel_expect read_data: gth 0
cisco3#
DEBUG:netmiko:Pattern found: terminal\ length\ 0 terminal length 0
cisco3#
DEBUG:netmiko:terminal length 0
cisco3#
DEBUG:netmiko:Exiting disable_paging
DEBUG:netmiko:read_channel: 
DEBUG:netmiko:write_channel: b'\n'
DEBUG:netmiko:read_channel: 
cisco3#
DEBUG:netmiko:read_channel: 
DEBUG:netmiko:[find_prompt()]: prompt is cisco3#
DEBUG:netmiko:read_channel: 
DEBUG:netmiko:write_channel: b'\n'
DEBUG:netmiko:read_channel: 
cisco3#
DEBUG:netmiko:read_channel: 
DEBUG:netmiko:[find_prompt()]: prompt is cisco3#
DEBUG:paramiko.transport:starting thread (client mode): 0x6405d290
DEBUG:paramiko.transport:Local version/idstring: SSH-2.0-paramiko_2.7.2
DEBUG:paramiko.transport:Remote version/idstring: SSH-2.0-Cisco-1.25
INFO:paramiko.transport:Connected (version 2.0, client Cisco-1.25)
DEBUG:paramiko.transport:kex algos:['diffie-hellman-group-exchange-sha1', 'diffie-hellman-group14-sha1'] server key:['ssh-rsa'] client encrypt:['aes128-ctr', 'aes192-ctr', 'aes256-ctr'] server encrypt:['aes128-ctr', 'aes192-ctr', 'aes256-ctr'] client mac:['hmac-sha2-256', 'hmac-sha2-512', 'hmac-sha1', 'hmac-sha1-96'] server mac:['hmac-sha2-256', 'hmac-sha2-512', 'hmac-sha1', 'hmac-sha1-96'] client compress:['none'] server compress:['none'] client lang:[''] server lang:[''] kex follows?False
DEBUG:paramiko.transport:Kex agreed: diffie-hellman-group-exchange-sha1
DEBUG:paramiko.transport:HostKey agreed: ssh-rsa
DEBUG:paramiko.transport:Cipher agreed: aes128-ctr
DEBUG:paramiko.transport:MAC agreed: hmac-sha2-256
DEBUG:paramiko.transport:Compression agreed: none
DEBUG:paramiko.transport:Got server p (2048 bits)
DEBUG:paramiko.transport:kex engine KexGex specified hash_algo <built-in function openssl_sha1>
DEBUG:paramiko.transport:Switch to new keys ...
DEBUG:paramiko.transport:Adding ssh-rsa host key for cisco3.lasthop.io: b'f05fe0c73e29ddad92927e052a4b03f6'
DEBUG:paramiko.transport:userauth is OK
INFO:paramiko.transport:Authentication (password) successful!
DEBUG:netmiko:read_channel: 
DEBUG:netmiko:write_channel: b'\n'
DEBUG:netmiko:read_channel: 
cisco3#
DEBUG:netmiko:read_channel: 
DEBUG:netmiko:[find_prompt()]: prompt is cisco3#
DEBUG:netmiko:read_channel: 
DEBUG:netmiko:write_channel: b'dir flash:/config2.cfg\n'
DEBUG:netmiko:Pattern is: dir\ flash:/config2\.cfg
DEBUG:netmiko:_read_channel_expect read_data: dir
DEBUG:netmiko:_read_channel_expect read_data:  flas
DEBUG:netmiko:_read_channel_expect read_data: h:/confi
DEBUG:netmiko:_read_channel_expect read_data: g2.cfg

DEBUG:netmiko:Pattern found: dir\ flash:/config2\.cfg dir flash:/config2.cfg

DEBUG:netmiko:read_channel: 
DEBUG:netmiko:read_channel: 
DEBUG:netmiko:read_channel: Directory of bootflash:/config2.cfg

   90  -rw-              124  Jul 13 2021 02:45:09 -07:00  config2.cfg

2908606464 bytes total (1778946048 bytes free)
cisco3#
DEBUG:netmiko:read_channel: 
DEBUG:netmiko:write_channel: b'\n'
DEBUG:netmiko:read_channel: 
cisco3#
DEBUG:netmiko:read_channel: 
DEBUG:netmiko:[find_prompt()]: prompt is cisco3#
DEBUG:netmiko:read_channel: 
DEBUG:netmiko:write_channel: b'verify /md5 flash:/config2.cfg\n'
DEBUG:netmiko:Pattern is: verify\ /md5\ flash:/config2\.cfg
DEBUG:netmiko:_read_channel_expect read_data: ve
DEBUG:netmiko:_read_channel_expect read_data: rify /md
DEBUG:netmiko:_read_channel_expect read_data: 5 flas
DEBUG:netmiko:_read_channel_expect read_data: h:/confi
DEBUG:netmiko:_read_channel_expect read_data: g2.cfg

DEBUG:netmiko:Pattern found: verify\ /md5\ flash:/config2\.cfg verify /md5 flash:/config2.cfg

DEBUG:netmiko:read_channel: .Done!
verify /md5 (bootflash:/config2.cfg) = da0091724abe2f0064bdc96dd3523c5d


cisco3#
DEBUG:netmiko:read_channel: 
DEBUG:netmiko:write_channel: b'\n'
DEBUG:netmiko:read_channel: 
cisco3#
DEBUG:netmiko:read_channel: 
DEBUG:netmiko:[find_prompt()]: prompt is cisco3#
DEBUG:netmiko:write_channel: b'\n'
DEBUG:paramiko.transport:EOF in transport thread
DEBUG:netmiko:read_channel: 
cisco3#
DEBUG:netmiko:read_channel: 
DEBUG:netmiko:read_channel: 
DEBUG:netmiko:write_channel: b'exit\n'
DEBUG:paramiko.transport:starting thread (client mode): 0xb5da09d0
DEBUG:paramiko.transport:Local version/idstring: SSH-2.0-paramiko_2.7.2
DEBUG:paramiko.transport:Remote version/idstring: SSH-2.0-Cisco-1.25
INFO:paramiko.transport:Connected (version 2.0, client Cisco-1.25)
DEBUG:paramiko.transport:kex algos:['diffie-hellman-group-exchange-sha1', 'diffie-hellman-group14-sha1'] server key:['ssh-rsa'] client encrypt:['aes128-ctr', 'aes192-ctr', 'aes256-ctr'] server encrypt:['aes128-ctr', 'aes192-ctr', 'aes256-ctr'] client mac:['hmac-sha2-256', 'hmac-sha2-512', 'hmac-sha1', 'hmac-sha1-96'] server mac:['hmac-sha2-256', 'hmac-sha2-512', 'hmac-sha1', 'hmac-sha1-96'] client compress:['none'] server compress:['none'] client lang:[''] server lang:[''] kex follows?False
DEBUG:paramiko.transport:Kex agreed: diffie-hellman-group-exchange-sha1
DEBUG:paramiko.transport:HostKey agreed: ssh-rsa
DEBUG:paramiko.transport:Cipher agreed: aes128-ctr
DEBUG:paramiko.transport:MAC agreed: hmac-sha2-256
DEBUG:paramiko.transport:Compression agreed: none
DEBUG:paramiko.transport:Got server p (2048 bits)
DEBUG:paramiko.transport:kex engine KexGex specified hash_algo <built-in function openssl_sha1>
DEBUG:paramiko.transport:Switch to new keys ...
DEBUG:paramiko.transport:Adding ssh-rsa host key for cisco3.lasthop.io: b'f05fe0c73e29ddad92927e052a4b03f6'
DEBUG:paramiko.transport:userauth is OK
INFO:paramiko.transport:Authentication (password) successful!
DEBUG:paramiko.transport:[chan 0] Max packet in: 32768 bytes
DEBUG:paramiko.transport:[chan 0] Max packet out: 4096 bytes
DEBUG:paramiko.transport:Secsh channel 0 opened.
DEBUG:paramiko.transport:[chan 0] Sesch channel 0 request ok
DEBUG:paramiko.transport:[chan 0] Sesch channel 0 request ok
DEBUG:netmiko:write_channel: b'terminal width 511\n'
DEBUG:netmiko:Pattern is: terminal width 511
DEBUG:netmiko:_read_channel_expect read_data: 


cisco3#
DEBUG:netmiko:_read_channel_expect read_data: termi
DEBUG:netmiko:_read_channel_expect read_data: nal wi
DEBUG:netmiko:_read_channel_expect read_data: dth 511
cisco3#
DEBUG:netmiko:Pattern found: terminal width 511 


cisco3#terminal width 511
cisco3#
DEBUG:netmiko:In disable_paging
DEBUG:netmiko:Command: terminal length 0

DEBUG:netmiko:write_channel: b'terminal length 0\n'
DEBUG:netmiko:Pattern is: terminal\ length\ 0
DEBUG:netmiko:_read_channel_expect read_data: t
DEBUG:netmiko:_read_channel_expect read_data: erminal
DEBUG:netmiko:_read_channel_expect read_data:  length 0
DEBUG:netmiko:Pattern found: terminal\ length\ 0 terminal length 0
DEBUG:netmiko:terminal length 0
DEBUG:netmiko:Exiting disable_paging
DEBUG:netmiko:read_channel: 
cisco3#
DEBUG:netmiko:Clear buffer detects data in the channel
DEBUG:netmiko:read_channel: 
DEBUG:netmiko:write_channel: b'\n'
DEBUG:netmiko:read_channel: 
cisco3#
DEBUG:netmiko:read_channel: 
DEBUG:netmiko:[find_prompt()]: prompt is cisco3#
DEBUG:netmiko:read_channel: 
DEBUG:netmiko:write_channel: b'\n'
DEBUG:netmiko:read_channel: 
cisco3#
DEBUG:netmiko:read_channel: 
DEBUG:netmiko:[find_prompt()]: prompt is cisco3#
DEBUG:paramiko.transport:starting thread (client mode): 0xb5a56290
DEBUG:paramiko.transport:Local version/idstring: SSH-2.0-paramiko_2.7.2
DEBUG:paramiko.transport:Remote version/idstring: SSH-2.0-Cisco-1.25
INFO:paramiko.transport:Connected (version 2.0, client Cisco-1.25)
DEBUG:paramiko.transport:kex algos:['diffie-hellman-group-exchange-sha1', 'diffie-hellman-group14-sha1'] server key:['ssh-rsa'] client encrypt:['aes128-ctr', 'aes192-ctr', 'aes256-ctr'] server encrypt:['aes128-ctr', 'aes192-ctr', 'aes256-ctr'] client mac:['hmac-sha2-256', 'hmac-sha2-512', 'hmac-sha1', 'hmac-sha1-96'] server mac:['hmac-sha2-256', 'hmac-sha2-512', 'hmac-sha1', 'hmac-sha1-96'] client compress:['none'] server compress:['none'] client lang:[''] server lang:[''] kex follows?False
DEBUG:paramiko.transport:Kex agreed: diffie-hellman-group-exchange-sha1
DEBUG:paramiko.transport:HostKey agreed: ssh-rsa
DEBUG:paramiko.transport:Cipher agreed: aes128-ctr
DEBUG:paramiko.transport:MAC agreed: hmac-sha2-256
DEBUG:paramiko.transport:Compression agreed: none
DEBUG:paramiko.transport:Got server p (2048 bits)
DEBUG:paramiko.transport:kex engine KexGex specified hash_algo <built-in function openssl_sha1>
DEBUG:paramiko.transport:Switch to new keys ...
DEBUG:paramiko.transport:Adding ssh-rsa host key for cisco3.lasthop.io: b'f05fe0c73e29ddad92927e052a4b03f6'
DEBUG:paramiko.transport:userauth is OK
INFO:paramiko.transport:Authentication (password) successful!
DEBUG:netmiko:read_channel: 
DEBUG:netmiko:write_channel: b'\n'
DEBUG:netmiko:read_channel: 
cisco3#
DEBUG:netmiko:read_channel: 
DEBUG:netmiko:[find_prompt()]: prompt is cisco3#
DEBUG:netmiko:read_channel: 
DEBUG:netmiko:write_channel: b'dir flash:/config2.cfg\n'
DEBUG:netmiko:Pattern is: dir\ flash:/config2\.cfg
DEBUG:netmiko:_read_channel_expect read_data: di
DEBUG:netmiko:_read_channel_expect read_data: r flas
DEBUG:netmiko:_read_channel_expect read_data: h:/conf
DEBUG:netmiko:_read_channel_expect read_data: ig2.cfg
DEBUG:netmiko:Pattern found: dir\ flash:/config2\.cfg dir flash:/config2.cfg
DEBUG:netmiko:read_channel: 

DEBUG:netmiko:read_channel: 
DEBUG:netmiko:read_channel: Directory of bootflash:/config2.cfg

   90  -rw-              124  Jul 13 2021 02:45:09 -07:00  config2.cfg

2908606464 bytes total (1778946048 bytes free)
cisco3#
DEBUG:netmiko:read_channel: 
DEBUG:netmiko:write_channel: b'\n'
DEBUG:netmiko:read_channel: 
cisco3#
DEBUG:netmiko:read_channel: 
DEBUG:netmiko:[find_prompt()]: prompt is cisco3#
DEBUG:netmiko:read_channel: 
DEBUG:netmiko:write_channel: b'verify /md5 flash:/config2.cfg\n'
DEBUG:netmiko:Pattern is: verify\ /md5\ flash:/config2\.cfg
DEBUG:netmiko:_read_channel_expect read_data: ve
DEBUG:netmiko:_read_channel_expect read_data: rify /
DEBUG:netmiko:_read_channel_expect read_data: md5 fl
DEBUG:netmiko:_read_channel_expect read_data: ash:/c
DEBUG:netmiko:_read_channel_expect read_data: onfig2.c
DEBUG:netmiko:_read_channel_expect read_data: fg
.
DEBUG:netmiko:Pattern found: verify\ /md5\ flash:/config2\.cfg verify /md5 flash:/config2.cfg
.
DEBUG:netmiko:read_channel: Done!
verify /md5 (bootflash:/config2.cfg) = da0091724abe2f0064bdc96dd3523c5d


cisco3#
DEBUG:netmiko:write_channel: b'\n'
DEBUG:paramiko.transport:EOF in transport thread
DEBUG:netmiko:read_channel: 
cisco3#
DEBUG:netmiko:read_channel: 
DEBUG:netmiko:read_channel: 
DEBUG:netmiko:write_channel: b'exit\n'
DEBUG:paramiko.transport:starting thread (client mode): 0x25f4f950
DEBUG:paramiko.transport:Local version/idstring: SSH-2.0-paramiko_2.7.2
DEBUG:paramiko.transport:Remote version/idstring: SSH-2.0-Cisco-1.25
INFO:paramiko.transport:Connected (version 2.0, client Cisco-1.25)
DEBUG:paramiko.transport:kex algos:['diffie-hellman-group-exchange-sha1', 'diffie-hellman-group14-sha1'] server key:['ssh-rsa'] client encrypt:['aes128-ctr', 'aes192-ctr', 'aes256-ctr'] server encrypt:['aes128-ctr', 'aes192-ctr', 'aes256-ctr'] client mac:['hmac-sha2-256', 'hmac-sha2-512', 'hmac-sha1', 'hmac-sha1-96'] server mac:['hmac-sha2-256', 'hmac-sha2-512', 'hmac-sha1', 'hmac-sha1-96'] client compress:['none'] server compress:['none'] client lang:[''] server lang:[''] kex follows?False
DEBUG:paramiko.transport:Kex agreed: diffie-hellman-group-exchange-sha1
DEBUG:paramiko.transport:HostKey agreed: ssh-rsa
DEBUG:paramiko.transport:Cipher agreed: aes128-ctr
DEBUG:paramiko.transport:MAC agreed: hmac-sha2-256
DEBUG:paramiko.transport:Compression agreed: none
DEBUG:paramiko.transport:Got server p (2048 bits)
DEBUG:paramiko.transport:kex engine KexGex specified hash_algo <built-in function openssl_sha1>
DEBUG:paramiko.transport:Switch to new keys ...
DEBUG:paramiko.transport:Adding ssh-rsa host key for cisco3.lasthop.io: b'f05fe0c73e29ddad92927e052a4b03f6'
DEBUG:paramiko.transport:userauth is OK
INFO:paramiko.transport:Authentication (password) successful!
DEBUG:paramiko.transport:[chan 0] Max packet in: 32768 bytes
DEBUG:paramiko.transport:[chan 0] Max packet out: 4096 bytes
DEBUG:paramiko.transport:Secsh channel 0 opened.
DEBUG:paramiko.transport:[chan 0] Sesch channel 0 request ok
DEBUG:paramiko.transport:[chan 0] Sesch channel 0 request ok
DEBUG:netmiko:write_channel: b'terminal width 511\n'
DEBUG:netmiko:Pattern is: terminal width 511
DEBUG:netmiko:_read_channel_expect read_data: 

cisco3#
DEBUG:netmiko:_read_channel_expect read_data: termi
DEBUG:netmiko:_read_channel_expect read_data: nal 
DEBUG:netmiko:_read_channel_expect read_data: width 
DEBUG:netmiko:_read_channel_expect read_data: 511
cisco3#
DEBUG:netmiko:Pattern found: terminal width 511 

cisco3#terminal width 511
cisco3#
DEBUG:netmiko:In disable_paging
DEBUG:netmiko:Command: terminal length 0

DEBUG:netmiko:write_channel: b'terminal length 0\n'
DEBUG:netmiko:Pattern is: terminal\ length\ 0
DEBUG:netmiko:_read_channel_expect read_data: t
DEBUG:netmiko:_read_channel_expect read_data: ermina
DEBUG:netmiko:_read_channel_expect read_data: l lengt
DEBUG:netmiko:_read_channel_expect read_data: h 0
cisco3#
DEBUG:netmiko:Pattern found: terminal\ length\ 0 terminal length 0
cisco3#
DEBUG:netmiko:terminal length 0
cisco3#
DEBUG:netmiko:Exiting disable_paging
DEBUG:netmiko:read_channel: 
DEBUG:netmiko:write_channel: b'\n'
DEBUG:netmiko:read_channel: 
cisco3#
DEBUG:netmiko:read_channel: 
DEBUG:netmiko:[find_prompt()]: prompt is cisco3#
DEBUG:netmiko:read_channel: 
DEBUG:netmiko:write_channel: b'\n'
DEBUG:netmiko:read_channel: 
cisco3#
DEBUG:netmiko:read_channel: 
DEBUG:netmiko:[find_prompt()]: prompt is cisco3#
DEBUG:paramiko.transport:starting thread (client mode): 0x25c05250
DEBUG:paramiko.transport:Local version/idstring: SSH-2.0-paramiko_2.7.2
DEBUG:paramiko.transport:Remote version/idstring: SSH-2.0-Cisco-1.25
INFO:paramiko.transport:Connected (version 2.0, client Cisco-1.25)
DEBUG:paramiko.transport:kex algos:['diffie-hellman-group-exchange-sha1', 'diffie-hellman-group14-sha1'] server key:['ssh-rsa'] client encrypt:['aes128-ctr', 'aes192-ctr', 'aes256-ctr'] server encrypt:['aes128-ctr', 'aes192-ctr', 'aes256-ctr'] client mac:['hmac-sha2-256', 'hmac-sha2-512', 'hmac-sha1', 'hmac-sha1-96'] server mac:['hmac-sha2-256', 'hmac-sha2-512', 'hmac-sha1', 'hmac-sha1-96'] client compress:['none'] server compress:['none'] client lang:[''] server lang:[''] kex follows?False
DEBUG:paramiko.transport:Kex agreed: diffie-hellman-group-exchange-sha1
DEBUG:paramiko.transport:HostKey agreed: ssh-rsa
DEBUG:paramiko.transport:Cipher agreed: aes128-ctr
DEBUG:paramiko.transport:MAC agreed: hmac-sha2-256
DEBUG:paramiko.transport:Compression agreed: none
DEBUG:paramiko.transport:Got server p (2048 bits)
DEBUG:paramiko.transport:kex engine KexGex specified hash_algo <built-in function openssl_sha1>
DEBUG:paramiko.transport:Switch to new keys ...
DEBUG:paramiko.transport:Adding ssh-rsa host key for cisco3.lasthop.io: b'f05fe0c73e29ddad92927e052a4b03f6'
DEBUG:paramiko.transport:userauth is OK
INFO:paramiko.transport:Authentication (password) successful!
DEBUG:netmiko:read_channel: 
DEBUG:netmiko:write_channel: b'\n'
DEBUG:netmiko:read_channel: 
cisco3#
DEBUG:netmiko:read_channel: 
DEBUG:netmiko:[find_prompt()]: prompt is cisco3#
DEBUG:netmiko:read_channel: 
DEBUG:netmiko:write_channel: b'dir flash:/config2.cfg\n'
DEBUG:netmiko:Pattern is: dir\ flash:/config2\.cfg
DEBUG:netmiko:_read_channel_expect read_data: di
DEBUG:netmiko:_read_channel_expect read_data: r flash
DEBUG:netmiko:_read_channel_expect read_data: :/confi
DEBUG:netmiko:_read_channel_expect read_data: g2.c
DEBUG:netmiko:_read_channel_expect read_data: fg

DEBUG:netmiko:Pattern found: dir\ flash:/config2\.cfg dir flash:/config2.cfg

DEBUG:netmiko:read_channel: 
DEBUG:netmiko:read_channel: Directory of bootflash:/config2.cfg

   90  -rw-              124  Jul 13 2021 02:45:09 -07:00  config2.cfg

2908606464 bytes total (1778946048 bytes free)
cisco3#
DEBUG:netmiko:read_channel: 
DEBUG:netmiko:write_channel: b'\n'
DEBUG:netmiko:read_channel: 
cisco3#
DEBUG:netmiko:read_channel: 
DEBUG:netmiko:[find_prompt()]: prompt is cisco3#
DEBUG:netmiko:read_channel: 
DEBUG:netmiko:write_channel: b'verify /md5 flash:/config2.cfg\n'
DEBUG:netmiko:Pattern is: verify\ /md5\ flash:/config2\.cfg
DEBUG:netmiko:_read_channel_expect read_data: ve
DEBUG:netmiko:_read_channel_expect read_data: rify /m
DEBUG:netmiko:_read_channel_expect read_data: d5 flas
DEBUG:netmiko:_read_channel_expect read_data: h:/confi
DEBUG:netmiko:_read_channel_expect read_data: g2.cfg
DEBUG:netmiko:Pattern found: verify\ /md5\ flash:/config2\.cfg verify /md5 flash:/config2.cfg
DEBUG:netmiko:read_channel: 
.Done!
verify /md5 (bootflash:/config2.cfg) = da0091724abe2f0064bdc96dd3523c5d


cisco3#
DEBUG:netmiko:read_channel: 
DEBUG:netmiko:write_channel: b'copy flash:/config2.cfg system:running-config\n'
DEBUG:netmiko:Pattern is: copy\ flash:/config2\.cfg\ system:running\-config
DEBUG:netmiko:_read_channel_expect read_data: co
DEBUG:netmiko:_read_channel_expect read_data: py fla
DEBUG:netmiko:_read_channel_expect read_data: sh:/conf
DEBUG:netmiko:_read_channel_expect read_data: ig2.cf
DEBUG:netmiko:_read_channel_expect read_data: g syst
DEBUG:netmiko:_read_channel_expect read_data: em:run
DEBUG:paramiko.transport:EOF in transport thread
DEBUG:netmiko:_read_channel_expect read_data: ning-c
DEBUG:netmiko:_read_channel_expect read_data: onfig

DEBUG:netmiko:Pattern found: copy\ flash:/config2\.cfg\ system:running\-config copy flash:/config2.cfg system:running-config

DEBUG:netmiko:read_channel: Destination filename [running-config]? 
DEBUG:netmiko:read_channel: 
DEBUG:netmiko:write_channel: b'\n'
DEBUG:netmiko:read_channel: 

DEBUG:netmiko:read_channel: 
DEBUG:netmiko:write_channel: b'\n'
DEBUG:netmiko:read_channel: 
DEBUG:netmiko:write_channel: b'\n'
DEBUG:netmiko:read_channel: %Error: Removing name-server 1.1.1.1 
%Error: Removing name-server 1.0.0.1 

124 bytes copied in 0.020 secs (6200 bytes/sec)
cisco3#
DEBUG:netmiko:read_channel: 
cisco3#
cisco3#
DEBUG:netmiko:Clear buffer detects data in the channel
DEBUG:netmiko:read_channel: 
DEBUG:netmiko:[find_prompt()]: prompt is cisco3#
DEBUG:netmiko:write_channel: b'\n'
DEBUG:netmiko:read_channel: 
cisco3#
DEBUG:netmiko:read_channel: 
DEBUG:netmiko:read_channel: 
DEBUG:netmiko:write_channel: b'exit\n'
DEBUG:paramiko.transport:EOF in transport thread
DEBUG:paramiko.transport:starting thread (client mode): 0x25c05e10
DEBUG:paramiko.transport:Local version/idstring: SSH-2.0-paramiko_2.7.2
DEBUG:paramiko.transport:Remote version/idstring: SSH-2.0-Cisco-1.25
INFO:paramiko.transport:Connected (version 2.0, client Cisco-1.25)
DEBUG:paramiko.transport:kex algos:['diffie-hellman-group-exchange-sha1', 'diffie-hellman-group14-sha1'] server key:['ssh-rsa'] client encrypt:['aes128-ctr', 'aes192-ctr', 'aes256-ctr'] server encrypt:['aes128-ctr', 'aes192-ctr', 'aes256-ctr'] client mac:['hmac-sha2-256', 'hmac-sha2-512', 'hmac-sha1', 'hmac-sha1-96'] server mac:['hmac-sha2-256', 'hmac-sha2-512', 'hmac-sha1', 'hmac-sha1-96'] client compress:['none'] server compress:['none'] client lang:[''] server lang:[''] kex follows?False
DEBUG:paramiko.transport:Kex agreed: diffie-hellman-group-exchange-sha1
DEBUG:paramiko.transport:HostKey agreed: ssh-rsa
DEBUG:paramiko.transport:Cipher agreed: aes128-ctr
DEBUG:paramiko.transport:MAC agreed: hmac-sha2-256
DEBUG:paramiko.transport:Compression agreed: none
DEBUG:paramiko.transport:Got server p (2048 bits)
DEBUG:paramiko.transport:kex engine KexGex specified hash_algo <built-in function openssl_sha1>
DEBUG:paramiko.transport:Switch to new keys ...
DEBUG:paramiko.transport:Adding ssh-rsa host key for cisco4.lasthop.io: b'e4e02f180e551a9f34d5835b8f1e04e4'
DEBUG:paramiko.transport:userauth is OK
INFO:paramiko.transport:Authentication (password) successful!
DEBUG:paramiko.transport:[chan 0] Max packet in: 32768 bytes
DEBUG:paramiko.transport:[chan 0] Max packet out: 4096 bytes
DEBUG:paramiko.transport:Secsh channel 0 opened.
DEBUG:paramiko.transport:[chan 0] Sesch channel 0 request ok
DEBUG:paramiko.transport:[chan 0] Sesch channel 0 request ok
DEBUG:netmiko:write_channel: b'terminal width 511\n'
DEBUG:netmiko:Pattern is: terminal width 511
DEBUG:netmiko:_read_channel_expect read_data: 

cisco4#
DEBUG:netmiko:_read_channel_expect read_data: termi
DEBUG:netmiko:_read_channel_expect read_data: nal wid
DEBUG:netmiko:_read_channel_expect read_data: th 51
DEBUG:netmiko:_read_channel_expect read_data: 1
cisco4#
DEBUG:netmiko:Pattern found: terminal width 511 

cisco4#terminal width 511
cisco4#
DEBUG:netmiko:In disable_paging
DEBUG:netmiko:Command: terminal length 0

DEBUG:netmiko:write_channel: b'terminal length 0\n'
DEBUG:netmiko:Pattern is: terminal\ length\ 0
DEBUG:netmiko:_read_channel_expect read_data: t
DEBUG:netmiko:_read_channel_expect read_data: erminal
DEBUG:netmiko:_read_channel_expect read_data:  length 0
DEBUG:netmiko:Pattern found: terminal\ length\ 0 terminal length 0
DEBUG:netmiko:terminal length 0
DEBUG:netmiko:Exiting disable_paging
DEBUG:netmiko:read_channel: 
cisco4#
DEBUG:netmiko:Clear buffer detects data in the channel
DEBUG:netmiko:read_channel: 
DEBUG:netmiko:write_channel: b'\n'
DEBUG:netmiko:read_channel: 
cisco4#
DEBUG:netmiko:read_channel: 
DEBUG:netmiko:[find_prompt()]: prompt is cisco4#
DEBUG:netmiko:read_channel: 
DEBUG:netmiko:write_channel: b'\n'
DEBUG:netmiko:read_channel: 
cisco4#
DEBUG:netmiko:read_channel: 
DEBUG:netmiko:[find_prompt()]: prompt is cisco4#
DEBUG:paramiko.transport:starting thread (client mode): 0x25c1cc90
DEBUG:paramiko.transport:Local version/idstring: SSH-2.0-paramiko_2.7.2
DEBUG:paramiko.transport:Remote version/idstring: SSH-2.0-Cisco-1.25
INFO:paramiko.transport:Connected (version 2.0, client Cisco-1.25)
DEBUG:paramiko.transport:kex algos:['diffie-hellman-group-exchange-sha1', 'diffie-hellman-group14-sha1'] server key:['ssh-rsa'] client encrypt:['aes128-ctr', 'aes192-ctr', 'aes256-ctr'] server encrypt:['aes128-ctr', 'aes192-ctr', 'aes256-ctr'] client mac:['hmac-sha2-256', 'hmac-sha2-512', 'hmac-sha1', 'hmac-sha1-96'] server mac:['hmac-sha2-256', 'hmac-sha2-512', 'hmac-sha1', 'hmac-sha1-96'] client compress:['none'] server compress:['none'] client lang:[''] server lang:[''] kex follows?False
DEBUG:paramiko.transport:Kex agreed: diffie-hellman-group-exchange-sha1
DEBUG:paramiko.transport:HostKey agreed: ssh-rsa
DEBUG:paramiko.transport:Cipher agreed: aes128-ctr
DEBUG:paramiko.transport:MAC agreed: hmac-sha2-256
DEBUG:paramiko.transport:Compression agreed: none
DEBUG:paramiko.transport:Got server p (2048 bits)
DEBUG:paramiko.transport:kex engine KexGex specified hash_algo <built-in function openssl_sha1>
DEBUG:paramiko.transport:Switch to new keys ...
DEBUG:paramiko.transport:Adding ssh-rsa host key for cisco4.lasthop.io: b'e4e02f180e551a9f34d5835b8f1e04e4'
DEBUG:paramiko.transport:userauth is OK
INFO:paramiko.transport:Authentication (password) successful!
DEBUG:netmiko:read_channel: 
DEBUG:netmiko:write_channel: b'\n'
DEBUG:netmiko:read_channel: 
cisco4#
DEBUG:netmiko:read_channel: 
DEBUG:netmiko:[find_prompt()]: prompt is cisco4#
DEBUG:netmiko:read_channel: 
DEBUG:netmiko:write_channel: b'dir flash:/config2.cfg\n'
DEBUG:netmiko:Pattern is: dir\ flash:/config2\.cfg
DEBUG:netmiko:_read_channel_expect read_data: di
DEBUG:netmiko:_read_channel_expect read_data: r flash
DEBUG:netmiko:_read_channel_expect read_data: :/confi
DEBUG:netmiko:_read_channel_expect read_data: g2.cfg
DEBUG:netmiko:Pattern found: dir\ flash:/config2\.cfg dir flash:/config2.cfg
DEBUG:netmiko:read_channel: 

DEBUG:netmiko:read_channel: Directory of bootflash:/config2.cfg

   19  -rw-              124  Jul 13 2021 02:45:14 -07:00  config2.cfg

2885718016 bytes total (1757814784 bytes free)
cisco4#
DEBUG:netmiko:read_channel: 
DEBUG:netmiko:write_channel: b'\n'
DEBUG:netmiko:read_channel: 
cisco4#
DEBUG:netmiko:read_channel: 
DEBUG:netmiko:[find_prompt()]: prompt is cisco4#
DEBUG:netmiko:read_channel: 
DEBUG:netmiko:write_channel: b'verify /md5 flash:/config2.cfg\n'
DEBUG:netmiko:Pattern is: verify\ /md5\ flash:/config2\.cfg
DEBUG:netmiko:_read_channel_expect read_data: ve
DEBUG:netmiko:_read_channel_expect read_data: rify /
DEBUG:netmiko:_read_channel_expect read_data: md5 fl
DEBUG:netmiko:_read_channel_expect read_data: ash:/con
DEBUG:netmiko:_read_channel_expect read_data: fig2.cf
DEBUG:netmiko:_read_channel_expect read_data: g
.
DEBUG:netmiko:Pattern found: verify\ /md5\ flash:/config2\.cfg verify /md5 flash:/config2.cfg
.
DEBUG:netmiko:read_channel: Done!
verify /md5 (bootflash:/config2.cfg) = da0091724abe2f0064bdc96dd3523c5d


cisco4#
DEBUG:netmiko:read_channel: 
DEBUG:netmiko:write_channel: b'copy flash:/config2.cfg system:running-config\n'
DEBUG:netmiko:Pattern is: copy\ flash:/config2\.cfg\ system:running\-config
DEBUG:netmiko:_read_channel_expect read_data: co
DEBUG:netmiko:_read_channel_expect read_data: py fl
DEBUG:netmiko:_read_channel_expect read_data: ash:/con
DEBUG:netmiko:_read_channel_expect read_data: fig2.cfg
DEBUG:netmiko:_read_channel_expect read_data:  system:
DEBUG:netmiko:_read_channel_expect read_data: running-
DEBUG:netmiko:_read_channel_expect read_data: config
DEBUG:netmiko:Pattern found: copy\ flash:/config2\.cfg\ system:running\-config copy flash:/config2.cfg system:running-config
DEBUG:paramiko.transport:EOF in transport thread
DEBUG:netmiko:read_channel: 
Destination filename [running-config]? 
DEBUG:netmiko:read_channel: 
DEBUG:netmiko:write_channel: b'\n'
DEBUG:netmiko:read_channel: 

DEBUG:netmiko:read_channel: 
DEBUG:netmiko:write_channel: b'\n'
DEBUG:netmiko:read_channel: 
DEBUG:netmiko:write_channel: b'\n'
DEBUG:netmiko:read_channel: %Error: Removing name-server 1.1.1.1 
%Error: Removing name-server 1.0.0.1 

124 bytes copied in 0.024 secs (5167 bytes/sec)
cisco4#
DEBUG:netmiko:read_channel: 
cisco4#
cisco4#
DEBUG:netmiko:Clear buffer detects data in the channel
DEBUG:netmiko:read_channel: 
DEBUG:netmiko:[find_prompt()]: prompt is cisco4#
DEBUG:netmiko:write_channel: b'\n'
DEBUG:netmiko:read_channel: 
cisco4#
DEBUG:netmiko:read_channel: 
DEBUG:netmiko:read_channel: 
DEBUG:netmiko:write_channel: b'exit\n'
DEBUG:paramiko.transport:starting thread (client mode): 0xb927ea10
DEBUG:paramiko.transport:Local version/idstring: SSH-2.0-paramiko_2.7.2
DEBUG:paramiko.transport:Remote version/idstring: SSH-2.0-Cisco-1.25
INFO:paramiko.transport:Connected (version 2.0, client Cisco-1.25)
DEBUG:paramiko.transport:kex algos:['diffie-hellman-group-exchange-sha1', 'diffie-hellman-group14-sha1'] server key:['ssh-rsa'] client encrypt:['aes128-ctr', 'aes192-ctr', 'aes256-ctr'] server encrypt:['aes128-ctr', 'aes192-ctr', 'aes256-ctr'] client mac:['hmac-sha2-256', 'hmac-sha2-512', 'hmac-sha1', 'hmac-sha1-96'] server mac:['hmac-sha2-256', 'hmac-sha2-512', 'hmac-sha1', 'hmac-sha1-96'] client compress:['none'] server compress:['none'] client lang:[''] server lang:[''] kex follows?False
DEBUG:paramiko.transport:Kex agreed: diffie-hellman-group-exchange-sha1
DEBUG:paramiko.transport:HostKey agreed: ssh-rsa
DEBUG:paramiko.transport:Cipher agreed: aes128-ctr
DEBUG:paramiko.transport:MAC agreed: hmac-sha2-256
DEBUG:paramiko.transport:Compression agreed: none
DEBUG:paramiko.transport:Got server p (2048 bits)
DEBUG:paramiko.transport:kex engine KexGex specified hash_algo <built-in function openssl_sha1>
DEBUG:paramiko.transport:Switch to new keys ...
DEBUG:paramiko.transport:Adding ssh-rsa host key for cisco3.lasthop.io: b'f05fe0c73e29ddad92927e052a4b03f6'
DEBUG:paramiko.transport:userauth is OK
INFO:paramiko.transport:Authentication (password) successful!
DEBUG:paramiko.transport:[chan 0] Max packet in: 32768 bytes
DEBUG:paramiko.transport:[chan 0] Max packet out: 4096 bytes
DEBUG:paramiko.transport:Secsh channel 0 opened.
DEBUG:paramiko.transport:[chan 0] Sesch channel 0 request ok
DEBUG:paramiko.transport:[chan 0] Sesch channel 0 request ok
DEBUG:netmiko:write_channel: b'terminal width 511\n'
DEBUG:netmiko:Pattern is: terminal width 511
DEBUG:netmiko:_read_channel_expect read_data: 


cisco3#
DEBUG:netmiko:_read_channel_expect read_data: termi
DEBUG:netmiko:_read_channel_expect read_data: nal wid
DEBUG:netmiko:_read_channel_expect read_data: th 511
cisco3#
DEBUG:netmiko:Pattern found: terminal width 511 


cisco3#terminal width 511
cisco3#
DEBUG:netmiko:In disable_paging
DEBUG:netmiko:Command: terminal length 0

DEBUG:netmiko:write_channel: b'terminal length 0\n'
DEBUG:netmiko:Pattern is: terminal\ length\ 0
DEBUG:netmiko:_read_channel_expect read_data: t
DEBUG:netmiko:_read_channel_expect read_data: ermin
DEBUG:netmiko:_read_channel_expect read_data: al len
DEBUG:netmiko:_read_channel_expect read_data: gth 0
cisco3#
DEBUG:netmiko:Pattern found: terminal\ length\ 0 terminal length 0
cisco3#
DEBUG:netmiko:terminal length 0
cisco3#
DEBUG:netmiko:Exiting disable_paging
DEBUG:netmiko:read_channel: 
DEBUG:netmiko:write_channel: b'\n'
DEBUG:netmiko:read_channel: 
cisco3#
DEBUG:netmiko:read_channel: 
DEBUG:netmiko:[find_prompt()]: prompt is cisco3#
DEBUG:netmiko:read_channel: 
DEBUG:netmiko:write_channel: b'\n'
DEBUG:netmiko:read_channel: 
cisco3#
DEBUG:netmiko:read_channel: 
DEBUG:netmiko:[find_prompt()]: prompt is cisco3#
DEBUG:netmiko:read_channel: 
DEBUG:netmiko:write_channel: b'show interfaces | redirect flash:/show_interfaces.ext\n'
DEBUG:netmiko:Pattern is: show\ interfaces\ \|\ redirect\ flash:/show_interfaces\.ext
DEBUG:netmiko:_read_channel_expect read_data: sh
DEBUG:netmiko:_read_channel_expect read_data: ow inte
DEBUG:netmiko:_read_channel_expect read_data: rfaces
DEBUG:netmiko:_read_channel_expect read_data:  | redi
DEBUG:netmiko:_read_channel_expect read_data: rect fla
DEBUG:netmiko:_read_channel_expect read_data: sh:/sho
DEBUG:netmiko:_read_channel_expect read_data: w_int
DEBUG:netmiko:_read_channel_expect read_data: erface
DEBUG:netmiko:_read_channel_expect read_data: s.ext

DEBUG:netmiko:Pattern found: show\ interfaces\ \|\ redirect\ flash:/show_interfaces\.ext show interfaces | redirect flash:/show_interfaces.ext

DEBUG:netmiko:read_channel: 
DEBUG:netmiko:read_channel: 
cisco3#
DEBUG:netmiko:read_channel: 
DEBUG:netmiko:read_channel: 
DEBUG:netmiko:read_channel: 
DEBUG:netmiko:read_channel: 
DEBUG:netmiko:read_channel: 
DEBUG:netmiko:read_channel: 
DEBUG:netmiko:read_channel: 
DEBUG:netmiko:read_channel: 
DEBUG:netmiko:read_channel: 
DEBUG:netmiko:read_channel: 
DEBUG:netmiko:read_channel: 
DEBUG:netmiko:read_channel: 
DEBUG:netmiko:read_channel: 
DEBUG:netmiko:read_channel: 
DEBUG:netmiko:read_channel: 
DEBUG:netmiko:read_channel: 
DEBUG:netmiko:read_channel: 
DEBUG:netmiko:read_channel: 
DEBUG:netmiko:read_channel: 
DEBUG:netmiko:read_channel: 
DEBUG:netmiko:read_channel: 
DEBUG:netmiko:read_channel: 
DEBUG:netmiko:read_channel: 
DEBUG:netmiko:read_channel: 
DEBUG:netmiko:read_channel: 
DEBUG:netmiko:read_channel: 
DEBUG:netmiko:read_channel: 
DEBUG:netmiko:read_channel: 
DEBUG:netmiko:read_channel: 
DEBUG:netmiko:read_channel: 
DEBUG:netmiko:read_channel: 
DEBUG:netmiko:read_channel: 
DEBUG:netmiko:read_channel: 
DEBUG:netmiko:read_channel: 
DEBUG:netmiko:read_channel: 
DEBUG:netmiko:read_channel: 
DEBUG:netmiko:read_channel: 
DEBUG:netmiko:read_channel: 
DEBUG:netmiko:read_channel: 
DEBUG:netmiko:read_channel: 
DEBUG:netmiko:read_channel: 
DEBUG:netmiko:read_channel: 
DEBUG:netmiko:read_channel: 
DEBUG:netmiko:read_channel: 
DEBUG:netmiko:read_channel: 
DEBUG:netmiko:read_channel: 
DEBUG:netmiko:read_channel: 
DEBUG:netmiko:read_channel: 
DEBUG:netmiko:read_channel: 
DEBUG:netmiko:read_channel: 
DEBUG:netmiko:read_channel: 
DEBUG:netmiko:read_channel: 
DEBUG:netmiko:read_channel: 
DEBUG:netmiko:read_channel: 
DEBUG:netmiko:read_channel: 
DEBUG:netmiko:read_channel: 
DEBUG:netmiko:read_channel: 
DEBUG:netmiko:read_channel: 
DEBUG:netmiko:read_channel: 
DEBUG:netmiko:read_channel: 
DEBUG:netmiko:read_channel: 
DEBUG:netmiko:read_channel: 
DEBUG:netmiko:read_channel: 
DEBUG:netmiko:read_channel: 
DEBUG:netmiko:read_channel: 
DEBUG:netmiko:read_channel: 
DEBUG:netmiko:read_channel: 
DEBUG:netmiko:read_channel: 
DEBUG:netmiko:read_channel: 
DEBUG:netmiko:read_channel: 
DEBUG:netmiko:read_channel: 
DEBUG:netmiko:read_channel: 
DEBUG:netmiko:read_channel: 
DEBUG:netmiko:read_channel: 
DEBUG:netmiko:read_channel: 
DEBUG:netmiko:read_channel: 
DEBUG:netmiko:read_channel: 
DEBUG:netmiko:read_channel: 
DEBUG:netmiko:read_channel: 
DEBUG:netmiko:read_channel: 
DEBUG:netmiko:read_channel: 
DEBUG:netmiko:read_channel: 
DEBUG:netmiko:read_channel: 
DEBUG:netmiko:read_channel: 
DEBUG:netmiko:read_channel: 
DEBUG:netmiko:read_channel: 
DEBUG:netmiko:read_channel: 
DEBUG:netmiko:read_channel: 
DEBUG:netmiko:read_channel: 
DEBUG:netmiko:read_channel: 
DEBUG:netmiko:read_channel: 
DEBUG:netmiko:read_channel: 
DEBUG:netmiko:read_channel: 
DEBUG:netmiko:read_channel: 
DEBUG:netmiko:read_channel: 
DEBUG:netmiko:read_channel: 
DEBUG:netmiko:read_channel: 
DEBUG:netmiko:read_channel: 
DEBUG:netmiko:read_channel: 
DEBUG:netmiko:read_channel: 
DEBUG:netmiko:read_channel: 
DEBUG:netmiko:read_channel: 
DEBUG:netmiko:read_channel: 
DEBUG:netmiko:read_channel: 
DEBUG:netmiko:read_channel: 
DEBUG:netmiko:read_channel: 
DEBUG:netmiko:read_channel: 
DEBUG:netmiko:read_channel: 
DEBUG:netmiko:read_channel: 
DEBUG:netmiko:read_channel: 
DEBUG:netmiko:read_channel: 
DEBUG:netmiko:read_channel: 
DEBUG:netmiko:read_channel: 
DEBUG:netmiko:read_channel: 
DEBUG:netmiko:read_channel: 
DEBUG:netmiko:read_channel: 
DEBUG:netmiko:read_channel: 
DEBUG:netmiko:read_channel: 
DEBUG:netmiko:read_channel: 
DEBUG:netmiko:read_channel: 
DEBUG:netmiko:read_channel: 
DEBUG:netmiko:read_channel: 
DEBUG:netmiko:read_channel: 
DEBUG:netmiko:read_channel: 
DEBUG:netmiko:read_channel: 
DEBUG:netmiko:read_channel: 
DEBUG:netmiko:read_channel: 
DEBUG:netmiko:read_channel: 
DEBUG:netmiko:read_channel: 
DEBUG:netmiko:read_channel: 
DEBUG:netmiko:read_channel: 
DEBUG:netmiko:read_channel: 
DEBUG:netmiko:read_channel: 
DEBUG:netmiko:read_channel: 
DEBUG:netmiko:read_channel: 
DEBUG:netmiko:read_channel: 
DEBUG:netmiko:read_channel: 
DEBUG:netmiko:read_channel: 
DEBUG:netmiko:read_channel: 
DEBUG:netmiko:read_channel: 
DEBUG:netmiko:read_channel: 
DEBUG:netmiko:read_channel: 
DEBUG:netmiko:read_channel: 
DEBUG:netmiko:read_channel: 
DEBUG:netmiko:read_channel: 
DEBUG:netmiko:read_channel: 
DEBUG:netmiko:read_channel: 
DEBUG:netmiko:read_channel: 
DEBUG:netmiko:read_channel: 
DEBUG:netmiko:read_channel: 
DEBUG:netmiko:read_channel: 
DEBUG:netmiko:read_channel: 
DEBUG:netmiko:read_channel: 
DEBUG:netmiko:read_channel: 
DEBUG:netmiko:read_channel: 
DEBUG:netmiko:read_channel: 
DEBUG:netmiko:read_channel: 
DEBUG:netmiko:read_channel: 
DEBUG:netmiko:read_channel: 
DEBUG:netmiko:read_channel: 
DEBUG:netmiko:read_channel: 
DEBUG:netmiko:read_channel: 
DEBUG:netmiko:read_channel: 
DEBUG:netmiko:read_channel: 
DEBUG:netmiko:read_channel: 
DEBUG:netmiko:read_channel: 
DEBUG:netmiko:read_channel: 
DEBUG:netmiko:read_channel: 
DEBUG:netmiko:read_channel: 
DEBUG:netmiko:read_channel: 
DEBUG:netmiko:read_channel: 
DEBUG:netmiko:read_channel: 
DEBUG:netmiko:read_channel: 
DEBUG:netmiko:read_channel: 
DEBUG:netmiko:read_channel: 
DEBUG:netmiko:read_channel: 
DEBUG:netmiko:read_channel: 
DEBUG:netmiko:read_channel: 
DEBUG:netmiko:read_channel: 
DEBUG:netmiko:read_channel: 
DEBUG:netmiko:read_channel: 
DEBUG:netmiko:read_channel: 
DEBUG:netmiko:read_channel: 
DEBUG:netmiko:read_channel: 
DEBUG:netmiko:read_channel: 
DEBUG:netmiko:read_channel: 
DEBUG:netmiko:read_channel: 
DEBUG:netmiko:read_channel: 
DEBUG:netmiko:read_channel: 
DEBUG:netmiko:read_channel: 
DEBUG:netmiko:read_channel: 
DEBUG:netmiko:read_channel: 
DEBUG:netmiko:read_channel: 
DEBUG:netmiko:read_channel: 
DEBUG:netmiko:read_channel: 
DEBUG:netmiko:read_channel: 
DEBUG:netmiko:read_channel: 
DEBUG:netmiko:read_channel: 
DEBUG:netmiko:read_channel: 
DEBUG:netmiko:read_channel: 
DEBUG:netmiko:read_channel: 
DEBUG:netmiko:read_channel: 
DEBUG:netmiko:read_channel: 
DEBUG:netmiko:read_channel: 
DEBUG:netmiko:read_channel: 
DEBUG:netmiko:read_channel: 
DEBUG:netmiko:read_channel: 
DEBUG:netmiko:read_channel: 
DEBUG:netmiko:read_channel: 
DEBUG:netmiko:read_channel: 
DEBUG:netmiko:read_channel: 
DEBUG:netmiko:read_channel: 
DEBUG:netmiko:read_channel: 
DEBUG:netmiko:read_channel: 
DEBUG:netmiko:read_channel: 
DEBUG:netmiko:read_channel: 
DEBUG:netmiko:read_channel: 
DEBUG:netmiko:read_channel: 
DEBUG:netmiko:read_channel: 
DEBUG:netmiko:read_channel: 
DEBUG:netmiko:read_channel: 
DEBUG:netmiko:read_channel: 
DEBUG:netmiko:read_channel: 
DEBUG:netmiko:read_channel: 
DEBUG:netmiko:read_channel: 
DEBUG:netmiko:read_channel: 
DEBUG:netmiko:read_channel: 
DEBUG:netmiko:read_channel: 
DEBUG:netmiko:read_channel: 
DEBUG:netmiko:read_channel: 
DEBUG:netmiko:read_channel: 
DEBUG:netmiko:read_channel: 
DEBUG:netmiko:read_channel: 
DEBUG:netmiko:read_channel: 
DEBUG:netmiko:read_channel: 
DEBUG:netmiko:read_channel: 
DEBUG:netmiko:read_channel: 
DEBUG:netmiko:read_channel: 
DEBUG:netmiko:read_channel: 
DEBUG:netmiko:read_channel: 
DEBUG:netmiko:read_channel: 
DEBUG:netmiko:read_channel: 
DEBUG:netmiko:read_channel: 
DEBUG:netmiko:read_channel: 
DEBUG:netmiko:read_channel: 
DEBUG:netmiko:read_channel: 
DEBUG:netmiko:read_channel: 
DEBUG:netmiko:read_channel: 
DEBUG:netmiko:read_channel: 
DEBUG:netmiko:read_channel: 
DEBUG:netmiko:read_channel: 
DEBUG:netmiko:read_channel: 
DEBUG:netmiko:read_channel: 
DEBUG:netmiko:read_channel: 
DEBUG:netmiko:read_channel: 
DEBUG:netmiko:read_channel: 
DEBUG:netmiko:read_channel: 
DEBUG:netmiko:read_channel: 
DEBUG:netmiko:read_channel: 
DEBUG:netmiko:read_channel: 
DEBUG:netmiko:read_channel: 
DEBUG:netmiko:read_channel: 
DEBUG:netmiko:read_channel: 
DEBUG:netmiko:read_channel: 
DEBUG:netmiko:read_channel: 
DEBUG:netmiko:read_channel: 
DEBUG:netmiko:read_channel: 
DEBUG:netmiko:read_channel: 
DEBUG:netmiko:read_channel: 
DEBUG:netmiko:read_channel: 
DEBUG:netmiko:read_channel: 
DEBUG:netmiko:read_channel: 
DEBUG:netmiko:read_channel: 
DEBUG:netmiko:read_channel: 
DEBUG:netmiko:read_channel: 
DEBUG:netmiko:read_channel: 
DEBUG:netmiko:read_channel: 
DEBUG:netmiko:read_channel: 
DEBUG:netmiko:read_channel: 
DEBUG:netmiko:read_channel: 
DEBUG:netmiko:read_channel: 
DEBUG:netmiko:read_channel: 
DEBUG:netmiko:read_channel: 
DEBUG:netmiko:read_channel: 
DEBUG:netmiko:read_channel: 
DEBUG:netmiko:read_channel: 
DEBUG:netmiko:read_channel: 
DEBUG:netmiko:read_channel: 
DEBUG:netmiko:read_channel: 
DEBUG:netmiko:read_channel: 
DEBUG:netmiko:read_channel: 
DEBUG:netmiko:read_channel: 
DEBUG:netmiko:read_channel: 
DEBUG:netmiko:read_channel: 
DEBUG:netmiko:read_channel: 
DEBUG:netmiko:read_channel: 
DEBUG:netmiko:read_channel: 
DEBUG:netmiko:read_channel: 
DEBUG:netmiko:read_channel: 
DEBUG:netmiko:read_channel: 
DEBUG:netmiko:read_channel: 
DEBUG:netmiko:read_channel: 
DEBUG:netmiko:read_channel: 
DEBUG:netmiko:read_channel: 
DEBUG:netmiko:read_channel: 
DEBUG:netmiko:read_channel: 
DEBUG:netmiko:read_channel: 
DEBUG:netmiko:read_channel: 
DEBUG:netmiko:read_channel: 
DEBUG:netmiko:read_channel: 
DEBUG:netmiko:read_channel: 
DEBUG:netmiko:read_channel: 
DEBUG:netmiko:read_channel: 
DEBUG:netmiko:read_channel: 
DEBUG:netmiko:read_channel: 
DEBUG:netmiko:read_channel: 
DEBUG:netmiko:read_channel: 
DEBUG:netmiko:read_channel: 
DEBUG:netmiko:read_channel: 
DEBUG:netmiko:read_channel: 
DEBUG:netmiko:read_channel: 
DEBUG:netmiko:read_channel: 
DEBUG:netmiko:read_channel: 
DEBUG:netmiko:read_channel: 
DEBUG:netmiko:read_channel: 
DEBUG:netmiko:read_channel: 
DEBUG:netmiko:read_channel: 
DEBUG:netmiko:read_channel: 
DEBUG:netmiko:read_channel: 
DEBUG:netmiko:read_channel: 
DEBUG:netmiko:read_channel: 
DEBUG:netmiko:read_channel: 
DEBUG:netmiko:read_channel: 
DEBUG:netmiko:read_channel: 
DEBUG:netmiko:read_channel: 
DEBUG:netmiko:read_channel: 
DEBUG:netmiko:read_channel: 
DEBUG:netmiko:read_channel: 
DEBUG:netmiko:read_channel: 
DEBUG:netmiko:read_channel: 
DEBUG:netmiko:read_channel: 
DEBUG:netmiko:read_channel: 
DEBUG:netmiko:read_channel: 
DEBUG:netmiko:read_channel: 
DEBUG:netmiko:read_channel: 
DEBUG:netmiko:read_channel: 
DEBUG:netmiko:read_channel: 
DEBUG:netmiko:read_channel: 
DEBUG:netmiko:read_channel: 
DEBUG:netmiko:read_channel: 
DEBUG:netmiko:read_channel: 
DEBUG:netmiko:read_channel: 
DEBUG:netmiko:read_channel: 
DEBUG:netmiko:read_channel: 
DEBUG:netmiko:read_channel: 
DEBUG:netmiko:read_channel: 
DEBUG:netmiko:read_channel: 
DEBUG:netmiko:read_channel: 
DEBUG:netmiko:read_channel: 
DEBUG:netmiko:read_channel: 
DEBUG:netmiko:read_channel: 
DEBUG:netmiko:read_channel: 
DEBUG:netmiko:read_channel: 
DEBUG:netmiko:read_channel: 
DEBUG:netmiko:read_channel: 
DEBUG:netmiko:read_channel: 
DEBUG:netmiko:read_channel: 
DEBUG:netmiko:read_channel: 
DEBUG:netmiko:read_channel: 
DEBUG:netmiko:read_channel: 
DEBUG:netmiko:read_channel: 
DEBUG:netmiko:read_channel: 
DEBUG:netmiko:read_channel: 
DEBUG:netmiko:read_channel: 
DEBUG:netmiko:read_channel: 
DEBUG:netmiko:read_channel: 
DEBUG:netmiko:read_channel: 
DEBUG:netmiko:read_channel: 
DEBUG:netmiko:read_channel: 
DEBUG:netmiko:read_channel: 
DEBUG:netmiko:read_channel: 
DEBUG:netmiko:read_channel: 
DEBUG:netmiko:read_channel: 
DEBUG:netmiko:read_channel: 
DEBUG:netmiko:read_channel: 
DEBUG:netmiko:read_channel: 
DEBUG:netmiko:read_channel: 
DEBUG:netmiko:read_channel: 
DEBUG:netmiko:read_channel: 
DEBUG:netmiko:read_channel: 
DEBUG:netmiko:read_channel: 
DEBUG:netmiko:read_channel: 
DEBUG:netmiko:read_channel: 
DEBUG:netmiko:read_channel: 
DEBUG:netmiko:read_channel: 
DEBUG:netmiko:read_channel: 
DEBUG:netmiko:read_channel: 
DEBUG:netmiko:read_channel: 
DEBUG:netmiko:read_channel: 
DEBUG:netmiko:read_channel: 
DEBUG:netmiko:read_channel: 
DEBUG:netmiko:read_channel: 
DEBUG:netmiko:read_channel: 
DEBUG:netmiko:read_channel: 
DEBUG:netmiko:read_channel: 
DEBUG:netmiko:read_channel: 
DEBUG:netmiko:read_channel: 
DEBUG:netmiko:read_channel: 
DEBUG:netmiko:read_channel: 
DEBUG:netmiko:read_channel: 
DEBUG:netmiko:read_channel: 
DEBUG:netmiko:read_channel: 
DEBUG:netmiko:read_channel: 
DEBUG:netmiko:read_channel: 
DEBUG:netmiko:read_channel: 
DEBUG:netmiko:read_channel: 
DEBUG:netmiko:read_channel: 
DEBUG:netmiko:read_channel: 
DEBUG:netmiko:read_channel: 
DEBUG:netmiko:read_channel: 
DEBUG:netmiko:read_channel: 
DEBUG:netmiko:read_channel: 
DEBUG:netmiko:read_channel: 
DEBUG:netmiko:read_channel: 
DEBUG:netmiko:read_channel: 
DEBUG:netmiko:read_channel: 
DEBUG:netmiko:read_channel: 
DEBUG:netmiko:read_channel: 
DEBUG:netmiko:read_channel: 
DEBUG:netmiko:read_channel: 
DEBUG:netmiko:read_channel: 
DEBUG:netmiko:read_channel: 
DEBUG:netmiko:read_channel: 
DEBUG:netmiko:read_channel: 
DEBUG:netmiko:read_channel: 
DEBUG:netmiko:read_channel: 
DEBUG:netmiko:read_channel: 
DEBUG:netmiko:read_channel: 
DEBUG:netmiko:read_channel: 
DEBUG:netmiko:read_channel: 
DEBUG:netmiko:read_channel: 
DEBUG:netmiko:read_channel: 
DEBUG:netmiko:read_channel: 
DEBUG:netmiko:read_channel: 
DEBUG:netmiko:read_channel: 
DEBUG:netmiko:read_channel: 
DEBUG:netmiko:read_channel: 
DEBUG:netmiko:read_channel: 
DEBUG:netmiko:read_channel: 
DEBUG:netmiko:read_channel: 
DEBUG:netmiko:read_channel: 
DEBUG:netmiko:read_channel: 
DEBUG:netmiko:read_channel: 
DEBUG:netmiko:read_channel: 
DEBUG:netmiko:read_channel: 
DEBUG:netmiko:read_channel: 
DEBUG:netmiko:read_channel: 
DEBUG:netmiko:read_channel: 
DEBUG:netmiko:read_channel: 
DEBUG:netmiko:read_channel: 
DEBUG:netmiko:read_channel: 
DEBUG:netmiko:read_channel: 
DEBUG:netmiko:read_channel: 
DEBUG:netmiko:read_channel: 
DEBUG:netmiko:read_channel: 
DEBUG:netmiko:read_channel: 
DEBUG:netmiko:read_channel: 
DEBUG:netmiko:read_channel: 
DEBUG:netmiko:read_channel: 
DEBUG:netmiko:read_channel: 
DEBUG:netmiko:read_channel: 
DEBUG:netmiko:read_channel: 
DEBUG:netmiko:read_channel: 
DEBUG:netmiko:read_channel: 
DEBUG:netmiko:read_channel: 
DEBUG:netmiko:read_channel: 
DEBUG:netmiko:read_channel: 
DEBUG:netmiko:read_channel: 
DEBUG:netmiko:read_channel: 
DEBUG:netmiko:read_channel: 
DEBUG:netmiko:read_channel: 
DEBUG:netmiko:read_channel: 
DEBUG:netmiko:read_channel: 
DEBUG:netmiko:read_channel: 
DEBUG:netmiko:read_channel: 
DEBUG:netmiko:read_channel: 
DEBUG:netmiko:read_channel: 
DEBUG:netmiko:read_channel: 
DEBUG:netmiko:read_channel: 
DEBUG:netmiko:read_channel: 
DEBUG:netmiko:read_channel: 
DEBUG:netmiko:read_channel: 
DEBUG:netmiko:read_channel: 
DEBUG:netmiko:read_channel: 
DEBUG:netmiko:read_channel: 
DEBUG:netmiko:read_channel: 
DEBUG:netmiko:read_channel: 
DEBUG:netmiko:read_channel: 
DEBUG:netmiko:write_channel: b'\n'
DEBUG:netmiko:read_channel: 
cisco3#
DEBUG:netmiko:read_channel: 
DEBUG:netmiko:read_channel: 
DEBUG:netmiko:write_channel: b'exit\n'
DEBUG:paramiko.transport:starting thread (client mode): 0xc14659d0
DEBUG:paramiko.transport:Local version/idstring: SSH-2.0-paramiko_2.7.2
DEBUG:paramiko.transport:Remote version/idstring: SSH-2.0-Cisco-1.25
INFO:paramiko.transport:Connected (version 2.0, client Cisco-1.25)
DEBUG:paramiko.transport:kex algos:['diffie-hellman-group-exchange-sha1', 'diffie-hellman-group14-sha1'] server key:['ssh-rsa'] client encrypt:['aes128-ctr', 'aes192-ctr', 'aes256-ctr'] server encrypt:['aes128-ctr', 'aes192-ctr', 'aes256-ctr'] client mac:['hmac-sha2-256', 'hmac-sha2-512', 'hmac-sha1', 'hmac-sha1-96'] server mac:['hmac-sha2-256', 'hmac-sha2-512', 'hmac-sha1', 'hmac-sha1-96'] client compress:['none'] server compress:['none'] client lang:[''] server lang:[''] kex follows?False
DEBUG:paramiko.transport:Kex agreed: diffie-hellman-group-exchange-sha1
DEBUG:paramiko.transport:HostKey agreed: ssh-rsa
DEBUG:paramiko.transport:Cipher agreed: aes128-ctr
DEBUG:paramiko.transport:MAC agreed: hmac-sha2-256
DEBUG:paramiko.transport:Compression agreed: none
DEBUG:paramiko.transport:Got server p (2048 bits)
DEBUG:paramiko.transport:kex engine KexGex specified hash_algo <built-in function openssl_sha1>
DEBUG:paramiko.transport:Switch to new keys ...
DEBUG:paramiko.transport:Adding ssh-rsa host key for cisco3.lasthop.io: b'f05fe0c73e29ddad92927e052a4b03f6'
DEBUG:paramiko.transport:userauth is OK
INFO:paramiko.transport:Authentication (password) successful!
DEBUG:paramiko.transport:[chan 0] Max packet in: 32768 bytes
DEBUG:paramiko.transport:[chan 0] Max packet out: 4096 bytes
DEBUG:paramiko.transport:Secsh channel 0 opened.
DEBUG:paramiko.transport:[chan 0] Sesch channel 0 request ok
DEBUG:paramiko.transport:[chan 0] Sesch channel 0 request ok
DEBUG:netmiko:write_channel: b'terminal width 511\n'
DEBUG:netmiko:Pattern is: terminal width 511
DEBUG:netmiko:_read_channel_expect read_data: 

cisco3#
DEBUG:netmiko:_read_channel_expect read_data: termin
DEBUG:netmiko:_read_channel_expect read_data: al widt
DEBUG:netmiko:_read_channel_expect read_data: h 511

DEBUG:netmiko:Pattern found: terminal width 511 

cisco3#terminal width 511

DEBUG:netmiko:In disable_paging
DEBUG:netmiko:Command: terminal length 0

DEBUG:netmiko:write_channel: b'terminal length 0\n'
DEBUG:netmiko:Pattern is: terminal\ length\ 0
DEBUG:netmiko:_read_channel_expect read_data: cisco3#
DEBUG:netmiko:_read_channel_expect read_data: term
DEBUG:netmiko:_read_channel_expect read_data: inal len
DEBUG:netmiko:_read_channel_expect read_data: gth 0
cisco3#
DEBUG:netmiko:Pattern found: terminal\ length\ 0 cisco3#terminal length 0
cisco3#
DEBUG:netmiko:cisco3#terminal length 0
cisco3#
DEBUG:netmiko:Exiting disable_paging
DEBUG:netmiko:read_channel: 
DEBUG:netmiko:write_channel: b'\n'
DEBUG:netmiko:read_channel: 
cisco3#
DEBUG:netmiko:read_channel: 
DEBUG:netmiko:[find_prompt()]: prompt is cisco3#
DEBUG:netmiko:read_channel: 
DEBUG:netmiko:write_channel: b'\n'
DEBUG:netmiko:read_channel: 
cisco3#
DEBUG:netmiko:read_channel: 
DEBUG:netmiko:[find_prompt()]: prompt is cisco3#
DEBUG:netmiko:write_channel: b'\n'
DEBUG:netmiko:read_channel: 
cisco3#
DEBUG:netmiko:read_channel: 
DEBUG:netmiko:read_channel: 
DEBUG:netmiko:write_channel: b'exit\n'
DEBUG:paramiko.transport:starting thread (client mode): 0x198a8950
DEBUG:paramiko.transport:Local version/idstring: SSH-2.0-paramiko_2.7.2
DEBUG:paramiko.transport:Remote version/idstring: SSH-2.0-Cisco-1.25
INFO:paramiko.transport:Connected (version 2.0, client Cisco-1.25)
DEBUG:paramiko.transport:kex algos:['diffie-hellman-group-exchange-sha1', 'diffie-hellman-group14-sha1'] server key:['ssh-rsa'] client encrypt:['aes128-ctr', 'aes192-ctr', 'aes256-ctr'] server encrypt:['aes128-ctr', 'aes192-ctr', 'aes256-ctr'] client mac:['hmac-sha2-256', 'hmac-sha2-512', 'hmac-sha1', 'hmac-sha1-96'] server mac:['hmac-sha2-256', 'hmac-sha2-512', 'hmac-sha1', 'hmac-sha1-96'] client compress:['none'] server compress:['none'] client lang:[''] server lang:[''] kex follows?False
DEBUG:paramiko.transport:Kex agreed: diffie-hellman-group-exchange-sha1
DEBUG:paramiko.transport:HostKey agreed: ssh-rsa
DEBUG:paramiko.transport:Cipher agreed: aes128-ctr
DEBUG:paramiko.transport:MAC agreed: hmac-sha2-256
DEBUG:paramiko.transport:Compression agreed: none
DEBUG:paramiko.transport:Got server p (2048 bits)
DEBUG:paramiko.transport:kex engine KexGex specified hash_algo <built-in function openssl_sha1>
DEBUG:paramiko.transport:Switch to new keys ...
DEBUG:paramiko.transport:Adding ssh-rsa host key for cisco3.lasthop.io: b'f05fe0c73e29ddad92927e052a4b03f6'
DEBUG:paramiko.transport:userauth is OK
INFO:paramiko.transport:Authentication (password) successful!
DEBUG:paramiko.transport:[chan 0] Max packet in: 32768 bytes
DEBUG:paramiko.transport:[chan 0] Max packet out: 4096 bytes
DEBUG:paramiko.transport:Secsh channel 0 opened.
DEBUG:paramiko.transport:[chan 0] Sesch channel 0 request ok
DEBUG:paramiko.transport:[chan 0] Sesch channel 0 request ok
DEBUG:netmiko:write_channel: b'terminal width 511\n'
DEBUG:netmiko:Pattern is: terminal width 511
DEBUG:netmiko:_read_channel_expect read_data: 

cisco3#
DEBUG:netmiko:_read_channel_expect read_data: termi
DEBUG:netmiko:_read_channel_expect read_data: nal wi
DEBUG:netmiko:_read_channel_expect read_data: dth 51
DEBUG:netmiko:_read_channel_expect read_data: 1
cisco3#
DEBUG:netmiko:Pattern found: terminal width 511 

cisco3#terminal width 511
cisco3#
DEBUG:netmiko:In disable_paging
DEBUG:netmiko:Command: terminal length 0

DEBUG:netmiko:write_channel: b'terminal length 0\n'
DEBUG:netmiko:Pattern is: terminal\ length\ 0
DEBUG:netmiko:_read_channel_expect read_data: t
DEBUG:netmiko:_read_channel_expect read_data: erminal
DEBUG:netmiko:_read_channel_expect read_data:  len
DEBUG:netmiko:_read_channel_expect read_data: gth 0
cisco3#
DEBUG:netmiko:Pattern found: terminal\ length\ 0 terminal length 0
cisco3#
DEBUG:netmiko:terminal length 0
cisco3#
DEBUG:netmiko:Exiting disable_paging
DEBUG:netmiko:read_channel: 
DEBUG:netmiko:write_channel: b'\n'
DEBUG:netmiko:read_channel: 
cisco3#
DEBUG:netmiko:read_channel: 
DEBUG:netmiko:[find_prompt()]: prompt is cisco3#
DEBUG:netmiko:read_channel: 
DEBUG:netmiko:write_channel: b'\n'
DEBUG:netmiko:read_channel: 
cisco3#
DEBUG:netmiko:read_channel: 
DEBUG:netmiko:[find_prompt()]: prompt is cisco3#
DEBUG:netmiko:write_channel: b'show interfaces | redirect flash:/show_interfaces.ext\n'
DEBUG:netmiko:send_command_timing current output: 
DEBUG:netmiko:read_channel: show interfaces | redirect flash:/show_interfaces.ext
%Warning: There is a file already existing with this name
Do you want to over write? [confirm]
DEBUG:netmiko:read_channel: 
DEBUG:netmiko:read_channel: 
DEBUG:netmiko:send_command_timing final output: show interfaces | redirect flash:/show_interfaces.ext
%Warning: There is a file already existing with this name
Do you want to over write? [confirm]
DEBUG:netmiko:read_channel: 
DEBUG:netmiko:write_channel: b'\n'
DEBUG:netmiko:read_channel: 
DEBUG:netmiko:read_channel: 
DEBUG:netmiko:write_channel: b'\n'
DEBUG:netmiko:read_channel: 
DEBUG:netmiko:write_channel: b'\n'
DEBUG:netmiko:read_channel: 

cisco3#
cisco3#
cisco3#
DEBUG:netmiko:read_channel: 
DEBUG:netmiko:[find_prompt()]: prompt is cisco3#
DEBUG:netmiko:read_channel: 
DEBUG:netmiko:write_channel: b'more flash:/show_interfaces_jdg.txt\n'
DEBUG:netmiko:Pattern is: more\ flash:/show_interfaces_jdg\.txt
DEBUG:netmiko:_read_channel_expect read_data: mo
DEBUG:netmiko:_read_channel_expect read_data: re fla
DEBUG:netmiko:_read_channel_expect read_data: sh:/show
DEBUG:netmiko:_read_channel_expect read_data: _interf
DEBUG:netmiko:_read_channel_expect read_data: aces_jd
DEBUG:netmiko:_read_channel_expect read_data: g.txt

DEBUG:netmiko:Pattern found: more\ flash:/show_interfaces_jdg\.txt more flash:/show_interfaces_jdg.txt

DEBUG:netmiko:read_channel: %Error opening bootflash:/show_interfaces_jdg.txt (Permission denied)
cisco3#
DEBUG:netmiko:write_channel: b'\n'
DEBUG:netmiko:read_channel: 
cisco3#
DEBUG:netmiko:read_channel: 
DEBUG:netmiko:read_channel: 
DEBUG:netmiko:write_channel: b'exit\n'
DEBUG:paramiko.transport:starting thread (client mode): 0xdcd72950
DEBUG:paramiko.transport:Local version/idstring: SSH-2.0-paramiko_2.7.2
DEBUG:paramiko.transport:Remote version/idstring: SSH-2.0-Cisco-1.25
INFO:paramiko.transport:Connected (version 2.0, client Cisco-1.25)
DEBUG:paramiko.transport:kex algos:['diffie-hellman-group-exchange-sha1', 'diffie-hellman-group14-sha1'] server key:['ssh-rsa'] client encrypt:['aes128-ctr', 'aes192-ctr', 'aes256-ctr'] server encrypt:['aes128-ctr', 'aes192-ctr', 'aes256-ctr'] client mac:['hmac-sha2-256', 'hmac-sha2-512', 'hmac-sha1', 'hmac-sha1-96'] server mac:['hmac-sha2-256', 'hmac-sha2-512', 'hmac-sha1', 'hmac-sha1-96'] client compress:['none'] server compress:['none'] client lang:[''] server lang:[''] kex follows?False
DEBUG:paramiko.transport:Kex agreed: diffie-hellman-group-exchange-sha1
DEBUG:paramiko.transport:HostKey agreed: ssh-rsa
DEBUG:paramiko.transport:Cipher agreed: aes128-ctr
DEBUG:paramiko.transport:MAC agreed: hmac-sha2-256
DEBUG:paramiko.transport:Compression agreed: none
DEBUG:paramiko.transport:Got server p (2048 bits)
DEBUG:paramiko.transport:kex engine KexGex specified hash_algo <built-in function openssl_sha1>
DEBUG:paramiko.transport:Switch to new keys ...
DEBUG:paramiko.transport:Adding ssh-rsa host key for cisco3.lasthop.io: b'f05fe0c73e29ddad92927e052a4b03f6'
DEBUG:paramiko.transport:userauth is OK
INFO:paramiko.transport:Authentication (password) successful!
DEBUG:paramiko.transport:[chan 0] Max packet in: 32768 bytes
DEBUG:paramiko.transport:[chan 0] Max packet out: 4096 bytes
DEBUG:paramiko.transport:Secsh channel 0 opened.
DEBUG:paramiko.transport:[chan 0] Sesch channel 0 request ok
DEBUG:paramiko.transport:[chan 0] Sesch channel 0 request ok
DEBUG:netmiko:write_channel: b'terminal width 511\n'
DEBUG:netmiko:Pattern is: terminal width 511
DEBUG:netmiko:_read_channel_expect read_data: 


cisco3#
DEBUG:netmiko:_read_channel_expect read_data: termi
DEBUG:netmiko:_read_channel_expect read_data: nal wi
DEBUG:netmiko:_read_channel_expect read_data: dth 5
DEBUG:netmiko:_read_channel_expect read_data: 11
cisco3#
DEBUG:netmiko:Pattern found: terminal width 511 


cisco3#terminal width 511
cisco3#
DEBUG:netmiko:In disable_paging
DEBUG:netmiko:Command: terminal length 0

DEBUG:netmiko:write_channel: b'terminal length 0\n'
DEBUG:netmiko:Pattern is: terminal\ length\ 0
DEBUG:netmiko:_read_channel_expect read_data: t
DEBUG:netmiko:_read_channel_expect read_data: ermina
DEBUG:netmiko:_read_channel_expect read_data: l len
DEBUG:netmiko:_read_channel_expect read_data: gth 0
cisco3#
DEBUG:netmiko:Pattern found: terminal\ length\ 0 terminal length 0
cisco3#
DEBUG:netmiko:terminal length 0
cisco3#
DEBUG:netmiko:Exiting disable_paging
DEBUG:netmiko:read_channel: 
DEBUG:netmiko:write_channel: b'\n'
DEBUG:netmiko:read_channel: 
cisco3#
DEBUG:netmiko:read_channel: 
DEBUG:netmiko:[find_prompt()]: prompt is cisco3#
DEBUG:netmiko:read_channel: 
DEBUG:netmiko:write_channel: b'\n'
DEBUG:netmiko:read_channel: 
cisco3#
DEBUG:netmiko:read_channel: 
DEBUG:netmiko:[find_prompt()]: prompt is cisco3#
DEBUG:netmiko:write_channel: b'show interfaces | redirect flash:/show_interfaces.ext\n'
DEBUG:netmiko:send_command_timing current output: 
DEBUG:netmiko:read_channel: show interfaces | redirect flash:/show_interfaces.ext
%Warning: There is a file already existing with this name
Do you want to over write? [confirm]
DEBUG:netmiko:read_channel: 
DEBUG:netmiko:read_channel: 
DEBUG:netmiko:send_command_timing final output: show interfaces | redirect flash:/show_interfaces.ext
%Warning: There is a file already existing with this name
Do you want to over write? [confirm]
DEBUG:netmiko:read_channel: 
DEBUG:netmiko:write_channel: b'\n'
DEBUG:netmiko:read_channel: 
DEBUG:netmiko:read_channel: 
DEBUG:netmiko:write_channel: b'\n'
DEBUG:netmiko:read_channel: 
DEBUG:netmiko:write_channel: b'\n'
DEBUG:netmiko:read_channel: 

cisco3#
cisco3#
cisco3#
DEBUG:netmiko:read_channel: 
DEBUG:netmiko:[find_prompt()]: prompt is cisco3#
DEBUG:netmiko:read_channel: 
DEBUG:netmiko:write_channel: b'more flash:/show_interfaces_jdg.txt\n'
DEBUG:netmiko:Pattern is: more\ flash:/show_interfaces_jdg\.txt
DEBUG:netmiko:_read_channel_expect read_data: mo
DEBUG:netmiko:_read_channel_expect read_data: re f
DEBUG:netmiko:_read_channel_expect read_data: lash:/
DEBUG:netmiko:_read_channel_expect read_data: show_int
DEBUG:netmiko:_read_channel_expect read_data: erface
DEBUG:netmiko:_read_channel_expect read_data: s_jdg.tx
DEBUG:netmiko:_read_channel_expect read_data: t
%Error opening bootflash:/show_interfaces_jdg.txt (Permission denied)
cisco3#
DEBUG:netmiko:Pattern found: more\ flash:/show_interfaces_jdg\.txt more flash:/show_interfaces_jdg.txt
%Error opening bootflash:/show_interfaces_jdg.txt (Permission denied)
cisco3#
DEBUG:netmiko:write_channel: b'\n'
DEBUG:netmiko:read_channel: 
cisco3#
DEBUG:netmiko:read_channel: 
DEBUG:netmiko:read_channel: 
DEBUG:netmiko:write_channel: b'exit\n'
DEBUG:paramiko.transport:starting thread (client mode): 0x2f69950
DEBUG:paramiko.transport:Local version/idstring: SSH-2.0-paramiko_2.7.2
DEBUG:paramiko.transport:Remote version/idstring: SSH-2.0-Cisco-1.25
INFO:paramiko.transport:Connected (version 2.0, client Cisco-1.25)
DEBUG:paramiko.transport:kex algos:['diffie-hellman-group-exchange-sha1', 'diffie-hellman-group14-sha1'] server key:['ssh-rsa'] client encrypt:['aes128-ctr', 'aes192-ctr', 'aes256-ctr'] server encrypt:['aes128-ctr', 'aes192-ctr', 'aes256-ctr'] client mac:['hmac-sha2-256', 'hmac-sha2-512', 'hmac-sha1', 'hmac-sha1-96'] server mac:['hmac-sha2-256', 'hmac-sha2-512', 'hmac-sha1', 'hmac-sha1-96'] client compress:['none'] server compress:['none'] client lang:[''] server lang:[''] kex follows?False
DEBUG:paramiko.transport:Kex agreed: diffie-hellman-group-exchange-sha1
DEBUG:paramiko.transport:HostKey agreed: ssh-rsa
DEBUG:paramiko.transport:Cipher agreed: aes128-ctr
DEBUG:paramiko.transport:MAC agreed: hmac-sha2-256
DEBUG:paramiko.transport:Compression agreed: none
DEBUG:paramiko.transport:Got server p (2048 bits)
DEBUG:paramiko.transport:kex engine KexGex specified hash_algo <built-in function openssl_sha1>
DEBUG:paramiko.transport:Switch to new keys ...
DEBUG:paramiko.transport:Adding ssh-rsa host key for cisco3.lasthop.io: b'f05fe0c73e29ddad92927e052a4b03f6'
DEBUG:paramiko.transport:userauth is OK
INFO:paramiko.transport:Authentication (password) successful!
DEBUG:paramiko.transport:[chan 0] Max packet in: 32768 bytes
DEBUG:paramiko.transport:[chan 0] Max packet out: 4096 bytes
DEBUG:paramiko.transport:Secsh channel 0 opened.
DEBUG:paramiko.transport:[chan 0] Sesch channel 0 request ok
DEBUG:paramiko.transport:[chan 0] Sesch channel 0 request ok
DEBUG:netmiko:write_channel: b'terminal width 511\n'
DEBUG:netmiko:Pattern is: terminal width 511
DEBUG:netmiko:_read_channel_expect read_data: 

cisco3#
DEBUG:netmiko:_read_channel_expect read_data: termi
DEBUG:netmiko:_read_channel_expect read_data: nal wid
DEBUG:netmiko:_read_channel_expect read_data: th 511
cisco3#
DEBUG:netmiko:Pattern found: terminal width 511 

cisco3#terminal width 511
cisco3#
DEBUG:netmiko:In disable_paging
DEBUG:netmiko:Command: terminal length 0

DEBUG:netmiko:write_channel: b'terminal length 0\n'
DEBUG:netmiko:Pattern is: terminal\ length\ 0
DEBUG:netmiko:_read_channel_expect read_data: t
DEBUG:netmiko:_read_channel_expect read_data: erminal
DEBUG:netmiko:_read_channel_expect read_data:  length 
DEBUG:netmiko:_read_channel_expect read_data: 0
cisco3#
DEBUG:netmiko:Pattern found: terminal\ length\ 0 terminal length 0
cisco3#
DEBUG:netmiko:terminal length 0
cisco3#
DEBUG:netmiko:Exiting disable_paging
DEBUG:netmiko:read_channel: 
DEBUG:netmiko:write_channel: b'\n'
DEBUG:netmiko:read_channel: 
cisco3#
DEBUG:netmiko:read_channel: 
DEBUG:netmiko:[find_prompt()]: prompt is cisco3#
DEBUG:netmiko:read_channel: 
DEBUG:netmiko:write_channel: b'\n'
DEBUG:netmiko:read_channel: 
cisco3#
DEBUG:netmiko:read_channel: 
DEBUG:netmiko:[find_prompt()]: prompt is cisco3#
DEBUG:netmiko:write_channel: b'show interfaces | redirect flash:/show_interfaces_jdg.ext\n'
DEBUG:netmiko:send_command_timing current output: 
DEBUG:netmiko:read_channel: show interfaces | redirect flash:/show_interfaces_jdg.ext

DEBUG:netmiko:read_channel: 
cisco3#
DEBUG:netmiko:read_channel: 
DEBUG:netmiko:read_channel: 
DEBUG:netmiko:send_command_timing final output: show interfaces | redirect flash:/show_interfaces_jdg.ext
















































































































































































































































cisco3#
DEBUG:netmiko:read_channel: 
DEBUG:netmiko:write_channel: b'\n'
DEBUG:netmiko:read_channel: 
cisco3#
DEBUG:netmiko:read_channel: 
DEBUG:netmiko:[find_prompt()]: prompt is cisco3#
DEBUG:netmiko:read_channel: 
DEBUG:netmiko:write_channel: b'more flash:/show_interfaces_jdg.txt\n'
DEBUG:netmiko:Pattern is: more\ flash:/show_interfaces_jdg\.txt
DEBUG:netmiko:_read_channel_expect read_data: m
DEBUG:netmiko:_read_channel_expect read_data: ore fl
DEBUG:netmiko:_read_channel_expect read_data: ash:/show_
DEBUG:netmiko:_read_channel_expect read_data: inter
DEBUG:netmiko:_read_channel_expect read_data: faces_j
DEBUG:netmiko:_read_channel_expect read_data: dg.txt

DEBUG:netmiko:Pattern found: more\ flash:/show_interfaces_jdg\.txt more flash:/show_interfaces_jdg.txt

DEBUG:netmiko:read_channel: %Error opening bootflash:/show_interfaces_jdg.txt (Permission denied)
cisco3#
DEBUG:netmiko:write_channel: b'\n'
DEBUG:netmiko:read_channel: 
cisco3#
DEBUG:netmiko:read_channel: 
DEBUG:netmiko:read_channel: 
DEBUG:netmiko:write_channel: b'exit\n'
DEBUG:paramiko.transport:starting thread (client mode): 0x2530a990
DEBUG:paramiko.transport:Local version/idstring: SSH-2.0-paramiko_2.7.2
DEBUG:paramiko.transport:Remote version/idstring: SSH-2.0-Cisco-1.25
INFO:paramiko.transport:Connected (version 2.0, client Cisco-1.25)
DEBUG:paramiko.transport:kex algos:['diffie-hellman-group-exchange-sha1', 'diffie-hellman-group14-sha1'] server key:['ssh-rsa'] client encrypt:['aes128-ctr', 'aes192-ctr', 'aes256-ctr'] server encrypt:['aes128-ctr', 'aes192-ctr', 'aes256-ctr'] client mac:['hmac-sha2-256', 'hmac-sha2-512', 'hmac-sha1', 'hmac-sha1-96'] server mac:['hmac-sha2-256', 'hmac-sha2-512', 'hmac-sha1', 'hmac-sha1-96'] client compress:['none'] server compress:['none'] client lang:[''] server lang:[''] kex follows?False
DEBUG:paramiko.transport:Kex agreed: diffie-hellman-group-exchange-sha1
DEBUG:paramiko.transport:HostKey agreed: ssh-rsa
DEBUG:paramiko.transport:Cipher agreed: aes128-ctr
DEBUG:paramiko.transport:MAC agreed: hmac-sha2-256
DEBUG:paramiko.transport:Compression agreed: none
DEBUG:paramiko.transport:Got server p (2048 bits)
DEBUG:paramiko.transport:kex engine KexGex specified hash_algo <built-in function openssl_sha1>
DEBUG:paramiko.transport:Switch to new keys ...
DEBUG:paramiko.transport:Adding ssh-rsa host key for cisco3.lasthop.io: b'f05fe0c73e29ddad92927e052a4b03f6'
DEBUG:paramiko.transport:userauth is OK
INFO:paramiko.transport:Authentication (password) successful!
DEBUG:paramiko.transport:[chan 0] Max packet in: 32768 bytes
DEBUG:paramiko.transport:[chan 0] Max packet out: 4096 bytes
DEBUG:paramiko.transport:Secsh channel 0 opened.
DEBUG:paramiko.transport:[chan 0] Sesch channel 0 request ok
DEBUG:paramiko.transport:[chan 0] Sesch channel 0 request ok
DEBUG:netmiko:write_channel: b'terminal width 511\n'
DEBUG:netmiko:Pattern is: terminal width 511
DEBUG:netmiko:_read_channel_expect read_data: 

cisco3#
DEBUG:netmiko:_read_channel_expect read_data: termi
DEBUG:netmiko:_read_channel_expect read_data: nal wi
DEBUG:netmiko:_read_channel_expect read_data: dth 511
DEBUG:netmiko:Pattern found: terminal width 511 

cisco3#terminal width 511
DEBUG:netmiko:In disable_paging
DEBUG:netmiko:Command: terminal length 0

DEBUG:netmiko:write_channel: b'terminal length 0\n'
DEBUG:netmiko:Pattern is: terminal\ length\ 0
DEBUG:netmiko:_read_channel_expect read_data: 

DEBUG:netmiko:_read_channel_expect read_data: cisco3#termi
DEBUG:netmiko:_read_channel_expect read_data: nal len
DEBUG:netmiko:_read_channel_expect read_data: gth 0
cisco3#
DEBUG:netmiko:Pattern found: terminal\ length\ 0 
cisco3#terminal length 0
cisco3#
DEBUG:netmiko:
cisco3#terminal length 0
cisco3#
DEBUG:netmiko:Exiting disable_paging
DEBUG:netmiko:read_channel: 
DEBUG:netmiko:write_channel: b'\n'
DEBUG:netmiko:read_channel: 
cisco3#
DEBUG:netmiko:read_channel: 
DEBUG:netmiko:[find_prompt()]: prompt is cisco3#
DEBUG:netmiko:read_channel: 
DEBUG:netmiko:write_channel: b'\n'
DEBUG:netmiko:read_channel: 
cisco3#
DEBUG:netmiko:read_channel: 
DEBUG:netmiko:[find_prompt()]: prompt is cisco3#
DEBUG:netmiko:write_channel: b'show interfaces | redirect flash:/show_interfaces_jdg.txt\n'
DEBUG:netmiko:send_command_timing current output: 
DEBUG:netmiko:read_channel: show interfaces | redirect flash:/show_interfaces_jdg.txt

DEBUG:netmiko:read_channel: 
cisco3#
DEBUG:netmiko:read_channel: 
DEBUG:netmiko:read_channel: 
DEBUG:netmiko:send_command_timing final output: show interfaces | redirect flash:/show_interfaces_jdg.txt
















































































































































































































































cisco3#
DEBUG:netmiko:read_channel: 
DEBUG:netmiko:write_channel: b'\n'
DEBUG:netmiko:read_channel: 
cisco3#
DEBUG:netmiko:read_channel: 
DEBUG:netmiko:[find_prompt()]: prompt is cisco3#
DEBUG:netmiko:read_channel: 
DEBUG:netmiko:write_channel: b'more flash:/show_interfaces_jdg.txt\n'
DEBUG:netmiko:Pattern is: more\ flash:/show_interfaces_jdg\.txt
DEBUG:netmiko:_read_channel_expect read_data: mo
DEBUG:netmiko:_read_channel_expect read_data: re flas
DEBUG:netmiko:_read_channel_expect read_data: h:/sho
DEBUG:netmiko:_read_channel_expect read_data: w_interf
DEBUG:netmiko:_read_channel_expect read_data: aces_jd
DEBUG:netmiko:_read_channel_expect read_data: g.txt

DEBUG:netmiko:Pattern found: more\ flash:/show_interfaces_jdg\.txt more flash:/show_interfaces_jdg.txt

DEBUG:netmiko:read_channel: GigabitEthernet0/0/0 is up, line protocol is up 
  Hardware is C1111-2x1GE, address is a093.5141.b780 (bia a093.5141.b780)
  Internet address is 10.220.88.22/24
  MTU 1500 bytes, BW 100000 Kbit/sec, DLY 100 usec, 
     reliability 255/255, txload 1/255, rxload 1/255
  Encapsulation ARPA, loopback not set
  Keepalive not supported 
  Full Duplex, 100Mbps, link type is auto, media type is RJ45
  output flow-control is off, input flow-control is off
  ARP type: ARPA, ARP Timeout 04:00:00
  Last input 00:00:00, output 00:00:00, output hang never
  Last clearing of "show interface" counters never
  Input queue: 0/375/0/0 (size/max/drops/flushes); Total output drops: 0
  Queueing strategy: fifo
  Output queue: 0/40 (size/max)
  5 minute input rate 2000 bits/sec, 3 packets/sec
  5 minute output rate 2000 bits/sec, 2 packets/sec
     3401500 packets input, 316229341 bytes, 0 no buffer
     Received 6176 broadcasts (0 IP multicasts)
     0 runts, 0 giants, 0 throttles 
     0 input errors, 0 CRC, 0 frame, 0 overrun, 0 ignored
     0 watchdog, 1320492 multicast, 0 pause input
     4054175 packets output, 1972970081 bytes, 0 underruns
     Output 100 broadcasts (0 IP multicasts)
     0 output errors, 0 collisions, 1 interface resets
     0 unknown protocol drops
     0 babbles, 0 late collision, 0 deferred
     0 lost carrier, 0 no carrier, 0 pause output
     0 output buffer failures, 0 output buffers swapped out
GigabitEthernet0/0/1 is administratively down, line protocol is down 
  Hardware is C1111-2x1GE, address is a093.5141.b781 (bia a093.5141.b781)
  MTU 1500 bytes, BW 1000000 Kbit/sec, DLY 10 usec, 
     reliability 255/255, txload 1/255, rxload 1/255
  Encapsulation ARPA, loopback not set
  Keepalive not supported 
  Full Duplex, 1000Mbps, link type is auto, media type is RJ45
  output flow-control is unsupported, input flow-control is unsupported
  ARP type: ARPA, ARP Timeout 04:00:00
  Last input never, output never, output hang never
  Last clearing of "show interface" counters never
  Input queue: 0/375/0/0 (size/max/drops/flushes); Total output drops: 0
  Queueing strategy: fifo
  Output queue: 0/40 (size/max)
  5 minute input rate 0 bits/sec, 0 packets/sec
  5 minute output rate 0 bits/sec, 0 packets/sec
     0 packets input, 0 bytes, 0 no buffer
     Received 0 broadcasts (0 IP multicasts)
     0 runts, 0 giants, 0 throttles 
     0 input errors, 0 CRC, 0 frame, 0 overrun, 0 ignored
     0 watchdog, 0 multicast, 0 pause input
     0 packets output, 0 bytes, 0 underruns
     Output 0 broadcasts (0 IP multicasts)
     0 output errors, 0 collisions, 0 interface resets
     0 unknown protocol drops
     0 babbles, 0 late collision, 0 deferred
     0 lost carrier, 0 no carrier, 0 pause output
     0 output buffer failures, 0 output buffers swapped out
GigabitEthernet0/1/0 is down, line protocol is down (notconnect) 
  Hardware is C1111-ES-4, address is a093.5141.b788 (bia a093.5141.b788)
  MTU 1500 bytes, BW 1000000 Kbit/sec, DLY 10 usec, 
     reliability 255/255, txload 1/255, rxload 1/255
  Encapsulation ARPA, loopback not set
  Keepalive not supported 
  Auto-duplex, Auto-speed, link type is auto, media type is 10/100/1000BaseTX
  input flow-control is off, output flow-control is unsupported 
  ARP type: ARPA, ARP Timeout 04:00:00
  Last input never, output never, output hang never
  Last clearing of "show interface" counters never
  Input queue: 0/375/0/0 (size/max/drops/flushes); Total output drops: 0
  Queueing strategy: fifo
  Output queue: 0/40 (size/max)
  5 minute input rate 0 bits/sec, 0 packets/sec
  5 minute output rate 0 bits/sec, 0 packets/sec
     0 packets input, 0 bytes, 0 no buffer
     Received 0 broadcasts (0 multicasts)
     0 runts, 0 giants, 0 throttles 
     0 input errors, 0 CRC, 0 frame, 0 overrun, 0 ignored
     0 watchdog, 0 multicast, 0 pause input
     0 input packets with dribble condition detected
     0 packets output, 0 bytes, 0 underruns
     Output 0 broadcasts (0 multicasts)
     0 output errors, 0 collisions, 1 interface resets
     0 unknown protocol drops
     0 babbles, 0 late collision, 0 deferred
     0 lost carrier, 0 no carrier, 0 pause output
     0 output buffer failures, 0 output buffers swapped out
GigabitEthernet0/1/1 is down, line protocol is down (notconnect) 
  Hardware is C1111-ES-4, address is a093.5141.b789 (bia a093.5141.b789)
  MTU 1500 bytes, BW 1000000 Kbit/sec, DLY 10 usec, 
     reliability 255/255, txload 1/255, rxload 1/255
  Encapsulation ARPA, loopback not set
  Keepalive not supported 
  Auto-duplex, Auto-speed, link type is auto, media type is 10/100/1000BaseTX
  input flow-control is off, output flow-control is unsupported 
  ARP type: ARPA, ARP Timeout 04:00:00
  Last input never, output never, output hang never
  Last clearing of "show interface" counters never
  Input queue: 0/375/0/0 (size/max/drops/flushes); Total output drops: 0
  Queueing strategy: fifo
  Output queue: 0/40 (size/max)
  5 minute input rate 0 bits/sec, 0 packets/sec
  5 minute output rate 0 bits/sec, 0 packets/sec
     0 packets input, 0 bytes, 0 no buffer
     Received 0 broadcasts (0 multicasts)
     0 runts, 0 giants, 0 throttles 
     0 input errors, 0 CRC, 0 frame, 0 overrun, 0 ignored
     0 watchdog, 0 multicast, 0 pause input
     0 input packets with dribble condition detected
     0 packets output, 0 bytes, 0 underruns
     Output 0 broadcasts (0 multicasts)
     0 output errors, 0 collisions, 3 interface resets
     0 unknown protocol drops
     0 babbles, 0 late collision, 0 deferred
     0 lost carrier, 0 no carrier, 0 pause output
     0 output buffer failures, 0 output buffers swapped out
GigabitEthernet0/1/2 is down, line protocol is down (notconnect) 
  Hardware is C1111-ES-4, address is a093.5141.b78a (bia a093.5141.b78a)
  MTU 1500 bytes, BW 1000000 Kbit/sec, DLY 10 usec, 
     reliability 255/255, txload 1/255, rxload 1/255
  Encapsulation ARPA, loopback not set
  Keepalive not supported 
  Auto-duplex, Auto-speed, link type is auto, media type is 10/100/1000BaseTX
  input flow-control is off, output flow-control is unsupported 
  ARP type: ARPA, ARP Timeout 04:00:00
  Last input never, output never, output hang never
  Last clearing of "show interface" counters never
  Input queue: 0/375/0/0 (size/max/drops/flushes); Total output drops: 0
  Queueing strategy: fifo
  Output queue: 0/40 (size/max)
  5 minute input rate 0 bits/sec, 0 packets/sec
  5 minute output rate 0 bits/sec, 0 packets/sec
     0 packets input, 0 bytes, 0 no buffer
     Received 0 broadcasts (0 multicasts)
     0 runts, 0 giants, 0 throttles 
     0 input errors, 0 CRC, 0 frame, 0 overrun, 0 ignored
     0 watchdog, 0 multicast, 0 pause input
     0 input packets with dribble condition detected
     0 packets output, 0 bytes, 0 underruns
     Output 0 broadcasts (0 multicasts)
     0 output errors, 0 collisions, 1 interface resets
     0 unknown protocol drops
     0 babbles, 0 late collision, 0 deferred
     0 lost carrier, 0 no carrier, 0 pause output
     0 output buffer failures, 0 output buffers swapped out
GigabitEthernet0/1/3 is down, line protocol is down (notconnect) 
  Hardware is C1111-ES-4, address is a093.5141.b78b (bia a093.5141.b78b)
  MTU 1500 bytes, BW 1000000 Kbit/sec, DLY 10 usec, 
     reliability 255/255, txload 1/255, rxload 1/255
  Encapsulation ARPA, loopback not set
  Keepalive not supported 
  Auto-duplex, Auto-speed, link type is auto, media type is 10/100/1000BaseTX
  input flow-control is off, output flow-control is unsupported 
  ARP type: ARPA, ARP Timeout 04:00:00
  Last input never, output never, output hang never
  Last clearing of "show interface" counters never
  Input queue: 0/375/0/0 (size/max/drops/flushes); Total output drops: 0
  Queueing strategy: fifo
  Output queue: 0/40 (size/max)
  5 minute input rate 0 bits/sec, 0 packets/sec
  5 minute output rate 0 bits/sec, 0 packets/sec
     0 packets input, 0 bytes, 0 no buffer
     Received 0 broadcasts (0 multicasts)
     0 runts, 0 giants, 0 throttles 
     0
DEBUG:netmiko:read_channel:  input errors, 0 CRC, 0 frame, 0 overrun, 0 ignored
     0 watchdog, 0 multicast, 0 pause input
     0 input packets with dribble condition detected
     0 packets output, 0 bytes, 0 underruns
     Output 0 broadcasts (0 multicasts)
     0 output errors, 0 collisions, 1 interface resets
     0 unknown protocol drops
     0 babbles, 0 late collision, 0 deferred
     0 lost carrier, 0 no carrier, 0 pause output
     0 output buffer failures, 0 output buffers swapped out
Loopback102 is up, line protocol is up 
  Hardware is Loopback
  Description: loopback102
  MTU 1514 bytes, BW 8000000 Kbit/sec, DLY 5000 usec, 
     reliability 255/255, txload 1/255, rxload 1/255
  Encapsulation LOOPBACK, loopback not set
  Keepalive set (10 sec)
  Last input never, output never, output hang never
  Last clearing of "show interface" counters never
  Input queue: 0/75/0/0 (size/max/drops/flushes); Total output drops: 0
  Queueing strategy: fifo
  Output queue: 0/0 (size/max)
  5 minute input rate 0 bits/sec, 0 packets/sec
  5 minute output rate 0 bits/sec, 0 packets/sec
     0 packets input, 0 bytes, 0 no buffer
     Received 0 broadcasts (0 IP multicasts)
     0 runts, 0 giants, 0 throttles 
     0 input errors, 0 CRC, 0 frame, 0 overrun, 0 ignored, 0 abort
     0 packets output, 0 bytes, 0 underruns
     Output 0 broadcasts (0 IP multicasts)
     0 output errors, 0 collisions, 0 interface resets
     0 unknown protocol drops
     0 output buffer failures, 0 output buffers swapped out
Loopback103 is up, line protocol is up 
  Hardware is Loopback
  Description: loopback103
  MTU 1514 bytes, BW 8000000 Kbit/sec, DLY 5000 usec, 
     reliability 255/255, txload 1/255, rxload 1/255
  Encapsulation LOOPBACK, loopback not set
  Keepalive set (10 sec)
  Last input never, output never, output hang never
  Last clearing of "show interface" counters never
  Input queue: 0/75/0/0 (size/max/drops/flushes); Total output drops: 0
  Queueing strategy: fifo
  Output queue: 0/0 (size/max)
  5 minute input rate 0 bits/sec, 0 packets/sec
  5 minute output rate 0 bits/sec, 0 packets/sec
     0 packets input, 0 bytes, 0 no buffer
     Received 0 broadcasts (0 IP multicasts)
     0 runts, 0 giants, 0 throttles 
     0 input errors, 0 CRC, 0 frame, 0 overrun, 0 ignored, 0 abort
     0 packets output, 0 bytes, 0 underruns
     Output 0 broadcasts (0 IP multicasts)
     0 output errors, 0 collisions, 0 interface resets
     0 unknown protocol drops
     0 output buffer failures, 0 output buffers swapped out
Vlan1 is up, line protocol is down , Autostate Enabled
  Hardware is Ethernet SVI, address is a093.5141.b7f4 (bia a093.5141.b7f4)
  MTU 1500 bytes, BW 1000000 Kbit/sec, DLY 10 usec, 
     reliability 255/255, txload 1/255, rxload 1/255
  Encapsulation ARPA, loopback not set
  Keepalive not supported 
  ARP type: ARPA, ARP Timeout 04:00:00
  Last input never, output never, output hang never
  Last clearing of "show interface" counters 4w0d
  Input queue: 0/375/0/0 (size/max/drops/flushes); Total output drops: 0
  Queueing strategy: fifo
  Output queue: 0/40 (size/max)
  5 minute input rate 0 bits/sec, 0 packets/sec
  5 minute output rate 0 bits/sec, 0 packets/sec
     0 packets input, 0 bytes, 0 no buffer
     Received 0 broadcasts (0 IP multicasts)
     0 runts, 0 giants, 0 throttles 
     0 input errors, 0 CRC, 0 frame, 0 overrun, 0 ignored
     0 packets output, 0 bytes, 0 underruns
     Output 0 broadcasts (0 IP multicasts)
     0 output errors, 1 interface resets
     0 unknown protocol drops
     0 output buffer failures, 0 output buffers swapped out

cisco3#
DEBUG:netmiko:read_channel: 
DEBUG:netmiko:write_channel: b'\n'
DEBUG:netmiko:read_channel: 
cisco3#
DEBUG:netmiko:read_channel: 
DEBUG:netmiko:[find_prompt()]: prompt is cisco3#
DEBUG:netmiko:read_channel: 
DEBUG:netmiko:write_channel: b'verify /md5 flash:/show_interfaces_jdg.txt\n'
DEBUG:netmiko:Pattern is: verify\ /md5\ flash:/show_interfaces_jdg\.txt
DEBUG:netmiko:_read_channel_expect read_data: v
DEBUG:netmiko:_read_channel_expect read_data: erify /
DEBUG:netmiko:_read_channel_expect read_data: md5 fl
DEBUG:netmiko:_read_channel_expect read_data: ash:/sho
DEBUG:netmiko:_read_channel_expect read_data: w_inte
DEBUG:netmiko:_read_channel_expect read_data: rface
DEBUG:netmiko:_read_channel_expect read_data: s_jdg.t
DEBUG:netmiko:_read_channel_expect read_data: xt

DEBUG:netmiko:Pattern found: verify\ /md5\ flash:/show_interfaces_jdg\.txt verify /md5 flash:/show_interfaces_jdg.txt

DEBUG:netmiko:read_channel: .Done!
verify /md5 (bootflash:/show_interfaces_jdg.txt) = f45eea25c7b650b025c8258fad8a8359


cisco3#
DEBUG:netmiko:read_channel: 
DEBUG:netmiko:write_channel: b'\n'
DEBUG:netmiko:read_channel: 
cisco3#
DEBUG:netmiko:read_channel: 
DEBUG:netmiko:[find_prompt()]: prompt is cisco3#
DEBUG:netmiko:read_channel: 
DEBUG:netmiko:write_channel: b'dir flash:/show_interfaces_jdg.txt\n'
DEBUG:netmiko:Pattern is: dir\ flash:/show_interfaces_jdg\.txt
DEBUG:netmiko:_read_channel_expect read_data: di
DEBUG:netmiko:_read_channel_expect read_data: r flas
DEBUG:netmiko:_read_channel_expect read_data: h:/show_
DEBUG:netmiko:_read_channel_expect read_data: interfa
DEBUG:netmiko:_read_channel_expect read_data: ces_jdg
DEBUG:netmiko:_read_channel_expect read_data: .txt

DEBUG:netmiko:Pattern found: dir\ flash:/show_interfaces_jdg\.txt dir flash:/show_interfaces_jdg.txt

DEBUG:netmiko:read_channel: 
DEBUG:netmiko:read_channel: Directory of bootflash:/show_interfaces_jdg.txt

  131  -rw-            11612  Jul 13 2021 03:34:05 -07:00  show_interfaces_jdg.txt

2908606464 bytes total (1778995200 bytes free)
cisco3#
DEBUG:paramiko.transport:starting thread (client mode): 0x24fc10d0
DEBUG:paramiko.transport:Local version/idstring: SSH-2.0-paramiko_2.7.2
DEBUG:paramiko.transport:Remote version/idstring: SSH-2.0-Cisco-1.25
INFO:paramiko.transport:Connected (version 2.0, client Cisco-1.25)
DEBUG:paramiko.transport:kex algos:['diffie-hellman-group-exchange-sha1', 'diffie-hellman-group14-sha1'] server key:['ssh-rsa'] client encrypt:['aes128-ctr', 'aes192-ctr', 'aes256-ctr'] server encrypt:['aes128-ctr', 'aes192-ctr', 'aes256-ctr'] client mac:['hmac-sha2-256', 'hmac-sha2-512', 'hmac-sha1', 'hmac-sha1-96'] server mac:['hmac-sha2-256', 'hmac-sha2-512', 'hmac-sha1', 'hmac-sha1-96'] client compress:['none'] server compress:['none'] client lang:[''] server lang:[''] kex follows?False
DEBUG:paramiko.transport:Kex agreed: diffie-hellman-group-exchange-sha1
DEBUG:paramiko.transport:HostKey agreed: ssh-rsa
DEBUG:paramiko.transport:Cipher agreed: aes128-ctr
DEBUG:paramiko.transport:MAC agreed: hmac-sha2-256
DEBUG:paramiko.transport:Compression agreed: none
DEBUG:paramiko.transport:Got server p (2048 bits)
DEBUG:paramiko.transport:kex engine KexGex specified hash_algo <built-in function openssl_sha1>
DEBUG:paramiko.transport:Switch to new keys ...
DEBUG:paramiko.transport:Adding ssh-rsa host key for cisco3.lasthop.io: b'f05fe0c73e29ddad92927e052a4b03f6'
DEBUG:paramiko.transport:userauth is OK
INFO:paramiko.transport:Authentication (password) successful!
DEBUG:paramiko.transport:[chan 0] Max packet in: 32768 bytes
DEBUG:paramiko.transport:[chan 0] Max packet out: 4096 bytes
DEBUG:paramiko.transport:Secsh channel 0 opened.
DEBUG:paramiko.transport:[chan 0] Sesch channel 0 request ok
DEBUG:paramiko.transport:[chan 0] EOF received (0)
DEBUG:paramiko.transport:[chan 0] EOF sent (0)
DEBUG:paramiko.transport:EOF in transport thread
DEBUG:netmiko:read_channel: 
DEBUG:netmiko:write_channel: b'\n'
DEBUG:netmiko:read_channel: 
cisco3#
DEBUG:netmiko:read_channel: 
DEBUG:netmiko:[find_prompt()]: prompt is cisco3#
DEBUG:netmiko:write_channel: b'\n'
DEBUG:netmiko:read_channel: 
cisco3#
DEBUG:netmiko:read_channel: 
DEBUG:netmiko:read_channel: 
DEBUG:netmiko:write_channel: b'exit\n'
DEBUG:paramiko.transport:starting thread (client mode): 0xcb19f850
DEBUG:paramiko.transport:Local version/idstring: SSH-2.0-paramiko_2.7.2
DEBUG:paramiko.transport:Remote version/idstring: SSH-2.0-Cisco-1.25
INFO:paramiko.transport:Connected (version 2.0, client Cisco-1.25)
DEBUG:paramiko.transport:kex algos:['diffie-hellman-group-exchange-sha1', 'diffie-hellman-group14-sha1'] server key:['ssh-rsa'] client encrypt:['aes128-ctr', 'aes192-ctr', 'aes256-ctr'] server encrypt:['aes128-ctr', 'aes192-ctr', 'aes256-ctr'] client mac:['hmac-sha2-256', 'hmac-sha2-512', 'hmac-sha1', 'hmac-sha1-96'] server mac:['hmac-sha2-256', 'hmac-sha2-512', 'hmac-sha1', 'hmac-sha1-96'] client compress:['none'] server compress:['none'] client lang:[''] server lang:[''] kex follows?False
DEBUG:paramiko.transport:Kex agreed: diffie-hellman-group-exchange-sha1
DEBUG:paramiko.transport:HostKey agreed: ssh-rsa
DEBUG:paramiko.transport:Cipher agreed: aes128-ctr
DEBUG:paramiko.transport:MAC agreed: hmac-sha2-256
DEBUG:paramiko.transport:Compression agreed: none
DEBUG:paramiko.transport:Got server p (2048 bits)
DEBUG:paramiko.transport:kex engine KexGex specified hash_algo <built-in function openssl_sha1>
DEBUG:paramiko.transport:Switch to new keys ...
DEBUG:paramiko.transport:Adding ssh-rsa host key for cisco3.lasthop.io: b'f05fe0c73e29ddad92927e052a4b03f6'
DEBUG:paramiko.transport:userauth is OK
INFO:paramiko.transport:Authentication (password) successful!
DEBUG:paramiko.transport:[chan 0] Max packet in: 32768 bytes
DEBUG:paramiko.transport:[chan 0] Max packet out: 4096 bytes
DEBUG:paramiko.transport:Secsh channel 0 opened.
DEBUG:paramiko.transport:[chan 0] Sesch channel 0 request ok
DEBUG:paramiko.transport:[chan 0] Sesch channel 0 request ok
DEBUG:netmiko:write_channel: b'terminal width 511\n'
DEBUG:netmiko:Pattern is: terminal width 511
DEBUG:netmiko:_read_channel_expect read_data: 


cisco3#
DEBUG:netmiko:_read_channel_expect read_data: termi
DEBUG:netmiko:_read_channel_expect read_data: nal wi
DEBUG:netmiko:_read_channel_expect read_data: dth 511
DEBUG:netmiko:Pattern found: terminal width 511 


cisco3#terminal width 511
DEBUG:netmiko:In disable_paging
DEBUG:netmiko:Command: terminal length 0

DEBUG:netmiko:write_channel: b'terminal length 0\n'
DEBUG:netmiko:Pattern is: terminal\ length\ 0
DEBUG:netmiko:_read_channel_expect read_data: 

DEBUG:netmiko:_read_channel_expect read_data: cisco3#termi
DEBUG:netmiko:_read_channel_expect read_data: nal len
DEBUG:netmiko:_read_channel_expect read_data: gth 0
cisco3#
DEBUG:netmiko:Pattern found: terminal\ length\ 0 
cisco3#terminal length 0
cisco3#
DEBUG:netmiko:
cisco3#terminal length 0
cisco3#
DEBUG:netmiko:Exiting disable_paging
DEBUG:netmiko:read_channel: 
DEBUG:netmiko:write_channel: b'\n'
DEBUG:netmiko:read_channel: 
cisco3#
DEBUG:netmiko:read_channel: 
DEBUG:netmiko:[find_prompt()]: prompt is cisco3#
DEBUG:netmiko:read_channel: 
DEBUG:netmiko:write_channel: b'\n'
DEBUG:netmiko:read_channel: 
cisco3#
DEBUG:netmiko:read_channel: 
DEBUG:netmiko:[find_prompt()]: prompt is cisco3#
DEBUG:netmiko:write_channel: b'telnet 10.220.88.22\n'
DEBUG:netmiko:read_channel: telnet 10.220.88.22
Trying 10.220.88.22 ... Open


User Access Verification

Username: 
DEBUG:netmiko:write_channel: b'\n'
DEBUG:netmiko:read_channel: 
Username: 
DEBUG:netmiko:read_channel: 
DEBUG:netmiko:read_channel: 
DEBUG:netmiko:write_channel: b'exit\n'
DEBUG:paramiko.transport:starting thread (client mode): 0x384d78d0
DEBUG:paramiko.transport:Local version/idstring: SSH-2.0-paramiko_2.7.2
DEBUG:paramiko.transport:Remote version/idstring: SSH-2.0-Cisco-1.25
INFO:paramiko.transport:Connected (version 2.0, client Cisco-1.25)
DEBUG:paramiko.transport:kex algos:['diffie-hellman-group-exchange-sha1', 'diffie-hellman-group14-sha1'] server key:['ssh-rsa'] client encrypt:['aes128-ctr', 'aes192-ctr', 'aes256-ctr'] server encrypt:['aes128-ctr', 'aes192-ctr', 'aes256-ctr'] client mac:['hmac-sha2-256', 'hmac-sha2-512', 'hmac-sha1', 'hmac-sha1-96'] server mac:['hmac-sha2-256', 'hmac-sha2-512', 'hmac-sha1', 'hmac-sha1-96'] client compress:['none'] server compress:['none'] client lang:[''] server lang:[''] kex follows?False
DEBUG:paramiko.transport:Kex agreed: diffie-hellman-group-exchange-sha1
DEBUG:paramiko.transport:HostKey agreed: ssh-rsa
DEBUG:paramiko.transport:Cipher agreed: aes128-ctr
DEBUG:paramiko.transport:MAC agreed: hmac-sha2-256
DEBUG:paramiko.transport:Compression agreed: none
DEBUG:paramiko.transport:Got server p (2048 bits)
DEBUG:paramiko.transport:kex engine KexGex specified hash_algo <built-in function openssl_sha1>
DEBUG:paramiko.transport:Switch to new keys ...
DEBUG:paramiko.transport:Adding ssh-rsa host key for cisco3.lasthop.io: b'f05fe0c73e29ddad92927e052a4b03f6'
DEBUG:paramiko.transport:userauth is OK
INFO:paramiko.transport:Authentication (password) successful!
DEBUG:paramiko.transport:[chan 0] Max packet in: 32768 bytes
DEBUG:paramiko.transport:[chan 0] Max packet out: 4096 bytes
DEBUG:paramiko.transport:Secsh channel 0 opened.
DEBUG:paramiko.transport:[chan 0] Sesch channel 0 request ok
DEBUG:paramiko.transport:[chan 0] Sesch channel 0 request ok
DEBUG:netmiko:write_channel: b'terminal width 511\n'
DEBUG:netmiko:Pattern is: terminal width 511
DEBUG:netmiko:_read_channel_expect read_data: 


cisco3#
DEBUG:netmiko:_read_channel_expect read_data: termi
DEBUG:netmiko:_read_channel_expect read_data: nal widt
DEBUG:netmiko:_read_channel_expect read_data: h 511
cisco3#
DEBUG:netmiko:Pattern found: terminal width 511 


cisco3#terminal width 511
cisco3#
DEBUG:netmiko:In disable_paging
DEBUG:netmiko:Command: terminal length 0

DEBUG:netmiko:write_channel: b'terminal length 0\n'
DEBUG:netmiko:Pattern is: terminal\ length\ 0
DEBUG:netmiko:_read_channel_expect read_data: t
DEBUG:netmiko:_read_channel_expect read_data: erminal
DEBUG:netmiko:_read_channel_expect read_data:  lengt
DEBUG:netmiko:_read_channel_expect read_data: h 0
cisco3#
DEBUG:netmiko:Pattern found: terminal\ length\ 0 terminal length 0
cisco3#
DEBUG:netmiko:terminal length 0
cisco3#
DEBUG:netmiko:Exiting disable_paging
DEBUG:netmiko:read_channel: 
DEBUG:netmiko:write_channel: b'\n'
DEBUG:netmiko:read_channel: 
cisco3#
DEBUG:netmiko:read_channel: 
DEBUG:netmiko:[find_prompt()]: prompt is cisco3#
DEBUG:netmiko:read_channel: 
DEBUG:netmiko:write_channel: b'\n'
DEBUG:netmiko:read_channel: 
cisco3#
DEBUG:netmiko:read_channel: 
DEBUG:netmiko:[find_prompt()]: prompt is cisco3#
DEBUG:netmiko:write_channel: b'telnet 10.220.88.22\n'
DEBUG:netmiko:read_channel: telnet 10.220.88.22
Trying 10.220.88.22 ... Open


User Access Verification

Username: 
DEBUG:netmiko:write_channel: b'\n'
DEBUG:netmiko:read_channel: 
Username: 
DEBUG:netmiko:read_channel: 
DEBUG:netmiko:read_channel: 
DEBUG:netmiko:write_channel: b'exit\n'
DEBUG:paramiko.transport:starting thread (client mode): 0xc0c20990
DEBUG:paramiko.transport:Local version/idstring: SSH-2.0-paramiko_2.7.2
DEBUG:paramiko.transport:Remote version/idstring: SSH-2.0-Cisco-1.25
INFO:paramiko.transport:Connected (version 2.0, client Cisco-1.25)
DEBUG:paramiko.transport:kex algos:['diffie-hellman-group-exchange-sha1', 'diffie-hellman-group14-sha1'] server key:['ssh-rsa'] client encrypt:['aes128-ctr', 'aes192-ctr', 'aes256-ctr'] server encrypt:['aes128-ctr', 'aes192-ctr', 'aes256-ctr'] client mac:['hmac-sha2-256', 'hmac-sha2-512', 'hmac-sha1', 'hmac-sha1-96'] server mac:['hmac-sha2-256', 'hmac-sha2-512', 'hmac-sha1', 'hmac-sha1-96'] client compress:['none'] server compress:['none'] client lang:[''] server lang:[''] kex follows?False
DEBUG:paramiko.transport:Kex agreed: diffie-hellman-group-exchange-sha1
DEBUG:paramiko.transport:HostKey agreed: ssh-rsa
DEBUG:paramiko.transport:Cipher agreed: aes128-ctr
DEBUG:paramiko.transport:MAC agreed: hmac-sha2-256
DEBUG:paramiko.transport:Compression agreed: none
DEBUG:paramiko.transport:Got server p (2048 bits)
DEBUG:paramiko.transport:kex engine KexGex specified hash_algo <built-in function openssl_sha1>
DEBUG:paramiko.transport:Switch to new keys ...
DEBUG:paramiko.transport:Adding ssh-rsa host key for cisco3.lasthop.io: b'f05fe0c73e29ddad92927e052a4b03f6'
DEBUG:paramiko.transport:userauth is OK
INFO:paramiko.transport:Authentication (password) successful!
DEBUG:paramiko.transport:[chan 0] Max packet in: 32768 bytes
DEBUG:paramiko.transport:[chan 0] Max packet out: 4096 bytes
DEBUG:paramiko.transport:Secsh channel 0 opened.
DEBUG:paramiko.transport:[chan 0] Sesch channel 0 request ok
DEBUG:paramiko.transport:[chan 0] Sesch channel 0 request ok
DEBUG:netmiko:write_channel: b'terminal width 511\n'
DEBUG:netmiko:Pattern is: terminal width 511
DEBUG:netmiko:_read_channel_expect read_data: 


cisco3#
DEBUG:netmiko:_read_channel_expect read_data: termi
DEBUG:netmiko:_read_channel_expect read_data: nal widt
DEBUG:netmiko:_read_channel_expect read_data: h 511
cisco3#
DEBUG:netmiko:Pattern found: terminal width 511 


cisco3#terminal width 511
cisco3#
DEBUG:netmiko:In disable_paging
DEBUG:netmiko:Command: terminal length 0

DEBUG:netmiko:write_channel: b'terminal length 0\n'
DEBUG:netmiko:Pattern is: terminal\ length\ 0
DEBUG:netmiko:_read_channel_expect read_data: t
DEBUG:netmiko:_read_channel_expect read_data: erminal
DEBUG:netmiko:_read_channel_expect read_data:  lengt
DEBUG:netmiko:_read_channel_expect read_data: h 0
cisco3#
DEBUG:netmiko:Pattern found: terminal\ length\ 0 terminal length 0
cisco3#
DEBUG:netmiko:terminal length 0
cisco3#
DEBUG:netmiko:Exiting disable_paging
DEBUG:netmiko:read_channel: 
DEBUG:netmiko:write_channel: b'\n'
DEBUG:netmiko:read_channel: 
cisco3#
DEBUG:netmiko:read_channel: 
DEBUG:netmiko:[find_prompt()]: prompt is cisco3#
DEBUG:netmiko:read_channel: 
DEBUG:netmiko:write_channel: b'\n'
DEBUG:netmiko:read_channel: 
cisco3#
DEBUG:netmiko:read_channel: 
DEBUG:netmiko:[find_prompt()]: prompt is cisco3#
DEBUG:netmiko:write_channel: b'telnet 10.220.88.22\n'
DEBUG:netmiko:read_channel: telnet 10.220.88.22
Trying 10.220.88.22 ... Open


User Access Verification

Username: 
DEBUG:netmiko:write_channel: b'pyclass\n'
DEBUG:netmiko:read_channel: pyclass
Password: 
DEBUG:netmiko:write_channel: b'88newclass\n'
DEBUG:netmiko:read_channel: 

cisco3#
DEBUG:netmiko:write_channel: b'exit\n'
DEBUG:netmiko:write_channel: b'\n'
DEBUG:netmiko:read_channel: exit

DEBUG:netmiko:read_channel: 
[Connection to 10.220.88.22 closed by foreign host]
cisco3#
DEBUG:netmiko:read_channel: 
DEBUG:netmiko:read_channel: 
DEBUG:netmiko:write_channel: b'exit\n'
DEBUG:paramiko.transport:starting thread (client mode): 0x953a89d0
DEBUG:paramiko.transport:Local version/idstring: SSH-2.0-paramiko_2.7.2
DEBUG:paramiko.transport:Remote version/idstring: SSH-2.0-Cisco-1.25
INFO:paramiko.transport:Connected (version 2.0, client Cisco-1.25)
DEBUG:paramiko.transport:kex algos:['diffie-hellman-group-exchange-sha1', 'diffie-hellman-group14-sha1'] server key:['ssh-rsa'] client encrypt:['aes128-ctr', 'aes192-ctr', 'aes256-ctr'] server encrypt:['aes128-ctr', 'aes192-ctr', 'aes256-ctr'] client mac:['hmac-sha2-256', 'hmac-sha2-512', 'hmac-sha1', 'hmac-sha1-96'] server mac:['hmac-sha2-256', 'hmac-sha2-512', 'hmac-sha1', 'hmac-sha1-96'] client compress:['none'] server compress:['none'] client lang:[''] server lang:[''] kex follows?False
DEBUG:paramiko.transport:Kex agreed: diffie-hellman-group-exchange-sha1
DEBUG:paramiko.transport:HostKey agreed: ssh-rsa
DEBUG:paramiko.transport:Cipher agreed: aes128-ctr
DEBUG:paramiko.transport:MAC agreed: hmac-sha2-256
DEBUG:paramiko.transport:Compression agreed: none
DEBUG:paramiko.transport:Got server p (2048 bits)
DEBUG:paramiko.transport:kex engine KexGex specified hash_algo <built-in function openssl_sha1>
DEBUG:paramiko.transport:Switch to new keys ...
DEBUG:paramiko.transport:Adding ssh-rsa host key for cisco3.lasthop.io: b'f05fe0c73e29ddad92927e052a4b03f6'
DEBUG:paramiko.transport:userauth is OK
INFO:paramiko.transport:Authentication (password) successful!
DEBUG:paramiko.transport:[chan 0] Max packet in: 32768 bytes
DEBUG:paramiko.transport:[chan 0] Max packet out: 4096 bytes
DEBUG:paramiko.transport:Secsh channel 0 opened.
DEBUG:paramiko.transport:[chan 0] Sesch channel 0 request ok
DEBUG:paramiko.transport:[chan 0] Sesch channel 0 request ok
DEBUG:netmiko:write_channel: b'terminal width 511\n'
DEBUG:netmiko:Pattern is: terminal width 511
DEBUG:netmiko:_read_channel_expect read_data: 

cisco3#
DEBUG:netmiko:_read_channel_expect read_data: termi
DEBUG:netmiko:_read_channel_expect read_data: nal w
DEBUG:netmiko:_read_channel_expect read_data: idth 51
DEBUG:netmiko:_read_channel_expect read_data: 1
cisco3#
DEBUG:netmiko:Pattern found: terminal width 511 

cisco3#terminal width 511
cisco3#
DEBUG:netmiko:In disable_paging
DEBUG:netmiko:Command: terminal length 0

DEBUG:netmiko:write_channel: b'terminal length 0\n'
DEBUG:netmiko:Pattern is: terminal\ length\ 0
DEBUG:netmiko:_read_channel_expect read_data: t
DEBUG:netmiko:_read_channel_expect read_data: erminal
DEBUG:netmiko:_read_channel_expect read_data:  leng
DEBUG:netmiko:_read_channel_expect read_data: th 0
cisco3#
DEBUG:netmiko:Pattern found: terminal\ length\ 0 terminal length 0
cisco3#
DEBUG:netmiko:terminal length 0
cisco3#
DEBUG:netmiko:Exiting disable_paging
DEBUG:netmiko:read_channel: 
DEBUG:netmiko:write_channel: b'\n'
DEBUG:netmiko:read_channel: 
cisco3#
DEBUG:netmiko:read_channel: 
DEBUG:netmiko:[find_prompt()]: prompt is cisco3#
DEBUG:netmiko:read_channel: 
DEBUG:netmiko:write_channel: b'\n'
DEBUG:netmiko:read_channel: 
cisco3#
DEBUG:netmiko:read_channel: 
DEBUG:netmiko:[find_prompt()]: prompt is cisco3#
DEBUG:netmiko:write_channel: b'telnet 10.220.88.22\n'
DEBUG:netmiko:read_channel: telnet 10.220.88.22
Trying 10.220.88.22 ... Open

User Access Verification

Username: 
DEBUG:netmiko:write_channel: b'pyclass\n'
DEBUG:netmiko:read_channel: pyclass
Password: 
DEBUG:netmiko:write_channel: b'88newclass\n'
DEBUG:netmiko:read_channel: 

cisco3#
DEBUG:netmiko:write_channel: b'exit\n'
DEBUG:netmiko:write_channel: b'\n'
DEBUG:netmiko:read_channel: exit

DEBUG:netmiko:read_channel: 
[Connection to 10.220.88.22 closed by foreign host]
cisco3#
DEBUG:netmiko:read_channel: 
DEBUG:netmiko:read_channel: 
DEBUG:netmiko:write_channel: b'exit\n'
DEBUG:paramiko.transport:starting thread (client mode): 0x3e7c5950
DEBUG:paramiko.transport:Local version/idstring: SSH-2.0-paramiko_2.7.2
DEBUG:paramiko.transport:Remote version/idstring: SSH-2.0-Cisco-1.25
INFO:paramiko.transport:Connected (version 2.0, client Cisco-1.25)
DEBUG:paramiko.transport:kex algos:['diffie-hellman-group-exchange-sha1', 'diffie-hellman-group14-sha1'] server key:['ssh-rsa'] client encrypt:['aes128-ctr', 'aes192-ctr', 'aes256-ctr'] server encrypt:['aes128-ctr', 'aes192-ctr', 'aes256-ctr'] client mac:['hmac-sha2-256', 'hmac-sha2-512', 'hmac-sha1', 'hmac-sha1-96'] server mac:['hmac-sha2-256', 'hmac-sha2-512', 'hmac-sha1', 'hmac-sha1-96'] client compress:['none'] server compress:['none'] client lang:[''] server lang:[''] kex follows?False
DEBUG:paramiko.transport:Kex agreed: diffie-hellman-group-exchange-sha1
DEBUG:paramiko.transport:HostKey agreed: ssh-rsa
DEBUG:paramiko.transport:Cipher agreed: aes128-ctr
DEBUG:paramiko.transport:MAC agreed: hmac-sha2-256
DEBUG:paramiko.transport:Compression agreed: none
DEBUG:paramiko.transport:Got server p (2048 bits)
DEBUG:paramiko.transport:kex engine KexGex specified hash_algo <built-in function openssl_sha1>
DEBUG:paramiko.transport:Switch to new keys ...
DEBUG:paramiko.transport:Adding ssh-rsa host key for cisco3.lasthop.io: b'f05fe0c73e29ddad92927e052a4b03f6'
DEBUG:paramiko.transport:userauth is OK
INFO:paramiko.transport:Authentication (password) successful!
DEBUG:paramiko.transport:[chan 0] Max packet in: 32768 bytes
DEBUG:paramiko.transport:[chan 0] Max packet out: 4096 bytes
DEBUG:paramiko.transport:Secsh channel 0 opened.
DEBUG:paramiko.transport:[chan 0] Sesch channel 0 request ok
DEBUG:paramiko.transport:[chan 0] Sesch channel 0 request ok
DEBUG:netmiko:write_channel: b'terminal width 511\n'
DEBUG:netmiko:Pattern is: terminal width 511
DEBUG:netmiko:_read_channel_expect read_data: 

cisco3#
DEBUG:netmiko:_read_channel_expect read_data: termi
DEBUG:netmiko:_read_channel_expect read_data: nal wid
DEBUG:netmiko:_read_channel_expect read_data: th 511
cisco3#
DEBUG:netmiko:Pattern found: terminal width 511 

cisco3#terminal width 511
cisco3#
DEBUG:netmiko:In disable_paging
DEBUG:netmiko:Command: terminal length 0

DEBUG:netmiko:write_channel: b'terminal length 0\n'
DEBUG:netmiko:Pattern is: terminal\ length\ 0
DEBUG:netmiko:_read_channel_expect read_data: t
DEBUG:netmiko:_read_channel_expect read_data: erminal
DEBUG:netmiko:_read_channel_expect read_data:  lengt
DEBUG:netmiko:_read_channel_expect read_data: h 0
cisco3#
DEBUG:netmiko:Pattern found: terminal\ length\ 0 terminal length 0
cisco3#
DEBUG:netmiko:terminal length 0
cisco3#
DEBUG:netmiko:Exiting disable_paging
DEBUG:netmiko:read_channel: 
DEBUG:netmiko:write_channel: b'\n'
DEBUG:netmiko:read_channel: 
cisco3#
DEBUG:netmiko:read_channel: 
DEBUG:netmiko:[find_prompt()]: prompt is cisco3#
DEBUG:netmiko:read_channel: 
DEBUG:netmiko:write_channel: b'\n'
DEBUG:netmiko:read_channel: 
cisco3#
DEBUG:netmiko:read_channel: 
DEBUG:netmiko:[find_prompt()]: prompt is cisco3#
DEBUG:netmiko:write_channel: b'telnet 10.220.88.22\n'
DEBUG:netmiko:read_channel: telnet 10.220.88.22
Trying 10.220.88.22 ... Open

User Access Verification

Username: 
DEBUG:netmiko:write_channel: b'pyclass\n'
DEBUG:netmiko:read_channel: pyclass
Password: 
DEBUG:netmiko:write_channel: b'88newclass\n'
DEBUG:netmiko:read_channel: 

cisco3#
DEBUG:netmiko:write_channel: b'exit\n'
DEBUG:netmiko:write_channel: b'\n'
DEBUG:netmiko:read_channel: exit

DEBUG:netmiko:read_channel: 
[Connection to 10.220.88.22 closed by foreign host]
cisco3#
DEBUG:netmiko:read_channel: 
DEBUG:netmiko:read_channel: 
DEBUG:netmiko:write_channel: b'exit\n'
DEBUG:paramiko.transport:starting thread (client mode): 0xb190d950
DEBUG:paramiko.transport:Local version/idstring: SSH-2.0-paramiko_2.7.2
DEBUG:paramiko.transport:Remote version/idstring: SSH-2.0-Cisco-1.25
INFO:paramiko.transport:Connected (version 2.0, client Cisco-1.25)
DEBUG:paramiko.transport:kex algos:['diffie-hellman-group-exchange-sha1', 'diffie-hellman-group14-sha1'] server key:['ssh-rsa'] client encrypt:['aes128-ctr', 'aes192-ctr', 'aes256-ctr'] server encrypt:['aes128-ctr', 'aes192-ctr', 'aes256-ctr'] client mac:['hmac-sha2-256', 'hmac-sha2-512', 'hmac-sha1', 'hmac-sha1-96'] server mac:['hmac-sha2-256', 'hmac-sha2-512', 'hmac-sha1', 'hmac-sha1-96'] client compress:['none'] server compress:['none'] client lang:[''] server lang:[''] kex follows?False
DEBUG:paramiko.transport:Kex agreed: diffie-hellman-group-exchange-sha1
DEBUG:paramiko.transport:HostKey agreed: ssh-rsa
DEBUG:paramiko.transport:Cipher agreed: aes128-ctr
DEBUG:paramiko.transport:MAC agreed: hmac-sha2-256
DEBUG:paramiko.transport:Compression agreed: none
DEBUG:paramiko.transport:Got server p (2048 bits)
DEBUG:paramiko.transport:kex engine KexGex specified hash_algo <built-in function openssl_sha1>
DEBUG:paramiko.transport:Switch to new keys ...
DEBUG:paramiko.transport:Adding ssh-rsa host key for cisco3.lasthop.io: b'f05fe0c73e29ddad92927e052a4b03f6'
DEBUG:paramiko.transport:userauth is OK
INFO:paramiko.transport:Authentication (password) successful!
DEBUG:paramiko.transport:[chan 0] Max packet in: 32768 bytes
DEBUG:paramiko.transport:[chan 0] Max packet out: 4096 bytes
DEBUG:paramiko.transport:Secsh channel 0 opened.
DEBUG:paramiko.transport:[chan 0] Sesch channel 0 request ok
DEBUG:paramiko.transport:[chan 0] Sesch channel 0 request ok
DEBUG:netmiko:write_channel: b'terminal width 511\n'
DEBUG:netmiko:Pattern is: terminal width 511
DEBUG:netmiko:_read_channel_expect read_data: 


cisco3#
DEBUG:netmiko:_read_channel_expect read_data: termina
DEBUG:netmiko:_read_channel_expect read_data: l w
DEBUG:netmiko:_read_channel_expect read_data: idth 51
DEBUG:netmiko:_read_channel_expect read_data: 1
cisco3#
DEBUG:netmiko:Pattern found: terminal width 511 


cisco3#terminal width 511
cisco3#
DEBUG:netmiko:In disable_paging
DEBUG:netmiko:Command: terminal length 0

DEBUG:netmiko:write_channel: b'terminal length 0\n'
DEBUG:netmiko:Pattern is: terminal\ length\ 0
DEBUG:netmiko:_read_channel_expect read_data: t
DEBUG:netmiko:_read_channel_expect read_data: erminal
DEBUG:netmiko:_read_channel_expect read_data:  len
DEBUG:netmiko:_read_channel_expect read_data: gth 0
cisco3#
DEBUG:netmiko:Pattern found: terminal\ length\ 0 terminal length 0
cisco3#
DEBUG:netmiko:terminal length 0
cisco3#
DEBUG:netmiko:Exiting disable_paging
DEBUG:netmiko:read_channel: 
DEBUG:netmiko:write_channel: b'\n'
DEBUG:netmiko:read_channel: 
cisco3#
DEBUG:netmiko:read_channel: 
DEBUG:netmiko:[find_prompt()]: prompt is cisco3#
DEBUG:netmiko:read_channel: 
DEBUG:netmiko:write_channel: b'\n'
DEBUG:netmiko:read_channel: 
cisco3#
DEBUG:netmiko:read_channel: 
DEBUG:netmiko:[find_prompt()]: prompt is cisco3#
DEBUG:netmiko:write_channel: b'telnet 10.220.88.22\n'
DEBUG:netmiko:read_channel: telnet 10.220.88.22
Trying 10.220.88.22 ... Open

User Access Verification

Username: 
DEBUG:netmiko:write_channel: b'pyclass\n'
DEBUG:netmiko:read_channel: pyclass
Password: 
DEBUG:netmiko:write_channel: b'88newclass\n'
DEBUG:netmiko:read_channel: 

cisco3#
DEBUG:netmiko:write_channel: b'exit\n'
DEBUG:netmiko:write_channel: b'\n'
DEBUG:netmiko:read_channel: exit

DEBUG:netmiko:read_channel: 
[Connection to 10.220.88.22 closed by foreign host]
cisco3#
DEBUG:netmiko:read_channel: 
DEBUG:netmiko:read_channel: 
DEBUG:netmiko:write_channel: b'exit\n'
DEBUG:paramiko.transport:starting thread (client mode): 0x9ace810
DEBUG:paramiko.transport:Local version/idstring: SSH-2.0-paramiko_2.7.2
DEBUG:paramiko.transport:Remote version/idstring: SSH-2.0-Cisco-1.25
INFO:paramiko.transport:Connected (version 2.0, client Cisco-1.25)
DEBUG:paramiko.transport:kex algos:['diffie-hellman-group-exchange-sha1', 'diffie-hellman-group14-sha1'] server key:['ssh-rsa'] client encrypt:['aes128-ctr', 'aes192-ctr', 'aes256-ctr'] server encrypt:['aes128-ctr', 'aes192-ctr', 'aes256-ctr'] client mac:['hmac-sha2-256', 'hmac-sha2-512', 'hmac-sha1', 'hmac-sha1-96'] server mac:['hmac-sha2-256', 'hmac-sha2-512', 'hmac-sha1', 'hmac-sha1-96'] client compress:['none'] server compress:['none'] client lang:[''] server lang:[''] kex follows?False
DEBUG:paramiko.transport:Kex agreed: diffie-hellman-group-exchange-sha1
DEBUG:paramiko.transport:HostKey agreed: ssh-rsa
DEBUG:paramiko.transport:Cipher agreed: aes128-ctr
DEBUG:paramiko.transport:MAC agreed: hmac-sha2-256
DEBUG:paramiko.transport:Compression agreed: none
DEBUG:paramiko.transport:Got server p (2048 bits)
DEBUG:paramiko.transport:kex engine KexGex specified hash_algo <built-in function openssl_sha1>
DEBUG:paramiko.transport:Switch to new keys ...
DEBUG:paramiko.transport:Adding ssh-rsa host key for cisco3.lasthop.io: b'f05fe0c73e29ddad92927e052a4b03f6'
DEBUG:paramiko.transport:userauth is OK
INFO:paramiko.transport:Authentication (password) successful!
DEBUG:paramiko.transport:[chan 0] Max packet in: 32768 bytes
DEBUG:paramiko.transport:[chan 0] Max packet out: 4096 bytes
DEBUG:paramiko.transport:Secsh channel 0 opened.
DEBUG:paramiko.transport:[chan 0] Sesch channel 0 request ok
DEBUG:paramiko.transport:[chan 0] Sesch channel 0 request ok
DEBUG:netmiko:write_channel: b'terminal width 511\n'
DEBUG:netmiko:Pattern is: terminal width 511
DEBUG:netmiko:_read_channel_expect read_data: 


cisco3#
DEBUG:netmiko:_read_channel_expect read_data: termi
DEBUG:netmiko:_read_channel_expect read_data: nal wid
DEBUG:netmiko:_read_channel_expect read_data: th 511
cisco3#
DEBUG:netmiko:Pattern found: terminal width 511 


cisco3#terminal width 511
cisco3#
DEBUG:netmiko:In disable_paging
DEBUG:netmiko:Command: terminal length 0

DEBUG:netmiko:write_channel: b'terminal length 0\n'
DEBUG:netmiko:Pattern is: terminal\ length\ 0
DEBUG:netmiko:_read_channel_expect read_data: t
DEBUG:netmiko:_read_channel_expect read_data: erminal
DEBUG:netmiko:_read_channel_expect read_data:  length 
DEBUG:netmiko:_read_channel_expect read_data: 0
cisco3#
DEBUG:netmiko:Pattern found: terminal\ length\ 0 terminal length 0
cisco3#
DEBUG:netmiko:terminal length 0
cisco3#
DEBUG:netmiko:Exiting disable_paging
DEBUG:netmiko:read_channel: 
DEBUG:netmiko:write_channel: b'\n'
DEBUG:netmiko:read_channel: 
cisco3#
DEBUG:netmiko:read_channel: 
DEBUG:netmiko:[find_prompt()]: prompt is cisco3#
DEBUG:netmiko:read_channel: 
DEBUG:netmiko:write_channel: b'\n'
DEBUG:netmiko:read_channel: 
cisco3#
DEBUG:netmiko:read_channel: 
DEBUG:netmiko:[find_prompt()]: prompt is cisco3#
DEBUG:netmiko:write_channel: b'ssh -l pyclass 10.220.88.31\n'
DEBUG:netmiko:read_channel: ssh -l pyclass 10.220.88.31
Password: 
DEBUG:netmiko:write_channel: b'\n'
DEBUG:netmiko:read_channel: 

Password: 
DEBUG:netmiko:read_channel: 
DEBUG:netmiko:read_channel: 
DEBUG:netmiko:write_channel: b'exit\n'
DEBUG:paramiko.transport:starting thread (client mode): 0xacfe8890
DEBUG:paramiko.transport:Local version/idstring: SSH-2.0-paramiko_2.7.2
DEBUG:paramiko.transport:Remote version/idstring: SSH-2.0-Cisco-1.25
INFO:paramiko.transport:Connected (version 2.0, client Cisco-1.25)
DEBUG:paramiko.transport:kex algos:['diffie-hellman-group-exchange-sha1', 'diffie-hellman-group14-sha1'] server key:['ssh-rsa'] client encrypt:['aes128-ctr', 'aes192-ctr', 'aes256-ctr'] server encrypt:['aes128-ctr', 'aes192-ctr', 'aes256-ctr'] client mac:['hmac-sha2-256', 'hmac-sha2-512', 'hmac-sha1', 'hmac-sha1-96'] server mac:['hmac-sha2-256', 'hmac-sha2-512', 'hmac-sha1', 'hmac-sha1-96'] client compress:['none'] server compress:['none'] client lang:[''] server lang:[''] kex follows?False
DEBUG:paramiko.transport:Kex agreed: diffie-hellman-group-exchange-sha1
DEBUG:paramiko.transport:HostKey agreed: ssh-rsa
DEBUG:paramiko.transport:Cipher agreed: aes128-ctr
DEBUG:paramiko.transport:MAC agreed: hmac-sha2-256
DEBUG:paramiko.transport:Compression agreed: none
DEBUG:paramiko.transport:Got server p (2048 bits)
DEBUG:paramiko.transport:kex engine KexGex specified hash_algo <built-in function openssl_sha1>
DEBUG:paramiko.transport:Switch to new keys ...
DEBUG:paramiko.transport:Adding ssh-rsa host key for cisco3.lasthop.io: b'f05fe0c73e29ddad92927e052a4b03f6'
DEBUG:paramiko.transport:userauth is OK
INFO:paramiko.transport:Authentication (password) successful!
DEBUG:paramiko.transport:[chan 0] Max packet in: 32768 bytes
DEBUG:paramiko.transport:[chan 0] Max packet out: 4096 bytes
DEBUG:paramiko.transport:Secsh channel 0 opened.
DEBUG:paramiko.transport:[chan 0] Sesch channel 0 request ok
DEBUG:paramiko.transport:[chan 0] Sesch channel 0 request ok
DEBUG:netmiko:write_channel: b'terminal width 511\n'
DEBUG:netmiko:Pattern is: terminal width 511
DEBUG:netmiko:_read_channel_expect read_data: 


cisco3#
DEBUG:netmiko:_read_channel_expect read_data: termi
DEBUG:netmiko:_read_channel_expect read_data: nal w
DEBUG:netmiko:_read_channel_expect read_data: idth 51
DEBUG:netmiko:_read_channel_expect read_data: 1
cisco3#
DEBUG:netmiko:Pattern found: terminal width 511 


cisco3#terminal width 511
cisco3#
DEBUG:netmiko:In disable_paging
DEBUG:netmiko:Command: terminal length 0

DEBUG:netmiko:write_channel: b'terminal length 0\n'
DEBUG:netmiko:Pattern is: terminal\ length\ 0
DEBUG:netmiko:_read_channel_expect read_data: t
DEBUG:netmiko:_read_channel_expect read_data: ermina
DEBUG:netmiko:_read_channel_expect read_data: l lengt
DEBUG:netmiko:_read_channel_expect read_data: h 0
cisco3#
DEBUG:netmiko:Pattern found: terminal\ length\ 0 terminal length 0
cisco3#
DEBUG:netmiko:terminal length 0
cisco3#
DEBUG:netmiko:Exiting disable_paging
DEBUG:netmiko:read_channel: 
DEBUG:netmiko:write_channel: b'\n'
DEBUG:netmiko:read_channel: 
cisco3#
DEBUG:netmiko:read_channel: 
DEBUG:netmiko:[find_prompt()]: prompt is cisco3#
DEBUG:netmiko:read_channel: 
DEBUG:netmiko:write_channel: b'\n'
DEBUG:netmiko:read_channel: 
cisco3#
DEBUG:netmiko:read_channel: 
DEBUG:netmiko:[find_prompt()]: prompt is cisco3#
DEBUG:netmiko:write_channel: b'ssh -l pyclass 10.220.88.31\n'
DEBUG:netmiko:read_channel: ssh -l pyclass 10.220.88.31
Password: 
DEBUG:netmiko:write_channel: b'\n'
DEBUG:netmiko:read_channel: 

Password: 
DEBUG:netmiko:read_channel: 
DEBUG:netmiko:read_channel: 
DEBUG:netmiko:write_channel: b'exit\n'
DEBUG:paramiko.transport:starting thread (client mode): 0x5edd9950
DEBUG:paramiko.transport:Local version/idstring: SSH-2.0-paramiko_2.7.2
DEBUG:paramiko.transport:Remote version/idstring: SSH-2.0-Cisco-1.25
INFO:paramiko.transport:Connected (version 2.0, client Cisco-1.25)
DEBUG:paramiko.transport:kex algos:['diffie-hellman-group-exchange-sha1', 'diffie-hellman-group14-sha1'] server key:['ssh-rsa'] client encrypt:['aes128-ctr', 'aes192-ctr', 'aes256-ctr'] server encrypt:['aes128-ctr', 'aes192-ctr', 'aes256-ctr'] client mac:['hmac-sha2-256', 'hmac-sha2-512', 'hmac-sha1', 'hmac-sha1-96'] server mac:['hmac-sha2-256', 'hmac-sha2-512', 'hmac-sha1', 'hmac-sha1-96'] client compress:['none'] server compress:['none'] client lang:[''] server lang:[''] kex follows?False
DEBUG:paramiko.transport:Kex agreed: diffie-hellman-group-exchange-sha1
DEBUG:paramiko.transport:HostKey agreed: ssh-rsa
DEBUG:paramiko.transport:Cipher agreed: aes128-ctr
DEBUG:paramiko.transport:MAC agreed: hmac-sha2-256
DEBUG:paramiko.transport:Compression agreed: none
DEBUG:paramiko.transport:Got server p (2048 bits)
DEBUG:paramiko.transport:kex engine KexGex specified hash_algo <built-in function openssl_sha1>
DEBUG:paramiko.transport:Switch to new keys ...
DEBUG:paramiko.transport:Adding ssh-rsa host key for cisco3.lasthop.io: b'f05fe0c73e29ddad92927e052a4b03f6'
DEBUG:paramiko.transport:userauth is OK
INFO:paramiko.transport:Authentication (password) successful!
DEBUG:paramiko.transport:[chan 0] Max packet in: 32768 bytes
DEBUG:paramiko.transport:[chan 0] Max packet out: 4096 bytes
DEBUG:paramiko.transport:Secsh channel 0 opened.
DEBUG:paramiko.transport:[chan 0] Sesch channel 0 request ok
DEBUG:paramiko.transport:[chan 0] Sesch channel 0 request ok
DEBUG:netmiko:write_channel: b'terminal width 511\n'
DEBUG:netmiko:Pattern is: terminal width 511
DEBUG:netmiko:_read_channel_expect read_data: 


cisco3#
DEBUG:netmiko:_read_channel_expect read_data: term
DEBUG:netmiko:_read_channel_expect read_data: inal wi
DEBUG:netmiko:_read_channel_expect read_data: dth 5
DEBUG:netmiko:_read_channel_expect read_data: 11
cisco3#
DEBUG:netmiko:Pattern found: terminal width 511 


cisco3#terminal width 511
cisco3#
DEBUG:netmiko:In disable_paging
DEBUG:netmiko:Command: terminal length 0

DEBUG:netmiko:write_channel: b'terminal length 0\n'
DEBUG:netmiko:Pattern is: terminal\ length\ 0
DEBUG:netmiko:_read_channel_expect read_data: t
DEBUG:netmiko:_read_channel_expect read_data: ermin
DEBUG:netmiko:_read_channel_expect read_data: al lengt
DEBUG:netmiko:_read_channel_expect read_data: h 0
cisco3#
DEBUG:netmiko:Pattern found: terminal\ length\ 0 terminal length 0
cisco3#
DEBUG:netmiko:terminal length 0
cisco3#
DEBUG:netmiko:Exiting disable_paging
DEBUG:netmiko:read_channel: 
DEBUG:netmiko:write_channel: b'\n'
DEBUG:netmiko:read_channel: 
cisco3#
DEBUG:netmiko:read_channel: 
DEBUG:netmiko:[find_prompt()]: prompt is cisco3#
DEBUG:netmiko:read_channel: 
DEBUG:netmiko:write_channel: b'\n'
DEBUG:netmiko:read_channel: 
cisco3#
DEBUG:netmiko:read_channel: 
DEBUG:netmiko:[find_prompt()]: prompt is cisco3#
DEBUG:netmiko:write_channel: b'ssh -l pyclass 10.220.88.31\n'
DEBUG:netmiko:read_channel: ssh -l pyclass 10.220.88.31
Password: 
DEBUG:netmiko:write_channel: b'88newclass\n'
DEBUG:netmiko:read_channel: 
Last login: Thu Jul 22 10:15:04 2021 from 54.214.14.39
arista4#
DEBUG:netmiko:write_channel: b'\n'
DEBUG:netmiko:read_channel: 
arista4#
DEBUG:netmiko:read_channel: 
DEBUG:netmiko:read_channel: 
DEBUG:netmiko:write_channel: b'exit\n'
DEBUG:paramiko.transport:starting thread (client mode): 0xafc289d0
DEBUG:paramiko.transport:Local version/idstring: SSH-2.0-paramiko_2.7.2
DEBUG:paramiko.transport:Remote version/idstring: SSH-2.0-Cisco-1.25
INFO:paramiko.transport:Connected (version 2.0, client Cisco-1.25)
DEBUG:paramiko.transport:kex algos:['diffie-hellman-group-exchange-sha1', 'diffie-hellman-group14-sha1'] server key:['ssh-rsa'] client encrypt:['aes128-ctr', 'aes192-ctr', 'aes256-ctr'] server encrypt:['aes128-ctr', 'aes192-ctr', 'aes256-ctr'] client mac:['hmac-sha2-256', 'hmac-sha2-512', 'hmac-sha1', 'hmac-sha1-96'] server mac:['hmac-sha2-256', 'hmac-sha2-512', 'hmac-sha1', 'hmac-sha1-96'] client compress:['none'] server compress:['none'] client lang:[''] server lang:[''] kex follows?False
DEBUG:paramiko.transport:Kex agreed: diffie-hellman-group-exchange-sha1
DEBUG:paramiko.transport:HostKey agreed: ssh-rsa
DEBUG:paramiko.transport:Cipher agreed: aes128-ctr
DEBUG:paramiko.transport:MAC agreed: hmac-sha2-256
DEBUG:paramiko.transport:Compression agreed: none
DEBUG:paramiko.transport:Got server p (2048 bits)
DEBUG:paramiko.transport:kex engine KexGex specified hash_algo <built-in function openssl_sha1>
DEBUG:paramiko.transport:Switch to new keys ...
DEBUG:paramiko.transport:Adding ssh-rsa host key for cisco3.lasthop.io: b'f05fe0c73e29ddad92927e052a4b03f6'
DEBUG:paramiko.transport:userauth is OK
INFO:paramiko.transport:Authentication (password) successful!
DEBUG:paramiko.transport:[chan 0] Max packet in: 32768 bytes
DEBUG:paramiko.transport:[chan 0] Max packet out: 4096 bytes
DEBUG:paramiko.transport:Secsh channel 0 opened.
DEBUG:paramiko.transport:[chan 0] Sesch channel 0 request ok
DEBUG:paramiko.transport:[chan 0] Sesch channel 0 request ok
DEBUG:netmiko:write_channel: b'terminal width 511\n'
DEBUG:netmiko:Pattern is: terminal width 511
DEBUG:netmiko:_read_channel_expect read_data: 


cisco3#
DEBUG:netmiko:_read_channel_expect read_data: termi
DEBUG:netmiko:_read_channel_expect read_data: nal wi
DEBUG:netmiko:_read_channel_expect read_data: dth 511

DEBUG:netmiko:Pattern found: terminal width 511 


cisco3#terminal width 511

DEBUG:netmiko:In disable_paging
DEBUG:netmiko:Command: terminal length 0

DEBUG:netmiko:write_channel: b'terminal length 0\n'
DEBUG:netmiko:Pattern is: terminal\ length\ 0
DEBUG:netmiko:_read_channel_expect read_data: cisco3#
DEBUG:netmiko:_read_channel_expect read_data: termi
DEBUG:netmiko:_read_channel_expect read_data: nal le
DEBUG:netmiko:_read_channel_expect read_data: ngth 0
DEBUG:netmiko:Pattern found: terminal\ length\ 0 cisco3#terminal length 0
DEBUG:netmiko:cisco3#terminal length 0
DEBUG:netmiko:Exiting disable_paging
DEBUG:netmiko:read_channel: 
cisco3#
DEBUG:netmiko:Clear buffer detects data in the channel
DEBUG:netmiko:read_channel: 
DEBUG:netmiko:write_channel: b'\n'
DEBUG:netmiko:read_channel: 
cisco3#
DEBUG:netmiko:read_channel: 
DEBUG:netmiko:[find_prompt()]: prompt is cisco3#
DEBUG:netmiko:read_channel: 
DEBUG:netmiko:write_channel: b'\n'
DEBUG:netmiko:read_channel: 
cisco3#
DEBUG:netmiko:read_channel: 
DEBUG:netmiko:[find_prompt()]: prompt is cisco3#
DEBUG:netmiko:write_channel: b'ssh -l pyclass 10.220.88.31\n'
DEBUG:netmiko:read_channel: ssh -l pyclass 10.220.88.31
Password: 
DEBUG:netmiko:write_channel: b'88newclass\n'
DEBUG:netmiko:read_channel: 
Last login: Thu Jul 22 10:54:33 2021 from 10.220.88.22
arista4#
DEBUG:netmiko:write_channel: b'terminal width 511\n'
DEBUG:netmiko:Pattern is: Width set to
DEBUG:netmiko:_read_channel_expect read_data: t
DEBUG:netmiko:_read_channel_expect read_data: ermina
DEBUG:netmiko:_read_channel_expect read_data: l wi
DEBUG:netmiko:_read_channel_expect read_data: dth
DEBUG:netmiko:_read_channel_expect read_data:  511
DEBUG:netmiko:_read_channel_expect read_data: 
Width set to 511 columns.
DEBUG:netmiko:Pattern found: Width set to terminal width 511
Width set to 511 columns.
DEBUG:netmiko:In disable_paging
DEBUG:netmiko:Command: terminal length 0

DEBUG:netmiko:write_channel: b'terminal length 0\n'
DEBUG:netmiko:Pattern is: Pagination disabled
DEBUG:netmiko:_read_channel_expect read_data: 

DEBUG:netmiko:_read_channel_expect read_data: arista4#
DEBUG:netmiko:_read_channel_expect read_data: t
DEBUG:netmiko:_read_channel_expect read_data: e
DEBUG:netmiko:_read_channel_expect read_data: r
DEBUG:netmiko:_read_channel_expect read_data: m
DEBUG:netmiko:_read_channel_expect read_data: i
DEBUG:netmiko:_read_channel_expect read_data: n
DEBUG:netmiko:_read_channel_expect read_data: a
DEBUG:netmiko:_read_channel_expect read_data: l
DEBUG:netmiko:_read_channel_expect read_data:  
DEBUG:netmiko:_read_channel_expect read_data: l
DEBUG:netmiko:_read_channel_expect read_data: e
DEBUG:netmiko:_read_channel_expect read_data: n
DEBUG:netmiko:_read_channel_expect read_data: gth 0
Pagination disabled.
arista4#
DEBUG:netmiko:Pattern found: Pagination disabled 
arista4#terminal length 0
Pagination disabled.
arista4#
DEBUG:netmiko:
arista4#terminal length 0
Pagination disabled.
arista4#
DEBUG:netmiko:Exiting disable_paging
DEBUG:netmiko:read_channel: 
DEBUG:netmiko:write_channel: b'\n'
DEBUG:netmiko:read_channel: 
DEBUG:netmiko:read_channel: 
DEBUG:netmiko:write_channel: b'\n'
DEBUG:netmiko:read_channel: 
DEBUG:netmiko:write_channel: b'\n'
DEBUG:netmiko:read_channel: 
DEBUG:netmiko:write_channel: b'\n'
DEBUG:netmiko:read_channel: 
DEBUG:netmiko:write_channel: b'\n'
DEBUG:netmiko:read_channel: 
arista4#
DEBUG:netmiko:read_channel: 
arista4#
DEBUG:netmiko:Clear buffer detects data in the channel
DEBUG:netmiko:read_channel: 
arista4#
DEBUG:netmiko:Clear buffer detects data in the channel
DEBUG:netmiko:read_channel: 
arista4#
arista4#
DEBUG:netmiko:Clear buffer detects data in the channel
DEBUG:netmiko:read_channel: 
DEBUG:netmiko:[find_prompt()]: prompt is arista4#
DEBUG:netmiko:write_channel: b'\n'
DEBUG:netmiko:Pattern is: arista4
DEBUG:netmiko:_read_channel_expect read_data: 

DEBUG:netmiko:_read_channel_expect read_data: arista4#
DEBUG:netmiko:Pattern found: arista4 
arista4#
DEBUG:netmiko:write_channel: b'exit\n'
DEBUG:paramiko.transport:starting thread (client mode): 0x90ace9d0
DEBUG:paramiko.transport:Local version/idstring: SSH-2.0-paramiko_2.7.2
DEBUG:paramiko.transport:Remote version/idstring: SSH-2.0-Cisco-1.25
INFO:paramiko.transport:Connected (version 2.0, client Cisco-1.25)
DEBUG:paramiko.transport:kex algos:['diffie-hellman-group-exchange-sha1', 'diffie-hellman-group14-sha1'] server key:['ssh-rsa'] client encrypt:['aes128-ctr', 'aes192-ctr', 'aes256-ctr'] server encrypt:['aes128-ctr', 'aes192-ctr', 'aes256-ctr'] client mac:['hmac-sha2-256', 'hmac-sha2-512', 'hmac-sha1', 'hmac-sha1-96'] server mac:['hmac-sha2-256', 'hmac-sha2-512', 'hmac-sha1', 'hmac-sha1-96'] client compress:['none'] server compress:['none'] client lang:[''] server lang:[''] kex follows?False
DEBUG:paramiko.transport:Kex agreed: diffie-hellman-group-exchange-sha1
DEBUG:paramiko.transport:HostKey agreed: ssh-rsa
DEBUG:paramiko.transport:Cipher agreed: aes128-ctr
DEBUG:paramiko.transport:MAC agreed: hmac-sha2-256
DEBUG:paramiko.transport:Compression agreed: none
DEBUG:paramiko.transport:Got server p (2048 bits)
DEBUG:paramiko.transport:kex engine KexGex specified hash_algo <built-in function openssl_sha1>
DEBUG:paramiko.transport:Switch to new keys ...
DEBUG:paramiko.transport:Adding ssh-rsa host key for cisco3.lasthop.io: b'f05fe0c73e29ddad92927e052a4b03f6'
DEBUG:paramiko.transport:userauth is OK
INFO:paramiko.transport:Authentication (password) successful!
DEBUG:paramiko.transport:[chan 0] Max packet in: 32768 bytes
DEBUG:paramiko.transport:[chan 0] Max packet out: 4096 bytes
DEBUG:paramiko.transport:Secsh channel 0 opened.
DEBUG:paramiko.transport:[chan 0] Sesch channel 0 request ok
DEBUG:paramiko.transport:[chan 0] Sesch channel 0 request ok
DEBUG:netmiko:write_channel: b'terminal width 511\n'
DEBUG:netmiko:Pattern is: terminal width 511
DEBUG:netmiko:_read_channel_expect read_data: 


cisco3#
DEBUG:netmiko:_read_channel_expect read_data: term
DEBUG:netmiko:_read_channel_expect read_data: inal 
DEBUG:netmiko:_read_channel_expect read_data: width 
DEBUG:netmiko:_read_channel_expect read_data: 511
cisco3#
DEBUG:netmiko:Pattern found: terminal width 511 


cisco3#terminal width 511
cisco3#
DEBUG:netmiko:In disable_paging
DEBUG:netmiko:Command: terminal length 0

DEBUG:netmiko:write_channel: b'terminal length 0\n'
DEBUG:netmiko:Pattern is: terminal\ length\ 0
DEBUG:netmiko:_read_channel_expect read_data: t
DEBUG:netmiko:_read_channel_expect read_data: ermin
DEBUG:netmiko:_read_channel_expect read_data: al leng
DEBUG:netmiko:_read_channel_expect read_data: th 0

DEBUG:netmiko:Pattern found: terminal\ length\ 0 terminal length 0

DEBUG:netmiko:terminal length 0

DEBUG:netmiko:Exiting disable_paging
DEBUG:netmiko:read_channel: cisco3#
DEBUG:netmiko:Clear buffer detects data in the channel
DEBUG:netmiko:read_channel: 
DEBUG:netmiko:write_channel: b'\n'
DEBUG:netmiko:read_channel: 
cisco3#
DEBUG:netmiko:read_channel: 
DEBUG:netmiko:[find_prompt()]: prompt is cisco3#
DEBUG:netmiko:read_channel: 
DEBUG:netmiko:write_channel: b'\n'
DEBUG:netmiko:read_channel: 
cisco3#
DEBUG:netmiko:read_channel: 
DEBUG:netmiko:[find_prompt()]: prompt is cisco3#
DEBUG:netmiko:read_channel: 
DEBUG:netmiko:write_channel: b'\n'
DEBUG:netmiko:read_channel: 
cisco3#
DEBUG:netmiko:read_channel: 
DEBUG:netmiko:[find_prompt()]: prompt is cisco3#
DEBUG:netmiko:write_channel: b'ssh -l pyclass 10.220.88.31\n'
DEBUG:netmiko:read_channel: ssh -l pyclass 10.220.88.31
Password: 
DEBUG:netmiko:write_channel: b'88newclass\n'
DEBUG:netmiko:read_channel: 
Last login: Thu Jul 22 10:58:47 2021 from 10.220.88.22
arista4#
DEBUG:netmiko:write_channel: b'terminal width 511\n'
DEBUG:netmiko:Pattern is: Width set to
DEBUG:netmiko:_read_channel_expect read_data: terminal w
DEBUG:netmiko:_read_channel_expect read_data: idth 511
DEBUG:netmiko:_read_channel_expect read_data: 

DEBUG:netmiko:_read_channel_expect read_data: Width set to 511 columns.
DEBUG:netmiko:Pattern found: Width set to terminal width 511
Width set to 511 columns.
DEBUG:netmiko:In disable_paging
DEBUG:netmiko:Command: terminal length 0

DEBUG:netmiko:write_channel: b'terminal length 0\n'
DEBUG:netmiko:Pattern is: Pagination disabled
DEBUG:netmiko:_read_channel_expect read_data: 

DEBUG:netmiko:_read_channel_expect read_data: arista4#
DEBUG:netmiko:_read_channel_expect read_data: t
DEBUG:netmiko:_read_channel_expect read_data: e
DEBUG:netmiko:_read_channel_expect read_data: r
DEBUG:netmiko:_read_channel_expect read_data: m
DEBUG:netmiko:_read_channel_expect read_data: i
DEBUG:netmiko:_read_channel_expect read_data: n
DEBUG:netmiko:_read_channel_expect read_data: a
DEBUG:netmiko:_read_channel_expect read_data: l
DEBUG:netmiko:_read_channel_expect read_data:  
DEBUG:netmiko:_read_channel_expect read_data: l
DEBUG:netmiko:_read_channel_expect read_data: ength 0
Pagination disabled.
arista4#
DEBUG:netmiko:Pattern found: Pagination disabled 
arista4#terminal length 0
Pagination disabled.
arista4#
DEBUG:netmiko:
arista4#terminal length 0
Pagination disabled.
arista4#
DEBUG:netmiko:Exiting disable_paging
DEBUG:netmiko:read_channel: 
DEBUG:netmiko:write_channel: b'\n'
DEBUG:netmiko:read_channel: 
DEBUG:netmiko:read_channel: 
DEBUG:netmiko:write_channel: b'\n'
DEBUG:netmiko:read_channel: 
DEBUG:netmiko:write_channel: b'\n'
DEBUG:netmiko:read_channel: 
DEBUG:netmiko:write_channel: b'\n'
DEBUG:netmiko:read_channel: 
DEBUG:netmiko:write_channel: b'\n'
DEBUG:netmiko:read_channel: 
arista4#
arista4#
DEBUG:netmiko:read_channel: 
DEBUG:netmiko:[find_prompt()]: prompt is arista4#
DEBUG:paramiko.transport:starting thread (client mode): 0xacffaa90
DEBUG:paramiko.transport:Local version/idstring: SSH-2.0-paramiko_2.7.2
DEBUG:paramiko.transport:Remote version/idstring: SSH-2.0-Cisco-1.25
INFO:paramiko.transport:Connected (version 2.0, client Cisco-1.25)
DEBUG:paramiko.transport:kex algos:['diffie-hellman-group-exchange-sha1', 'diffie-hellman-group14-sha1'] server key:['ssh-rsa'] client encrypt:['aes128-ctr', 'aes192-ctr', 'aes256-ctr'] server encrypt:['aes128-ctr', 'aes192-ctr', 'aes256-ctr'] client mac:['hmac-sha2-256', 'hmac-sha2-512', 'hmac-sha1', 'hmac-sha1-96'] server mac:['hmac-sha2-256', 'hmac-sha2-512', 'hmac-sha1', 'hmac-sha1-96'] client compress:['none'] server compress:['none'] client lang:[''] server lang:[''] kex follows?False
DEBUG:paramiko.transport:Kex agreed: diffie-hellman-group-exchange-sha1
DEBUG:paramiko.transport:HostKey agreed: ssh-rsa
DEBUG:paramiko.transport:Cipher agreed: aes128-ctr
DEBUG:paramiko.transport:MAC agreed: hmac-sha2-256
DEBUG:paramiko.transport:Compression agreed: none
DEBUG:paramiko.transport:Got server p (2048 bits)
DEBUG:paramiko.transport:kex engine KexGex specified hash_algo <built-in function openssl_sha1>
DEBUG:paramiko.transport:Switch to new keys ...
DEBUG:paramiko.transport:Adding ssh-rsa host key for cisco3.lasthop.io: b'f05fe0c73e29ddad92927e052a4b03f6'
DEBUG:paramiko.transport:userauth is OK
INFO:paramiko.transport:Authentication (password) successful!
DEBUG:paramiko.transport:[chan 0] Max packet in: 32768 bytes
DEBUG:paramiko.transport:[chan 0] Max packet out: 4096 bytes
DEBUG:paramiko.transport:Secsh channel 0 opened.
DEBUG:paramiko.transport:[chan 0] Sesch channel 0 request ok
DEBUG:paramiko.transport:[chan 0] Sesch channel 0 request ok
DEBUG:netmiko:write_channel: b'terminal width 511\n'
DEBUG:netmiko:Pattern is: terminal width 511
DEBUG:netmiko:_read_channel_expect read_data: 


cisco3#
DEBUG:netmiko:_read_channel_expect read_data: termi
DEBUG:netmiko:_read_channel_expect read_data: nal wid
DEBUG:netmiko:_read_channel_expect read_data: th 511
cisco3#
DEBUG:netmiko:Pattern found: terminal width 511 


cisco3#terminal width 511
cisco3#
DEBUG:netmiko:In disable_paging
DEBUG:netmiko:Command: terminal length 0

DEBUG:netmiko:write_channel: b'terminal length 0\n'
DEBUG:netmiko:Pattern is: terminal\ length\ 0
DEBUG:netmiko:_read_channel_expect read_data: t
DEBUG:netmiko:_read_channel_expect read_data: ermina
DEBUG:netmiko:_read_channel_expect read_data: l lengt
DEBUG:netmiko:_read_channel_expect read_data: h 0
cisco3#
DEBUG:netmiko:Pattern found: terminal\ length\ 0 terminal length 0
cisco3#
DEBUG:netmiko:terminal length 0
cisco3#
DEBUG:netmiko:Exiting disable_paging
DEBUG:netmiko:read_channel: 
DEBUG:netmiko:write_channel: b'\n'
DEBUG:netmiko:read_channel: 
cisco3#
DEBUG:netmiko:read_channel: 
DEBUG:netmiko:[find_prompt()]: prompt is cisco3#
DEBUG:netmiko:read_channel: 
DEBUG:netmiko:write_channel: b'\n'
DEBUG:netmiko:read_channel: 
cisco3#
DEBUG:netmiko:read_channel: 
DEBUG:netmiko:[find_prompt()]: prompt is cisco3#
DEBUG:netmiko:read_channel: 
DEBUG:netmiko:write_channel: b'\n'
DEBUG:netmiko:read_channel: 
cisco3#
DEBUG:netmiko:read_channel: 
DEBUG:netmiko:[find_prompt()]: prompt is cisco3#
DEBUG:netmiko:write_channel: b'ssh -l pyclass 10.220.88.31\n'
DEBUG:netmiko:read_channel: ssh -l pyclass 10.220.88.31
Password: 
DEBUG:netmiko:write_channel: b'88newclass\n'
DEBUG:netmiko:read_channel: 
Last login: Thu Jul 22 11:09:03 2021 from 10.220.88.22
arista4#
DEBUG:netmiko:write_channel: b'terminal width 511\n'
DEBUG:netmiko:Pattern is: Width set to
DEBUG:netmiko:_read_channel_expect read_data: terminal width 511

DEBUG:netmiko:_read_channel_expect read_data: Width set to 511 columns.

DEBUG:netmiko:Pattern found: Width set to terminal width 511
Width set to 511 columns.

DEBUG:netmiko:In disable_paging
DEBUG:netmiko:Command: terminal length 0

DEBUG:netmiko:write_channel: b'terminal length 0\n'
DEBUG:netmiko:Pattern is: Pagination disabled
DEBUG:netmiko:_read_channel_expect read_data: arista4#
DEBUG:netmiko:_read_channel_expect read_data: t
DEBUG:netmiko:_read_channel_expect read_data: e
DEBUG:netmiko:_read_channel_expect read_data: r
DEBUG:netmiko:_read_channel_expect read_data: m
DEBUG:netmiko:_read_channel_expect read_data: i
DEBUG:netmiko:_read_channel_expect read_data: n
DEBUG:netmiko:_read_channel_expect read_data: a
DEBUG:netmiko:_read_channel_expect read_data: l
DEBUG:netmiko:_read_channel_expect read_data:  
DEBUG:netmiko:_read_channel_expect read_data: length 0
Pagination disabled.
arista4#
DEBUG:netmiko:Pattern found: Pagination disabled arista4#terminal length 0
Pagination disabled.
arista4#
DEBUG:netmiko:arista4#terminal length 0
Pagination disabled.
arista4#
DEBUG:netmiko:Exiting disable_paging
DEBUG:netmiko:read_channel: 
DEBUG:netmiko:write_channel: b'\n'
DEBUG:netmiko:read_channel: 
DEBUG:netmiko:read_channel: 
DEBUG:netmiko:write_channel: b'\n'
DEBUG:netmiko:read_channel: 
DEBUG:netmiko:write_channel: b'\n'
DEBUG:netmiko:read_channel: 
DEBUG:netmiko:write_channel: b'\n'
DEBUG:netmiko:read_channel: 
arista4#

DEBUG:netmiko:read_channel: arista4#
DEBUG:netmiko:Clear buffer detects data in the channel
DEBUG:netmiko:read_channel: 
DEBUG:netmiko:[find_prompt()]: prompt is arista4#
DEBUG:paramiko.transport:starting thread (client mode): 0x1e330a50
DEBUG:paramiko.transport:Local version/idstring: SSH-2.0-paramiko_2.7.2
DEBUG:paramiko.transport:Remote version/idstring: SSH-2.0-Cisco-1.25
INFO:paramiko.transport:Connected (version 2.0, client Cisco-1.25)
DEBUG:paramiko.transport:kex algos:['diffie-hellman-group-exchange-sha1', 'diffie-hellman-group14-sha1'] server key:['ssh-rsa'] client encrypt:['aes128-ctr', 'aes192-ctr', 'aes256-ctr'] server encrypt:['aes128-ctr', 'aes192-ctr', 'aes256-ctr'] client mac:['hmac-sha2-256', 'hmac-sha2-512', 'hmac-sha1', 'hmac-sha1-96'] server mac:['hmac-sha2-256', 'hmac-sha2-512', 'hmac-sha1', 'hmac-sha1-96'] client compress:['none'] server compress:['none'] client lang:[''] server lang:[''] kex follows?False
DEBUG:paramiko.transport:Kex agreed: diffie-hellman-group-exchange-sha1
DEBUG:paramiko.transport:HostKey agreed: ssh-rsa
DEBUG:paramiko.transport:Cipher agreed: aes128-ctr
DEBUG:paramiko.transport:MAC agreed: hmac-sha2-256
DEBUG:paramiko.transport:Compression agreed: none
DEBUG:paramiko.transport:Got server p (2048 bits)
DEBUG:paramiko.transport:kex engine KexGex specified hash_algo <built-in function openssl_sha1>
DEBUG:paramiko.transport:Switch to new keys ...
DEBUG:paramiko.transport:Adding ssh-rsa host key for cisco3.lasthop.io: b'f05fe0c73e29ddad92927e052a4b03f6'
DEBUG:paramiko.transport:userauth is OK
INFO:paramiko.transport:Authentication (password) successful!
DEBUG:paramiko.transport:[chan 0] Max packet in: 32768 bytes
DEBUG:paramiko.transport:[chan 0] Max packet out: 4096 bytes
DEBUG:paramiko.transport:Secsh channel 0 opened.
DEBUG:paramiko.transport:[chan 0] Sesch channel 0 request ok
DEBUG:paramiko.transport:[chan 0] Sesch channel 0 request ok
DEBUG:netmiko:write_channel: b'terminal width 511\n'
DEBUG:netmiko:Pattern is: terminal width 511
DEBUG:netmiko:_read_channel_expect read_data: 


cisco3#
DEBUG:netmiko:_read_channel_expect read_data: termi
DEBUG:netmiko:_read_channel_expect read_data: nal wid
DEBUG:netmiko:_read_channel_expect read_data: th 511
DEBUG:netmiko:Pattern found: terminal width 511 


cisco3#terminal width 511
DEBUG:netmiko:In disable_paging
DEBUG:netmiko:Command: terminal length 0

DEBUG:netmiko:write_channel: b'terminal length 0\n'
DEBUG:netmiko:Pattern is: terminal\ length\ 0
DEBUG:netmiko:_read_channel_expect read_data: 

DEBUG:netmiko:_read_channel_expect read_data: cisco3#termi
DEBUG:netmiko:_read_channel_expect read_data: nal len
DEBUG:netmiko:_read_channel_expect read_data: gth 0
DEBUG:netmiko:Pattern found: terminal\ length\ 0 
cisco3#terminal length 0
DEBUG:netmiko:
cisco3#terminal length 0
DEBUG:netmiko:Exiting disable_paging
DEBUG:netmiko:read_channel: 
cisco3#
DEBUG:netmiko:Clear buffer detects data in the channel
DEBUG:netmiko:read_channel: 
DEBUG:netmiko:write_channel: b'\n'
DEBUG:netmiko:read_channel: 
cisco3#
DEBUG:netmiko:read_channel: 
DEBUG:netmiko:[find_prompt()]: prompt is cisco3#
DEBUG:netmiko:read_channel: 
DEBUG:netmiko:write_channel: b'\n'
DEBUG:netmiko:read_channel: 
cisco3#
DEBUG:netmiko:read_channel: 
DEBUG:netmiko:[find_prompt()]: prompt is cisco3#
DEBUG:netmiko:read_channel: 
DEBUG:netmiko:write_channel: b'\n'
DEBUG:netmiko:read_channel: 
cisco3#
DEBUG:netmiko:read_channel: 
DEBUG:netmiko:[find_prompt()]: prompt is cisco3#
DEBUG:netmiko:write_channel: b'ssh -l pyclass 10.220.88.31\n'
DEBUG:netmiko:read_channel: ssh -l pyclass 10.220.88.31
Password: 
DEBUG:netmiko:write_channel: b'88newclass\n'
DEBUG:netmiko:read_channel: 
Last login: Thu Jul 22 11:11:03 2021 from 10.220.88.22
arista4#
DEBUG:netmiko:write_channel: b'terminal width 511\n'
DEBUG:netmiko:Pattern is: Width set to
DEBUG:netmiko:_read_channel_expect read_data: ter
DEBUG:netmiko:_read_channel_expect read_data: minal width 511

DEBUG:netmiko:_read_channel_expect read_data: Width set to 511 columns.
DEBUG:netmiko:Pattern found: Width set to terminal width 511
Width set to 511 columns.
DEBUG:netmiko:In disable_paging
DEBUG:netmiko:Command: terminal length 0

DEBUG:netmiko:write_channel: b'terminal length 0\n'
DEBUG:netmiko:Pattern is: Pagination disabled
DEBUG:netmiko:_read_channel_expect read_data: 

DEBUG:netmiko:_read_channel_expect read_data: arista4#
DEBUG:netmiko:_read_channel_expect read_data: t
DEBUG:netmiko:_read_channel_expect read_data: e
DEBUG:netmiko:_read_channel_expect read_data: r
DEBUG:netmiko:_read_channel_expect read_data: m
DEBUG:netmiko:_read_channel_expect read_data: i
DEBUG:netmiko:_read_channel_expect read_data: n
DEBUG:netmiko:_read_channel_expect read_data: a
DEBUG:netmiko:_read_channel_expect read_data: l
DEBUG:netmiko:_read_channel_expect read_data:  length 0
Pagination disabled.
arista4#
DEBUG:netmiko:Pattern found: Pagination disabled 
arista4#terminal length 0
Pagination disabled.
arista4#
DEBUG:netmiko:
arista4#terminal length 0
Pagination disabled.
arista4#
DEBUG:netmiko:Exiting disable_paging
DEBUG:netmiko:read_channel: 
DEBUG:netmiko:write_channel: b'\n'
DEBUG:netmiko:read_channel: 
DEBUG:netmiko:read_channel: 
DEBUG:netmiko:write_channel: b'\n'
DEBUG:netmiko:read_channel: 
DEBUG:netmiko:write_channel: b'\n'
DEBUG:netmiko:read_channel: 
DEBUG:netmiko:write_channel: b'\n'
DEBUG:netmiko:read_channel: 
DEBUG:netmiko:write_channel: b'\n'
DEBUG:netmiko:read_channel: 
arista4#
arista4#
DEBUG:netmiko:read_channel: 
DEBUG:netmiko:[find_prompt()]: prompt is arista4#
DEBUG:netmiko:read_channel: 

DEBUG:netmiko:Clear buffer detects data in the channel
DEBUG:netmiko:read_channel: arista4#
arista4#
DEBUG:netmiko:Clear buffer detects data in the channel
DEBUG:netmiko:read_channel: 
arista4#
DEBUG:netmiko:Clear buffer detects data in the channel
DEBUG:netmiko:read_channel: 
DEBUG:netmiko:write_channel: b'\n'
DEBUG:netmiko:read_channel: 
DEBUG:netmiko:read_channel: 
DEBUG:netmiko:write_channel: b'\n'
DEBUG:netmiko:read_channel: 
DEBUG:netmiko:write_channel: b'\n'
DEBUG:netmiko:read_channel: 

DEBUG:netmiko:write_channel: b'\n'
DEBUG:netmiko:read_channel: arista4#
DEBUG:netmiko:read_channel: 
DEBUG:netmiko:[find_prompt()]: prompt is arista4#
DEBUG:paramiko.transport:starting thread (client mode): 0x3e098990
DEBUG:paramiko.transport:Local version/idstring: SSH-2.0-paramiko_2.7.2
DEBUG:paramiko.transport:Remote version/idstring: SSH-2.0-Cisco-1.25
INFO:paramiko.transport:Connected (version 2.0, client Cisco-1.25)
DEBUG:paramiko.transport:kex algos:['diffie-hellman-group-exchange-sha1', 'diffie-hellman-group14-sha1'] server key:['ssh-rsa'] client encrypt:['aes128-ctr', 'aes192-ctr', 'aes256-ctr'] server encrypt:['aes128-ctr', 'aes192-ctr', 'aes256-ctr'] client mac:['hmac-sha2-256', 'hmac-sha2-512', 'hmac-sha1', 'hmac-sha1-96'] server mac:['hmac-sha2-256', 'hmac-sha2-512', 'hmac-sha1', 'hmac-sha1-96'] client compress:['none'] server compress:['none'] client lang:[''] server lang:[''] kex follows?False
DEBUG:paramiko.transport:Kex agreed: diffie-hellman-group-exchange-sha1
DEBUG:paramiko.transport:HostKey agreed: ssh-rsa
DEBUG:paramiko.transport:Cipher agreed: aes128-ctr
DEBUG:paramiko.transport:MAC agreed: hmac-sha2-256
DEBUG:paramiko.transport:Compression agreed: none
DEBUG:paramiko.transport:Got server p (2048 bits)
DEBUG:paramiko.transport:kex engine KexGex specified hash_algo <built-in function openssl_sha1>
DEBUG:paramiko.transport:Switch to new keys ...
DEBUG:paramiko.transport:Adding ssh-rsa host key for cisco3.lasthop.io: b'f05fe0c73e29ddad92927e052a4b03f6'
DEBUG:paramiko.transport:userauth is OK
INFO:paramiko.transport:Authentication (password) successful!
DEBUG:paramiko.transport:[chan 0] Max packet in: 32768 bytes
DEBUG:paramiko.transport:[chan 0] Max packet out: 4096 bytes
DEBUG:paramiko.transport:Secsh channel 0 opened.
DEBUG:paramiko.transport:[chan 0] Sesch channel 0 request ok
DEBUG:paramiko.transport:[chan 0] Sesch channel 0 request ok
DEBUG:netmiko:write_channel: b'terminal width 511\n'
DEBUG:netmiko:Pattern is: terminal width 511
DEBUG:netmiko:_read_channel_expect read_data: 


cisco3#
DEBUG:netmiko:_read_channel_expect read_data: terminal width 51
DEBUG:netmiko:_read_channel_expect read_data: 1
cisco3#
DEBUG:netmiko:Pattern found: terminal width 511 


cisco3#terminal width 511
cisco3#
DEBUG:netmiko:In disable_paging
DEBUG:netmiko:Command: terminal length 0

DEBUG:netmiko:write_channel: b'terminal length 0\n'
DEBUG:netmiko:Pattern is: terminal\ length\ 0
DEBUG:netmiko:_read_channel_expect read_data: t
DEBUG:netmiko:_read_channel_expect read_data: erminal 
DEBUG:netmiko:_read_channel_expect read_data: length 0
DEBUG:netmiko:Pattern found: terminal\ length\ 0 terminal length 0
DEBUG:netmiko:terminal length 0
DEBUG:netmiko:Exiting disable_paging
DEBUG:netmiko:read_channel: 
cisco3#
DEBUG:netmiko:Clear buffer detects data in the channel
DEBUG:netmiko:read_channel: 
DEBUG:netmiko:write_channel: b'\n'
DEBUG:netmiko:read_channel: 
cisco3#
DEBUG:netmiko:read_channel: 
DEBUG:netmiko:[find_prompt()]: prompt is cisco3#
DEBUG:netmiko:read_channel: 
DEBUG:netmiko:write_channel: b'\n'
DEBUG:netmiko:read_channel: 
cisco3#
DEBUG:netmiko:read_channel: 
DEBUG:netmiko:[find_prompt()]: prompt is cisco3#
DEBUG:netmiko:read_channel: 
DEBUG:netmiko:write_channel: b'\n'
DEBUG:netmiko:read_channel: 
cisco3#
DEBUG:netmiko:read_channel: 
DEBUG:netmiko:[find_prompt()]: prompt is cisco3#
DEBUG:netmiko:write_channel: b'ssh -l pyclass 10.220.88.31\n'
DEBUG:netmiko:read_channel: ssh -l pyclass 10.220.88.31
Password: 
DEBUG:netmiko:write_channel: b'88newclass\n'
DEBUG:netmiko:read_channel: 
Last login: Thu Jul 22 11:12:55 2021 from 10.220.88.22
arista4#
DEBUG:netmiko:write_channel: b'terminal width 511\n'
DEBUG:netmiko:Pattern is: Width set to
DEBUG:netmiko:_read_channel_expect read_data: terminal 
DEBUG:netmiko:_read_channel_expect read_data: width 511

DEBUG:netmiko:_read_channel_expect read_data: Width set to 511 columns.
DEBUG:netmiko:Pattern found: Width set to terminal width 511
Width set to 511 columns.
DEBUG:netmiko:In disable_paging
DEBUG:netmiko:Command: terminal length 0

DEBUG:netmiko:write_channel: b'terminal length 0\n'
DEBUG:netmiko:Pattern is: Pagination disabled
DEBUG:netmiko:_read_channel_expect read_data: 

DEBUG:netmiko:_read_channel_expect read_data: arista4#
DEBUG:netmiko:_read_channel_expect read_data: t
DEBUG:netmiko:_read_channel_expect read_data: e
DEBUG:netmiko:_read_channel_expect read_data: r
DEBUG:netmiko:_read_channel_expect read_data: m
DEBUG:netmiko:_read_channel_expect read_data: i
DEBUG:netmiko:_read_channel_expect read_data: n
DEBUG:netmiko:_read_channel_expect read_data: al
DEBUG:netmiko:_read_channel_expect read_data:  len
DEBUG:netmiko:_read_channel_expect read_data: gth 0
Pagination disabled.
arista4#
DEBUG:netmiko:Pattern found: Pagination disabled 
arista4#terminal length 0
Pagination disabled.
arista4#
DEBUG:netmiko:
arista4#terminal length 0
Pagination disabled.
arista4#
DEBUG:netmiko:Exiting disable_paging
DEBUG:netmiko:read_channel: 
DEBUG:netmiko:write_channel: b'\n'
DEBUG:netmiko:read_channel: 
DEBUG:netmiko:read_channel: 
DEBUG:netmiko:write_channel: b'\n'
DEBUG:netmiko:read_channel: 
DEBUG:netmiko:write_channel: b'\n'
DEBUG:netmiko:read_channel: 
DEBUG:netmiko:write_channel: b'\n'
DEBUG:netmiko:read_channel: 
DEBUG:netmiko:write_channel: b'\n'
DEBUG:netmiko:read_channel: 
arista4#
arista4#
DEBUG:netmiko:read_channel: 

DEBUG:netmiko:Clear buffer detects data in the channel
DEBUG:netmiko:read_channel: arista4#

DEBUG:netmiko:Clear buffer detects data in the channel
DEBUG:netmiko:read_channel: arista4#
arista4#
DEBUG:netmiko:Clear buffer detects data in the channel
DEBUG:netmiko:read_channel: 
DEBUG:netmiko:[find_prompt()]: prompt is arista4#
DEBUG:netmiko:read_channel: 
DEBUG:netmiko:write_channel: b'\n'
DEBUG:netmiko:read_channel: 
DEBUG:netmiko:read_channel: 
DEBUG:netmiko:write_channel: b'\n'
DEBUG:netmiko:read_channel: 
DEBUG:netmiko:write_channel: b'\n'
DEBUG:netmiko:read_channel: 

DEBUG:netmiko:write_channel: b'\n'
DEBUG:netmiko:read_channel: arista4#
DEBUG:netmiko:read_channel: 

DEBUG:netmiko:Clear buffer detects data in the channel
DEBUG:netmiko:read_channel: arista4#
DEBUG:netmiko:Clear buffer detects data in the channel
DEBUG:netmiko:read_channel: 
arista4#
arista4#
DEBUG:netmiko:Clear buffer detects data in the channel
DEBUG:netmiko:read_channel: 
DEBUG:netmiko:[find_prompt()]: prompt is arista4#
DEBUG:netmiko:read_channel: 
DEBUG:netmiko:write_channel: b'\n'
DEBUG:netmiko:read_channel: 
DEBUG:netmiko:read_channel: 
DEBUG:netmiko:write_channel: b'\n'
DEBUG:netmiko:read_channel: 
DEBUG:netmiko:write_channel: b'\n'
DEBUG:netmiko:read_channel: 
DEBUG:netmiko:write_channel: b'\n'
DEBUG:netmiko:read_channel: 
arista4#

DEBUG:netmiko:read_channel: arista4#
DEBUG:netmiko:Clear buffer detects data in the channel
DEBUG:netmiko:read_channel: 
DEBUG:netmiko:[find_prompt()]: prompt is arista4#
DEBUG:paramiko.transport:starting thread (client mode): 0x7a8bba90
DEBUG:paramiko.transport:Local version/idstring: SSH-2.0-paramiko_2.7.2
DEBUG:paramiko.transport:Remote version/idstring: SSH-2.0-Cisco-1.25
INFO:paramiko.transport:Connected (version 2.0, client Cisco-1.25)
DEBUG:paramiko.transport:kex algos:['diffie-hellman-group-exchange-sha1', 'diffie-hellman-group14-sha1'] server key:['ssh-rsa'] client encrypt:['aes128-ctr', 'aes192-ctr', 'aes256-ctr'] server encrypt:['aes128-ctr', 'aes192-ctr', 'aes256-ctr'] client mac:['hmac-sha2-256', 'hmac-sha2-512', 'hmac-sha1', 'hmac-sha1-96'] server mac:['hmac-sha2-256', 'hmac-sha2-512', 'hmac-sha1', 'hmac-sha1-96'] client compress:['none'] server compress:['none'] client lang:[''] server lang:[''] kex follows?False
DEBUG:paramiko.transport:Kex agreed: diffie-hellman-group-exchange-sha1
DEBUG:paramiko.transport:HostKey agreed: ssh-rsa
DEBUG:paramiko.transport:Cipher agreed: aes128-ctr
DEBUG:paramiko.transport:MAC agreed: hmac-sha2-256
DEBUG:paramiko.transport:Compression agreed: none
DEBUG:paramiko.transport:Got server p (2048 bits)
DEBUG:paramiko.transport:kex engine KexGex specified hash_algo <built-in function openssl_sha1>
DEBUG:paramiko.transport:Switch to new keys ...
DEBUG:paramiko.transport:Adding ssh-rsa host key for cisco3.lasthop.io: b'f05fe0c73e29ddad92927e052a4b03f6'
DEBUG:paramiko.transport:userauth is OK
INFO:paramiko.transport:Authentication (password) successful!
DEBUG:paramiko.transport:[chan 0] Max packet in: 32768 bytes
DEBUG:paramiko.transport:[chan 0] Max packet out: 4096 bytes
DEBUG:paramiko.transport:Secsh channel 0 opened.
DEBUG:paramiko.transport:[chan 0] Sesch channel 0 request ok
DEBUG:paramiko.transport:[chan 0] Sesch channel 0 request ok
DEBUG:netmiko:write_channel: b'terminal width 511\n'
DEBUG:netmiko:Pattern is: terminal width 511
DEBUG:netmiko:_read_channel_expect read_data: 


cisco3#
DEBUG:netmiko:_read_channel_expect read_data: termi
DEBUG:netmiko:_read_channel_expect read_data: nal w
DEBUG:netmiko:_read_channel_expect read_data: idth 5
DEBUG:netmiko:_read_channel_expect read_data: 11
cisco3#
DEBUG:netmiko:Pattern found: terminal width 511 


cisco3#terminal width 511
cisco3#
DEBUG:netmiko:In disable_paging
DEBUG:netmiko:Command: terminal length 0

DEBUG:netmiko:write_channel: b'terminal length 0\n'
DEBUG:netmiko:Pattern is: terminal\ length\ 0
DEBUG:netmiko:_read_channel_expect read_data: t
DEBUG:netmiko:_read_channel_expect read_data: erminal
DEBUG:netmiko:_read_channel_expect read_data:  lengt
DEBUG:netmiko:_read_channel_expect read_data: h 0
cisco3#
DEBUG:netmiko:Pattern found: terminal\ length\ 0 terminal length 0
cisco3#
DEBUG:netmiko:terminal length 0
cisco3#
DEBUG:netmiko:Exiting disable_paging
DEBUG:netmiko:read_channel: 
DEBUG:netmiko:write_channel: b'\n'
DEBUG:netmiko:read_channel: 
cisco3#
DEBUG:netmiko:read_channel: 
DEBUG:netmiko:[find_prompt()]: prompt is cisco3#
DEBUG:netmiko:read_channel: 
DEBUG:netmiko:write_channel: b'\n'
DEBUG:netmiko:read_channel: 
cisco3#
DEBUG:netmiko:read_channel: 
DEBUG:netmiko:[find_prompt()]: prompt is cisco3#
DEBUG:netmiko:read_channel: 
DEBUG:netmiko:write_channel: b'\n'
DEBUG:netmiko:read_channel: 
cisco3#
DEBUG:netmiko:read_channel: 
DEBUG:netmiko:[find_prompt()]: prompt is cisco3#
DEBUG:netmiko:write_channel: b'ssh -l pyclass 10.220.88.31\n'
DEBUG:netmiko:read_channel: ssh -l pyclass 10.220.88.31
Password: 
DEBUG:netmiko:write_channel: b'88newclass\n'
DEBUG:netmiko:read_channel: 
Last login: Thu Jul 22 11:15:04 2021 from 54.214.14.39
arista4#
DEBUG:netmiko:write_channel: b'terminal width 511\n'
DEBUG:netmiko:Pattern is: Width set to
DEBUG:netmiko:_read_channel_expect read_data: terminal w
DEBUG:netmiko:_read_channel_expect read_data: idth 511

DEBUG:netmiko:_read_channel_expect read_data: Width set to 511 columns.
DEBUG:netmiko:Pattern found: Width set to terminal width 511
Width set to 511 columns.
DEBUG:netmiko:In disable_paging
DEBUG:netmiko:Command: terminal length 0

DEBUG:netmiko:write_channel: b'terminal length 0\n'
DEBUG:netmiko:Pattern is: Pagination disabled
DEBUG:netmiko:_read_channel_expect read_data: 

DEBUG:netmiko:_read_channel_expect read_data: arista4#
DEBUG:netmiko:_read_channel_expect read_data: te
DEBUG:netmiko:_read_channel_expect read_data: rminal le
DEBUG:netmiko:_read_channel_expect read_data: ngth 0

DEBUG:netmiko:_read_channel_expect read_data: Pagination disabled.

DEBUG:netmiko:Pattern found: Pagination disabled 
arista4#terminal length 0
Pagination disabled.

DEBUG:netmiko:
arista4#terminal length 0
Pagination disabled.

DEBUG:netmiko:Exiting disable_paging
DEBUG:netmiko:read_channel: 
DEBUG:netmiko:write_channel: b'\n'
DEBUG:netmiko:read_channel: arista4#
DEBUG:netmiko:read_channel: 
DEBUG:netmiko:[find_prompt()]: prompt is arista4#
DEBUG:netmiko:read_channel: 
DEBUG:netmiko:write_channel: b'\n'
DEBUG:netmiko:read_channel: 
DEBUG:netmiko:read_channel: 
DEBUG:netmiko:write_channel: b'\n'
DEBUG:netmiko:read_channel: 
DEBUG:netmiko:write_channel: b'\n'
DEBUG:netmiko:read_channel: 
DEBUG:netmiko:write_channel: b'\n'
DEBUG:netmiko:read_channel: 
arista4#
arista4#
DEBUG:netmiko:read_channel: 
DEBUG:netmiko:[find_prompt()]: prompt is arista4#
DEBUG:netmiko:read_channel: 
DEBUG:netmiko:write_channel: b'\n'
DEBUG:netmiko:read_channel: 

DEBUG:netmiko:read_channel: 
DEBUG:netmiko:write_channel: b'\n'
DEBUG:netmiko:read_channel: arista4#
DEBUG:netmiko:read_channel: 
arista4#
DEBUG:netmiko:Clear buffer detects data in the channel
DEBUG:netmiko:read_channel: 
arista4#
DEBUG:netmiko:Clear buffer detects data in the channel
DEBUG:netmiko:read_channel: 
DEBUG:netmiko:[find_prompt()]: prompt is arista4#
DEBUG:netmiko:read_channel: 
DEBUG:netmiko:write_channel: b'\n'
DEBUG:netmiko:read_channel: 
DEBUG:netmiko:read_channel: 
DEBUG:netmiko:write_channel: b'\n'
DEBUG:netmiko:read_channel: 
DEBUG:netmiko:write_channel: b'\n'
DEBUG:netmiko:read_channel: 
DEBUG:netmiko:write_channel: b'\n'
DEBUG:netmiko:read_channel: 
arista4#

DEBUG:netmiko:read_channel: arista4#
DEBUG:netmiko:Clear buffer detects data in the channel
DEBUG:netmiko:read_channel: 
arista4#
DEBUG:netmiko:Clear buffer detects data in the channel
DEBUG:netmiko:read_channel: 
DEBUG:netmiko:[find_prompt()]: prompt is arista4#
DEBUG:netmiko:read_channel: 
arista4#

DEBUG:netmiko:Clear buffer detects data in the channel
DEBUG:netmiko:read_channel: arista4#

DEBUG:netmiko:Clear buffer detects data in the channel
DEBUG:netmiko:read_channel: arista4#
DEBUG:netmiko:Clear buffer detects data in the channel
DEBUG:netmiko:read_channel: 
DEBUG:netmiko:write_channel: b'exit\n'
DEBUG:netmiko:Pattern is: exit
DEBUG:netmiko:_read_channel_expect read_data: exit

DEBUG:netmiko:Pattern found: exit exit

DEBUG:netmiko:read_channel: 
DEBUG:netmiko:read_channel: 
[Connection to 10.220.88.31 closed by foreign host]
cisco3#
DEBUG:netmiko:read_channel: 
DEBUG:netmiko:read_channel: 
DEBUG:netmiko:read_channel: 
DEBUG:netmiko:read_channel: 
DEBUG:netmiko:read_channel: 
DEBUG:netmiko:read_channel: 
DEBUG:netmiko:read_channel: 
DEBUG:netmiko:read_channel: 
DEBUG:netmiko:read_channel: 
DEBUG:netmiko:read_channel: 
DEBUG:netmiko:read_channel: 
DEBUG:netmiko:read_channel: 
DEBUG:netmiko:read_channel: 
DEBUG:netmiko:read_channel: 
DEBUG:netmiko:read_channel: 
DEBUG:netmiko:read_channel: 
DEBUG:netmiko:read_channel: 
DEBUG:netmiko:read_channel: 
DEBUG:netmiko:read_channel: 
DEBUG:netmiko:read_channel: 
DEBUG:netmiko:read_channel: 
DEBUG:netmiko:read_channel: 
DEBUG:netmiko:read_channel: 
DEBUG:netmiko:read_channel: 
DEBUG:netmiko:read_channel: 
DEBUG:netmiko:read_channel: 
DEBUG:netmiko:read_channel: 
DEBUG:netmiko:read_channel: 
DEBUG:netmiko:read_channel: 
DEBUG:netmiko:read_channel: 
DEBUG:netmiko:read_channel: 
DEBUG:netmiko:read_channel: 
DEBUG:netmiko:read_channel: 
DEBUG:netmiko:read_channel: 
DEBUG:netmiko:read_channel: 
DEBUG:netmiko:read_channel: 
DEBUG:netmiko:read_channel: 
DEBUG:netmiko:read_channel: 
DEBUG:netmiko:read_channel: 
DEBUG:netmiko:read_channel: 
DEBUG:netmiko:read_channel: 
DEBUG:netmiko:read_channel: 
DEBUG:netmiko:read_channel: 
DEBUG:netmiko:read_channel: 
DEBUG:netmiko:read_channel: 
DEBUG:netmiko:read_channel: 
DEBUG:netmiko:read_channel: 
DEBUG:netmiko:read_channel: 
DEBUG:netmiko:read_channel: 
DEBUG:netmiko:read_channel: 
DEBUG:netmiko:read_channel: 
DEBUG:netmiko:read_channel: 
DEBUG:netmiko:read_channel: 
DEBUG:netmiko:read_channel: 
DEBUG:netmiko:read_channel: 
DEBUG:netmiko:read_channel: 
DEBUG:netmiko:read_channel: 
DEBUG:netmiko:read_channel: 
DEBUG:netmiko:read_channel: 
DEBUG:netmiko:read_channel: 
DEBUG:netmiko:read_channel: 
DEBUG:netmiko:read_channel: 
DEBUG:netmiko:read_channel: 
DEBUG:netmiko:read_channel: 
DEBUG:netmiko:read_channel: 
DEBUG:netmiko:read_channel: 
DEBUG:netmiko:read_channel: 
DEBUG:netmiko:read_channel: 
DEBUG:netmiko:read_channel: 
DEBUG:netmiko:read_channel: 
DEBUG:netmiko:read_channel: 
DEBUG:netmiko:read_channel: 
DEBUG:netmiko:read_channel: 
DEBUG:netmiko:read_channel: 
DEBUG:netmiko:read_channel: 
DEBUG:netmiko:read_channel: 
DEBUG:netmiko:read_channel: 
DEBUG:netmiko:read_channel: 
DEBUG:netmiko:read_channel: 
DEBUG:netmiko:read_channel: 
DEBUG:netmiko:read_channel: 
DEBUG:netmiko:read_channel: 
DEBUG:netmiko:read_channel: 
DEBUG:netmiko:read_channel: 
DEBUG:netmiko:read_channel: 
DEBUG:netmiko:read_channel: 
DEBUG:netmiko:read_channel: 
DEBUG:netmiko:read_channel: 
DEBUG:netmiko:read_channel: 
DEBUG:netmiko:read_channel: 
DEBUG:netmiko:read_channel: 
DEBUG:netmiko:read_channel: 
DEBUG:netmiko:read_channel: 
DEBUG:netmiko:read_channel: 
DEBUG:netmiko:read_channel: 
DEBUG:netmiko:read_channel: 
DEBUG:netmiko:read_channel: 
DEBUG:netmiko:read_channel: 
DEBUG:netmiko:read_channel: 
DEBUG:netmiko:read_channel: 
DEBUG:netmiko:read_channel: 
DEBUG:netmiko:read_channel: 
DEBUG:netmiko:read_channel: 
DEBUG:netmiko:read_channel: 
DEBUG:netmiko:read_channel: 
DEBUG:netmiko:read_channel: 
DEBUG:netmiko:read_channel: 
DEBUG:netmiko:read_channel: 
DEBUG:netmiko:read_channel: 
DEBUG:netmiko:read_channel: 
DEBUG:netmiko:read_channel: 
DEBUG:netmiko:read_channel: 
DEBUG:netmiko:read_channel: 
DEBUG:netmiko:read_channel: 
DEBUG:netmiko:read_channel: 
DEBUG:netmiko:read_channel: 
DEBUG:netmiko:read_channel: 
DEBUG:netmiko:read_channel: 
DEBUG:netmiko:read_channel: 
DEBUG:netmiko:read_channel: 
DEBUG:netmiko:read_channel: 
DEBUG:netmiko:read_channel: 
DEBUG:netmiko:read_channel: 
DEBUG:netmiko:read_channel: 
DEBUG:netmiko:read_channel: 
DEBUG:netmiko:read_channel: 
DEBUG:netmiko:read_channel: 
DEBUG:netmiko:read_channel: 
DEBUG:netmiko:read_channel: 
DEBUG:netmiko:read_channel: 
DEBUG:netmiko:read_channel: 
DEBUG:netmiko:read_channel: 
DEBUG:netmiko:read_channel: 
DEBUG:netmiko:read_channel: 
DEBUG:netmiko:read_channel: 
DEBUG:netmiko:read_channel: 
DEBUG:netmiko:read_channel: 
DEBUG:netmiko:read_channel: 
DEBUG:netmiko:read_channel: 
DEBUG:netmiko:read_channel: 
DEBUG:netmiko:read_channel: 
DEBUG:netmiko:read_channel: 
DEBUG:netmiko:read_channel: 
DEBUG:netmiko:read_channel: 
DEBUG:netmiko:read_channel: 
DEBUG:netmiko:read_channel: 
DEBUG:netmiko:read_channel: 
DEBUG:netmiko:read_channel: 
DEBUG:netmiko:read_channel: 
DEBUG:netmiko:read_channel: 
DEBUG:netmiko:read_channel: 
DEBUG:netmiko:read_channel: 
DEBUG:netmiko:read_channel: 
DEBUG:netmiko:read_channel: 
DEBUG:netmiko:read_channel: 
DEBUG:netmiko:read_channel: 
DEBUG:netmiko:read_channel: 
DEBUG:netmiko:read_channel: 
DEBUG:netmiko:read_channel: 
DEBUG:netmiko:read_channel: 
DEBUG:netmiko:read_channel: 
DEBUG:netmiko:read_channel: 
DEBUG:netmiko:read_channel: 
DEBUG:netmiko:read_channel: 
DEBUG:netmiko:read_channel: 
DEBUG:netmiko:read_channel: 
DEBUG:netmiko:read_channel: 
DEBUG:netmiko:read_channel: 
DEBUG:netmiko:read_channel: 
DEBUG:netmiko:read_channel: 
DEBUG:netmiko:read_channel: 
DEBUG:netmiko:read_channel: 
DEBUG:netmiko:read_channel: 
DEBUG:netmiko:read_channel: 
DEBUG:netmiko:read_channel: 
DEBUG:netmiko:read_channel: 
DEBUG:netmiko:read_channel: 
DEBUG:netmiko:read_channel: 
DEBUG:netmiko:read_channel: 
DEBUG:netmiko:read_channel: 
DEBUG:netmiko:read_channel: 
DEBUG:netmiko:read_channel: 
DEBUG:netmiko:read_channel: 
DEBUG:netmiko:read_channel: 
DEBUG:netmiko:read_channel: 
DEBUG:netmiko:read_channel: 
DEBUG:netmiko:read_channel: 
DEBUG:netmiko:read_channel: 
DEBUG:netmiko:read_channel: 
DEBUG:netmiko:read_channel: 
DEBUG:netmiko:read_channel: 
DEBUG:netmiko:read_channel: 
DEBUG:netmiko:read_channel: 
DEBUG:netmiko:read_channel: 
DEBUG:netmiko:read_channel: 
DEBUG:netmiko:read_channel: 
DEBUG:netmiko:read_channel: 
DEBUG:netmiko:read_channel: 
DEBUG:netmiko:read_channel: 
DEBUG:netmiko:read_channel: 
DEBUG:netmiko:read_channel: 
DEBUG:netmiko:read_channel: 
DEBUG:netmiko:read_channel: 
DEBUG:netmiko:read_channel: 
DEBUG:netmiko:read_channel: 
DEBUG:netmiko:read_channel: 
DEBUG:netmiko:read_channel: 
DEBUG:netmiko:read_channel: 
DEBUG:netmiko:read_channel: 
DEBUG:netmiko:read_channel: 
DEBUG:netmiko:read_channel: 
DEBUG:netmiko:read_channel: 
DEBUG:netmiko:read_channel: 
DEBUG:netmiko:read_channel: 
DEBUG:netmiko:read_channel: 
DEBUG:netmiko:read_channel: 
DEBUG:netmiko:read_channel: 
DEBUG:netmiko:read_channel: 
DEBUG:netmiko:read_channel: 
DEBUG:netmiko:read_channel: 
DEBUG:netmiko:read_channel: 
DEBUG:netmiko:read_channel: 
DEBUG:netmiko:read_channel: 
DEBUG:netmiko:read_channel: 
DEBUG:netmiko:read_channel: 
DEBUG:netmiko:read_channel: 
DEBUG:netmiko:read_channel: 
DEBUG:netmiko:read_channel: 
DEBUG:netmiko:read_channel: 
DEBUG:netmiko:read_channel: 
DEBUG:netmiko:read_channel: 
DEBUG:netmiko:read_channel: 
DEBUG:netmiko:read_channel: 
DEBUG:netmiko:read_channel: 
DEBUG:netmiko:read_channel: 
DEBUG:netmiko:read_channel: 
DEBUG:netmiko:read_channel: 
DEBUG:netmiko:read_channel: 
DEBUG:netmiko:read_channel: 
DEBUG:netmiko:read_channel: 
DEBUG:netmiko:read_channel: 
DEBUG:netmiko:read_channel: 
DEBUG:netmiko:read_channel: 
DEBUG:netmiko:read_channel: 
DEBUG:netmiko:read_channel: 
DEBUG:netmiko:read_channel: 
DEBUG:netmiko:read_channel: 
DEBUG:netmiko:read_channel: 
DEBUG:netmiko:read_channel: 
DEBUG:netmiko:read_channel: 
DEBUG:netmiko:read_channel: 
DEBUG:netmiko:read_channel: 
DEBUG:netmiko:read_channel: 
DEBUG:netmiko:read_channel: 
DEBUG:netmiko:read_channel: 
DEBUG:netmiko:read_channel: 
DEBUG:netmiko:read_channel: 
DEBUG:netmiko:read_channel: 
DEBUG:netmiko:read_channel: 
DEBUG:netmiko:read_channel: 
DEBUG:netmiko:read_channel: 
DEBUG:netmiko:read_channel: 
DEBUG:netmiko:read_channel: 
DEBUG:netmiko:read_channel: 
DEBUG:netmiko:read_channel: 
DEBUG:netmiko:read_channel: 
DEBUG:netmiko:read_channel: 
DEBUG:netmiko:read_channel: 
DEBUG:netmiko:read_channel: 
DEBUG:netmiko:read_channel: 
DEBUG:netmiko:read_channel: 
DEBUG:netmiko:read_channel: 
DEBUG:netmiko:read_channel: 
DEBUG:netmiko:read_channel: 
DEBUG:netmiko:read_channel: 
DEBUG:netmiko:read_channel: 
DEBUG:netmiko:read_channel: 
DEBUG:netmiko:read_channel: 
DEBUG:netmiko:read_channel: 
DEBUG:netmiko:read_channel: 
DEBUG:netmiko:read_channel: 
DEBUG:netmiko:read_channel: 
DEBUG:netmiko:read_channel: 
DEBUG:netmiko:read_channel: 
DEBUG:netmiko:read_channel: 
DEBUG:netmiko:read_channel: 
DEBUG:netmiko:read_channel: 
DEBUG:netmiko:read_channel: 
DEBUG:netmiko:read_channel: 
DEBUG:netmiko:read_channel: 
DEBUG:netmiko:read_channel: 
DEBUG:netmiko:read_channel: 
DEBUG:netmiko:read_channel: 
DEBUG:netmiko:read_channel: 
DEBUG:netmiko:read_channel: 
DEBUG:netmiko:read_channel: 
DEBUG:netmiko:read_channel: 
DEBUG:netmiko:read_channel: 
DEBUG:netmiko:read_channel: 
DEBUG:netmiko:read_channel: 
DEBUG:netmiko:read_channel: 
DEBUG:netmiko:read_channel: 
DEBUG:netmiko:read_channel: 
DEBUG:netmiko:read_channel: 
DEBUG:netmiko:read_channel: 
DEBUG:netmiko:read_channel: 
DEBUG:netmiko:read_channel: 
DEBUG:netmiko:read_channel: 
DEBUG:netmiko:read_channel: 
DEBUG:netmiko:read_channel: 
DEBUG:netmiko:read_channel: 
DEBUG:netmiko:read_channel: 
DEBUG:netmiko:read_channel: 
DEBUG:netmiko:read_channel: 
DEBUG:netmiko:read_channel: 
DEBUG:netmiko:read_channel: 
DEBUG:netmiko:read_channel: 
DEBUG:netmiko:read_channel: 
DEBUG:netmiko:read_channel: 
DEBUG:netmiko:read_channel: 
DEBUG:netmiko:read_channel: 
DEBUG:netmiko:read_channel: 
DEBUG:netmiko:read_channel: 
DEBUG:netmiko:read_channel: 
DEBUG:netmiko:read_channel: 
DEBUG:netmiko:read_channel: 
DEBUG:netmiko:read_channel: 
DEBUG:netmiko:read_channel: 
DEBUG:netmiko:read_channel: 
DEBUG:netmiko:read_channel: 
DEBUG:netmiko:read_channel: 
DEBUG:netmiko:read_channel: 
DEBUG:netmiko:read_channel: 
DEBUG:netmiko:read_channel: 
DEBUG:netmiko:read_channel: 
DEBUG:netmiko:read_channel: 
DEBUG:netmiko:read_channel: 
DEBUG:netmiko:read_channel: 
DEBUG:netmiko:read_channel: 
DEBUG:netmiko:read_channel: 
DEBUG:netmiko:read_channel: 
DEBUG:netmiko:read_channel: 
DEBUG:netmiko:read_channel: 
DEBUG:netmiko:read_channel: 
DEBUG:netmiko:read_channel: 
DEBUG:netmiko:read_channel: 
DEBUG:netmiko:read_channel: 
DEBUG:netmiko:read_channel: 
DEBUG:netmiko:read_channel: 
DEBUG:netmiko:read_channel: 
DEBUG:netmiko:read_channel: 
DEBUG:netmiko:read_channel: 
DEBUG:netmiko:read_channel: 
DEBUG:netmiko:read_channel: 
DEBUG:netmiko:read_channel: 
DEBUG:netmiko:read_channel: 
DEBUG:netmiko:read_channel: 
DEBUG:netmiko:read_channel: 
DEBUG:netmiko:read_channel: 
DEBUG:netmiko:read_channel: 
DEBUG:netmiko:read_channel: 
DEBUG:netmiko:read_channel: 
DEBUG:netmiko:read_channel: 
DEBUG:netmiko:read_channel: 
DEBUG:netmiko:read_channel: 
DEBUG:netmiko:read_channel: 
DEBUG:netmiko:read_channel: 
DEBUG:netmiko:read_channel: 
DEBUG:netmiko:read_channel: 
DEBUG:netmiko:read_channel: 
DEBUG:netmiko:read_channel: 
DEBUG:netmiko:read_channel: 
DEBUG:netmiko:read_channel: 
DEBUG:netmiko:read_channel: 
DEBUG:netmiko:read_channel: 
DEBUG:netmiko:read_channel: 
DEBUG:netmiko:read_channel: 
DEBUG:netmiko:read_channel: 
DEBUG:netmiko:read_channel: 
DEBUG:netmiko:read_channel: 
DEBUG:netmiko:read_channel: 
DEBUG:netmiko:read_channel: 
DEBUG:netmiko:read_channel: 
DEBUG:netmiko:read_channel: 
DEBUG:netmiko:read_channel: 
DEBUG:netmiko:read_channel: 
DEBUG:netmiko:read_channel: 
DEBUG:netmiko:read_channel: 
DEBUG:netmiko:read_channel: 
DEBUG:netmiko:read_channel: 
DEBUG:netmiko:read_channel: 
DEBUG:netmiko:read_channel: 
DEBUG:netmiko:read_channel: 
DEBUG:netmiko:read_channel: 
DEBUG:netmiko:read_channel: 
DEBUG:netmiko:read_channel: 
DEBUG:netmiko:read_channel: 
DEBUG:netmiko:read_channel: 
DEBUG:netmiko:read_channel: 
DEBUG:netmiko:read_channel: 
DEBUG:netmiko:read_channel: 
DEBUG:netmiko:read_channel: 
DEBUG:netmiko:read_channel: 
DEBUG:netmiko:read_channel: 
DEBUG:netmiko:read_channel: 
DEBUG:netmiko:read_channel: 
DEBUG:netmiko:read_channel: 
DEBUG:netmiko:read_channel: 
DEBUG:netmiko:read_channel: 
DEBUG:netmiko:read_channel: 
DEBUG:netmiko:read_channel: 
DEBUG:netmiko:read_channel: 
DEBUG:netmiko:read_channel: 
DEBUG:netmiko:read_channel: 
DEBUG:netmiko:read_channel: 
DEBUG:netmiko:read_channel: 
DEBUG:netmiko:read_channel: 
DEBUG:netmiko:read_channel: 
DEBUG:netmiko:read_channel: 
DEBUG:netmiko:read_channel: 
DEBUG:netmiko:read_channel: 
DEBUG:netmiko:read_channel: 
DEBUG:netmiko:read_channel: 
DEBUG:netmiko:read_channel: 
DEBUG:netmiko:read_channel: 
DEBUG:netmiko:read_channel: 
DEBUG:netmiko:read_channel: 
DEBUG:netmiko:read_channel: 
DEBUG:netmiko:read_channel: 
DEBUG:netmiko:read_channel: 
DEBUG:netmiko:read_channel: 
DEBUG:netmiko:read_channel: 
DEBUG:netmiko:read_channel: 
DEBUG:netmiko:read_channel: 
DEBUG:netmiko:read_channel: 
DEBUG:netmiko:read_channel: 
DEBUG:netmiko:read_channel: 
DEBUG:netmiko:read_channel: 
DEBUG:netmiko:read_channel: 
DEBUG:netmiko:read_channel: 
DEBUG:netmiko:read_channel: 
DEBUG:netmiko:read_channel: 
DEBUG:netmiko:read_channel: 
DEBUG:netmiko:read_channel: 
DEBUG:netmiko:read_channel: 
DEBUG:netmiko:read_channel: 
DEBUG:netmiko:read_channel: 
DEBUG:netmiko:read_channel: 
DEBUG:netmiko:read_channel: 
DEBUG:netmiko:read_channel: 
DEBUG:netmiko:read_channel: 
DEBUG:netmiko:read_channel: 
DEBUG:netmiko:read_channel: 
DEBUG:netmiko:read_channel: 
DEBUG:netmiko:read_channel: 
DEBUG:netmiko:read_channel: 
DEBUG:netmiko:read_channel: 
DEBUG:netmiko:read_channel: 
DEBUG:netmiko:read_channel: 
DEBUG:netmiko:read_channel: 
DEBUG:netmiko:read_channel: 
DEBUG:netmiko:read_channel: 
DEBUG:netmiko:read_channel: 
DEBUG:netmiko:read_channel: 
DEBUG:netmiko:read_channel: 
DEBUG:netmiko:read_channel: 
DEBUG:netmiko:read_channel: 
DEBUG:netmiko:read_channel: 
DEBUG:netmiko:read_channel: 
DEBUG:netmiko:read_channel: 
DEBUG:netmiko:read_channel: 
DEBUG:netmiko:read_channel: 
DEBUG:netmiko:read_channel: 
DEBUG:netmiko:read_channel: 
DEBUG:netmiko:read_channel: 
DEBUG:netmiko:read_channel: 
DEBUG:netmiko:read_channel: 
DEBUG:netmiko:read_channel: 
DEBUG:netmiko:read_channel: 
DEBUG:netmiko:read_channel: 
DEBUG:netmiko:read_channel: 
DEBUG:netmiko:read_channel: 
DEBUG:netmiko:read_channel: 
DEBUG:netmiko:read_channel: 
DEBUG:netmiko:read_channel: 
DEBUG:netmiko:read_channel: 
DEBUG:netmiko:read_channel: 
DEBUG:netmiko:read_channel: 
DEBUG:netmiko:read_channel: 
DEBUG:netmiko:read_channel: 
DEBUG:netmiko:read_channel: 
DEBUG:netmiko:read_channel: 
DEBUG:netmiko:read_channel: 
DEBUG:netmiko:read_channel: 
DEBUG:netmiko:read_channel: 
DEBUG:netmiko:read_channel: 
DEBUG:netmiko:read_channel: 
DEBUG:netmiko:read_channel: 
DEBUG:paramiko.transport:starting thread (client mode): 0xb6edbd0
DEBUG:paramiko.transport:Local version/idstring: SSH-2.0-paramiko_2.7.2
DEBUG:paramiko.transport:Remote version/idstring: SSH-2.0-Cisco-1.25
INFO:paramiko.transport:Connected (version 2.0, client Cisco-1.25)
DEBUG:paramiko.transport:kex algos:['diffie-hellman-group-exchange-sha1', 'diffie-hellman-group14-sha1'] server key:['ssh-rsa'] client encrypt:['aes128-ctr', 'aes192-ctr', 'aes256-ctr'] server encrypt:['aes128-ctr', 'aes192-ctr', 'aes256-ctr'] client mac:['hmac-sha2-256', 'hmac-sha2-512', 'hmac-sha1', 'hmac-sha1-96'] server mac:['hmac-sha2-256', 'hmac-sha2-512', 'hmac-sha1', 'hmac-sha1-96'] client compress:['none'] server compress:['none'] client lang:[''] server lang:[''] kex follows?False
DEBUG:paramiko.transport:Kex agreed: diffie-hellman-group-exchange-sha1
DEBUG:paramiko.transport:HostKey agreed: ssh-rsa
DEBUG:paramiko.transport:Cipher agreed: aes128-ctr
DEBUG:paramiko.transport:MAC agreed: hmac-sha2-256
DEBUG:paramiko.transport:Compression agreed: none
DEBUG:paramiko.transport:Got server p (2048 bits)
DEBUG:paramiko.transport:kex engine KexGex specified hash_algo <built-in function openssl_sha1>
DEBUG:paramiko.transport:Switch to new keys ...
DEBUG:paramiko.transport:Adding ssh-rsa host key for cisco3.lasthop.io: b'f05fe0c73e29ddad92927e052a4b03f6'
DEBUG:paramiko.transport:userauth is OK
INFO:paramiko.transport:Authentication (password) successful!
DEBUG:paramiko.transport:[chan 0] Max packet in: 32768 bytes
DEBUG:paramiko.transport:[chan 0] Max packet out: 4096 bytes
DEBUG:paramiko.transport:Secsh channel 0 opened.
DEBUG:paramiko.transport:[chan 0] Sesch channel 0 request ok
DEBUG:paramiko.transport:[chan 0] Sesch channel 0 request ok
DEBUG:netmiko:write_channel: b'terminal width 511\n'
DEBUG:netmiko:Pattern is: terminal width 511
DEBUG:netmiko:_read_channel_expect read_data: 


cisco3#
DEBUG:netmiko:_read_channel_expect read_data: termi
DEBUG:netmiko:_read_channel_expect read_data: nal wi
DEBUG:netmiko:_read_channel_expect read_data: dth 51
DEBUG:netmiko:_read_channel_expect read_data: 1
cisco3#
DEBUG:netmiko:Pattern found: terminal width 511 


cisco3#terminal width 511
cisco3#
DEBUG:netmiko:In disable_paging
DEBUG:netmiko:Command: terminal length 0

DEBUG:netmiko:write_channel: b'terminal length 0\n'
DEBUG:netmiko:Pattern is: terminal\ length\ 0
DEBUG:netmiko:_read_channel_expect read_data: t
DEBUG:netmiko:_read_channel_expect read_data: ermin
DEBUG:netmiko:_read_channel_expect read_data: al le
DEBUG:netmiko:_read_channel_expect read_data: ngth 
DEBUG:netmiko:_read_channel_expect read_data: 0
cisco3#
DEBUG:netmiko:Pattern found: terminal\ length\ 0 terminal length 0
cisco3#
DEBUG:netmiko:terminal length 0
cisco3#
DEBUG:netmiko:Exiting disable_paging
DEBUG:netmiko:read_channel: 
DEBUG:netmiko:write_channel: b'\n'
DEBUG:netmiko:read_channel: 
cisco3#
DEBUG:netmiko:read_channel: 
DEBUG:netmiko:[find_prompt()]: prompt is cisco3#
DEBUG:netmiko:read_channel: 
DEBUG:netmiko:write_channel: b'\n'
DEBUG:netmiko:read_channel: 
cisco3#
DEBUG:netmiko:read_channel: 
DEBUG:netmiko:[find_prompt()]: prompt is cisco3#
DEBUG:netmiko:read_channel: 
DEBUG:netmiko:write_channel: b'\n'
DEBUG:netmiko:read_channel: 
cisco3#
DEBUG:netmiko:read_channel: 
DEBUG:netmiko:[find_prompt()]: prompt is cisco3#
DEBUG:netmiko:write_channel: b'ssh -l pyclass 10.220.88.31\n'
DEBUG:netmiko:read_channel: ssh -l pyclass 10.220.88.31
Password: 
DEBUG:netmiko:write_channel: b'88newclass\n'
DEBUG:netmiko:read_channel: 
Last login: Thu Jul 22 11:16:45 2021 from 10.220.88.22
arista4#
DEBUG:netmiko:write_channel: b'terminal width 511\n'
DEBUG:netmiko:Pattern is: Width set to
DEBUG:netmiko:_read_channel_expect read_data: t
DEBUG:netmiko:_read_channel_expect read_data: ermin
DEBUG:netmiko:_read_channel_expect read_data: al width 511
DEBUG:netmiko:_read_channel_expect read_data: 

DEBUG:netmiko:_read_channel_expect read_data: Width set to 511 columns.
DEBUG:netmiko:Pattern found: Width set to terminal width 511
Width set to 511 columns.
DEBUG:netmiko:In disable_paging
DEBUG:netmiko:Command: terminal length 0

DEBUG:netmiko:write_channel: b'terminal length 0\n'
DEBUG:netmiko:Pattern is: Pagination disabled
DEBUG:netmiko:_read_channel_expect read_data: 

DEBUG:netmiko:_read_channel_expect read_data: arista4#
DEBUG:netmiko:_read_channel_expect read_data: t
DEBUG:netmiko:_read_channel_expect read_data: e
DEBUG:netmiko:_read_channel_expect read_data: r
DEBUG:netmiko:_read_channel_expect read_data: m
DEBUG:netmiko:_read_channel_expect read_data: i
DEBUG:netmiko:_read_channel_expect read_data: n
DEBUG:netmiko:_read_channel_expect read_data: a
DEBUG:netmiko:_read_channel_expect read_data: l
DEBUG:netmiko:_read_channel_expect read_data:  
DEBUG:netmiko:_read_channel_expect read_data: l
DEBUG:netmiko:_read_channel_expect read_data: e
DEBUG:netmiko:_read_channel_expect read_data: n
DEBUG:netmiko:_read_channel_expect read_data: gth 0
Pagination disabled.
arista4#
DEBUG:netmiko:Pattern found: Pagination disabled 
arista4#terminal length 0
Pagination disabled.
arista4#
DEBUG:netmiko:
arista4#terminal length 0
Pagination disabled.
arista4#
DEBUG:netmiko:Exiting disable_paging
DEBUG:netmiko:read_channel: 
DEBUG:netmiko:write_channel: b'\n'
DEBUG:netmiko:read_channel: 
DEBUG:netmiko:read_channel: 
DEBUG:netmiko:write_channel: b'\n'
DEBUG:netmiko:read_channel: 
DEBUG:netmiko:write_channel: b'\n'
DEBUG:netmiko:read_channel: 
DEBUG:netmiko:write_channel: b'\n'
DEBUG:netmiko:read_channel: 
DEBUG:netmiko:write_channel: b'\n'
DEBUG:netmiko:read_channel: 
arista4#
DEBUG:netmiko:read_channel: 
arista4#
DEBUG:netmiko:Clear buffer detects data in the channel
DEBUG:netmiko:read_channel: 
DEBUG:netmiko:[find_prompt()]: prompt is arista4#
DEBUG:netmiko:read_channel: 
DEBUG:netmiko:write_channel: b'\n'
DEBUG:netmiko:read_channel: 

DEBUG:netmiko:read_channel: 
DEBUG:netmiko:write_channel: b'\n'
DEBUG:netmiko:read_channel: 
DEBUG:netmiko:write_channel: b'\n'
DEBUG:netmiko:read_channel: arista4#
DEBUG:netmiko:read_channel: 
arista4#
DEBUG:netmiko:Clear buffer detects data in the channel
DEBUG:netmiko:read_channel: 

DEBUG:netmiko:Clear buffer detects data in the channel
DEBUG:netmiko:read_channel: arista4#
DEBUG:netmiko:Clear buffer detects data in the channel
DEBUG:netmiko:read_channel: 
arista4#

DEBUG:netmiko:Clear buffer detects data in the channel
DEBUG:netmiko:read_channel: arista4#
arista4#
DEBUG:netmiko:Clear buffer detects data in the channel
DEBUG:netmiko:read_channel: 
DEBUG:netmiko:[find_prompt()]: prompt is arista4#
DEBUG:netmiko:read_channel: 
DEBUG:netmiko:write_channel: b'\n'
DEBUG:netmiko:read_channel: 
DEBUG:netmiko:read_channel: 
DEBUG:netmiko:write_channel: b'\n'
DEBUG:netmiko:read_channel: 
DEBUG:netmiko:write_channel: b'\n'
DEBUG:netmiko:read_channel: 

DEBUG:netmiko:write_channel: b'\n'
DEBUG:netmiko:read_channel: arista4#
DEBUG:netmiko:read_channel: 
DEBUG:netmiko:[find_prompt()]: prompt is arista4#
DEBUG:netmiko:write_channel: b'exit\n'
DEBUG:netmiko:send_command_timing current output: 
DEBUG:netmiko:read_channel: 
arista4#
arista4#
arista4#
DEBUG:netmiko:read_channel: exit

[Connection to 10.220.88.31 closed by foreign host]
cisco3#
DEBUG:netmiko:read_channel: 
DEBUG:netmiko:read_channel: 
DEBUG:netmiko:send_command_timing final output: 
arista4#
arista4#
arista4#exit

[Connection to 10.220.88.31 closed by foreign host]
cisco3#
DEBUG:paramiko.transport:starting thread (client mode): 0x56ceeb10
DEBUG:paramiko.transport:Local version/idstring: SSH-2.0-paramiko_2.7.2
DEBUG:paramiko.transport:Remote version/idstring: SSH-2.0-Cisco-1.25
INFO:paramiko.transport:Connected (version 2.0, client Cisco-1.25)
DEBUG:paramiko.transport:kex algos:['diffie-hellman-group-exchange-sha1', 'diffie-hellman-group14-sha1'] server key:['ssh-rsa'] client encrypt:['aes128-ctr', 'aes192-ctr', 'aes256-ctr'] server encrypt:['aes128-ctr', 'aes192-ctr', 'aes256-ctr'] client mac:['hmac-sha2-256', 'hmac-sha2-512', 'hmac-sha1', 'hmac-sha1-96'] server mac:['hmac-sha2-256', 'hmac-sha2-512', 'hmac-sha1', 'hmac-sha1-96'] client compress:['none'] server compress:['none'] client lang:[''] server lang:[''] kex follows?False
DEBUG:paramiko.transport:Kex agreed: diffie-hellman-group-exchange-sha1
DEBUG:paramiko.transport:HostKey agreed: ssh-rsa
DEBUG:paramiko.transport:Cipher agreed: aes128-ctr
DEBUG:paramiko.transport:MAC agreed: hmac-sha2-256
DEBUG:paramiko.transport:Compression agreed: none
DEBUG:paramiko.transport:Got server p (2048 bits)
DEBUG:paramiko.transport:kex engine KexGex specified hash_algo <built-in function openssl_sha1>
DEBUG:paramiko.transport:Switch to new keys ...
DEBUG:paramiko.transport:Adding ssh-rsa host key for cisco3.lasthop.io: b'f05fe0c73e29ddad92927e052a4b03f6'
DEBUG:paramiko.transport:userauth is OK
INFO:paramiko.transport:Authentication (password) successful!
DEBUG:paramiko.transport:[chan 0] Max packet in: 32768 bytes
DEBUG:paramiko.transport:[chan 0] Max packet out: 4096 bytes
DEBUG:paramiko.transport:Secsh channel 0 opened.
DEBUG:paramiko.transport:[chan 0] Sesch channel 0 request ok
DEBUG:paramiko.transport:[chan 0] Sesch channel 0 request ok
DEBUG:netmiko:write_channel: b'terminal width 511\n'
DEBUG:netmiko:Pattern is: terminal width 511
DEBUG:netmiko:_read_channel_expect read_data: 


cisco3#
DEBUG:netmiko:_read_channel_expect read_data: termi
DEBUG:netmiko:_read_channel_expect read_data: nal wid
DEBUG:netmiko:_read_channel_expect read_data: th 511
cisco3#
DEBUG:netmiko:Pattern found: terminal width 511 


cisco3#terminal width 511
cisco3#
DEBUG:netmiko:In disable_paging
DEBUG:netmiko:Command: terminal length 0

DEBUG:netmiko:write_channel: b'terminal length 0\n'
DEBUG:netmiko:Pattern is: terminal\ length\ 0
DEBUG:netmiko:_read_channel_expect read_data: t
DEBUG:netmiko:_read_channel_expect read_data: ermina
DEBUG:netmiko:_read_channel_expect read_data: l lengt
DEBUG:netmiko:_read_channel_expect read_data: h 0
cisco3#
DEBUG:netmiko:Pattern found: terminal\ length\ 0 terminal length 0
cisco3#
DEBUG:netmiko:terminal length 0
cisco3#
DEBUG:netmiko:Exiting disable_paging
DEBUG:netmiko:read_channel: 
DEBUG:netmiko:write_channel: b'\n'
DEBUG:netmiko:read_channel: 
cisco3#
DEBUG:netmiko:read_channel: 
DEBUG:netmiko:[find_prompt()]: prompt is cisco3#
DEBUG:netmiko:read_channel: 
DEBUG:netmiko:write_channel: b'\n'
DEBUG:netmiko:read_channel: 
cisco3#
DEBUG:netmiko:read_channel: 
DEBUG:netmiko:[find_prompt()]: prompt is cisco3#
DEBUG:netmiko:read_channel: 
DEBUG:netmiko:write_channel: b'\n'
DEBUG:netmiko:read_channel: 
cisco3#
DEBUG:netmiko:read_channel: 
DEBUG:netmiko:[find_prompt()]: prompt is cisco3#
DEBUG:netmiko:write_channel: b'ssh -l pyclass 10.220.88.31\n'
DEBUG:netmiko:read_channel: ssh -l pyclass 10.220.88.31
Password: 
DEBUG:netmiko:write_channel: b'88newclass\n'
DEBUG:netmiko:read_channel: 
Last login: Thu Jul 22 11:17:31 2021 from 10.220.88.22
arista4#
DEBUG:netmiko:write_channel: b'terminal width 511\n'
DEBUG:netmiko:Pattern is: Width set to
DEBUG:netmiko:_read_channel_expect read_data: t
DEBUG:netmiko:_read_channel_expect read_data: er
DEBUG:netmiko:_read_channel_expect read_data: minal
DEBUG:netmiko:_read_channel_expect read_data:  
DEBUG:netmiko:_read_channel_expect read_data: wi
DEBUG:netmiko:_read_channel_expect read_data: dth
DEBUG:netmiko:_read_channel_expect read_data:  51
DEBUG:netmiko:_read_channel_expect read_data: 1
Width set to 511 columns.
DEBUG:netmiko:Pattern found: Width set to terminal width 511
Width set to 511 columns.
DEBUG:netmiko:In disable_paging
DEBUG:netmiko:Command: terminal length 0

DEBUG:netmiko:write_channel: b'terminal length 0\n'
DEBUG:netmiko:Pattern is: Pagination disabled
DEBUG:netmiko:_read_channel_expect read_data: 

DEBUG:netmiko:_read_channel_expect read_data: arista4#
DEBUG:netmiko:_read_channel_expect read_data: t
DEBUG:netmiko:_read_channel_expect read_data: e
DEBUG:netmiko:_read_channel_expect read_data: r
DEBUG:netmiko:_read_channel_expect read_data: m
DEBUG:netmiko:_read_channel_expect read_data: i
DEBUG:netmiko:_read_channel_expect read_data: n
DEBUG:netmiko:_read_channel_expect read_data: a
DEBUG:netmiko:_read_channel_expect read_data: l
DEBUG:netmiko:_read_channel_expect read_data:  
DEBUG:netmiko:_read_channel_expect read_data: l
DEBUG:netmiko:_read_channel_expect read_data: e
DEBUG:netmiko:_read_channel_expect read_data: n
DEBUG:netmiko:_read_channel_expect read_data: gth 0
Pagination disabled.
arista4#
DEBUG:netmiko:Pattern found: Pagination disabled 
arista4#terminal length 0
Pagination disabled.
arista4#
DEBUG:netmiko:
arista4#terminal length 0
Pagination disabled.
arista4#
DEBUG:netmiko:Exiting disable_paging
DEBUG:netmiko:read_channel: 
DEBUG:netmiko:write_channel: b'\n'
DEBUG:netmiko:read_channel: 
DEBUG:netmiko:read_channel: 
DEBUG:netmiko:write_channel: b'\n'
DEBUG:netmiko:read_channel: 
DEBUG:netmiko:write_channel: b'\n'
DEBUG:netmiko:read_channel: 
DEBUG:netmiko:write_channel: b'\n'
DEBUG:netmiko:read_channel: 
DEBUG:netmiko:write_channel: b'\n'
DEBUG:netmiko:read_channel: 
arista4#
DEBUG:netmiko:read_channel: 
arista4#
DEBUG:netmiko:Clear buffer detects data in the channel
DEBUG:netmiko:read_channel: 
DEBUG:netmiko:[find_prompt()]: prompt is arista4#
DEBUG:netmiko:read_channel: 
DEBUG:netmiko:write_channel: b'\n'
DEBUG:netmiko:read_channel: 
DEBUG:netmiko:read_channel: 
DEBUG:netmiko:write_channel: b'\n'
DEBUG:netmiko:read_channel: 
DEBUG:netmiko:write_channel: b'\n'
DEBUG:netmiko:read_channel: 
DEBUG:netmiko:write_channel: b'\n'
DEBUG:netmiko:read_channel: 
arista4#

DEBUG:netmiko:read_channel: arista4#

DEBUG:netmiko:Clear buffer detects data in the channel
DEBUG:netmiko:read_channel: arista4#
DEBUG:netmiko:Clear buffer detects data in the channel
DEBUG:netmiko:read_channel: 
arista4#
DEBUG:netmiko:Clear buffer detects data in the channel
DEBUG:netmiko:read_channel: 
arista4#
arista4#
arista4#
DEBUG:netmiko:Clear buffer detects data in the channel
DEBUG:netmiko:read_channel: 
DEBUG:netmiko:[find_prompt()]: prompt is arista4#
DEBUG:netmiko:read_channel: 
DEBUG:netmiko:write_channel: b'\n'
DEBUG:netmiko:read_channel: 
DEBUG:netmiko:read_channel: 
DEBUG:netmiko:write_channel: b'\n'
DEBUG:netmiko:read_channel: 
DEBUG:netmiko:write_channel: b'\n'
DEBUG:netmiko:read_channel: 
DEBUG:netmiko:write_channel: b'\n'
DEBUG:netmiko:read_channel: 
arista4#

DEBUG:netmiko:read_channel: arista4#
DEBUG:netmiko:Clear buffer detects data in the channel
DEBUG:netmiko:read_channel: 
DEBUG:netmiko:[find_prompt()]: prompt is arista4#
DEBUG:netmiko:write_channel: b'exit\n'
DEBUG:netmiko:send_command_timing current output: 
DEBUG:netmiko:read_channel: 
arista4#
arista4#exit

DEBUG:netmiko:read_channel: 
[Connection to 10.220.88.31 closed by foreign host]
cisco3#
DEBUG:netmiko:read_channel: 
DEBUG:netmiko:read_channel: 
DEBUG:netmiko:send_command_timing final output: 
arista4#
arista4#exit

[Connection to 10.220.88.31 closed by foreign host]
cisco3#
DEBUG:netmiko:read_channel: 
DEBUG:netmiko:write_channel: b'\n'
DEBUG:netmiko:read_channel: 
cisco3#
DEBUG:netmiko:read_channel: 
DEBUG:netmiko:[find_prompt()]: prompt is cisco3#
DEBUG:paramiko.transport:starting thread (client mode): 0xab250a50
DEBUG:paramiko.transport:Local version/idstring: SSH-2.0-paramiko_2.7.2
DEBUG:paramiko.transport:Remote version/idstring: SSH-2.0-Cisco-1.25
INFO:paramiko.transport:Connected (version 2.0, client Cisco-1.25)
DEBUG:paramiko.transport:kex algos:['diffie-hellman-group-exchange-sha1', 'diffie-hellman-group14-sha1'] server key:['ssh-rsa'] client encrypt:['aes128-ctr', 'aes192-ctr', 'aes256-ctr'] server encrypt:['aes128-ctr', 'aes192-ctr', 'aes256-ctr'] client mac:['hmac-sha2-256', 'hmac-sha2-512', 'hmac-sha1', 'hmac-sha1-96'] server mac:['hmac-sha2-256', 'hmac-sha2-512', 'hmac-sha1', 'hmac-sha1-96'] client compress:['none'] server compress:['none'] client lang:[''] server lang:[''] kex follows?False
DEBUG:paramiko.transport:Kex agreed: diffie-hellman-group-exchange-sha1
DEBUG:paramiko.transport:HostKey agreed: ssh-rsa
DEBUG:paramiko.transport:Cipher agreed: aes128-ctr
DEBUG:paramiko.transport:MAC agreed: hmac-sha2-256
DEBUG:paramiko.transport:Compression agreed: none
DEBUG:paramiko.transport:Got server p (2048 bits)
DEBUG:paramiko.transport:kex engine KexGex specified hash_algo <built-in function openssl_sha1>
DEBUG:paramiko.transport:Switch to new keys ...
DEBUG:paramiko.transport:Adding ssh-rsa host key for cisco3.lasthop.io: b'f05fe0c73e29ddad92927e052a4b03f6'
DEBUG:paramiko.transport:userauth is OK
INFO:paramiko.transport:Authentication (password) successful!
DEBUG:paramiko.transport:[chan 0] Max packet in: 32768 bytes
DEBUG:paramiko.transport:[chan 0] Max packet out: 4096 bytes
DEBUG:paramiko.transport:Secsh channel 0 opened.
DEBUG:paramiko.transport:[chan 0] Sesch channel 0 request ok
DEBUG:paramiko.transport:[chan 0] Sesch channel 0 request ok
DEBUG:netmiko:write_channel: b'terminal width 511\n'
DEBUG:netmiko:Pattern is: terminal width 511
DEBUG:netmiko:_read_channel_expect read_data: 


cisco3#
DEBUG:netmiko:_read_channel_expect read_data: termi
DEBUG:netmiko:_read_channel_expect read_data: nal widt
DEBUG:netmiko:_read_channel_expect read_data: h 511
cisco3#
DEBUG:netmiko:Pattern found: terminal width 511 


cisco3#terminal width 511
cisco3#
DEBUG:netmiko:In disable_paging
DEBUG:netmiko:Command: terminal length 0

DEBUG:netmiko:write_channel: b'terminal length 0\n'
DEBUG:netmiko:Pattern is: terminal\ length\ 0
DEBUG:netmiko:_read_channel_expect read_data: t
DEBUG:netmiko:_read_channel_expect read_data: ermin
DEBUG:netmiko:_read_channel_expect read_data: al lengt
DEBUG:netmiko:_read_channel_expect read_data: h 0
cisco3#
DEBUG:netmiko:Pattern found: terminal\ length\ 0 terminal length 0
cisco3#
DEBUG:netmiko:terminal length 0
cisco3#
DEBUG:netmiko:Exiting disable_paging
DEBUG:netmiko:read_channel: 
DEBUG:netmiko:write_channel: b'\n'
DEBUG:netmiko:read_channel: 
cisco3#
DEBUG:netmiko:read_channel: 
DEBUG:netmiko:[find_prompt()]: prompt is cisco3#
DEBUG:netmiko:read_channel: 
DEBUG:netmiko:write_channel: b'\n'
DEBUG:netmiko:read_channel: 
cisco3#
DEBUG:netmiko:read_channel: 
DEBUG:netmiko:[find_prompt()]: prompt is cisco3#
DEBUG:netmiko:read_channel: 
DEBUG:netmiko:write_channel: b'\n'
DEBUG:netmiko:read_channel: 
cisco3#
DEBUG:netmiko:read_channel: 
DEBUG:netmiko:[find_prompt()]: prompt is cisco3#
DEBUG:netmiko:write_channel: b'ssh -l pyclass 10.220.88.31\n'
DEBUG:netmiko:read_channel: ssh -l pyclass 10.220.88.31
Password: 
DEBUG:netmiko:write_channel: b'88newclass\n'
DEBUG:netmiko:read_channel: 
Last login: Thu Jul 22 11:17:59 2021 from 10.220.88.22
arista4#
DEBUG:netmiko:write_channel: b'terminal width 511\n'
DEBUG:netmiko:Pattern is: Width set to
DEBUG:netmiko:_read_channel_expect read_data: termi
DEBUG:netmiko:_read_channel_expect read_data: nal width 5
DEBUG:netmiko:_read_channel_expect read_data: 11

DEBUG:netmiko:_read_channel_expect read_data: Width set to 511 columns.

DEBUG:netmiko:Pattern found: Width set to terminal width 511
Width set to 511 columns.

DEBUG:netmiko:In disable_paging
DEBUG:netmiko:Command: terminal length 0

DEBUG:netmiko:write_channel: b'terminal length 0\n'
DEBUG:netmiko:Pattern is: Pagination disabled
DEBUG:netmiko:_read_channel_expect read_data: arista4#
DEBUG:netmiko:_read_channel_expect read_data: t
DEBUG:netmiko:_read_channel_expect read_data: e
DEBUG:netmiko:_read_channel_expect read_data: r
DEBUG:netmiko:_read_channel_expect read_data: m
DEBUG:netmiko:_read_channel_expect read_data: i
DEBUG:netmiko:_read_channel_expect read_data: n
DEBUG:netmiko:_read_channel_expect read_data: a
DEBUG:netmiko:_read_channel_expect read_data: l
DEBUG:netmiko:_read_channel_expect read_data:  
DEBUG:netmiko:_read_channel_expect read_data: length 0
Pagination disabled.
arista4#
DEBUG:netmiko:Pattern found: Pagination disabled arista4#terminal length 0
Pagination disabled.
arista4#
DEBUG:netmiko:arista4#terminal length 0
Pagination disabled.
arista4#
DEBUG:netmiko:Exiting disable_paging
DEBUG:netmiko:read_channel: 
DEBUG:netmiko:write_channel: b'\n'
DEBUG:netmiko:read_channel: 
DEBUG:netmiko:read_channel: 
DEBUG:netmiko:write_channel: b'\n'
DEBUG:netmiko:read_channel: 
DEBUG:netmiko:write_channel: b'\n'
DEBUG:netmiko:read_channel: 

DEBUG:netmiko:write_channel: b'\n'
DEBUG:netmiko:read_channel: arista4#
arista4#
DEBUG:netmiko:read_channel: 
DEBUG:netmiko:[find_prompt()]: prompt is arista4#
DEBUG:netmiko:read_channel: 
DEBUG:netmiko:write_channel: b'\n'
DEBUG:netmiko:read_channel: 
DEBUG:netmiko:read_channel: 
DEBUG:netmiko:write_channel: b'\n'
DEBUG:netmiko:read_channel: 
DEBUG:netmiko:write_channel: b'\n'
DEBUG:netmiko:read_channel: 
arista4#
DEBUG:netmiko:read_channel: 
arista4#
DEBUG:netmiko:Clear buffer detects data in the channel
DEBUG:netmiko:read_channel: 
arista4#
DEBUG:netmiko:Clear buffer detects data in the channel
DEBUG:netmiko:read_channel: 
DEBUG:netmiko:[find_prompt()]: prompt is arista4#
DEBUG:netmiko:read_channel: 
DEBUG:netmiko:write_channel: b'\n'
DEBUG:netmiko:read_channel: 

DEBUG:netmiko:read_channel: 
DEBUG:netmiko:write_channel: b'\n'
DEBUG:netmiko:read_channel: arista4#
DEBUG:netmiko:read_channel: 
arista4#
DEBUG:netmiko:Clear buffer detects data in the channel
DEBUG:netmiko:read_channel: 
DEBUG:netmiko:[find_prompt()]: prompt is arista4#
DEBUG:netmiko:write_channel: b'exit\n'
DEBUG:netmiko:send_command_timing current output: 
DEBUG:netmiko:read_channel: 
arista4#
arista4#e
DEBUG:netmiko:read_channel: xit

[Connection to 10.220.88.31 closed by foreign host]
cisco3#
DEBUG:netmiko:read_channel: 
DEBUG:netmiko:read_channel: 
DEBUG:netmiko:send_command_timing final output: 
arista4#
arista4#exit

[Connection to 10.220.88.31 closed by foreign host]
cisco3#
DEBUG:netmiko:read_channel: 
DEBUG:netmiko:write_channel: b'\n'
DEBUG:netmiko:read_channel: 
cisco3#
DEBUG:netmiko:read_channel: 
DEBUG:netmiko:[find_prompt()]: prompt is cisco3#
DEBUG:paramiko.transport:starting thread (client mode): 0xdf91ad0
DEBUG:paramiko.transport:Local version/idstring: SSH-2.0-paramiko_2.7.2
DEBUG:paramiko.transport:Remote version/idstring: SSH-2.0-Cisco-1.25
INFO:paramiko.transport:Connected (version 2.0, client Cisco-1.25)
DEBUG:paramiko.transport:kex algos:['diffie-hellman-group-exchange-sha1', 'diffie-hellman-group14-sha1'] server key:['ssh-rsa'] client encrypt:['aes128-ctr', 'aes192-ctr', 'aes256-ctr'] server encrypt:['aes128-ctr', 'aes192-ctr', 'aes256-ctr'] client mac:['hmac-sha2-256', 'hmac-sha2-512', 'hmac-sha1', 'hmac-sha1-96'] server mac:['hmac-sha2-256', 'hmac-sha2-512', 'hmac-sha1', 'hmac-sha1-96'] client compress:['none'] server compress:['none'] client lang:[''] server lang:[''] kex follows?False
DEBUG:paramiko.transport:Kex agreed: diffie-hellman-group-exchange-sha1
DEBUG:paramiko.transport:HostKey agreed: ssh-rsa
DEBUG:paramiko.transport:Cipher agreed: aes128-ctr
DEBUG:paramiko.transport:MAC agreed: hmac-sha2-256
DEBUG:paramiko.transport:Compression agreed: none
DEBUG:paramiko.transport:Got server p (2048 bits)
DEBUG:paramiko.transport:kex engine KexGex specified hash_algo <built-in function openssl_sha1>
DEBUG:paramiko.transport:Switch to new keys ...
DEBUG:paramiko.transport:Adding ssh-rsa host key for cisco3.lasthop.io: b'f05fe0c73e29ddad92927e052a4b03f6'
DEBUG:paramiko.transport:userauth is OK
INFO:paramiko.transport:Authentication (password) successful!
DEBUG:paramiko.transport:[chan 0] Max packet in: 32768 bytes
DEBUG:paramiko.transport:[chan 0] Max packet out: 4096 bytes
DEBUG:paramiko.transport:Secsh channel 0 opened.
DEBUG:paramiko.transport:[chan 0] Sesch channel 0 request ok
DEBUG:paramiko.transport:[chan 0] Sesch channel 0 request ok
DEBUG:netmiko:write_channel: b'terminal width 511\n'
DEBUG:netmiko:Pattern is: terminal width 511
DEBUG:netmiko:_read_channel_expect read_data: 


cisco3#
DEBUG:netmiko:_read_channel_expect read_data: termi
DEBUG:netmiko:_read_channel_expect read_data: nal wi
DEBUG:netmiko:_read_channel_expect read_data: dth 511
cisco3#
DEBUG:netmiko:Pattern found: terminal width 511 


cisco3#terminal width 511
cisco3#
DEBUG:netmiko:In disable_paging
DEBUG:netmiko:Command: terminal length 0

DEBUG:netmiko:write_channel: b'terminal length 0\n'
DEBUG:netmiko:Pattern is: terminal\ length\ 0
DEBUG:netmiko:_read_channel_expect read_data: t
DEBUG:netmiko:_read_channel_expect read_data: ermina
DEBUG:netmiko:_read_channel_expect read_data: l lengt
DEBUG:netmiko:_read_channel_expect read_data: h 0
cisco3#
DEBUG:netmiko:Pattern found: terminal\ length\ 0 terminal length 0
cisco3#
DEBUG:netmiko:terminal length 0
cisco3#
DEBUG:netmiko:Exiting disable_paging
DEBUG:netmiko:read_channel: 
DEBUG:netmiko:write_channel: b'\n'
DEBUG:netmiko:read_channel: 
cisco3#
DEBUG:netmiko:read_channel: 
DEBUG:netmiko:[find_prompt()]: prompt is cisco3#
DEBUG:netmiko:read_channel: 
DEBUG:netmiko:write_channel: b'\n'
DEBUG:netmiko:read_channel: 
cisco3#
DEBUG:netmiko:read_channel: 
DEBUG:netmiko:[find_prompt()]: prompt is cisco3#
DEBUG:netmiko:read_channel: 
DEBUG:netmiko:write_channel: b'\n'
DEBUG:netmiko:read_channel: 
cisco3#
DEBUG:netmiko:read_channel: 
DEBUG:netmiko:[find_prompt()]: prompt is cisco3#
DEBUG:netmiko:write_channel: b'ssh -l pyclass 10.220.88.31\n'
DEBUG:netmiko:read_channel: ssh -l pyclass 10.220.88.31
Password: 
DEBUG:netmiko:write_channel: b'88newclass\n'
DEBUG:netmiko:read_channel: 
Last login: Thu Jul 22 11:18:38 2021 from 10.220.88.22
arista4#
DEBUG:netmiko:write_channel: b'terminal width 511\n'
DEBUG:netmiko:Pattern is: Width set to
DEBUG:netmiko:_read_channel_expect read_data: terminal width
DEBUG:netmiko:_read_channel_expect read_data:  51
DEBUG:netmiko:_read_channel_expect read_data: 1

DEBUG:netmiko:_read_channel_expect read_data: Width set to 511 columns.

DEBUG:netmiko:Pattern found: Width set to terminal width 511
Width set to 511 columns.

DEBUG:netmiko:In disable_paging
DEBUG:netmiko:Command: terminal length 0

DEBUG:netmiko:write_channel: b'terminal length 0\n'
DEBUG:netmiko:Pattern is: Pagination disabled
DEBUG:netmiko:_read_channel_expect read_data: arista4#
DEBUG:netmiko:_read_channel_expect read_data: t
DEBUG:netmiko:_read_channel_expect read_data: e
DEBUG:netmiko:_read_channel_expect read_data: r
DEBUG:netmiko:_read_channel_expect read_data: m
DEBUG:netmiko:_read_channel_expect read_data: i
DEBUG:netmiko:_read_channel_expect read_data: n
DEBUG:netmiko:_read_channel_expect read_data: a
DEBUG:netmiko:_read_channel_expect read_data: l
DEBUG:netmiko:_read_channel_expect read_data:  
DEBUG:netmiko:_read_channel_expect read_data: length 0
Pagination disabled.
arista4#
DEBUG:netmiko:Pattern found: Pagination disabled arista4#terminal length 0
Pagination disabled.
arista4#
DEBUG:netmiko:arista4#terminal length 0
Pagination disabled.
arista4#
DEBUG:netmiko:Exiting disable_paging
DEBUG:netmiko:read_channel: 
DEBUG:netmiko:write_channel: b'\n'
DEBUG:netmiko:read_channel: 
DEBUG:netmiko:read_channel: 
DEBUG:netmiko:write_channel: b'\n'
DEBUG:netmiko:read_channel: 
DEBUG:netmiko:write_channel: b'\n'
DEBUG:netmiko:read_channel: 
DEBUG:netmiko:write_channel: b'\n'
DEBUG:netmiko:read_channel: 
arista4#
arista4#
DEBUG:netmiko:read_channel: 
DEBUG:netmiko:[find_prompt()]: prompt is arista4#
DEBUG:netmiko:read_channel: 
DEBUG:netmiko:write_channel: b'\n'
DEBUG:netmiko:read_channel: 

DEBUG:netmiko:read_channel: 
DEBUG:netmiko:write_channel: b'\n'
DEBUG:netmiko:read_channel: arista4#
DEBUG:netmiko:read_channel: 
arista4#
DEBUG:netmiko:Clear buffer detects data in the channel
DEBUG:netmiko:read_channel: 
DEBUG:netmiko:[find_prompt()]: prompt is arista4#
DEBUG:netmiko:read_channel: 
DEBUG:netmiko:write_channel: b'\n'
DEBUG:netmiko:read_channel: 
DEBUG:netmiko:read_channel: 
DEBUG:netmiko:write_channel: b'\n'
DEBUG:netmiko:read_channel: 
DEBUG:netmiko:write_channel: b'\n'
DEBUG:netmiko:read_channel: 
DEBUG:netmiko:write_channel: b'\n'
DEBUG:netmiko:read_channel: 
arista4#
arista4#
DEBUG:netmiko:read_channel: 
arista4#
DEBUG:netmiko:Clear buffer detects data in the channel
DEBUG:netmiko:read_channel: 
DEBUG:netmiko:[find_prompt()]: prompt is arista4#
DEBUG:netmiko:write_channel: b'exit\n'
DEBUG:netmiko:send_command_timing current output: 
DEBUG:netmiko:read_channel: 
arista4#
arista4#
arista4#e
DEBUG:netmiko:read_channel: xit

[Connection to 10.220.88.31 closed by foreign host]
cisco3#
DEBUG:netmiko:read_channel: 
DEBUG:netmiko:read_channel: 
DEBUG:netmiko:send_command_timing final output: 
arista4#
arista4#
arista4#exit

[Connection to 10.220.88.31 closed by foreign host]
cisco3#
DEBUG:netmiko:read_channel: 
DEBUG:netmiko:write_channel: b'\n'
DEBUG:netmiko:read_channel: 
cisco3#
DEBUG:netmiko:read_channel: 
DEBUG:netmiko:[find_prompt()]: prompt is cisco3#
DEBUG:netmiko:write_channel: b'exit\n'
DEBUG:netmiko:send_command_timing current output: 
DEBUG:netmiko:read_channel: exit

DEBUG:paramiko.transport:[chan 0] EOF received (0)
DEBUG:paramiko.transport:[chan 0] EOF sent (0)
DEBUG:paramiko.transport:EOF in transport thread
DEBUG:netmiko:read_channel: 
DEBUG:netmiko:read_channel: 
DEBUG:netmiko:send_command_timing final output: 
DEBUG:paramiko.transport:starting thread (client mode): 0xaff199d0
DEBUG:paramiko.transport:Local version/idstring: SSH-2.0-paramiko_2.7.2
DEBUG:paramiko.transport:Remote version/idstring: SSH-2.0-OpenSSH_7.5 PKIX[10.1]
INFO:paramiko.transport:Connected (version 2.0, client OpenSSH_7.5)
DEBUG:paramiko.transport:kex algos:['diffie-hellman-group14-sha1', 'ecdh-sha2-nistp256', 'ecdh-sha2-nistp384', 'ecdh-sha2-nistp521'] server key:['ssh-rsa', 'rsa-sha2-512', 'rsa-sha2-256'] client encrypt:['aes128-ctr', 'aes256-ctr', 'aes256-gcm@openssh.com', 'aes128-gcm@openssh.com'] server encrypt:['aes128-ctr', 'aes256-ctr', 'aes256-gcm@openssh.com', 'aes128-gcm@openssh.com'] client mac:['hmac-sha1', 'hmac-sha2-256', 'hmac-sha2-512'] server mac:['hmac-sha1', 'hmac-sha2-256', 'hmac-sha2-512'] client compress:['none', 'zlib@openssh.com'] server compress:['none', 'zlib@openssh.com'] client lang:[''] server lang:[''] kex follows?False
DEBUG:paramiko.transport:Kex agreed: ecdh-sha2-nistp256
DEBUG:paramiko.transport:HostKey agreed: ssh-rsa
DEBUG:paramiko.transport:Cipher agreed: aes128-ctr
DEBUG:paramiko.transport:MAC agreed: hmac-sha2-256
DEBUG:paramiko.transport:Compression agreed: none
DEBUG:paramiko.transport:kex engine KexNistp256 specified hash_algo <built-in function openssl_sha256>
DEBUG:paramiko.transport:Switch to new keys ...
DEBUG:paramiko.transport:Adding ssh-rsa host key for nxos2.lasthop.io: b'58318fd2f378211ff816a026bfbb687c'
DEBUG:paramiko.transport:userauth is OK
INFO:paramiko.transport:Auth banner: b'User Access Verification\n'
INFO:paramiko.transport:Authentication (password) successful!
DEBUG:paramiko.transport:[chan 0] Max packet in: 32768 bytes
DEBUG:paramiko.transport:Received global request "hostkeys-00@openssh.com"
DEBUG:paramiko.transport:Rejecting "hostkeys-00@openssh.com" global request from server.
DEBUG:paramiko.transport:[chan 0] Max packet out: 32768 bytes
DEBUG:paramiko.transport:Secsh channel 0 opened.
DEBUG:paramiko.transport:[chan 0] Sesch channel 0 request ok
DEBUG:paramiko.transport:[chan 0] Sesch channel 0 request ok
DEBUG:netmiko:read_channel: 


DEBUG:netmiko:read_channel: 
DEBUG:netmiko:read_channel: Cisco NX-OS Software
Copyright (c) 2002-2019, Cisco Systems, Inc. All rights reserved.
Nexus 9000v software ("Nexus 9000v Software") and related documentation,
files or other reference materials ("Documentation") are
the proprietary property and confidential information of Cisco
Systems, Inc. ("Cisco") and are protected, without limitation,
pursuant to United States and International copyright and trademark
laws in the applicable jurisdiction which provide civil and criminal
penalties for copying or distribution without Cisco's authorization.

Any use or disclosure, in whole or in part, of the Nexus 9000v Software
or Documentation to any third party for any purposes is expressly
prohibited except as otherwise authorized by Cisco in writing.
The copyrights to certain works contained herein are owned by other
third parties and are used and distributed under license. Some parts
of this software may be covered under the GNU Public License or the
GNU Lesser General Public License. A copy of each such license is
available at
http://www.gnu.org/licenses/gpl.html and
http://www.gnu.org/licenses/lgpl.html
***************************************************************************
*  Nexus 9000v is strictly limited to use for evaluation, demonstration   *
*  and NX-OS education. Any use or disclosure, in whole or in part of     *
*  the Nexus 9000v Software or Documentation to any third party for any   *
*  purposes is expressly prohibited except as otherwise authorized by     *
*  Cisco in writing.                                                      *
***************************************************************************
nxos2# 
DEBUG:netmiko:read_channel: 
DEBUG:netmiko:read_channel: 
DEBUG:netmiko:write_channel: b'terminal width 511\n'
DEBUG:netmiko:Pattern is: terminal width 511
DEBUG:netmiko:_read_channel_expect read_data: terminal width 511
DEBUG:netmiko:Pattern found: terminal width 511 terminal width 511
DEBUG:netmiko:In disable_paging
DEBUG:netmiko:Command: terminal length 0

DEBUG:netmiko:write_channel: b'terminal length 0\n'
DEBUG:netmiko:Pattern is: terminal\ length\ 0
DEBUG:netmiko:_read_channel_expect read_data: 

DEBUG:netmiko:_read_channel_expect read_data: nxos2# terminal length 0
nxos2# 
DEBUG:netmiko:Pattern found: terminal\ length\ 0 
nxos2# terminal length 0
nxos2# 
DEBUG:netmiko:
nxos2# terminal length 0
nxos2# 
DEBUG:netmiko:Exiting disable_paging
DEBUG:netmiko:read_channel: 
DEBUG:netmiko:write_channel: b'\n'
DEBUG:netmiko:read_channel: 
nxos2# 
DEBUG:netmiko:read_channel: 
DEBUG:netmiko:[find_prompt()]: prompt is nxos2#
DEBUG:netmiko:read_channel: 
DEBUG:netmiko:write_channel: b'\n'
DEBUG:netmiko:read_channel: 
nxos2# 
DEBUG:netmiko:read_channel: 
DEBUG:netmiko:[find_prompt()]: prompt is nxos2#
DEBUG:netmiko:read_channel: 
DEBUG:netmiko:write_channel: b'conf t\n'
DEBUG:netmiko:Pattern is: conf\ t
DEBUG:netmiko:_read_channel_expect read_data: conf t

DEBUG:netmiko:Pattern found: conf\ t conf t

DEBUG:netmiko:read_channel: Enter configuration commands, one per line. End with CNTL/Z.
nxos2(config)# 
DEBUG:netmiko:read_channel: 
DEBUG:netmiko:read_channel: 
DEBUG:netmiko:read_channel: 
DEBUG:netmiko:read_channel: 
DEBUG:netmiko:read_channel: 
DEBUG:netmiko:read_channel: 
DEBUG:netmiko:read_channel: 
DEBUG:netmiko:read_channel: 
DEBUG:netmiko:read_channel: 
DEBUG:netmiko:read_channel: 
DEBUG:netmiko:read_channel: 
DEBUG:netmiko:read_channel: 
DEBUG:netmiko:read_channel: 
DEBUG:netmiko:read_channel: 
DEBUG:netmiko:read_channel: 
DEBUG:netmiko:read_channel: 
DEBUG:netmiko:read_channel: 
DEBUG:netmiko:read_channel: 
DEBUG:netmiko:read_channel: 
DEBUG:netmiko:read_channel: 
DEBUG:netmiko:read_channel: 
DEBUG:netmiko:read_channel: 
DEBUG:netmiko:read_channel: 
DEBUG:netmiko:read_channel: 
DEBUG:netmiko:read_channel: 
DEBUG:netmiko:read_channel: 
DEBUG:netmiko:read_channel: 
DEBUG:netmiko:read_channel: 
DEBUG:netmiko:read_channel: 
DEBUG:netmiko:read_channel: 
DEBUG:netmiko:read_channel: 
DEBUG:netmiko:read_channel: 
DEBUG:netmiko:read_channel: 
DEBUG:netmiko:read_channel: 
DEBUG:netmiko:read_channel: 
DEBUG:netmiko:read_channel: 
DEBUG:netmiko:read_channel: 
DEBUG:netmiko:read_channel: 
DEBUG:netmiko:read_channel: 
DEBUG:netmiko:read_channel: 
DEBUG:netmiko:read_channel: 
DEBUG:netmiko:read_channel: 
DEBUG:netmiko:read_channel: 
DEBUG:netmiko:read_channel: 
DEBUG:netmiko:read_channel: 
DEBUG:netmiko:read_channel: 
DEBUG:netmiko:read_channel: 
DEBUG:netmiko:read_channel: 
DEBUG:netmiko:read_channel: 
DEBUG:netmiko:read_channel: 
DEBUG:netmiko:read_channel: 
DEBUG:netmiko:read_channel: 
DEBUG:netmiko:read_channel: 
DEBUG:netmiko:read_channel: 
DEBUG:netmiko:read_channel: 
DEBUG:netmiko:read_channel: 
DEBUG:netmiko:read_channel: 
DEBUG:netmiko:read_channel: 
DEBUG:netmiko:read_channel: 
DEBUG:netmiko:read_channel: 
DEBUG:netmiko:read_channel: 
DEBUG:netmiko:read_channel: 
DEBUG:netmiko:read_channel: 
DEBUG:netmiko:read_channel: 
DEBUG:netmiko:read_channel: 
DEBUG:netmiko:read_channel: 
DEBUG:netmiko:read_channel: 
DEBUG:netmiko:read_channel: 
DEBUG:netmiko:read_channel: 
DEBUG:netmiko:read_channel: 
DEBUG:netmiko:read_channel: 
DEBUG:netmiko:read_channel: 
DEBUG:netmiko:read_channel: 
DEBUG:netmiko:read_channel: 
DEBUG:netmiko:read_channel: 
DEBUG:netmiko:read_channel: 
DEBUG:netmiko:read_channel: 
DEBUG:netmiko:read_channel: 
DEBUG:netmiko:read_channel: 
DEBUG:netmiko:read_channel: 
DEBUG:netmiko:read_channel: 
DEBUG:netmiko:read_channel: 
DEBUG:netmiko:read_channel: 
DEBUG:netmiko:read_channel: 
DEBUG:netmiko:read_channel: 
DEBUG:netmiko:read_channel: 
DEBUG:netmiko:read_channel: 
DEBUG:netmiko:read_channel: 
DEBUG:netmiko:read_channel: 
DEBUG:netmiko:read_channel: 
DEBUG:netmiko:read_channel: 
DEBUG:netmiko:read_channel: 
DEBUG:netmiko:read_channel: 
DEBUG:netmiko:read_channel: 
DEBUG:netmiko:read_channel: 
DEBUG:netmiko:read_channel: 
DEBUG:netmiko:read_channel: 
DEBUG:netmiko:read_channel: 
DEBUG:netmiko:read_channel: 
DEBUG:netmiko:read_channel: 
DEBUG:netmiko:read_channel: 
DEBUG:netmiko:read_channel: 
DEBUG:netmiko:read_channel: 
DEBUG:netmiko:read_channel: 
DEBUG:netmiko:read_channel: 
DEBUG:netmiko:read_channel: 
DEBUG:netmiko:read_channel: 
DEBUG:netmiko:read_channel: 
DEBUG:netmiko:read_channel: 
DEBUG:netmiko:read_channel: 
DEBUG:netmiko:read_channel: 
DEBUG:netmiko:read_channel: 
DEBUG:netmiko:read_channel: 
DEBUG:netmiko:read_channel: 
DEBUG:netmiko:read_channel: 
DEBUG:netmiko:read_channel: 
DEBUG:netmiko:read_channel: 
DEBUG:netmiko:read_channel: 
DEBUG:netmiko:read_channel: 
DEBUG:netmiko:read_channel: 
DEBUG:netmiko:read_channel: 
DEBUG:netmiko:read_channel: 
DEBUG:netmiko:read_channel: 
DEBUG:netmiko:read_channel: 
DEBUG:netmiko:read_channel: 
DEBUG:netmiko:read_channel: 
DEBUG:netmiko:read_channel: 
DEBUG:netmiko:read_channel: 
DEBUG:netmiko:read_channel: 
DEBUG:netmiko:read_channel: 
DEBUG:netmiko:read_channel: 
DEBUG:netmiko:read_channel: 
DEBUG:netmiko:read_channel: 
DEBUG:netmiko:read_channel: 
DEBUG:netmiko:read_channel: 
DEBUG:netmiko:read_channel: 
DEBUG:netmiko:read_channel: 
DEBUG:netmiko:read_channel: 
DEBUG:netmiko:read_channel: 
DEBUG:netmiko:read_channel: 
DEBUG:netmiko:read_channel: 
DEBUG:netmiko:read_channel: 
DEBUG:netmiko:read_channel: 
DEBUG:netmiko:read_channel: 
DEBUG:netmiko:read_channel: 
DEBUG:netmiko:read_channel: 
DEBUG:netmiko:read_channel: 
DEBUG:netmiko:read_channel: 
DEBUG:netmiko:read_channel: 
DEBUG:netmiko:read_channel: 
DEBUG:netmiko:read_channel: 
DEBUG:netmiko:read_channel: 
DEBUG:netmiko:read_channel: 
DEBUG:netmiko:read_channel: 
DEBUG:netmiko:read_channel: 
DEBUG:netmiko:read_channel: 
DEBUG:netmiko:read_channel: 
DEBUG:netmiko:read_channel: 
DEBUG:netmiko:read_channel: 
DEBUG:netmiko:read_channel: 
DEBUG:netmiko:read_channel: 
DEBUG:netmiko:read_channel: 
DEBUG:netmiko:read_channel: 
DEBUG:netmiko:read_channel: 
DEBUG:netmiko:read_channel: 
DEBUG:netmiko:read_channel: 
DEBUG:netmiko:read_channel: 
DEBUG:netmiko:read_channel: 
DEBUG:netmiko:read_channel: 
DEBUG:netmiko:read_channel: 
DEBUG:netmiko:read_channel: 
DEBUG:netmiko:read_channel: 
DEBUG:netmiko:read_channel: 
DEBUG:netmiko:read_channel: 
DEBUG:netmiko:read_channel: 
DEBUG:netmiko:read_channel: 
DEBUG:netmiko:read_channel: 
DEBUG:netmiko:read_channel: 
DEBUG:netmiko:read_channel: 
DEBUG:netmiko:read_channel: 
DEBUG:netmiko:read_channel: 
DEBUG:netmiko:read_channel: 
DEBUG:netmiko:read_channel: 
DEBUG:netmiko:read_channel: 
DEBUG:netmiko:read_channel: 
DEBUG:netmiko:read_channel: 
DEBUG:netmiko:read_channel: 
DEBUG:netmiko:read_channel: 
DEBUG:netmiko:read_channel: 
DEBUG:netmiko:read_channel: 
DEBUG:netmiko:read_channel: 
DEBUG:netmiko:read_channel: 
DEBUG:netmiko:read_channel: 
DEBUG:netmiko:read_channel: 
DEBUG:netmiko:read_channel: 
DEBUG:netmiko:read_channel: 
DEBUG:netmiko:read_channel: 
DEBUG:netmiko:read_channel: 
DEBUG:netmiko:read_channel: 
DEBUG:netmiko:read_channel: 
DEBUG:netmiko:read_channel: 
DEBUG:netmiko:read_channel: 
DEBUG:netmiko:read_channel: 
DEBUG:netmiko:read_channel: 
DEBUG:netmiko:read_channel: 
DEBUG:netmiko:read_channel: 
DEBUG:netmiko:read_channel: 
DEBUG:netmiko:read_channel: 
DEBUG:netmiko:read_channel: 
DEBUG:netmiko:read_channel: 
DEBUG:netmiko:read_channel: 
DEBUG:netmiko:read_channel: 
DEBUG:netmiko:read_channel: 
DEBUG:netmiko:read_channel: 
DEBUG:netmiko:read_channel: 
DEBUG:netmiko:read_channel: 
DEBUG:netmiko:read_channel: 
DEBUG:netmiko:read_channel: 
DEBUG:netmiko:read_channel: 
DEBUG:netmiko:read_channel: 
DEBUG:netmiko:read_channel: 
DEBUG:netmiko:read_channel: 
DEBUG:netmiko:read_channel: 
DEBUG:netmiko:read_channel: 
DEBUG:netmiko:read_channel: 
DEBUG:netmiko:read_channel: 
DEBUG:netmiko:read_channel: 
DEBUG:netmiko:read_channel: 
DEBUG:netmiko:read_channel: 
DEBUG:netmiko:read_channel: 
DEBUG:netmiko:read_channel: 
DEBUG:netmiko:read_channel: 
DEBUG:netmiko:read_channel: 
DEBUG:netmiko:read_channel: 
DEBUG:netmiko:read_channel: 
DEBUG:netmiko:read_channel: 
DEBUG:netmiko:read_channel: 
DEBUG:netmiko:read_channel: 
DEBUG:netmiko:read_channel: 
DEBUG:netmiko:read_channel: 
DEBUG:netmiko:read_channel: 
DEBUG:netmiko:read_channel: 
DEBUG:netmiko:read_channel: 
DEBUG:netmiko:read_channel: 
DEBUG:netmiko:read_channel: 
DEBUG:netmiko:read_channel: 
DEBUG:netmiko:read_channel: 
DEBUG:netmiko:read_channel: 
DEBUG:netmiko:read_channel: 
DEBUG:netmiko:read_channel: 
DEBUG:netmiko:read_channel: 
DEBUG:netmiko:read_channel: 
DEBUG:netmiko:read_channel: 
DEBUG:netmiko:read_channel: 
DEBUG:netmiko:read_channel: 
DEBUG:netmiko:read_channel: 
DEBUG:netmiko:read_channel: 
DEBUG:netmiko:read_channel: 
DEBUG:netmiko:read_channel: 
DEBUG:netmiko:read_channel: 
DEBUG:netmiko:read_channel: 
DEBUG:netmiko:read_channel: 
DEBUG:netmiko:read_channel: 
DEBUG:netmiko:read_channel: 
DEBUG:netmiko:read_channel: 
DEBUG:netmiko:read_channel: 
DEBUG:netmiko:read_channel: 
DEBUG:netmiko:read_channel: 
DEBUG:netmiko:read_channel: 
DEBUG:netmiko:read_channel: 
DEBUG:netmiko:read_channel: 
DEBUG:netmiko:read_channel: 
DEBUG:netmiko:read_channel: 
DEBUG:netmiko:read_channel: 
DEBUG:netmiko:read_channel: 
DEBUG:netmiko:read_channel: 
DEBUG:netmiko:read_channel: 
DEBUG:netmiko:read_channel: 
DEBUG:netmiko:read_channel: 
DEBUG:netmiko:read_channel: 
DEBUG:netmiko:read_channel: 
DEBUG:netmiko:read_channel: 
DEBUG:netmiko:read_channel: 
DEBUG:netmiko:read_channel: 
DEBUG:netmiko:read_channel: 
DEBUG:netmiko:read_channel: 
DEBUG:netmiko:read_channel: 
DEBUG:netmiko:read_channel: 
DEBUG:netmiko:read_channel: 
DEBUG:netmiko:read_channel: 
DEBUG:netmiko:read_channel: 
DEBUG:netmiko:read_channel: 
DEBUG:netmiko:read_channel: 
DEBUG:netmiko:read_channel: 
DEBUG:netmiko:read_channel: 
DEBUG:netmiko:read_channel: 
DEBUG:netmiko:read_channel: 
DEBUG:netmiko:read_channel: 
DEBUG:netmiko:read_channel: 
DEBUG:netmiko:read_channel: 
DEBUG:netmiko:read_channel: 
DEBUG:netmiko:read_channel: 
DEBUG:netmiko:read_channel: 
DEBUG:netmiko:read_channel: 
DEBUG:netmiko:read_channel: 
DEBUG:netmiko:read_channel: 
DEBUG:netmiko:read_channel: 
DEBUG:netmiko:read_channel: 
DEBUG:netmiko:read_channel: 
DEBUG:netmiko:read_channel: 
DEBUG:netmiko:read_channel: 
DEBUG:netmiko:read_channel: 
DEBUG:netmiko:read_channel: 
DEBUG:netmiko:read_channel: 
DEBUG:netmiko:read_channel: 
DEBUG:netmiko:read_channel: 
DEBUG:netmiko:read_channel: 
DEBUG:netmiko:read_channel: 
DEBUG:netmiko:read_channel: 
DEBUG:netmiko:read_channel: 
DEBUG:netmiko:read_channel: 
DEBUG:netmiko:read_channel: 
DEBUG:netmiko:read_channel: 
DEBUG:netmiko:read_channel: 
DEBUG:netmiko:read_channel: 
DEBUG:netmiko:read_channel: 
DEBUG:netmiko:read_channel: 
DEBUG:netmiko:read_channel: 
DEBUG:netmiko:read_channel: 
DEBUG:netmiko:read_channel: 
DEBUG:netmiko:read_channel: 
DEBUG:netmiko:read_channel: 
DEBUG:netmiko:read_channel: 
DEBUG:netmiko:read_channel: 
DEBUG:netmiko:read_channel: 
DEBUG:netmiko:read_channel: 
DEBUG:netmiko:read_channel: 
DEBUG:netmiko:read_channel: 
DEBUG:netmiko:read_channel: 
DEBUG:netmiko:read_channel: 
DEBUG:netmiko:read_channel: 
DEBUG:netmiko:read_channel: 
DEBUG:netmiko:read_channel: 
DEBUG:netmiko:read_channel: 
DEBUG:netmiko:read_channel: 
DEBUG:netmiko:read_channel: 
DEBUG:netmiko:read_channel: 
DEBUG:netmiko:read_channel: 
DEBUG:netmiko:read_channel: 
DEBUG:netmiko:read_channel: 
DEBUG:netmiko:read_channel: 
DEBUG:netmiko:read_channel: 
DEBUG:netmiko:read_channel: 
DEBUG:netmiko:read_channel: 
DEBUG:netmiko:read_channel: 
DEBUG:netmiko:read_channel: 
DEBUG:netmiko:read_channel: 
DEBUG:netmiko:read_channel: 
DEBUG:netmiko:read_channel: 
DEBUG:netmiko:read_channel: 
DEBUG:netmiko:read_channel: 
DEBUG:netmiko:read_channel: 
DEBUG:netmiko:read_channel: 
DEBUG:netmiko:read_channel: 
DEBUG:netmiko:read_channel: 
DEBUG:netmiko:read_channel: 
DEBUG:netmiko:read_channel: 
DEBUG:netmiko:read_channel: 
DEBUG:netmiko:read_channel: 
DEBUG:netmiko:read_channel: 
DEBUG:netmiko:read_channel: 
DEBUG:netmiko:read_channel: 
DEBUG:netmiko:read_channel: 
DEBUG:netmiko:read_channel: 
DEBUG:netmiko:read_channel: 
DEBUG:netmiko:read_channel: 
DEBUG:netmiko:read_channel: 
DEBUG:netmiko:read_channel: 
DEBUG:netmiko:read_channel: 
DEBUG:netmiko:read_channel: 
DEBUG:netmiko:read_channel: 
DEBUG:netmiko:read_channel: 
DEBUG:netmiko:read_channel: 
DEBUG:netmiko:read_channel: 
DEBUG:netmiko:read_channel: 
DEBUG:netmiko:read_channel: 
DEBUG:netmiko:read_channel: 
DEBUG:netmiko:read_channel: 
DEBUG:netmiko:read_channel: 
DEBUG:netmiko:read_channel: 
DEBUG:netmiko:read_channel: 
DEBUG:netmiko:read_channel: 
DEBUG:netmiko:read_channel: 
DEBUG:netmiko:read_channel: 
DEBUG:netmiko:read_channel: 
DEBUG:netmiko:read_channel: 
DEBUG:netmiko:read_channel: 
DEBUG:netmiko:read_channel: 
DEBUG:netmiko:read_channel: 
DEBUG:netmiko:read_channel: 
DEBUG:netmiko:read_channel: 
DEBUG:netmiko:read_channel: 
DEBUG:netmiko:read_channel: 
DEBUG:netmiko:read_channel: 
DEBUG:netmiko:read_channel: 
DEBUG:netmiko:read_channel: 
DEBUG:netmiko:read_channel: 
DEBUG:netmiko:read_channel: 
DEBUG:netmiko:read_channel: 
DEBUG:netmiko:read_channel: 
DEBUG:netmiko:read_channel: 
DEBUG:netmiko:read_channel: 
DEBUG:netmiko:read_channel: 
DEBUG:netmiko:read_channel: 
DEBUG:netmiko:read_channel: 
DEBUG:netmiko:read_channel: 
DEBUG:netmiko:read_channel: 
DEBUG:netmiko:read_channel: 
DEBUG:netmiko:read_channel: 
DEBUG:netmiko:read_channel: 
DEBUG:netmiko:read_channel: 
DEBUG:netmiko:read_channel: 
DEBUG:netmiko:read_channel: 
DEBUG:netmiko:read_channel: 
DEBUG:netmiko:read_channel: 
DEBUG:netmiko:read_channel: 
DEBUG:netmiko:read_channel: 
DEBUG:netmiko:read_channel: 
DEBUG:netmiko:read_channel: 
DEBUG:netmiko:read_channel: 
DEBUG:netmiko:read_channel: 
DEBUG:netmiko:read_channel: 
DEBUG:netmiko:read_channel: 
DEBUG:netmiko:read_channel: 
DEBUG:netmiko:read_channel: 
DEBUG:netmiko:read_channel: 
DEBUG:netmiko:read_channel: 
DEBUG:netmiko:read_channel: 
DEBUG:netmiko:read_channel: 
DEBUG:netmiko:read_channel: 
DEBUG:netmiko:read_channel: 
DEBUG:netmiko:read_channel: 
DEBUG:netmiko:read_channel: 
DEBUG:netmiko:read_channel: 
DEBUG:netmiko:read_channel: 
DEBUG:netmiko:read_channel: 
DEBUG:netmiko:read_channel: 
DEBUG:netmiko:read_channel: 
DEBUG:netmiko:read_channel: 
DEBUG:netmiko:read_channel: 
DEBUG:netmiko:read_channel: 
DEBUG:netmiko:read_channel: 
DEBUG:netmiko:read_channel: 
DEBUG:netmiko:read_channel: 
DEBUG:netmiko:read_channel: 
DEBUG:netmiko:read_channel: 
DEBUG:netmiko:read_channel: 
DEBUG:netmiko:read_channel: 
DEBUG:netmiko:read_channel: 
DEBUG:netmiko:read_channel: 
DEBUG:netmiko:read_channel: 
DEBUG:netmiko:read_channel: 
DEBUG:netmiko:read_channel: 
DEBUG:netmiko:read_channel: 
DEBUG:netmiko:read_channel: 
DEBUG:netmiko:read_channel: 
DEBUG:netmiko:read_channel: 
DEBUG:netmiko:read_channel: 
DEBUG:netmiko:read_channel: 
DEBUG:netmiko:read_channel: 
DEBUG:netmiko:read_channel: 
DEBUG:netmiko:read_channel: 
DEBUG:netmiko:read_channel: 
DEBUG:netmiko:read_channel: 
DEBUG:netmiko:read_channel: 
DEBUG:netmiko:read_channel: 
DEBUG:netmiko:read_channel: 
DEBUG:netmiko:read_channel: 
DEBUG:netmiko:read_channel: 
DEBUG:netmiko:read_channel: 
DEBUG:netmiko:read_channel: 
DEBUG:netmiko:read_channel: 
DEBUG:netmiko:read_channel: 
DEBUG:netmiko:read_channel: 
DEBUG:netmiko:read_channel: 
DEBUG:netmiko:read_channel: 
DEBUG:netmiko:read_channel: 
DEBUG:netmiko:read_channel: 
DEBUG:netmiko:read_channel: 
DEBUG:netmiko:read_channel: 
DEBUG:netmiko:read_channel: 
DEBUG:netmiko:read_channel: 
DEBUG:netmiko:read_channel: 
DEBUG:netmiko:read_channel: 
DEBUG:netmiko:read_channel: 
DEBUG:netmiko:read_channel: 
DEBUG:netmiko:read_channel: 
DEBUG:netmiko:read_channel: 
DEBUG:netmiko:read_channel: 
DEBUG:netmiko:write_channel: b'\n'
DEBUG:netmiko:read_channel: 
nxos2(config)# 
DEBUG:netmiko:read_channel: 
DEBUG:netmiko:read_channel: 
DEBUG:netmiko:write_channel: b'\n'
DEBUG:netmiko:Pattern is: #
DEBUG:netmiko:_read_channel_expect read_data: 
nxos2(config)# 
DEBUG:netmiko:Pattern found: # 
nxos2(config)# 
DEBUG:netmiko:write_channel: b'end\n'
DEBUG:netmiko:Pattern is: end
DEBUG:netmiko:_read_channel_expect read_data: end

DEBUG:netmiko:Pattern found: end end

DEBUG:netmiko:Pattern is: \#
DEBUG:netmiko:_read_channel_expect read_data: nxos2# 
DEBUG:netmiko:Pattern found: \# nxos2# 
DEBUG:netmiko:write_channel: b'\n'
DEBUG:netmiko:Pattern is: #
DEBUG:netmiko:_read_channel_expect read_data: 
nxos2# 
DEBUG:netmiko:Pattern found: # 
nxos2# 
DEBUG:netmiko:exit_config_mode: end
nxos2# 
DEBUG:netmiko:write_channel: b'exit\n'
DEBUG:paramiko.transport:starting thread (client mode): 0x75146910
DEBUG:paramiko.transport:Local version/idstring: SSH-2.0-paramiko_2.7.2
DEBUG:paramiko.transport:Remote version/idstring: SSH-2.0-OpenSSH_7.5 PKIX[10.1]
INFO:paramiko.transport:Connected (version 2.0, client OpenSSH_7.5)
DEBUG:paramiko.transport:kex algos:['diffie-hellman-group14-sha1', 'ecdh-sha2-nistp256', 'ecdh-sha2-nistp384', 'ecdh-sha2-nistp521'] server key:['ssh-rsa', 'rsa-sha2-512', 'rsa-sha2-256'] client encrypt:['aes128-ctr', 'aes256-ctr', 'aes256-gcm@openssh.com', 'aes128-gcm@openssh.com'] server encrypt:['aes128-ctr', 'aes256-ctr', 'aes256-gcm@openssh.com', 'aes128-gcm@openssh.com'] client mac:['hmac-sha1', 'hmac-sha2-256', 'hmac-sha2-512'] server mac:['hmac-sha1', 'hmac-sha2-256', 'hmac-sha2-512'] client compress:['none', 'zlib@openssh.com'] server compress:['none', 'zlib@openssh.com'] client lang:[''] server lang:[''] kex follows?False
DEBUG:paramiko.transport:Kex agreed: ecdh-sha2-nistp256
DEBUG:paramiko.transport:HostKey agreed: ssh-rsa
DEBUG:paramiko.transport:Cipher agreed: aes128-ctr
DEBUG:paramiko.transport:MAC agreed: hmac-sha2-256
DEBUG:paramiko.transport:Compression agreed: none
DEBUG:paramiko.transport:kex engine KexNistp256 specified hash_algo <built-in function openssl_sha256>
DEBUG:paramiko.transport:Switch to new keys ...
DEBUG:paramiko.transport:Adding ssh-rsa host key for nxos2.lasthop.io: b'58318fd2f378211ff816a026bfbb687c'
DEBUG:paramiko.transport:userauth is OK
INFO:paramiko.transport:Auth banner: b'User Access Verification\n'
INFO:paramiko.transport:Authentication (password) successful!
DEBUG:paramiko.transport:[chan 0] Max packet in: 32768 bytes
DEBUG:paramiko.transport:Received global request "hostkeys-00@openssh.com"
DEBUG:paramiko.transport:Rejecting "hostkeys-00@openssh.com" global request from server.
DEBUG:paramiko.transport:[chan 0] Max packet out: 32768 bytes
DEBUG:paramiko.transport:Secsh channel 0 opened.
DEBUG:paramiko.transport:[chan 0] Sesch channel 0 request ok
DEBUG:paramiko.transport:[chan 0] Sesch channel 0 request ok
DEBUG:netmiko:read_channel: 


DEBUG:netmiko:read_channel: Cisco NX-OS Software
Copyright (c) 2002-2019, Cisco Systems, Inc. All rights reserved.
Nexus 9000v software ("Nexus 9000v Software") and related documentation,
files or other reference materials ("Documentation") are
the proprietary property and confidential information of Cisco
Systems, Inc. ("Cisco") and are protected, without limitation,
pursuant to United States and International copyright and trademark
laws in the applicable jurisdiction which provide civil and criminal
penalties for copying or distribution without Cisco's authorization.

Any use or disclosure, in whole or in part, of the Nexus 9000v Software
or Documentation to any third party for any purposes is expressly
prohibited except as otherwise authorized by Cisco in writing.
The copyrights to certain works contained herein are owned by other
third parties and are used and distributed under license. Some parts
of this software may be covered under the GNU Public License or the
GNU Lesser General Public License. A copy of each such license is
available at

DEBUG:netmiko:read_channel: http://www.gnu.org/licenses/gpl.html and
http://www.gnu.org/licenses/lgpl.html
***************************************************************************
*  Nexus 9000v is strictly limited to use for evaluation, demonstration   *
*  and NX-OS education. Any use or disclosure, in whole or in part of     *
*  the Nexus 9000v Software or Documentation to any third party for any   *
*  purposes is expressly prohibited except as otherwise authorized by     *
*  Cisco in writing.                                                      *
***************************************************************************
nxos2# 
DEBUG:netmiko:read_channel: 
DEBUG:netmiko:read_channel: 
DEBUG:netmiko:write_channel: b'terminal width 511\n'
DEBUG:netmiko:Pattern is: terminal width 511
DEBUG:netmiko:_read_channel_expect read_data: terminal width 511

DEBUG:netmiko:Pattern found: terminal width 511 terminal width 511

DEBUG:netmiko:In disable_paging
DEBUG:netmiko:Command: terminal length 0

DEBUG:netmiko:write_channel: b'terminal length 0\n'
DEBUG:netmiko:Pattern is: terminal\ length\ 0
DEBUG:netmiko:_read_channel_expect read_data: nxos2# 
DEBUG:netmiko:_read_channel_expect read_data: terminal length 0
nxos2# 
DEBUG:netmiko:Pattern found: terminal\ length\ 0 nxos2# terminal length 0
nxos2# 
DEBUG:netmiko:nxos2# terminal length 0
nxos2# 
DEBUG:netmiko:Exiting disable_paging
DEBUG:netmiko:read_channel: 
DEBUG:netmiko:write_channel: b'\n'
DEBUG:netmiko:read_channel: 
nxos2# 
DEBUG:netmiko:read_channel: 
DEBUG:netmiko:[find_prompt()]: prompt is nxos2#
DEBUG:netmiko:read_channel: 
DEBUG:netmiko:write_channel: b'\n'
DEBUG:netmiko:read_channel: 
nxos2# 
DEBUG:netmiko:read_channel: 
DEBUG:netmiko:[find_prompt()]: prompt is nxos2#
DEBUG:netmiko:read_channel: 
DEBUG:netmiko:write_channel: b'conf t\n'
DEBUG:netmiko:Pattern is: conf\ t
DEBUG:netmiko:_read_channel_expect read_data: conf t

DEBUG:netmiko:Pattern found: conf\ t conf t

DEBUG:netmiko:read_channel: Enter configuration commands, one per line. End with CNTL/Z.
nxos2(config)# 
DEBUG:netmiko:read_channel: 
DEBUG:netmiko:read_channel: 
DEBUG:netmiko:read_channel: 
DEBUG:netmiko:read_channel: 
DEBUG:netmiko:read_channel: 
DEBUG:netmiko:read_channel: 
DEBUG:netmiko:read_channel: 
DEBUG:netmiko:read_channel: 
DEBUG:netmiko:read_channel: 
DEBUG:netmiko:read_channel: 
DEBUG:netmiko:read_channel: 
DEBUG:netmiko:read_channel: 
DEBUG:netmiko:read_channel: 
DEBUG:netmiko:read_channel: 
DEBUG:netmiko:read_channel: 
DEBUG:netmiko:read_channel: 
DEBUG:netmiko:read_channel: 
DEBUG:netmiko:read_channel: 
DEBUG:netmiko:read_channel: 
DEBUG:netmiko:read_channel: 
DEBUG:netmiko:read_channel: 
DEBUG:netmiko:read_channel: 
DEBUG:netmiko:read_channel: 
DEBUG:netmiko:read_channel: 
DEBUG:netmiko:read_channel: 
DEBUG:netmiko:read_channel: 
DEBUG:netmiko:read_channel: 
DEBUG:netmiko:read_channel: 
DEBUG:netmiko:read_channel: 
DEBUG:netmiko:read_channel: 
DEBUG:netmiko:read_channel: 
DEBUG:netmiko:read_channel: 
DEBUG:netmiko:read_channel: 
DEBUG:netmiko:read_channel: 
DEBUG:netmiko:read_channel: 
DEBUG:netmiko:read_channel: 
DEBUG:netmiko:read_channel: 
DEBUG:netmiko:read_channel: 
DEBUG:netmiko:read_channel: 
DEBUG:netmiko:read_channel: 
DEBUG:netmiko:read_channel: 
DEBUG:netmiko:read_channel: 
DEBUG:netmiko:read_channel: 
DEBUG:netmiko:read_channel: 
DEBUG:netmiko:read_channel: 
DEBUG:netmiko:read_channel: 
DEBUG:netmiko:read_channel: 
DEBUG:netmiko:read_channel: 
DEBUG:netmiko:read_channel: 
DEBUG:netmiko:read_channel: 
DEBUG:netmiko:read_channel: 
DEBUG:netmiko:read_channel: 
DEBUG:netmiko:read_channel: 
DEBUG:netmiko:read_channel: 
DEBUG:netmiko:read_channel: 
DEBUG:netmiko:read_channel: 
DEBUG:netmiko:read_channel: 
DEBUG:netmiko:read_channel: 
DEBUG:netmiko:read_channel: 
DEBUG:netmiko:read_channel: 
DEBUG:netmiko:read_channel: 
DEBUG:netmiko:read_channel: 
DEBUG:netmiko:read_channel: 
DEBUG:netmiko:read_channel: 
DEBUG:netmiko:read_channel: 
DEBUG:netmiko:read_channel: 
DEBUG:netmiko:read_channel: 
DEBUG:netmiko:read_channel: 
DEBUG:netmiko:read_channel: 
DEBUG:netmiko:read_channel: 
DEBUG:netmiko:read_channel: 
DEBUG:netmiko:read_channel: 
DEBUG:netmiko:read_channel: 
DEBUG:netmiko:read_channel: 
DEBUG:netmiko:read_channel: 
DEBUG:netmiko:read_channel: 
DEBUG:netmiko:read_channel: 
DEBUG:netmiko:read_channel: 
DEBUG:netmiko:read_channel: 
DEBUG:netmiko:read_channel: 
DEBUG:netmiko:read_channel: 
DEBUG:netmiko:read_channel: 
DEBUG:netmiko:read_channel: 
DEBUG:netmiko:read_channel: 
DEBUG:netmiko:read_channel: 
DEBUG:netmiko:read_channel: 
DEBUG:netmiko:read_channel: 
DEBUG:netmiko:read_channel: 
DEBUG:netmiko:read_channel: 
DEBUG:netmiko:read_channel: 
DEBUG:netmiko:read_channel: 
DEBUG:netmiko:read_channel: 
DEBUG:netmiko:read_channel: 
DEBUG:netmiko:read_channel: 
DEBUG:netmiko:read_channel: 
DEBUG:netmiko:read_channel: 
DEBUG:netmiko:read_channel: 
DEBUG:netmiko:read_channel: 
DEBUG:netmiko:read_channel: 
DEBUG:netmiko:read_channel: 
DEBUG:netmiko:read_channel: 
DEBUG:netmiko:read_channel: 
DEBUG:netmiko:read_channel: 
DEBUG:netmiko:read_channel: 
DEBUG:netmiko:read_channel: 
DEBUG:netmiko:read_channel: 
DEBUG:netmiko:read_channel: 
DEBUG:netmiko:read_channel: 
DEBUG:netmiko:read_channel: 
DEBUG:netmiko:read_channel: 
DEBUG:netmiko:read_channel: 
DEBUG:netmiko:read_channel: 
DEBUG:netmiko:read_channel: 
DEBUG:netmiko:read_channel: 
DEBUG:netmiko:read_channel: 
DEBUG:netmiko:read_channel: 
DEBUG:netmiko:read_channel: 
DEBUG:netmiko:read_channel: 
DEBUG:paramiko.transport:starting thread (client mode): 0x1ae6910
DEBUG:paramiko.transport:Local version/idstring: SSH-2.0-paramiko_2.7.2
DEBUG:paramiko.transport:Remote version/idstring: SSH-2.0-OpenSSH_7.5 PKIX[10.1]
INFO:paramiko.transport:Connected (version 2.0, client OpenSSH_7.5)
DEBUG:paramiko.transport:kex algos:['diffie-hellman-group14-sha1', 'ecdh-sha2-nistp256', 'ecdh-sha2-nistp384', 'ecdh-sha2-nistp521'] server key:['ssh-rsa', 'rsa-sha2-512', 'rsa-sha2-256'] client encrypt:['aes128-ctr', 'aes256-ctr', 'aes256-gcm@openssh.com', 'aes128-gcm@openssh.com'] server encrypt:['aes128-ctr', 'aes256-ctr', 'aes256-gcm@openssh.com', 'aes128-gcm@openssh.com'] client mac:['hmac-sha1', 'hmac-sha2-256', 'hmac-sha2-512'] server mac:['hmac-sha1', 'hmac-sha2-256', 'hmac-sha2-512'] client compress:['none', 'zlib@openssh.com'] server compress:['none', 'zlib@openssh.com'] client lang:[''] server lang:[''] kex follows?False
DEBUG:paramiko.transport:Kex agreed: ecdh-sha2-nistp256
DEBUG:paramiko.transport:HostKey agreed: ssh-rsa
DEBUG:paramiko.transport:Cipher agreed: aes128-ctr
DEBUG:paramiko.transport:MAC agreed: hmac-sha2-256
DEBUG:paramiko.transport:Compression agreed: none
DEBUG:paramiko.transport:kex engine KexNistp256 specified hash_algo <built-in function openssl_sha256>
DEBUG:paramiko.transport:Switch to new keys ...
DEBUG:paramiko.transport:Adding ssh-rsa host key for nxos2.lasthop.io: b'58318fd2f378211ff816a026bfbb687c'
DEBUG:paramiko.transport:userauth is OK
INFO:paramiko.transport:Auth banner: b'User Access Verification\n'
INFO:paramiko.transport:Authentication (password) successful!
DEBUG:paramiko.transport:[chan 0] Max packet in: 32768 bytes
DEBUG:paramiko.transport:Received global request "hostkeys-00@openssh.com"
DEBUG:paramiko.transport:Rejecting "hostkeys-00@openssh.com" global request from server.
DEBUG:paramiko.transport:[chan 0] Max packet out: 32768 bytes
DEBUG:paramiko.transport:Secsh channel 0 opened.
DEBUG:paramiko.transport:[chan 0] Sesch channel 0 request ok
DEBUG:paramiko.transport:[chan 0] Sesch channel 0 request ok
DEBUG:netmiko:read_channel: 

Cisco NX-OS Software
Copyright (c) 2002-2019, Cisco Systems, Inc. All rights reserved.
Nexus 9000v software ("Nexus 9000v Software") and related documentation,
files or other reference materials ("Documentation") are
the proprietary property and confidential information of Cisco
Systems, Inc. ("Cisco") and are protected, without limitation,
pursuant to United States and International copyright and trademark
laws in the applicable jurisdiction which provide civil and criminal
penalties for copying or distribution without Cisco's authorization.

Any use or disclosure, in whole or in part, of the Nexus 9000v Software
or Documentation to any third party for any purposes is expressly
prohibited except as otherwise authorized by Cisco in writing.
The copyrights to certain works contained herein are owned by other
third parties and are used and distributed under license. Some parts
of this software may be covered under the GNU Public License or the
GNU Lesser General Public License. A copy of each such license is
available at
http://www.gnu.org/licenses/gpl.html and
http://www.gnu.org/licenses/lgpl.html
***************************************************************************
*  Nexus 9000v is strictly limited to use for evaluation, demonstration   *
*  and NX-OS education. Any use or disclosure, in whole or in part of     *
*  the Nexus 9000v Software or Documentation to any third party for any   *
*  purposes is expressly prohibited except as otherwise authorized by     *
*  Cisco in writing.                                                      *
***************************************************************************

DEBUG:netmiko:read_channel: nxos2# 
DEBUG:netmiko:read_channel: 
DEBUG:netmiko:read_channel: 
DEBUG:netmiko:write_channel: b'terminal width 511\n'
DEBUG:netmiko:Pattern is: terminal width 511
DEBUG:netmiko:_read_channel_expect read_data: terminal width 511

DEBUG:netmiko:Pattern found: terminal width 511 terminal width 511

DEBUG:netmiko:In disable_paging
DEBUG:netmiko:Command: terminal length 0

DEBUG:netmiko:write_channel: b'terminal length 0\n'
DEBUG:netmiko:Pattern is: terminal\ length\ 0
DEBUG:netmiko:_read_channel_expect read_data: terminal length 0

DEBUG:netmiko:Pattern found: terminal\ length\ 0 terminal length 0

DEBUG:netmiko:terminal length 0

DEBUG:netmiko:Exiting disable_paging
DEBUG:netmiko:read_channel: nxos2# terminal length 0
nxos2# 
DEBUG:netmiko:Clear buffer detects data in the channel
DEBUG:netmiko:read_channel: 
DEBUG:netmiko:write_channel: b'\n'
DEBUG:netmiko:read_channel: 
nxos2# 
DEBUG:netmiko:read_channel: 
DEBUG:netmiko:[find_prompt()]: prompt is nxos2#
DEBUG:netmiko:read_channel: 
DEBUG:netmiko:write_channel: b'\n'
DEBUG:netmiko:read_channel: 
nxos2# 
DEBUG:netmiko:read_channel: 
DEBUG:netmiko:[find_prompt()]: prompt is nxos2#
DEBUG:netmiko:read_channel: 
DEBUG:netmiko:write_channel: b'conf t\n'
DEBUG:netmiko:Pattern is: conf\ t
DEBUG:netmiko:_read_channel_expect read_data: conf t

DEBUG:netmiko:Pattern found: conf\ t conf t

DEBUG:netmiko:read_channel: Enter configuration commands, one per line. End with CNTL/Z.
nxos2(config)# 
DEBUG:netmiko:read_channel: 
DEBUG:netmiko:read_channel: 
DEBUG:netmiko:read_channel: 
DEBUG:netmiko:read_channel: 
DEBUG:netmiko:read_channel: 
DEBUG:netmiko:read_channel: 
DEBUG:netmiko:read_channel: 
DEBUG:netmiko:read_channel: 
DEBUG:netmiko:read_channel: 
DEBUG:netmiko:read_channel: 
DEBUG:netmiko:read_channel: 
DEBUG:netmiko:read_channel: 
DEBUG:netmiko:read_channel: 
DEBUG:netmiko:read_channel: 
DEBUG:netmiko:read_channel: 
DEBUG:netmiko:read_channel: 
DEBUG:netmiko:read_channel: 
DEBUG:netmiko:read_channel: 
DEBUG:netmiko:read_channel: 
DEBUG:netmiko:read_channel: 
DEBUG:netmiko:read_channel: 
DEBUG:netmiko:read_channel: 
DEBUG:netmiko:read_channel: 
DEBUG:netmiko:read_channel: 
DEBUG:netmiko:read_channel: 
DEBUG:netmiko:read_channel: 
DEBUG:netmiko:read_channel: 
DEBUG:netmiko:read_channel: 
DEBUG:netmiko:read_channel: 
DEBUG:netmiko:read_channel: 
DEBUG:netmiko:read_channel: 
DEBUG:netmiko:read_channel: 
DEBUG:netmiko:read_channel: 
DEBUG:netmiko:read_channel: 
DEBUG:netmiko:read_channel: 
DEBUG:netmiko:read_channel: 
DEBUG:netmiko:read_channel: 
DEBUG:netmiko:read_channel: 
DEBUG:netmiko:read_channel: 
DEBUG:netmiko:read_channel: 
DEBUG:netmiko:read_channel: 
DEBUG:netmiko:read_channel: 
DEBUG:netmiko:read_channel: 
DEBUG:netmiko:read_channel: 
DEBUG:netmiko:read_channel: 
DEBUG:netmiko:read_channel: 
DEBUG:netmiko:read_channel: 
DEBUG:netmiko:read_channel: 
DEBUG:netmiko:read_channel: 
DEBUG:netmiko:read_channel: 
DEBUG:netmiko:read_channel: 
DEBUG:netmiko:read_channel: 
DEBUG:netmiko:read_channel: 
DEBUG:netmiko:read_channel: 
DEBUG:netmiko:read_channel: 
DEBUG:netmiko:read_channel: 
DEBUG:netmiko:read_channel: 
DEBUG:netmiko:read_channel: 
DEBUG:netmiko:read_channel: 
DEBUG:netmiko:read_channel: 
DEBUG:netmiko:read_channel: 
DEBUG:netmiko:read_channel: 
DEBUG:netmiko:read_channel: 
DEBUG:netmiko:read_channel: 
DEBUG:netmiko:read_channel: 
DEBUG:netmiko:read_channel: 
DEBUG:netmiko:read_channel: 
DEBUG:netmiko:read_channel: 
DEBUG:netmiko:read_channel: 
DEBUG:netmiko:read_channel: 
DEBUG:netmiko:read_channel: 
DEBUG:netmiko:read_channel: 
DEBUG:netmiko:read_channel: 
DEBUG:netmiko:read_channel: 
DEBUG:netmiko:read_channel: 
DEBUG:netmiko:read_channel: 
DEBUG:netmiko:read_channel: 
DEBUG:netmiko:read_channel: 
DEBUG:netmiko:read_channel: 
DEBUG:netmiko:read_channel: 
DEBUG:netmiko:read_channel: 
DEBUG:netmiko:read_channel: 
DEBUG:netmiko:read_channel: 
DEBUG:netmiko:read_channel: 
DEBUG:netmiko:read_channel: 
DEBUG:netmiko:read_channel: 
DEBUG:netmiko:read_channel: 
DEBUG:netmiko:read_channel: 
DEBUG:netmiko:read_channel: 
DEBUG:netmiko:read_channel: 
DEBUG:netmiko:read_channel: 
DEBUG:netmiko:read_channel: 
DEBUG:netmiko:read_channel: 
DEBUG:netmiko:read_channel: 
DEBUG:netmiko:read_channel: 
DEBUG:netmiko:read_channel: 
DEBUG:netmiko:read_channel: 
DEBUG:netmiko:read_channel: 
DEBUG:netmiko:read_channel: 
DEBUG:netmiko:read_channel: 
DEBUG:netmiko:read_channel: 
DEBUG:netmiko:read_channel: 
DEBUG:netmiko:read_channel: 
DEBUG:netmiko:read_channel: 
DEBUG:netmiko:read_channel: 
DEBUG:netmiko:read_channel: 
DEBUG:netmiko:read_channel: 
DEBUG:netmiko:read_channel: 
DEBUG:netmiko:read_channel: 
DEBUG:netmiko:read_channel: 
DEBUG:netmiko:read_channel: 
DEBUG:netmiko:read_channel: 
DEBUG:netmiko:read_channel: 
DEBUG:netmiko:read_channel: 
DEBUG:netmiko:read_channel: 
DEBUG:netmiko:read_channel: 
DEBUG:netmiko:read_channel: 
DEBUG:netmiko:read_channel: 
DEBUG:netmiko:read_channel: 
DEBUG:netmiko:read_channel: 
DEBUG:netmiko:read_channel: 
DEBUG:netmiko:read_channel: 
DEBUG:netmiko:read_channel: 
DEBUG:netmiko:read_channel: 
DEBUG:netmiko:read_channel: 
DEBUG:netmiko:read_channel: 
DEBUG:netmiko:read_channel: 
DEBUG:netmiko:read_channel: 
DEBUG:netmiko:read_channel: 
DEBUG:netmiko:read_channel: 
DEBUG:netmiko:read_channel: 
DEBUG:netmiko:read_channel: 
DEBUG:netmiko:read_channel: 
DEBUG:netmiko:read_channel: 
DEBUG:netmiko:read_channel: 
DEBUG:netmiko:read_channel: 
DEBUG:netmiko:read_channel: 
DEBUG:netmiko:read_channel: 
DEBUG:netmiko:read_channel: 
DEBUG:netmiko:read_channel: 
DEBUG:netmiko:read_channel: 
DEBUG:netmiko:read_channel: 
DEBUG:netmiko:read_channel: 
DEBUG:netmiko:read_channel: 
DEBUG:netmiko:read_channel: 
DEBUG:netmiko:read_channel: 
DEBUG:netmiko:read_channel: 
DEBUG:netmiko:read_channel: 
DEBUG:netmiko:read_channel: 
DEBUG:netmiko:read_channel: 
DEBUG:netmiko:read_channel: 
DEBUG:netmiko:read_channel: 
DEBUG:netmiko:read_channel: 
DEBUG:netmiko:read_channel: 
DEBUG:netmiko:read_channel: 
DEBUG:netmiko:read_channel: 
DEBUG:netmiko:read_channel: 
DEBUG:netmiko:read_channel: 
DEBUG:netmiko:read_channel: 
DEBUG:netmiko:read_channel: 
DEBUG:netmiko:read_channel: 
DEBUG:netmiko:read_channel: 
DEBUG:netmiko:read_channel: 
DEBUG:netmiko:read_channel: 
DEBUG:netmiko:read_channel: 
DEBUG:netmiko:read_channel: 
DEBUG:netmiko:read_channel: 
DEBUG:netmiko:read_channel: 
DEBUG:netmiko:read_channel: 
DEBUG:netmiko:read_channel: 
DEBUG:netmiko:read_channel: 
DEBUG:netmiko:read_channel: 
DEBUG:netmiko:read_channel: 
DEBUG:netmiko:read_channel: 
DEBUG:netmiko:read_channel: 
DEBUG:netmiko:read_channel: 
DEBUG:netmiko:read_channel: 
DEBUG:netmiko:read_channel: 
DEBUG:netmiko:read_channel: 
DEBUG:netmiko:read_channel: 
DEBUG:netmiko:read_channel: 
DEBUG:netmiko:read_channel: 
DEBUG:netmiko:read_channel: 
DEBUG:netmiko:read_channel: 
DEBUG:netmiko:read_channel: 
DEBUG:netmiko:read_channel: 
DEBUG:netmiko:read_channel: 
DEBUG:netmiko:read_channel: 
DEBUG:netmiko:read_channel: 
DEBUG:netmiko:read_channel: 
DEBUG:netmiko:read_channel: 
DEBUG:netmiko:read_channel: 
DEBUG:netmiko:read_channel: 
DEBUG:netmiko:read_channel: 
DEBUG:netmiko:read_channel: 
DEBUG:netmiko:read_channel: 
DEBUG:netmiko:read_channel: 
DEBUG:netmiko:read_channel: 
DEBUG:netmiko:read_channel: 
DEBUG:netmiko:read_channel: 
DEBUG:netmiko:read_channel: 
DEBUG:netmiko:read_channel: 
DEBUG:netmiko:read_channel: 
DEBUG:netmiko:read_channel: 
DEBUG:netmiko:read_channel: 
DEBUG:netmiko:read_channel: 
DEBUG:netmiko:read_channel: 
DEBUG:netmiko:read_channel: 
DEBUG:netmiko:read_channel: 
DEBUG:netmiko:read_channel: 
DEBUG:netmiko:read_channel: 
DEBUG:netmiko:read_channel: 
DEBUG:netmiko:read_channel: 
DEBUG:netmiko:read_channel: 
DEBUG:netmiko:read_channel: 
DEBUG:netmiko:read_channel: 
DEBUG:netmiko:read_channel: 
DEBUG:netmiko:read_channel: 
DEBUG:netmiko:read_channel: 
DEBUG:netmiko:read_channel: 
DEBUG:netmiko:read_channel: 
DEBUG:netmiko:read_channel: 
DEBUG:netmiko:read_channel: 
DEBUG:netmiko:read_channel: 
DEBUG:netmiko:read_channel: 
DEBUG:netmiko:read_channel: 
DEBUG:netmiko:read_channel: 
DEBUG:netmiko:read_channel: 
DEBUG:netmiko:read_channel: 
DEBUG:netmiko:read_channel: 
DEBUG:netmiko:read_channel: 
DEBUG:netmiko:read_channel: 
DEBUG:netmiko:read_channel: 
DEBUG:netmiko:read_channel: 
DEBUG:netmiko:read_channel: 
DEBUG:netmiko:read_channel: 
DEBUG:netmiko:read_channel: 
DEBUG:netmiko:read_channel: 
DEBUG:netmiko:read_channel: 
DEBUG:netmiko:read_channel: 
DEBUG:netmiko:read_channel: 
DEBUG:netmiko:read_channel: 
DEBUG:netmiko:read_channel: 
DEBUG:netmiko:read_channel: 
DEBUG:netmiko:read_channel: 
DEBUG:netmiko:read_channel: 
DEBUG:netmiko:read_channel: 
DEBUG:netmiko:read_channel: 
DEBUG:netmiko:read_channel: 
DEBUG:netmiko:read_channel: 
DEBUG:netmiko:read_channel: 
DEBUG:netmiko:read_channel: 
DEBUG:netmiko:read_channel: 
DEBUG:netmiko:read_channel: 
DEBUG:netmiko:read_channel: 
DEBUG:netmiko:read_channel: 
DEBUG:netmiko:read_channel: 
DEBUG:netmiko:read_channel: 
DEBUG:netmiko:read_channel: 
DEBUG:netmiko:read_channel: 
DEBUG:netmiko:read_channel: 
DEBUG:netmiko:read_channel: 
DEBUG:netmiko:read_channel: 
DEBUG:netmiko:read_channel: 
DEBUG:netmiko:read_channel: 
DEBUG:netmiko:read_channel: 
DEBUG:netmiko:read_channel: 
DEBUG:netmiko:read_channel: 
DEBUG:netmiko:read_channel: 
DEBUG:netmiko:read_channel: 
DEBUG:netmiko:read_channel: 
DEBUG:netmiko:read_channel: 
DEBUG:netmiko:read_channel: 
DEBUG:netmiko:read_channel: 
DEBUG:netmiko:read_channel: 
DEBUG:netmiko:read_channel: 
DEBUG:netmiko:read_channel: 
DEBUG:netmiko:read_channel: 
DEBUG:netmiko:read_channel: 
DEBUG:netmiko:read_channel: 
DEBUG:netmiko:read_channel: 
DEBUG:netmiko:read_channel: 
DEBUG:netmiko:read_channel: 
DEBUG:netmiko:read_channel: 
DEBUG:netmiko:read_channel: 
DEBUG:netmiko:read_channel: 
DEBUG:netmiko:read_channel: 
DEBUG:netmiko:read_channel: 
DEBUG:netmiko:read_channel: 
DEBUG:netmiko:read_channel: 
DEBUG:netmiko:read_channel: 
DEBUG:netmiko:read_channel: 
DEBUG:netmiko:read_channel: 
DEBUG:netmiko:read_channel: 
DEBUG:netmiko:read_channel: 
DEBUG:netmiko:read_channel: 
DEBUG:netmiko:read_channel: 
DEBUG:netmiko:read_channel: 
DEBUG:netmiko:read_channel: 
DEBUG:netmiko:read_channel: 
DEBUG:netmiko:read_channel: 
DEBUG:netmiko:read_channel: 
DEBUG:netmiko:read_channel: 
DEBUG:netmiko:read_channel: 
DEBUG:netmiko:read_channel: 
DEBUG:netmiko:read_channel: 
DEBUG:netmiko:read_channel: 
DEBUG:netmiko:read_channel: 
DEBUG:netmiko:read_channel: 
DEBUG:netmiko:read_channel: 
DEBUG:netmiko:read_channel: 
DEBUG:netmiko:read_channel: 
DEBUG:netmiko:read_channel: 
DEBUG:netmiko:read_channel: 
DEBUG:netmiko:read_channel: 
DEBUG:netmiko:read_channel: 
DEBUG:netmiko:read_channel: 
DEBUG:netmiko:read_channel: 
DEBUG:netmiko:read_channel: 
DEBUG:netmiko:read_channel: 
DEBUG:netmiko:read_channel: 
DEBUG:netmiko:read_channel: 
DEBUG:netmiko:read_channel: 
DEBUG:netmiko:read_channel: 
DEBUG:netmiko:read_channel: 
DEBUG:netmiko:read_channel: 
DEBUG:netmiko:read_channel: 
DEBUG:netmiko:read_channel: 
DEBUG:netmiko:read_channel: 
DEBUG:netmiko:read_channel: 
DEBUG:netmiko:read_channel: 
DEBUG:netmiko:read_channel: 
DEBUG:netmiko:read_channel: 
DEBUG:netmiko:read_channel: 
DEBUG:netmiko:read_channel: 
DEBUG:netmiko:read_channel: 
DEBUG:netmiko:read_channel: 
DEBUG:netmiko:read_channel: 
DEBUG:netmiko:read_channel: 
DEBUG:netmiko:read_channel: 
DEBUG:netmiko:read_channel: 
DEBUG:netmiko:read_channel: 
DEBUG:netmiko:read_channel: 
DEBUG:netmiko:read_channel: 
DEBUG:netmiko:read_channel: 
DEBUG:netmiko:read_channel: 
DEBUG:netmiko:read_channel: 
DEBUG:netmiko:read_channel: 
DEBUG:netmiko:read_channel: 
DEBUG:netmiko:read_channel: 
DEBUG:netmiko:read_channel: 
DEBUG:netmiko:read_channel: 
DEBUG:netmiko:read_channel: 
DEBUG:netmiko:read_channel: 
DEBUG:netmiko:read_channel: 
DEBUG:netmiko:read_channel: 
DEBUG:netmiko:read_channel: 
DEBUG:netmiko:read_channel: 
DEBUG:netmiko:read_channel: 
DEBUG:netmiko:read_channel: 
DEBUG:netmiko:read_channel: 
DEBUG:netmiko:read_channel: 
DEBUG:netmiko:read_channel: 
DEBUG:netmiko:read_channel: 
DEBUG:netmiko:read_channel: 
DEBUG:netmiko:read_channel: 
DEBUG:netmiko:read_channel: 
DEBUG:netmiko:read_channel: 
DEBUG:netmiko:read_channel: 
DEBUG:netmiko:read_channel: 
DEBUG:netmiko:read_channel: 
DEBUG:netmiko:read_channel: 
DEBUG:netmiko:read_channel: 
DEBUG:netmiko:read_channel: 
DEBUG:netmiko:read_channel: 
DEBUG:netmiko:read_channel: 
DEBUG:netmiko:read_channel: 
DEBUG:netmiko:read_channel: 
DEBUG:netmiko:read_channel: 
DEBUG:netmiko:read_channel: 
DEBUG:netmiko:read_channel: 
DEBUG:netmiko:read_channel: 
DEBUG:netmiko:read_channel: 
DEBUG:netmiko:read_channel: 
DEBUG:netmiko:read_channel: 
DEBUG:netmiko:read_channel: 
DEBUG:netmiko:read_channel: 
DEBUG:netmiko:read_channel: 
DEBUG:netmiko:read_channel: 
DEBUG:netmiko:read_channel: 
DEBUG:netmiko:read_channel: 
DEBUG:netmiko:read_channel: 
DEBUG:netmiko:read_channel: 
DEBUG:netmiko:read_channel: 
DEBUG:netmiko:read_channel: 
DEBUG:netmiko:read_channel: 
DEBUG:netmiko:read_channel: 
DEBUG:netmiko:read_channel: 
DEBUG:netmiko:read_channel: 
DEBUG:netmiko:read_channel: 
DEBUG:netmiko:read_channel: 
DEBUG:netmiko:read_channel: 
DEBUG:netmiko:read_channel: 
DEBUG:netmiko:read_channel: 
DEBUG:netmiko:read_channel: 
DEBUG:netmiko:read_channel: 
DEBUG:netmiko:read_channel: 
DEBUG:netmiko:read_channel: 
DEBUG:netmiko:read_channel: 
DEBUG:netmiko:read_channel: 
DEBUG:netmiko:read_channel: 
DEBUG:netmiko:read_channel: 
DEBUG:netmiko:read_channel: 
DEBUG:netmiko:read_channel: 
DEBUG:netmiko:read_channel: 
DEBUG:netmiko:read_channel: 
DEBUG:netmiko:read_channel: 
DEBUG:netmiko:read_channel: 
DEBUG:netmiko:read_channel: 
DEBUG:netmiko:read_channel: 
DEBUG:netmiko:read_channel: 
DEBUG:netmiko:read_channel: 
DEBUG:netmiko:read_channel: 
DEBUG:netmiko:read_channel: 
DEBUG:netmiko:read_channel: 
DEBUG:netmiko:read_channel: 
DEBUG:netmiko:read_channel: 
DEBUG:netmiko:read_channel: 
DEBUG:netmiko:read_channel: 
DEBUG:netmiko:read_channel: 
DEBUG:netmiko:read_channel: 
DEBUG:netmiko:read_channel: 
DEBUG:netmiko:read_channel: 
DEBUG:netmiko:read_channel: 
DEBUG:netmiko:read_channel: 
DEBUG:netmiko:read_channel: 
DEBUG:netmiko:read_channel: 
DEBUG:netmiko:read_channel: 
DEBUG:netmiko:read_channel: 
DEBUG:netmiko:read_channel: 
DEBUG:netmiko:read_channel: 
DEBUG:netmiko:read_channel: 
DEBUG:netmiko:read_channel: 
DEBUG:netmiko:read_channel: 
DEBUG:netmiko:read_channel: 
DEBUG:netmiko:read_channel: 
DEBUG:netmiko:read_channel: 
DEBUG:netmiko:read_channel: 
DEBUG:netmiko:read_channel: 
DEBUG:netmiko:read_channel: 
DEBUG:netmiko:read_channel: 
DEBUG:netmiko:read_channel: 
DEBUG:netmiko:read_channel: 
DEBUG:netmiko:read_channel: 
DEBUG:netmiko:read_channel: 
DEBUG:netmiko:read_channel: 
DEBUG:netmiko:read_channel: 
DEBUG:netmiko:read_channel: 
DEBUG:netmiko:read_channel: 
DEBUG:netmiko:read_channel: 
DEBUG:netmiko:read_channel: 
DEBUG:netmiko:read_channel: 
DEBUG:netmiko:read_channel: 
DEBUG:netmiko:read_channel: 
DEBUG:netmiko:read_channel: 
DEBUG:netmiko:read_channel: 
DEBUG:netmiko:read_channel: 
DEBUG:netmiko:read_channel: 
DEBUG:netmiko:read_channel: 
DEBUG:netmiko:read_channel: 
DEBUG:netmiko:read_channel: 
DEBUG:netmiko:read_channel: 
DEBUG:netmiko:read_channel: 
DEBUG:netmiko:read_channel: 
DEBUG:netmiko:read_channel: 
DEBUG:netmiko:read_channel: 
DEBUG:netmiko:read_channel: 
DEBUG:netmiko:read_channel: 
DEBUG:netmiko:read_channel: 
DEBUG:netmiko:read_channel: 
DEBUG:netmiko:read_channel: 
DEBUG:netmiko:read_channel: 
DEBUG:netmiko:read_channel: 
DEBUG:netmiko:read_channel: 
DEBUG:netmiko:read_channel: 
DEBUG:netmiko:read_channel: 
DEBUG:netmiko:read_channel: 
DEBUG:netmiko:read_channel: 
DEBUG:netmiko:read_channel: 
DEBUG:netmiko:read_channel: 
DEBUG:netmiko:read_channel: 
DEBUG:netmiko:read_channel: 
DEBUG:netmiko:read_channel: 
DEBUG:netmiko:read_channel: 
DEBUG:paramiko.transport:starting thread (client mode): 0xd150b990
DEBUG:paramiko.transport:Local version/idstring: SSH-2.0-paramiko_2.7.2
DEBUG:paramiko.transport:Remote version/idstring: SSH-2.0-OpenSSH_7.5 PKIX[10.1]
INFO:paramiko.transport:Connected (version 2.0, client OpenSSH_7.5)
DEBUG:paramiko.transport:kex algos:['diffie-hellman-group14-sha1', 'ecdh-sha2-nistp256', 'ecdh-sha2-nistp384', 'ecdh-sha2-nistp521'] server key:['ssh-rsa', 'rsa-sha2-512', 'rsa-sha2-256'] client encrypt:['aes128-ctr', 'aes256-ctr', 'aes256-gcm@openssh.com', 'aes128-gcm@openssh.com'] server encrypt:['aes128-ctr', 'aes256-ctr', 'aes256-gcm@openssh.com', 'aes128-gcm@openssh.com'] client mac:['hmac-sha1', 'hmac-sha2-256', 'hmac-sha2-512'] server mac:['hmac-sha1', 'hmac-sha2-256', 'hmac-sha2-512'] client compress:['none', 'zlib@openssh.com'] server compress:['none', 'zlib@openssh.com'] client lang:[''] server lang:[''] kex follows?False
DEBUG:paramiko.transport:Kex agreed: ecdh-sha2-nistp256
DEBUG:paramiko.transport:HostKey agreed: ssh-rsa
DEBUG:paramiko.transport:Cipher agreed: aes128-ctr
DEBUG:paramiko.transport:MAC agreed: hmac-sha2-256
DEBUG:paramiko.transport:Compression agreed: none
DEBUG:paramiko.transport:kex engine KexNistp256 specified hash_algo <built-in function openssl_sha256>
DEBUG:paramiko.transport:Switch to new keys ...
DEBUG:paramiko.transport:Adding ssh-rsa host key for nxos2.lasthop.io: b'58318fd2f378211ff816a026bfbb687c'
DEBUG:paramiko.transport:userauth is OK
INFO:paramiko.transport:Auth banner: b'User Access Verification\n'
INFO:paramiko.transport:Authentication (password) successful!
DEBUG:paramiko.transport:[chan 0] Max packet in: 32768 bytes
DEBUG:paramiko.transport:Received global request "hostkeys-00@openssh.com"
DEBUG:paramiko.transport:Rejecting "hostkeys-00@openssh.com" global request from server.
DEBUG:paramiko.transport:[chan 0] Max packet out: 32768 bytes
DEBUG:paramiko.transport:Secsh channel 0 opened.
DEBUG:paramiko.transport:[chan 0] Sesch channel 0 request ok
DEBUG:paramiko.transport:[chan 0] Sesch channel 0 request ok
DEBUG:netmiko:read_channel: 


DEBUG:netmiko:read_channel: 
DEBUG:netmiko:read_channel: Cisco NX-OS Software
Copyright (c) 2002-2019, Cisco Systems, Inc. All rights reserved.
Nexus 9000v software ("Nexus 9000v Software") and related documentation,
files or other reference materials ("Documentation") are
the proprietary property and confidential information of Cisco
Systems, Inc. ("Cisco") and are protected, without limitation,
pursuant to United States and International copyright and trademark
laws in the applicable jurisdiction which provide civil and criminal
penalties for copying or distribution without Cisco's authorization.

Any use or disclosure, in whole or in part, of the Nexus 9000v Software
or Documentation to any third party for any purposes is expressly
prohibited except as otherwise authorized by Cisco in writing.
The copyrights to certain works contained herein are owned by other
third parties and are used and distributed under license. Some parts
of this software may be covered under the GNU Public License or the
GNU Lesser General Public License. A copy of each such license is
available at
http://www.gnu.org/licenses/gpl.html and
http://www.gnu.org/licenses/lgpl.html
***************************************************************************
*  Nexus 9000v is strictly limited to use for evaluation, demonstration   *
*  and NX-OS education. Any use or disclosure, in whole or in part of     *
*  the Nexus 9000v Software or Documentation to any third party for any   *
*  purposes is expressly prohibited except as otherwise authorized by     *
*  Cisco in writing.                                                      *
***************************************************************************
nxos2# 
DEBUG:netmiko:read_channel: 
DEBUG:netmiko:read_channel: 
DEBUG:netmiko:write_channel: b'terminal width 511\n'
DEBUG:netmiko:Pattern is: terminal width 511
DEBUG:netmiko:_read_channel_expect read_data: terminal width 511
DEBUG:netmiko:Pattern found: terminal width 511 terminal width 511
DEBUG:netmiko:In disable_paging
DEBUG:netmiko:Command: terminal length 0

DEBUG:netmiko:write_channel: b'terminal length 0\n'
DEBUG:netmiko:Pattern is: terminal\ length\ 0
DEBUG:netmiko:_read_channel_expect read_data: 

DEBUG:netmiko:_read_channel_expect read_data: nxos2# 
DEBUG:netmiko:_read_channel_expect read_data: terminal length 0
nxos2# 
DEBUG:netmiko:Pattern found: terminal\ length\ 0 
nxos2# terminal length 0
nxos2# 
DEBUG:netmiko:
nxos2# terminal length 0
nxos2# 
DEBUG:netmiko:Exiting disable_paging
DEBUG:netmiko:read_channel: 
DEBUG:netmiko:write_channel: b'\n'
DEBUG:netmiko:read_channel: 
DEBUG:netmiko:read_channel: 
DEBUG:netmiko:write_channel: b'\n'
DEBUG:netmiko:read_channel: 
DEBUG:netmiko:write_channel: b'\n'
DEBUG:netmiko:read_channel: 
nxos2# 
DEBUG:netmiko:read_channel: 
nxos2# 
nxos2# 
DEBUG:netmiko:Clear buffer detects data in the channel
DEBUG:netmiko:read_channel: 
DEBUG:netmiko:[find_prompt()]: prompt is nxos2#
DEBUG:netmiko:read_channel: 
DEBUG:netmiko:write_channel: b'\n'
DEBUG:netmiko:read_channel: 
DEBUG:netmiko:read_channel: 
DEBUG:netmiko:write_channel: b'\n'
DEBUG:netmiko:read_channel: 
DEBUG:netmiko:write_channel: b'\n'
DEBUG:netmiko:read_channel: 
nxos2# 
DEBUG:netmiko:read_channel: 
DEBUG:netmiko:[find_prompt()]: prompt is nxos2#
DEBUG:netmiko:read_channel: 
nxos2# 
nxos2# 
DEBUG:netmiko:Clear buffer detects data in the channel
DEBUG:netmiko:read_channel: 
DEBUG:netmiko:write_channel: b'conf t\n'
DEBUG:netmiko:Pattern is: conf\ t
DEBUG:netmiko:_read_channel_expect read_data: conf t

DEBUG:netmiko:Pattern found: conf\ t conf t

DEBUG:netmiko:read_channel: 
DEBUG:netmiko:read_channel: 
DEBUG:netmiko:read_channel: 
DEBUG:netmiko:read_channel: Enter configuration commands, one per line. End with CNTL/Z.
nxos2(config)# 
DEBUG:netmiko:read_channel: 
DEBUG:netmiko:read_channel: 
DEBUG:netmiko:read_channel: 
DEBUG:netmiko:read_channel: 
DEBUG:netmiko:read_channel: 
DEBUG:netmiko:read_channel: 
DEBUG:netmiko:read_channel: 
DEBUG:netmiko:read_channel: 
DEBUG:netmiko:read_channel: 
DEBUG:netmiko:read_channel: 
DEBUG:netmiko:read_channel: 
DEBUG:netmiko:read_channel: 
DEBUG:netmiko:read_channel: 
DEBUG:netmiko:read_channel: 
DEBUG:netmiko:read_channel: 
DEBUG:netmiko:read_channel: 
DEBUG:netmiko:read_channel: 
DEBUG:netmiko:read_channel: 
DEBUG:netmiko:read_channel: 
DEBUG:netmiko:read_channel: 
DEBUG:netmiko:read_channel: 
DEBUG:netmiko:read_channel: 
DEBUG:netmiko:read_channel: 
DEBUG:netmiko:read_channel: 
DEBUG:netmiko:read_channel: 
DEBUG:netmiko:read_channel: 
DEBUG:netmiko:read_channel: 
DEBUG:netmiko:read_channel: 
DEBUG:netmiko:read_channel: 
DEBUG:netmiko:read_channel: 
DEBUG:netmiko:read_channel: 
DEBUG:netmiko:read_channel: 
DEBUG:netmiko:read_channel: 
DEBUG:netmiko:read_channel: 
DEBUG:netmiko:read_channel: 
DEBUG:netmiko:read_channel: 
DEBUG:netmiko:read_channel: 
DEBUG:netmiko:read_channel: 
DEBUG:netmiko:read_channel: 
DEBUG:netmiko:read_channel: 
DEBUG:netmiko:read_channel: 
DEBUG:netmiko:read_channel: 
DEBUG:netmiko:read_channel: 
DEBUG:netmiko:read_channel: 
DEBUG:netmiko:read_channel: 
DEBUG:netmiko:read_channel: 
DEBUG:netmiko:read_channel: 
DEBUG:netmiko:read_channel: 
DEBUG:netmiko:read_channel: 
DEBUG:netmiko:read_channel: 
DEBUG:netmiko:read_channel: 
DEBUG:netmiko:read_channel: 
DEBUG:netmiko:read_channel: 
DEBUG:netmiko:read_channel: 
DEBUG:netmiko:read_channel: 
DEBUG:netmiko:read_channel: 
DEBUG:netmiko:read_channel: 
DEBUG:netmiko:read_channel: 
DEBUG:netmiko:read_channel: 
DEBUG:netmiko:read_channel: 
DEBUG:netmiko:read_channel: 
DEBUG:netmiko:read_channel: 
DEBUG:netmiko:read_channel: 
DEBUG:netmiko:read_channel: 
DEBUG:netmiko:read_channel: 
DEBUG:netmiko:read_channel: 
DEBUG:netmiko:read_channel: 
DEBUG:netmiko:read_channel: 
DEBUG:netmiko:read_channel: 
DEBUG:netmiko:read_channel: 
DEBUG:netmiko:read_channel: 
DEBUG:netmiko:read_channel: 
DEBUG:netmiko:read_channel: 
DEBUG:netmiko:read_channel: 
DEBUG:netmiko:read_channel: 
DEBUG:netmiko:read_channel: 
DEBUG:netmiko:read_channel: 
DEBUG:netmiko:read_channel: 
DEBUG:netmiko:read_channel: 
DEBUG:netmiko:read_channel: 
DEBUG:netmiko:read_channel: 
DEBUG:netmiko:read_channel: 
DEBUG:netmiko:read_channel: 
DEBUG:netmiko:read_channel: 
DEBUG:netmiko:read_channel: 
DEBUG:netmiko:read_channel: 
DEBUG:netmiko:read_channel: 
DEBUG:netmiko:read_channel: 
DEBUG:netmiko:read_channel: 
DEBUG:netmiko:read_channel: 
DEBUG:netmiko:read_channel: 
DEBUG:netmiko:read_channel: 
DEBUG:netmiko:read_channel: 
DEBUG:netmiko:read_channel: 
DEBUG:netmiko:read_channel: 
DEBUG:netmiko:read_channel: 
DEBUG:netmiko:read_channel: 
DEBUG:netmiko:read_channel: 
DEBUG:netmiko:read_channel: 
DEBUG:netmiko:read_channel: 
DEBUG:netmiko:read_channel: 
DEBUG:netmiko:read_channel: 
DEBUG:netmiko:read_channel: 
DEBUG:netmiko:read_channel: 
DEBUG:netmiko:read_channel: 
DEBUG:netmiko:read_channel: 
DEBUG:netmiko:read_channel: 
DEBUG:netmiko:read_channel: 
DEBUG:netmiko:read_channel: 
DEBUG:netmiko:read_channel: 
DEBUG:netmiko:read_channel: 
DEBUG:netmiko:read_channel: 
DEBUG:netmiko:read_channel: 
DEBUG:netmiko:read_channel: 
DEBUG:netmiko:read_channel: 
DEBUG:netmiko:read_channel: 
DEBUG:netmiko:read_channel: 
DEBUG:netmiko:read_channel: 
DEBUG:netmiko:read_channel: 
DEBUG:netmiko:read_channel: 
DEBUG:netmiko:read_channel: 
DEBUG:netmiko:read_channel: 
DEBUG:netmiko:read_channel: 
DEBUG:netmiko:read_channel: 
DEBUG:netmiko:read_channel: 
DEBUG:netmiko:read_channel: 
DEBUG:netmiko:read_channel: 
DEBUG:netmiko:read_channel: 
DEBUG:netmiko:read_channel: 
DEBUG:netmiko:read_channel: 
DEBUG:netmiko:read_channel: 
DEBUG:netmiko:read_channel: 
DEBUG:netmiko:read_channel: 
DEBUG:netmiko:read_channel: 
DEBUG:netmiko:read_channel: 
DEBUG:netmiko:read_channel: 
DEBUG:netmiko:read_channel: 
DEBUG:netmiko:read_channel: 
DEBUG:netmiko:read_channel: 
DEBUG:netmiko:read_channel: 
DEBUG:netmiko:read_channel: 
DEBUG:netmiko:read_channel: 
DEBUG:netmiko:read_channel: 
DEBUG:netmiko:read_channel: 
DEBUG:netmiko:read_channel: 
DEBUG:netmiko:read_channel: 
DEBUG:netmiko:read_channel: 
DEBUG:netmiko:read_channel: 
DEBUG:netmiko:read_channel: 
DEBUG:netmiko:read_channel: 
DEBUG:netmiko:read_channel: 
DEBUG:netmiko:read_channel: 
DEBUG:netmiko:read_channel: 
DEBUG:netmiko:read_channel: 
DEBUG:netmiko:read_channel: 
DEBUG:netmiko:read_channel: 
DEBUG:netmiko:read_channel: 
DEBUG:netmiko:read_channel: 
DEBUG:netmiko:read_channel: 
DEBUG:netmiko:read_channel: 
DEBUG:netmiko:read_channel: 
DEBUG:netmiko:read_channel: 
DEBUG:netmiko:read_channel: 
DEBUG:netmiko:read_channel: 
DEBUG:netmiko:read_channel: 
DEBUG:netmiko:read_channel: 
DEBUG:netmiko:read_channel: 
DEBUG:netmiko:read_channel: 
DEBUG:netmiko:read_channel: 
DEBUG:netmiko:read_channel: 
DEBUG:netmiko:read_channel: 
DEBUG:netmiko:read_channel: 
DEBUG:netmiko:read_channel: 
DEBUG:netmiko:read_channel: 
DEBUG:netmiko:read_channel: 
DEBUG:netmiko:read_channel: 
DEBUG:netmiko:read_channel: 
DEBUG:netmiko:read_channel: 
DEBUG:netmiko:read_channel: 
DEBUG:netmiko:read_channel: 
DEBUG:netmiko:read_channel: 
DEBUG:netmiko:read_channel: 
DEBUG:netmiko:read_channel: 
DEBUG:netmiko:read_channel: 
DEBUG:netmiko:read_channel: 
DEBUG:netmiko:read_channel: 
DEBUG:netmiko:read_channel: 
DEBUG:netmiko:read_channel: 
DEBUG:netmiko:read_channel: 
DEBUG:netmiko:read_channel: 
DEBUG:netmiko:read_channel: 
DEBUG:netmiko:read_channel: 
DEBUG:netmiko:read_channel: 
DEBUG:netmiko:read_channel: 
DEBUG:netmiko:read_channel: 
DEBUG:netmiko:read_channel: 
DEBUG:netmiko:read_channel: 
DEBUG:netmiko:read_channel: 
DEBUG:netmiko:read_channel: 
DEBUG:netmiko:read_channel: 
DEBUG:netmiko:read_channel: 
DEBUG:netmiko:read_channel: 
DEBUG:netmiko:read_channel: 
DEBUG:netmiko:read_channel: 
DEBUG:netmiko:read_channel: 
DEBUG:netmiko:read_channel: 
DEBUG:netmiko:read_channel: 
DEBUG:netmiko:read_channel: 
DEBUG:netmiko:read_channel: 
DEBUG:netmiko:read_channel: 
DEBUG:netmiko:read_channel: 
DEBUG:netmiko:read_channel: 
DEBUG:netmiko:read_channel: 
DEBUG:netmiko:read_channel: 
DEBUG:netmiko:read_channel: 
DEBUG:netmiko:read_channel: 
DEBUG:netmiko:read_channel: 
DEBUG:netmiko:read_channel: 
DEBUG:netmiko:read_channel: 
DEBUG:netmiko:read_channel: 
DEBUG:netmiko:read_channel: 
DEBUG:netmiko:read_channel: 
DEBUG:netmiko:read_channel: 
DEBUG:netmiko:read_channel: 
DEBUG:netmiko:read_channel: 
DEBUG:netmiko:read_channel: 
DEBUG:netmiko:read_channel: 
DEBUG:netmiko:read_channel: 
DEBUG:netmiko:read_channel: 
DEBUG:netmiko:read_channel: 
DEBUG:netmiko:read_channel: 
DEBUG:netmiko:read_channel: 
DEBUG:netmiko:read_channel: 
DEBUG:netmiko:read_channel: 
DEBUG:netmiko:read_channel: 
DEBUG:netmiko:read_channel: 
DEBUG:netmiko:read_channel: 
DEBUG:netmiko:read_channel: 
DEBUG:netmiko:read_channel: 
DEBUG:netmiko:read_channel: 
DEBUG:netmiko:read_channel: 
DEBUG:netmiko:read_channel: 
DEBUG:netmiko:read_channel: 
DEBUG:netmiko:read_channel: 
DEBUG:netmiko:read_channel: 
DEBUG:netmiko:read_channel: 
DEBUG:netmiko:read_channel: 
DEBUG:netmiko:read_channel: 
DEBUG:netmiko:read_channel: 
DEBUG:netmiko:read_channel: 
DEBUG:netmiko:read_channel: 
DEBUG:netmiko:read_channel: 
DEBUG:netmiko:read_channel: 
DEBUG:netmiko:read_channel: 
DEBUG:netmiko:read_channel: 
DEBUG:netmiko:read_channel: 
DEBUG:netmiko:read_channel: 
DEBUG:netmiko:read_channel: 
DEBUG:netmiko:read_channel: 
DEBUG:netmiko:read_channel: 
DEBUG:netmiko:read_channel: 
DEBUG:netmiko:read_channel: 
DEBUG:netmiko:read_channel: 
DEBUG:netmiko:read_channel: 
DEBUG:netmiko:read_channel: 
DEBUG:netmiko:read_channel: 
DEBUG:netmiko:read_channel: 
DEBUG:netmiko:read_channel: 
DEBUG:netmiko:read_channel: 
DEBUG:netmiko:read_channel: 
DEBUG:netmiko:read_channel: 
DEBUG:netmiko:read_channel: 
DEBUG:netmiko:read_channel: 
DEBUG:netmiko:read_channel: 
DEBUG:netmiko:read_channel: 
DEBUG:netmiko:read_channel: 
DEBUG:netmiko:read_channel: 
DEBUG:netmiko:read_channel: 
DEBUG:netmiko:read_channel: 
DEBUG:netmiko:read_channel: 
DEBUG:netmiko:read_channel: 
DEBUG:netmiko:read_channel: 
DEBUG:netmiko:read_channel: 
DEBUG:netmiko:read_channel: 
DEBUG:netmiko:read_channel: 
DEBUG:netmiko:read_channel: 
DEBUG:netmiko:read_channel: 
DEBUG:netmiko:read_channel: 
DEBUG:netmiko:read_channel: 
DEBUG:netmiko:read_channel: 
DEBUG:netmiko:read_channel: 
DEBUG:netmiko:read_channel: 
DEBUG:netmiko:read_channel: 
DEBUG:netmiko:read_channel: 
DEBUG:netmiko:read_channel: 
DEBUG:netmiko:read_channel: 
DEBUG:netmiko:read_channel: 
DEBUG:netmiko:read_channel: 
DEBUG:netmiko:read_channel: 
DEBUG:netmiko:read_channel: 
DEBUG:netmiko:read_channel: 
DEBUG:netmiko:read_channel: 
DEBUG:netmiko:read_channel: 
DEBUG:netmiko:read_channel: 
DEBUG:netmiko:read_channel: 
DEBUG:netmiko:read_channel: 
DEBUG:netmiko:read_channel: 
DEBUG:netmiko:read_channel: 
DEBUG:netmiko:read_channel: 
DEBUG:netmiko:read_channel: 
DEBUG:netmiko:read_channel: 
DEBUG:netmiko:read_channel: 
DEBUG:netmiko:read_channel: 
DEBUG:netmiko:read_channel: 
DEBUG:netmiko:read_channel: 
DEBUG:netmiko:read_channel: 
DEBUG:netmiko:read_channel: 
DEBUG:netmiko:read_channel: 
DEBUG:netmiko:read_channel: 
DEBUG:netmiko:read_channel: 
DEBUG:netmiko:read_channel: 
DEBUG:netmiko:read_channel: 
DEBUG:netmiko:read_channel: 
DEBUG:netmiko:read_channel: 
DEBUG:netmiko:read_channel: 
DEBUG:netmiko:read_channel: 
DEBUG:netmiko:read_channel: 
DEBUG:netmiko:read_channel: 
DEBUG:netmiko:read_channel: 
DEBUG:netmiko:read_channel: 
DEBUG:netmiko:read_channel: 
DEBUG:netmiko:read_channel: 
DEBUG:netmiko:read_channel: 
DEBUG:netmiko:read_channel: 
DEBUG:netmiko:read_channel: 
DEBUG:netmiko:read_channel: 
DEBUG:netmiko:read_channel: 
DEBUG:netmiko:read_channel: 
DEBUG:netmiko:read_channel: 
DEBUG:netmiko:read_channel: 
DEBUG:netmiko:read_channel: 
DEBUG:netmiko:read_channel: 
DEBUG:netmiko:read_channel: 
DEBUG:netmiko:read_channel: 
DEBUG:netmiko:read_channel: 
DEBUG:netmiko:read_channel: 
DEBUG:netmiko:read_channel: 
DEBUG:netmiko:read_channel: 
DEBUG:netmiko:read_channel: 
DEBUG:netmiko:read_channel: 
DEBUG:netmiko:read_channel: 
DEBUG:netmiko:read_channel: 
DEBUG:netmiko:read_channel: 
DEBUG:netmiko:read_channel: 
DEBUG:netmiko:read_channel: 
DEBUG:netmiko:read_channel: 
DEBUG:netmiko:read_channel: 
DEBUG:netmiko:read_channel: 
DEBUG:netmiko:read_channel: 
DEBUG:netmiko:read_channel: 
DEBUG:netmiko:read_channel: 
DEBUG:netmiko:read_channel: 
DEBUG:netmiko:read_channel: 
DEBUG:netmiko:read_channel: 
DEBUG:netmiko:read_channel: 
DEBUG:netmiko:read_channel: 
DEBUG:netmiko:read_channel: 
DEBUG:netmiko:read_channel: 
DEBUG:netmiko:read_channel: 
DEBUG:netmiko:read_channel: 
DEBUG:netmiko:read_channel: 
DEBUG:netmiko:read_channel: 
DEBUG:netmiko:read_channel: 
DEBUG:netmiko:read_channel: 
DEBUG:netmiko:read_channel: 
DEBUG:netmiko:read_channel: 
DEBUG:netmiko:read_channel: 
DEBUG:netmiko:read_channel: 
DEBUG:netmiko:read_channel: 
DEBUG:netmiko:read_channel: 
DEBUG:netmiko:read_channel: 
DEBUG:netmiko:read_channel: 
DEBUG:netmiko:read_channel: 
DEBUG:netmiko:read_channel: 
DEBUG:netmiko:read_channel: 
DEBUG:netmiko:read_channel: 
DEBUG:netmiko:read_channel: 
DEBUG:netmiko:read_channel: 
DEBUG:netmiko:read_channel: 
DEBUG:netmiko:read_channel: 
DEBUG:netmiko:read_channel: 
DEBUG:netmiko:read_channel: 
DEBUG:netmiko:read_channel: 
DEBUG:netmiko:read_channel: 
DEBUG:netmiko:read_channel: 
DEBUG:netmiko:read_channel: 
DEBUG:netmiko:read_channel: 
DEBUG:netmiko:read_channel: 
DEBUG:netmiko:read_channel: 
DEBUG:netmiko:read_channel: 
DEBUG:netmiko:read_channel: 
DEBUG:netmiko:read_channel: 
DEBUG:netmiko:read_channel: 
DEBUG:netmiko:read_channel: 
DEBUG:netmiko:read_channel: 
DEBUG:netmiko:read_channel: 
DEBUG:netmiko:read_channel: 
DEBUG:netmiko:read_channel: 
DEBUG:netmiko:read_channel: 
DEBUG:netmiko:read_channel: 
DEBUG:netmiko:read_channel: 
DEBUG:netmiko:read_channel: 
DEBUG:netmiko:read_channel: 
DEBUG:netmiko:read_channel: 
DEBUG:netmiko:read_channel: 
DEBUG:netmiko:read_channel: 
DEBUG:netmiko:read_channel: 
DEBUG:netmiko:read_channel: 
DEBUG:netmiko:read_channel: 
DEBUG:netmiko:read_channel: 
DEBUG:netmiko:read_channel: 
DEBUG:netmiko:read_channel: 
DEBUG:netmiko:read_channel: 
DEBUG:netmiko:read_channel: 
DEBUG:netmiko:read_channel: 
DEBUG:netmiko:read_channel: 
DEBUG:netmiko:read_channel: 
DEBUG:netmiko:read_channel: 
DEBUG:netmiko:read_channel: 
DEBUG:netmiko:read_channel: 
DEBUG:netmiko:read_channel: 
DEBUG:netmiko:read_channel: 
DEBUG:netmiko:read_channel: 
DEBUG:netmiko:read_channel: 
DEBUG:netmiko:read_channel: 
DEBUG:netmiko:read_channel: 
DEBUG:netmiko:read_channel: 
DEBUG:netmiko:read_channel: 
DEBUG:netmiko:read_channel: 
DEBUG:netmiko:read_channel: 
DEBUG:netmiko:read_channel: 
DEBUG:netmiko:read_channel: 
DEBUG:netmiko:read_channel: 
DEBUG:netmiko:read_channel: 
DEBUG:netmiko:read_channel: 
DEBUG:netmiko:read_channel: 
DEBUG:netmiko:read_channel: 
DEBUG:netmiko:read_channel: 
DEBUG:netmiko:read_channel: 
DEBUG:netmiko:read_channel: 
DEBUG:netmiko:read_channel: 
DEBUG:netmiko:read_channel: 
DEBUG:netmiko:read_channel: 
DEBUG:netmiko:read_channel: 
DEBUG:netmiko:read_channel: 
DEBUG:netmiko:read_channel: 
DEBUG:netmiko:read_channel: 
DEBUG:netmiko:read_channel: 
DEBUG:netmiko:read_channel: 
DEBUG:netmiko:read_channel: 
DEBUG:netmiko:read_channel: 
DEBUG:netmiko:read_channel: 
DEBUG:netmiko:read_channel: 
DEBUG:netmiko:read_channel: 
DEBUG:netmiko:read_channel: 
DEBUG:netmiko:read_channel: 
DEBUG:netmiko:read_channel: 
DEBUG:netmiko:read_channel: 
DEBUG:netmiko:read_channel: 
DEBUG:netmiko:read_channel: 
DEBUG:netmiko:read_channel: 
DEBUG:netmiko:read_channel: 
DEBUG:netmiko:read_channel: 
DEBUG:netmiko:read_channel: 
DEBUG:netmiko:read_channel: 
DEBUG:netmiko:read_channel: 
DEBUG:netmiko:read_channel: 
DEBUG:netmiko:read_channel: 
DEBUG:netmiko:read_channel: 
DEBUG:netmiko:read_channel: 
DEBUG:netmiko:read_channel: 
DEBUG:netmiko:read_channel: 
DEBUG:netmiko:read_channel: 
DEBUG:netmiko:read_channel: 
DEBUG:netmiko:read_channel: 
DEBUG:netmiko:read_channel: 
DEBUG:netmiko:read_channel: 
DEBUG:netmiko:read_channel: 
DEBUG:netmiko:read_channel: 
DEBUG:netmiko:read_channel: 
DEBUG:netmiko:read_channel: 
DEBUG:netmiko:read_channel: 
DEBUG:netmiko:read_channel: 
DEBUG:netmiko:read_channel: 
DEBUG:netmiko:read_channel: 
DEBUG:netmiko:read_channel: 
DEBUG:paramiko.transport:starting thread (client mode): 0xa189a990
DEBUG:paramiko.transport:Local version/idstring: SSH-2.0-paramiko_2.7.2
DEBUG:paramiko.transport:Remote version/idstring: SSH-2.0-OpenSSH_7.5 PKIX[10.1]
INFO:paramiko.transport:Connected (version 2.0, client OpenSSH_7.5)
DEBUG:paramiko.transport:kex algos:['diffie-hellman-group14-sha1', 'ecdh-sha2-nistp256', 'ecdh-sha2-nistp384', 'ecdh-sha2-nistp521'] server key:['ssh-rsa', 'rsa-sha2-512', 'rsa-sha2-256'] client encrypt:['aes128-ctr', 'aes256-ctr', 'aes256-gcm@openssh.com', 'aes128-gcm@openssh.com'] server encrypt:['aes128-ctr', 'aes256-ctr', 'aes256-gcm@openssh.com', 'aes128-gcm@openssh.com'] client mac:['hmac-sha1', 'hmac-sha2-256', 'hmac-sha2-512'] server mac:['hmac-sha1', 'hmac-sha2-256', 'hmac-sha2-512'] client compress:['none', 'zlib@openssh.com'] server compress:['none', 'zlib@openssh.com'] client lang:[''] server lang:[''] kex follows?False
DEBUG:paramiko.transport:Kex agreed: ecdh-sha2-nistp256
DEBUG:paramiko.transport:HostKey agreed: ssh-rsa
DEBUG:paramiko.transport:Cipher agreed: aes128-ctr
DEBUG:paramiko.transport:MAC agreed: hmac-sha2-256
DEBUG:paramiko.transport:Compression agreed: none
DEBUG:paramiko.transport:kex engine KexNistp256 specified hash_algo <built-in function openssl_sha256>
DEBUG:paramiko.transport:Switch to new keys ...
DEBUG:paramiko.transport:Adding ssh-rsa host key for nxos2.lasthop.io: b'58318fd2f378211ff816a026bfbb687c'
DEBUG:paramiko.transport:userauth is OK
INFO:paramiko.transport:Auth banner: b'User Access Verification\n'
INFO:paramiko.transport:Authentication (password) successful!
DEBUG:paramiko.transport:[chan 0] Max packet in: 32768 bytes
DEBUG:paramiko.transport:Received global request "hostkeys-00@openssh.com"
DEBUG:paramiko.transport:Rejecting "hostkeys-00@openssh.com" global request from server.
DEBUG:paramiko.transport:[chan 0] Max packet out: 32768 bytes
DEBUG:paramiko.transport:Secsh channel 0 opened.
DEBUG:paramiko.transport:[chan 0] Sesch channel 0 request ok
DEBUG:paramiko.transport:[chan 0] Sesch channel 0 request ok
DEBUG:netmiko:read_channel: 

Cisco NX-OS Software
Copyright (c) 2002-2019, Cisco Systems, Inc. All rights reserved.
Nexus 9000v software ("Nexus 9000v Software") and related documentation,
files or other reference materials ("Documentation") are
the proprietary property and confidential information of Cisco
Systems, Inc. ("Cisco") and are protected, without limitation,
pursuant to United States and International copyright and trademark
laws in the applicable jurisdiction which provide civil and criminal
penalties for copying or distribution without Cisco's authorization.

Any use or disclosure, in whole or in part, of the Nexus 9000v Software
or Documentation to any third party for any purposes is expressly
prohibited except as otherwise authorized by Cisco in writing.
The copyrights to certain works contained herein are owned by other
third parties and are used and distributed under license. Some parts
of this software may be covered under the GNU Public License or the
GNU Lesser General Public License. A copy of each such license is
available at
http://www.gnu.org/licenses/gpl.html and
http://www.gnu.org/licenses/lgpl.html
***************************************************************************
*  Nexus 9000v is strictly limited to use for evaluation, demonstration   *
*  and NX-OS education. Any use or disclosure, in whole or in part of     *
*  the Nexus 9000v Software or Documentation to any third party for any   *
*  purposes is expressly prohibited except as otherwise authorized by     *
*  Cisco in writing.                                                      *
***************************************************************************
nxos2# 
DEBUG:netmiko:read_channel: 
DEBUG:netmiko:read_channel: 
DEBUG:netmiko:write_channel: b'terminal width 511\n'
DEBUG:netmiko:Pattern is: terminal width 511
DEBUG:netmiko:_read_channel_expect read_data: terminal width 511

DEBUG:netmiko:Pattern found: terminal width 511 terminal width 511

DEBUG:netmiko:In disable_paging
DEBUG:netmiko:Command: terminal length 0

DEBUG:netmiko:write_channel: b'terminal length 0\n'
DEBUG:netmiko:Pattern is: terminal\ length\ 0
DEBUG:netmiko:_read_channel_expect read_data: terminal length 0

DEBUG:netmiko:Pattern found: terminal\ length\ 0 terminal length 0

DEBUG:netmiko:terminal length 0

DEBUG:netmiko:Exiting disable_paging
DEBUG:netmiko:read_channel: nxos2# terminal length 0
nxos2# 
DEBUG:netmiko:Clear buffer detects data in the channel
DEBUG:netmiko:read_channel: 
DEBUG:netmiko:write_channel: b'\n'
DEBUG:netmiko:read_channel: 
nxos2# 
DEBUG:netmiko:read_channel: 
DEBUG:netmiko:[find_prompt()]: prompt is nxos2#
DEBUG:netmiko:read_channel: 
DEBUG:netmiko:write_channel: b'\n'
DEBUG:netmiko:read_channel: 
nxos2# 
DEBUG:netmiko:read_channel: 
DEBUG:netmiko:[find_prompt()]: prompt is nxos2#
DEBUG:netmiko:read_channel: 
DEBUG:netmiko:write_channel: b'conf t\n'
DEBUG:netmiko:Pattern is: conf\ t
DEBUG:netmiko:_read_channel_expect read_data: conf t
Enter configuration commands, one per line. End with CNTL/Z.
nxos2(config)# 
DEBUG:netmiko:Pattern found: conf\ t conf t
Enter configuration commands, one per line. End with CNTL/Z.
nxos2(config)# 
DEBUG:netmiko:read_channel: 
DEBUG:netmiko:read_channel: 
DEBUG:netmiko:read_channel: 
DEBUG:netmiko:read_channel: 
DEBUG:netmiko:read_channel: 
DEBUG:netmiko:read_channel: 
DEBUG:netmiko:read_channel: 
DEBUG:netmiko:read_channel: 
DEBUG:netmiko:read_channel: 
DEBUG:netmiko:read_channel: 
DEBUG:netmiko:read_channel: 
DEBUG:netmiko:read_channel: 
DEBUG:netmiko:read_channel: 
DEBUG:netmiko:read_channel: 
DEBUG:netmiko:read_channel: 
DEBUG:netmiko:read_channel: 
DEBUG:netmiko:read_channel: 
DEBUG:netmiko:read_channel: 
DEBUG:netmiko:read_channel: 
DEBUG:netmiko:read_channel: 
DEBUG:netmiko:read_channel: 
DEBUG:netmiko:read_channel: 
DEBUG:netmiko:read_channel: 
DEBUG:netmiko:read_channel: 
DEBUG:netmiko:read_channel: 
DEBUG:netmiko:read_channel: 
DEBUG:netmiko:read_channel: 
DEBUG:netmiko:read_channel: 
DEBUG:netmiko:read_channel: 
DEBUG:netmiko:read_channel: 
DEBUG:netmiko:read_channel: 
DEBUG:netmiko:read_channel: 
DEBUG:netmiko:read_channel: 
DEBUG:netmiko:read_channel: 
DEBUG:netmiko:read_channel: 
DEBUG:netmiko:read_channel: 
DEBUG:netmiko:read_channel: 
DEBUG:netmiko:read_channel: 
DEBUG:netmiko:read_channel: 
DEBUG:netmiko:read_channel: 
DEBUG:netmiko:read_channel: 
DEBUG:netmiko:read_channel: 
DEBUG:netmiko:read_channel: 
DEBUG:netmiko:read_channel: 
DEBUG:netmiko:read_channel: 
DEBUG:netmiko:read_channel: 
DEBUG:netmiko:read_channel: 
DEBUG:netmiko:read_channel: 
DEBUG:netmiko:read_channel: 
DEBUG:netmiko:read_channel: 
DEBUG:netmiko:read_channel: 
DEBUG:netmiko:read_channel: 
DEBUG:netmiko:read_channel: 
DEBUG:netmiko:read_channel: 
DEBUG:netmiko:read_channel: 
DEBUG:netmiko:read_channel: 
DEBUG:netmiko:read_channel: 
DEBUG:netmiko:read_channel: 
DEBUG:netmiko:read_channel: 
DEBUG:netmiko:read_channel: 
DEBUG:netmiko:read_channel: 
DEBUG:netmiko:read_channel: 
DEBUG:netmiko:read_channel: 
DEBUG:netmiko:read_channel: 
DEBUG:netmiko:read_channel: 
DEBUG:netmiko:read_channel: 
DEBUG:netmiko:read_channel: 
DEBUG:netmiko:read_channel: 
DEBUG:netmiko:read_channel: 
DEBUG:netmiko:read_channel: 
DEBUG:netmiko:read_channel: 
DEBUG:netmiko:read_channel: 
DEBUG:netmiko:read_channel: 
DEBUG:netmiko:read_channel: 
DEBUG:netmiko:read_channel: 
DEBUG:netmiko:read_channel: 
DEBUG:netmiko:read_channel: 
DEBUG:netmiko:read_channel: 
DEBUG:netmiko:read_channel: 
DEBUG:netmiko:read_channel: 
DEBUG:netmiko:read_channel: 
DEBUG:netmiko:read_channel: 
DEBUG:netmiko:read_channel: 
DEBUG:netmiko:read_channel: 
DEBUG:netmiko:read_channel: 
DEBUG:netmiko:read_channel: 
DEBUG:netmiko:read_channel: 
DEBUG:netmiko:read_channel: 
DEBUG:netmiko:read_channel: 
DEBUG:netmiko:read_channel: 
DEBUG:netmiko:read_channel: 
DEBUG:netmiko:read_channel: 
DEBUG:netmiko:read_channel: 
DEBUG:netmiko:read_channel: 
DEBUG:netmiko:read_channel: 
DEBUG:netmiko:read_channel: 
DEBUG:netmiko:read_channel: 
DEBUG:netmiko:read_channel: 
DEBUG:netmiko:read_channel: 
DEBUG:netmiko:read_channel: 
DEBUG:netmiko:read_channel: 
DEBUG:netmiko:read_channel: 
DEBUG:netmiko:read_channel: 
DEBUG:netmiko:read_channel: 
DEBUG:netmiko:read_channel: 
DEBUG:netmiko:read_channel: 
DEBUG:netmiko:read_channel: 
DEBUG:netmiko:read_channel: 
DEBUG:netmiko:read_channel: 
DEBUG:netmiko:read_channel: 
DEBUG:netmiko:read_channel: 
DEBUG:netmiko:read_channel: 
DEBUG:netmiko:read_channel: 
DEBUG:netmiko:read_channel: 
DEBUG:netmiko:read_channel: 
DEBUG:netmiko:read_channel: 
DEBUG:netmiko:read_channel: 
DEBUG:netmiko:read_channel: 
DEBUG:netmiko:read_channel: 
DEBUG:netmiko:read_channel: 
DEBUG:netmiko:read_channel: 
DEBUG:netmiko:read_channel: 
DEBUG:netmiko:read_channel: 
DEBUG:netmiko:read_channel: 
DEBUG:netmiko:read_channel: 
DEBUG:netmiko:read_channel: 
DEBUG:netmiko:read_channel: 
DEBUG:netmiko:read_channel: 
DEBUG:netmiko:read_channel: 
DEBUG:netmiko:read_channel: 
DEBUG:netmiko:read_channel: 
DEBUG:netmiko:read_channel: 
DEBUG:netmiko:read_channel: 
DEBUG:netmiko:read_channel: 
DEBUG:netmiko:read_channel: 
DEBUG:netmiko:read_channel: 
DEBUG:netmiko:read_channel: 
DEBUG:netmiko:read_channel: 
DEBUG:netmiko:read_channel: 
DEBUG:netmiko:read_channel: 
DEBUG:netmiko:read_channel: 
DEBUG:netmiko:read_channel: 
DEBUG:netmiko:read_channel: 
DEBUG:netmiko:read_channel: 
DEBUG:netmiko:read_channel: 
DEBUG:netmiko:read_channel: 
DEBUG:netmiko:read_channel: 
DEBUG:netmiko:read_channel: 
DEBUG:netmiko:read_channel: 
DEBUG:netmiko:read_channel: 
DEBUG:netmiko:read_channel: 
DEBUG:netmiko:read_channel: 
DEBUG:netmiko:read_channel: 
DEBUG:netmiko:read_channel: 
DEBUG:netmiko:read_channel: 
DEBUG:netmiko:read_channel: 
DEBUG:netmiko:read_channel: 
DEBUG:netmiko:read_channel: 
DEBUG:netmiko:read_channel: 
DEBUG:netmiko:read_channel: 
DEBUG:netmiko:read_channel: 
DEBUG:netmiko:read_channel: 
DEBUG:netmiko:read_channel: 
DEBUG:netmiko:read_channel: 
DEBUG:netmiko:read_channel: 
DEBUG:netmiko:read_channel: 
DEBUG:netmiko:read_channel: 
DEBUG:netmiko:read_channel: 
DEBUG:netmiko:read_channel: 
DEBUG:netmiko:read_channel: 
DEBUG:netmiko:read_channel: 
DEBUG:netmiko:read_channel: 
DEBUG:netmiko:read_channel: 
DEBUG:netmiko:read_channel: 
DEBUG:netmiko:read_channel: 
DEBUG:netmiko:read_channel: 
DEBUG:netmiko:read_channel: 
DEBUG:netmiko:read_channel: 
DEBUG:netmiko:read_channel: 
DEBUG:netmiko:read_channel: 
DEBUG:netmiko:read_channel: 
DEBUG:netmiko:read_channel: 
DEBUG:netmiko:read_channel: 
DEBUG:netmiko:read_channel: 
DEBUG:netmiko:read_channel: 
DEBUG:netmiko:read_channel: 
DEBUG:netmiko:read_channel: 
DEBUG:netmiko:read_channel: 
DEBUG:netmiko:read_channel: 
DEBUG:netmiko:read_channel: 
DEBUG:netmiko:read_channel: 
DEBUG:netmiko:read_channel: 
DEBUG:netmiko:read_channel: 
DEBUG:netmiko:read_channel: 
DEBUG:netmiko:read_channel: 
DEBUG:netmiko:read_channel: 
DEBUG:netmiko:read_channel: 
DEBUG:netmiko:read_channel: 
DEBUG:netmiko:read_channel: 
DEBUG:netmiko:read_channel: 
DEBUG:netmiko:read_channel: 
DEBUG:netmiko:read_channel: 
DEBUG:netmiko:read_channel: 
DEBUG:netmiko:read_channel: 
DEBUG:netmiko:read_channel: 
DEBUG:netmiko:read_channel: 
DEBUG:netmiko:read_channel: 
DEBUG:netmiko:read_channel: 
DEBUG:netmiko:read_channel: 
DEBUG:netmiko:read_channel: 
DEBUG:netmiko:read_channel: 
DEBUG:netmiko:read_channel: 
DEBUG:netmiko:read_channel: 
DEBUG:netmiko:read_channel: 
DEBUG:netmiko:read_channel: 
DEBUG:netmiko:read_channel: 
DEBUG:netmiko:read_channel: 
DEBUG:netmiko:read_channel: 
DEBUG:netmiko:read_channel: 
DEBUG:netmiko:read_channel: 
DEBUG:netmiko:read_channel: 
DEBUG:netmiko:read_channel: 
DEBUG:netmiko:read_channel: 
DEBUG:netmiko:read_channel: 
DEBUG:netmiko:read_channel: 
DEBUG:netmiko:read_channel: 
DEBUG:netmiko:read_channel: 
DEBUG:netmiko:read_channel: 
DEBUG:netmiko:read_channel: 
DEBUG:netmiko:read_channel: 
DEBUG:netmiko:read_channel: 
DEBUG:netmiko:read_channel: 
DEBUG:netmiko:read_channel: 
DEBUG:netmiko:read_channel: 
DEBUG:netmiko:read_channel: 
DEBUG:netmiko:read_channel: 
DEBUG:netmiko:read_channel: 
DEBUG:netmiko:read_channel: 
DEBUG:netmiko:read_channel: 
DEBUG:netmiko:read_channel: 
DEBUG:netmiko:read_channel: 
DEBUG:netmiko:read_channel: 
DEBUG:netmiko:read_channel: 
DEBUG:netmiko:read_channel: 
DEBUG:netmiko:read_channel: 
DEBUG:netmiko:read_channel: 
DEBUG:netmiko:read_channel: 
DEBUG:netmiko:read_channel: 
DEBUG:netmiko:read_channel: 
DEBUG:netmiko:read_channel: 
DEBUG:netmiko:read_channel: 
DEBUG:netmiko:read_channel: 
DEBUG:netmiko:read_channel: 
DEBUG:netmiko:read_channel: 
DEBUG:netmiko:read_channel: 
DEBUG:netmiko:read_channel: 
DEBUG:netmiko:read_channel: 
DEBUG:netmiko:read_channel: 
DEBUG:netmiko:read_channel: 
DEBUG:netmiko:read_channel: 
DEBUG:netmiko:read_channel: 
DEBUG:netmiko:read_channel: 
DEBUG:netmiko:read_channel: 
DEBUG:netmiko:read_channel: 
DEBUG:netmiko:read_channel: 
DEBUG:netmiko:read_channel: 
DEBUG:netmiko:read_channel: 
DEBUG:netmiko:read_channel: 
DEBUG:netmiko:read_channel: 
DEBUG:netmiko:read_channel: 
DEBUG:netmiko:read_channel: 
DEBUG:netmiko:read_channel: 
DEBUG:netmiko:read_channel: 
DEBUG:netmiko:read_channel: 
DEBUG:netmiko:read_channel: 
DEBUG:netmiko:read_channel: 
DEBUG:netmiko:read_channel: 
DEBUG:netmiko:read_channel: 
DEBUG:netmiko:read_channel: 
DEBUG:netmiko:read_channel: 
DEBUG:netmiko:read_channel: 
DEBUG:netmiko:read_channel: 
DEBUG:netmiko:read_channel: 
DEBUG:netmiko:read_channel: 
DEBUG:netmiko:read_channel: 
DEBUG:netmiko:read_channel: 
DEBUG:netmiko:read_channel: 
DEBUG:netmiko:read_channel: 
DEBUG:netmiko:read_channel: 
DEBUG:netmiko:read_channel: 
DEBUG:netmiko:read_channel: 
DEBUG:netmiko:read_channel: 
DEBUG:netmiko:read_channel: 
DEBUG:netmiko:read_channel: 
DEBUG:netmiko:read_channel: 
DEBUG:netmiko:read_channel: 
DEBUG:netmiko:read_channel: 
DEBUG:netmiko:read_channel: 
DEBUG:netmiko:read_channel: 
DEBUG:netmiko:read_channel: 
DEBUG:netmiko:read_channel: 
DEBUG:netmiko:read_channel: 
DEBUG:netmiko:read_channel: 
DEBUG:netmiko:read_channel: 
DEBUG:netmiko:read_channel: 
DEBUG:netmiko:read_channel: 
DEBUG:netmiko:read_channel: 
DEBUG:netmiko:read_channel: 
DEBUG:netmiko:read_channel: 
DEBUG:netmiko:read_channel: 
DEBUG:netmiko:read_channel: 
DEBUG:netmiko:read_channel: 
DEBUG:netmiko:read_channel: 
DEBUG:netmiko:read_channel: 
DEBUG:netmiko:read_channel: 
DEBUG:netmiko:read_channel: 
DEBUG:netmiko:read_channel: 
DEBUG:netmiko:read_channel: 
DEBUG:netmiko:read_channel: 
DEBUG:netmiko:read_channel: 
DEBUG:netmiko:read_channel: 
DEBUG:netmiko:read_channel: 
DEBUG:netmiko:read_channel: 
DEBUG:netmiko:read_channel: 
DEBUG:netmiko:read_channel: 
DEBUG:netmiko:read_channel: 
DEBUG:netmiko:read_channel: 
DEBUG:netmiko:read_channel: 
DEBUG:netmiko:read_channel: 
DEBUG:netmiko:read_channel: 
DEBUG:netmiko:read_channel: 
DEBUG:netmiko:read_channel: 
DEBUG:netmiko:read_channel: 
DEBUG:netmiko:read_channel: 
DEBUG:netmiko:read_channel: 
DEBUG:netmiko:read_channel: 
DEBUG:netmiko:read_channel: 
DEBUG:netmiko:read_channel: 
DEBUG:netmiko:read_channel: 
DEBUG:netmiko:read_channel: 
DEBUG:netmiko:read_channel: 
DEBUG:netmiko:read_channel: 
DEBUG:netmiko:read_channel: 
DEBUG:netmiko:read_channel: 
DEBUG:netmiko:read_channel: 
DEBUG:netmiko:read_channel: 
DEBUG:netmiko:read_channel: 
DEBUG:netmiko:read_channel: 
DEBUG:netmiko:read_channel: 
DEBUG:netmiko:read_channel: 
DEBUG:netmiko:read_channel: 
DEBUG:netmiko:read_channel: 
DEBUG:netmiko:read_channel: 
DEBUG:netmiko:read_channel: 
DEBUG:netmiko:read_channel: 
DEBUG:netmiko:read_channel: 
DEBUG:netmiko:read_channel: 
DEBUG:netmiko:read_channel: 
DEBUG:netmiko:read_channel: 
DEBUG:netmiko:read_channel: 
DEBUG:netmiko:read_channel: 
DEBUG:netmiko:read_channel: 
DEBUG:netmiko:read_channel: 
DEBUG:netmiko:read_channel: 
DEBUG:netmiko:read_channel: 
DEBUG:netmiko:read_channel: 
DEBUG:netmiko:read_channel: 
DEBUG:netmiko:read_channel: 
DEBUG:netmiko:read_channel: 
DEBUG:netmiko:read_channel: 
DEBUG:netmiko:read_channel: 
DEBUG:netmiko:read_channel: 
DEBUG:netmiko:read_channel: 
DEBUG:netmiko:read_channel: 
DEBUG:netmiko:read_channel: 
DEBUG:netmiko:read_channel: 
DEBUG:netmiko:read_channel: 
DEBUG:netmiko:read_channel: 
DEBUG:netmiko:read_channel: 
DEBUG:netmiko:read_channel: 
DEBUG:netmiko:read_channel: 
DEBUG:netmiko:read_channel: 
DEBUG:netmiko:read_channel: 
DEBUG:netmiko:read_channel: 
DEBUG:netmiko:read_channel: 
DEBUG:netmiko:read_channel: 
DEBUG:netmiko:read_channel: 
DEBUG:netmiko:read_channel: 
DEBUG:netmiko:read_channel: 
DEBUG:netmiko:read_channel: 
DEBUG:netmiko:read_channel: 
DEBUG:netmiko:read_channel: 
DEBUG:netmiko:read_channel: 
DEBUG:netmiko:read_channel: 
DEBUG:netmiko:read_channel: 
DEBUG:netmiko:read_channel: 
DEBUG:netmiko:read_channel: 
DEBUG:netmiko:read_channel: 
DEBUG:netmiko:read_channel: 
DEBUG:netmiko:read_channel: 
DEBUG:netmiko:read_channel: 
DEBUG:netmiko:read_channel: 
DEBUG:netmiko:read_channel: 
DEBUG:netmiko:read_channel: 
DEBUG:netmiko:read_channel: 
DEBUG:netmiko:read_channel: 
DEBUG:netmiko:read_channel: 
DEBUG:netmiko:read_channel: 
DEBUG:netmiko:read_channel: 
DEBUG:netmiko:read_channel: 
DEBUG:netmiko:read_channel: 
DEBUG:netmiko:read_channel: 
DEBUG:netmiko:read_channel: 
DEBUG:netmiko:read_channel: 
DEBUG:netmiko:read_channel: 
DEBUG:netmiko:read_channel: 
DEBUG:netmiko:read_channel: 
DEBUG:netmiko:read_channel: 
DEBUG:netmiko:read_channel: 
DEBUG:netmiko:read_channel: 
DEBUG:netmiko:read_channel: 
DEBUG:netmiko:read_channel: 
DEBUG:netmiko:read_channel: 
DEBUG:netmiko:read_channel: 
DEBUG:netmiko:read_channel: 
DEBUG:netmiko:read_channel: 
DEBUG:netmiko:read_channel: 
DEBUG:netmiko:read_channel: 
DEBUG:netmiko:read_channel: 
DEBUG:netmiko:read_channel: 
DEBUG:netmiko:read_channel: 
DEBUG:netmiko:read_channel: 
DEBUG:netmiko:read_channel: 
DEBUG:netmiko:read_channel: 
DEBUG:netmiko:read_channel: 
DEBUG:netmiko:read_channel: 
DEBUG:netmiko:read_channel: 
DEBUG:netmiko:read_channel: 
DEBUG:netmiko:read_channel: 
DEBUG:netmiko:read_channel: 
DEBUG:netmiko:read_channel: 
DEBUG:netmiko:read_channel: 
DEBUG:netmiko:read_channel: 
DEBUG:netmiko:read_channel: 
DEBUG:netmiko:read_channel: 
DEBUG:netmiko:read_channel: 
DEBUG:netmiko:read_channel: 
DEBUG:netmiko:read_channel: 
DEBUG:netmiko:read_channel: 
DEBUG:netmiko:read_channel: 
DEBUG:netmiko:read_channel: 
DEBUG:netmiko:read_channel: 
DEBUG:netmiko:read_channel: 
DEBUG:netmiko:read_channel: 
DEBUG:netmiko:read_channel: 
DEBUG:netmiko:read_channel: 
DEBUG:netmiko:read_channel: 
DEBUG:netmiko:read_channel: 
DEBUG:netmiko:read_channel: 
DEBUG:netmiko:read_channel: 
DEBUG:netmiko:read_channel: 
DEBUG:netmiko:read_channel: 
DEBUG:netmiko:read_channel: 
DEBUG:netmiko:read_channel: 
DEBUG:netmiko:read_channel: 
DEBUG:netmiko:read_channel: 
DEBUG:netmiko:read_channel: 
DEBUG:netmiko:read_channel: 
DEBUG:netmiko:read_channel: 
DEBUG:netmiko:read_channel: 
DEBUG:netmiko:read_channel: 
DEBUG:netmiko:read_channel: 
DEBUG:netmiko:read_channel: 
DEBUG:netmiko:read_channel: 
DEBUG:netmiko:read_channel: 
DEBUG:netmiko:read_channel: 
DEBUG:netmiko:read_channel: 
DEBUG:netmiko:read_channel: 
DEBUG:netmiko:read_channel: 
DEBUG:netmiko:read_channel: 
DEBUG:netmiko:read_channel: 
DEBUG:netmiko:read_channel: 
DEBUG:netmiko:read_channel: 
DEBUG:netmiko:read_channel: 
DEBUG:netmiko:read_channel: 
DEBUG:netmiko:read_channel: 
DEBUG:netmiko:read_channel: 
DEBUG:netmiko:read_channel: 
DEBUG:netmiko:read_channel: 
DEBUG:netmiko:read_channel: 
DEBUG:netmiko:read_channel: 
DEBUG:netmiko:read_channel: 
DEBUG:netmiko:read_channel: 
DEBUG:netmiko:read_channel: 
DEBUG:netmiko:read_channel: 
DEBUG:netmiko:read_channel: 
DEBUG:netmiko:read_channel: 
DEBUG:netmiko:read_channel: 
DEBUG:netmiko:read_channel: 
DEBUG:netmiko:read_channel: 
DEBUG:paramiko.transport:starting thread (client mode): 0xb7cc3910
DEBUG:paramiko.transport:Local version/idstring: SSH-2.0-paramiko_2.7.2
DEBUG:paramiko.transport:Remote version/idstring: SSH-2.0-Cisco-1.25
INFO:paramiko.transport:Connected (version 2.0, client Cisco-1.25)
DEBUG:paramiko.transport:kex algos:['diffie-hellman-group-exchange-sha1', 'diffie-hellman-group14-sha1'] server key:['ssh-rsa'] client encrypt:['aes128-ctr', 'aes192-ctr', 'aes256-ctr'] server encrypt:['aes128-ctr', 'aes192-ctr', 'aes256-ctr'] client mac:['hmac-sha2-256', 'hmac-sha2-512', 'hmac-sha1', 'hmac-sha1-96'] server mac:['hmac-sha2-256', 'hmac-sha2-512', 'hmac-sha1', 'hmac-sha1-96'] client compress:['none'] server compress:['none'] client lang:[''] server lang:[''] kex follows?False
DEBUG:paramiko.transport:Kex agreed: diffie-hellman-group-exchange-sha1
DEBUG:paramiko.transport:HostKey agreed: ssh-rsa
DEBUG:paramiko.transport:Cipher agreed: aes128-ctr
DEBUG:paramiko.transport:MAC agreed: hmac-sha2-256
DEBUG:paramiko.transport:Compression agreed: none
DEBUG:paramiko.transport:Got server p (2048 bits)
DEBUG:paramiko.transport:kex engine KexGex specified hash_algo <built-in function openssl_sha1>
DEBUG:paramiko.transport:Switch to new keys ...
DEBUG:paramiko.transport:Adding ssh-rsa host key for cisco4.lasthop.io: b'e4e02f180e551a9f34d5835b8f1e04e4'
DEBUG:paramiko.transport:userauth is OK
INFO:paramiko.transport:Authentication (password) successful!
DEBUG:paramiko.transport:[chan 0] Max packet in: 32768 bytes
DEBUG:paramiko.transport:[chan 0] Max packet out: 4096 bytes
DEBUG:paramiko.transport:Secsh channel 0 opened.
DEBUG:paramiko.transport:[chan 0] Sesch channel 0 request ok
DEBUG:paramiko.transport:[chan 0] Sesch channel 0 request ok
DEBUG:netmiko:write_channel: b'terminal width 511\n'
DEBUG:netmiko:Pattern is: terminal width 511
DEBUG:netmiko:_read_channel_expect read_data: 


cisco4#
DEBUG:netmiko:_read_channel_expect read_data: termin
DEBUG:netmiko:_read_channel_expect read_data: al wid
DEBUG:netmiko:_read_channel_expect read_data: th 511
DEBUG:netmiko:Pattern found: terminal width 511 


cisco4#terminal width 511
DEBUG:netmiko:In disable_paging
DEBUG:netmiko:Command: terminal length 0

DEBUG:netmiko:write_channel: b'terminal length 0\n'
DEBUG:netmiko:Pattern is: terminal\ length\ 0
DEBUG:netmiko:_read_channel_expect read_data: 

DEBUG:netmiko:_read_channel_expect read_data: cisco4#term
DEBUG:netmiko:_read_channel_expect read_data: inal le
DEBUG:netmiko:_read_channel_expect read_data: ngth 
DEBUG:netmiko:_read_channel_expect read_data: 0
cisco4#
DEBUG:netmiko:Pattern found: terminal\ length\ 0 
cisco4#terminal length 0
cisco4#
DEBUG:netmiko:
cisco4#terminal length 0
cisco4#
DEBUG:netmiko:Exiting disable_paging
DEBUG:netmiko:read_channel: 
DEBUG:netmiko:write_channel: b'\n'
DEBUG:netmiko:read_channel: 
cisco4#
DEBUG:netmiko:read_channel: 
DEBUG:netmiko:[find_prompt()]: prompt is cisco4#
DEBUG:netmiko:read_channel: 
DEBUG:netmiko:write_channel: b'\n'
DEBUG:netmiko:read_channel: 
cisco4#
DEBUG:netmiko:read_channel: 
DEBUG:netmiko:[find_prompt()]: prompt is cisco4#
DEBUG:netmiko:write_channel: b'\n'
DEBUG:netmiko:Pattern is: #
DEBUG:netmiko:_read_channel_expect read_data: 

DEBUG:netmiko:_read_channel_expect read_data: cisco4#
DEBUG:netmiko:Pattern found: # 
cisco4#
DEBUG:netmiko:write_channel: b'configure terminal\n'
DEBUG:netmiko:Pattern is: configure\ terminal
DEBUG:netmiko:_read_channel_expect read_data: c
DEBUG:netmiko:_read_channel_expect read_data: onfigure
DEBUG:netmiko:_read_channel_expect read_data:  termina
DEBUG:netmiko:_read_channel_expect read_data: l
Enter configuration commands, one per line.  End with CNTL/Z.
cisco4(config)#
DEBUG:netmiko:Pattern found: configure\ terminal configure terminal
Enter configuration commands, one per line.  End with CNTL/Z.
cisco4(config)#
DEBUG:netmiko:write_channel: b'\n'
DEBUG:netmiko:Pattern is: #
DEBUG:netmiko:_read_channel_expect read_data: 

DEBUG:netmiko:_read_channel_expect read_data: cisco4(config)#
DEBUG:netmiko:Pattern found: # 
cisco4(config)#
DEBUG:netmiko:read_channel: 
DEBUG:netmiko:write_channel: b'\n'
DEBUG:netmiko:read_channel: 
cisco4(config)#
DEBUG:netmiko:read_channel: 
DEBUG:netmiko:[find_prompt()]: prompt is cisco4(config)#
DEBUG:netmiko:write_channel: b'hostname cisco4-testing\n'
DEBUG:netmiko:read_channel: hostname cisco4-testing
cisco4-testing(config)#
DEBUG:netmiko:Clear buffer detects data in the channel
DEBUG:netmiko:read_channel: 
DEBUG:netmiko:write_channel: b'\n'
DEBUG:netmiko:read_channel: 
DEBUG:netmiko:read_channel: 
DEBUG:netmiko:write_channel: b'\n'
DEBUG:netmiko:read_channel: 
DEBUG:netmiko:write_channel: b'\n'
DEBUG:netmiko:read_channel: 
cisco4-testing(config)#
cisco4-testing(config)#
DEBUG:netmiko:read_channel: 
cisco4-testing(config)#
DEBUG:netmiko:Clear buffer detects data in the channel
DEBUG:netmiko:read_channel: 
DEBUG:netmiko:[find_prompt()]: prompt is cisco4-testing(config)#
DEBUG:netmiko:write_channel: b'\n'
DEBUG:netmiko:Pattern is: #
DEBUG:netmiko:_read_channel_expect read_data: 
cisco4-testing(config)#
DEBUG:netmiko:Pattern found: # 
cisco4-testing(config)#
DEBUG:netmiko:write_channel: b'end\n'
DEBUG:netmiko:Pattern is: end
DEBUG:netmiko:_read_channel_expect read_data: e
DEBUG:netmiko:_read_channel_expect read_data: nd
cisco4-testing#
DEBUG:netmiko:Pattern found: end end
cisco4-testing#
DEBUG:netmiko:write_channel: b'\n'
DEBUG:netmiko:Pattern is: #
DEBUG:netmiko:_read_channel_expect read_data: 
cisco4-testing#
DEBUG:netmiko:Pattern found: # 
cisco4-testing#
DEBUG:netmiko:exit_config_mode: end
cisco4-testing#
DEBUG:netmiko:read_channel: 
DEBUG:netmiko:write_channel: b'\n'
DEBUG:netmiko:read_channel: 
cisco4-testing#
DEBUG:netmiko:read_channel: 
DEBUG:netmiko:[find_prompt()]: prompt is cisco4-testing#
DEBUG:netmiko:write_channel: b'\n'
DEBUG:netmiko:read_channel: 
cisco4-testing#
DEBUG:netmiko:read_channel: 
DEBUG:netmiko:read_channel: 
DEBUG:netmiko:write_channel: b'exit\n'
DEBUG:paramiko.transport:starting thread (client mode): 0xfab43e10
DEBUG:paramiko.transport:Local version/idstring: SSH-2.0-paramiko_2.7.2
DEBUG:paramiko.transport:Remote version/idstring: SSH-2.0-OpenSSH_7.3
INFO:paramiko.transport:Connected (version 2.0, client OpenSSH_7.3)
DEBUG:paramiko.transport:kex algos:['curve25519-sha256@libssh.org', 'ecdh-sha2-nistp256', 'ecdh-sha2-nistp384', 'ecdh-sha2-nistp521', 'diffie-hellman-group-exchange-sha256', 'diffie-hellman-group16-sha512', 'diffie-hellman-group18-sha512', 'diffie-hellman-group14-sha256', 'diffie-hellman-group14-sha1'] server key:['ssh-rsa', 'rsa-sha2-512', 'rsa-sha2-256', 'ecdsa-sha2-nistp256', 'ssh-ed25519'] client encrypt:['chacha20-poly1305@openssh.com', 'aes128-ctr', 'aes192-ctr', 'aes256-ctr', 'aes128-gcm@openssh.com', 'aes256-gcm@openssh.com'] server encrypt:['chacha20-poly1305@openssh.com', 'aes128-ctr', 'aes192-ctr', 'aes256-ctr', 'aes128-gcm@openssh.com', 'aes256-gcm@openssh.com'] client mac:['umac-64-etm@openssh.com', 'umac-128-etm@openssh.com', 'hmac-sha2-256-etm@openssh.com', 'hmac-sha2-512-etm@openssh.com', 'hmac-sha1-etm@openssh.com', 'umac-64@openssh.com', 'umac-128@openssh.com', 'hmac-sha2-256', 'hmac-sha2-512', 'hmac-sha1'] server mac:['umac-64-etm@openssh.com', 'umac-128-etm@openssh.com', 'hmac-sha2-256-etm@openssh.com', 'hmac-sha2-512-etm@openssh.com', 'hmac-sha1-etm@openssh.com', 'umac-64@openssh.com', 'umac-128@openssh.com', 'hmac-sha2-256', 'hmac-sha2-512', 'hmac-sha1'] client compress:['none', 'zlib@openssh.com'] server compress:['none', 'zlib@openssh.com'] client lang:[''] server lang:[''] kex follows?False
DEBUG:paramiko.transport:Kex agreed: curve25519-sha256@libssh.org
DEBUG:paramiko.transport:HostKey agreed: ssh-ed25519
DEBUG:paramiko.transport:Cipher agreed: aes128-ctr
DEBUG:paramiko.transport:MAC agreed: hmac-sha2-256
DEBUG:paramiko.transport:Compression agreed: none
DEBUG:paramiko.transport:kex engine KexCurve25519 specified hash_algo <built-in function openssl_sha256>
DEBUG:paramiko.transport:Switch to new keys ...
DEBUG:paramiko.transport:Adding ssh-ed25519 host key for vmx1.lasthop.io: b'5a1c2d799b3b5a6bac85b56c8017bf56'
DEBUG:paramiko.transport:userauth is OK
INFO:paramiko.transport:Authentication (password) successful!
DEBUG:paramiko.transport:[chan 0] Max packet in: 32768 bytes
DEBUG:paramiko.transport:Received global request "hostkeys-00@openssh.com"
DEBUG:paramiko.transport:Rejecting "hostkeys-00@openssh.com" global request from server.
DEBUG:paramiko.transport:[chan 0] Max packet out: 32768 bytes
DEBUG:paramiko.transport:Secsh channel 0 opened.
DEBUG:paramiko.transport:[chan 0] Sesch channel 0 request ok
DEBUG:paramiko.transport:[chan 0] Sesch channel 0 request ok
DEBUG:netmiko:write_channel: b'\n'
DEBUG:netmiko:read_channel: 
Last login: Thu Jul 22 14:01:47 2021 from 13.57.229.17

DEBUG:netmiko:write_channel: b'\n'
DEBUG:netmiko:read_channel: 
--- JUNOS 18.4R1.8 Kernel 64-bit  JNPR-11.0-20181207.6c2f68b_2_bu

DEBUG:netmiko:write_channel: b'\n'
DEBUG:netmiko:read_channel: 

DEBUG:netmiko:write_channel: b'\n'
DEBUG:netmiko:read_channel: 

DEBUG:netmiko:write_channel: b'\n'
DEBUG:netmiko:read_channel: 

DEBUG:netmiko:write_channel: b'\n'
DEBUG:netmiko:read_channel: 

DEBUG:netmiko:write_channel: b'\n'
DEBUG:netmiko:read_channel: 

DEBUG:netmiko:write_channel: b'\n'
DEBUG:netmiko:read_channel: 

DEBUG:netmiko:write_channel: b'\n'
DEBUG:netmiko:read_channel: 

DEBUG:netmiko:write_channel: b'\n'
DEBUG:netmiko:read_channel: 

DEBUG:netmiko:write_channel: b'\n'
DEBUG:netmiko:read_channel: 

DEBUG:netmiko:write_channel: b'\n'
DEBUG:netmiko:read_channel: 

DEBUG:netmiko:write_channel: b'\n'
DEBUG:netmiko:read_channel: 

DEBUG:netmiko:write_channel: b'\n'
DEBUG:netmiko:read_channel: 

DEBUG:netmiko:write_channel: b'\n'
DEBUG:netmiko:read_channel: 

DEBUG:netmiko:write_channel: b'\n'
DEBUG:netmiko:read_channel: 

DEBUG:netmiko:write_channel: b'\n'
DEBUG:netmiko:read_channel: 
DEBUG:netmiko:write_channel: b'\n'
DEBUG:netmiko:read_channel: 

DEBUG:netmiko:write_channel: b'\n'
DEBUG:netmiko:read_channel: 
DEBUG:netmiko:write_channel: b'\n'
DEBUG:netmiko:read_channel: 



DEBUG:netmiko:write_channel: b'\n'
DEBUG:netmiko:read_channel: 

DEBUG:netmiko:write_channel: b'\n'
DEBUG:netmiko:read_channel: 

DEBUG:netmiko:write_channel: b'\n'
DEBUG:netmiko:read_channel: 

DEBUG:netmiko:write_channel: b'\n'
DEBUG:netmiko:read_channel: 

DEBUG:netmiko:write_channel: b'\n'
DEBUG:netmiko:read_channel: 

DEBUG:netmiko:write_channel: b'\n'
DEBUG:netmiko:read_channel: 

DEBUG:netmiko:write_channel: b'\n'
DEBUG:netmiko:read_channel: 

DEBUG:netmiko:write_channel: b'\n'
DEBUG:netmiko:read_channel: 

DEBUG:netmiko:write_channel: b'\n'
DEBUG:netmiko:read_channel: 

DEBUG:netmiko:write_channel: b'\n'
DEBUG:netmiko:read_channel: 

DEBUG:netmiko:write_channel: b'\n'
DEBUG:netmiko:read_channel: 

DEBUG:netmiko:write_channel: b'\n'
DEBUG:netmiko:read_channel: 

DEBUG:netmiko:write_channel: b'\n'
DEBUG:netmiko:read_channel: 

DEBUG:netmiko:write_channel: b'\n'
DEBUG:netmiko:read_channel: 

DEBUG:netmiko:write_channel: b'\n'
DEBUG:netmiko:read_channel: 

DEBUG:netmiko:write_channel: b'\n'
DEBUG:netmiko:read_channel: 

DEBUG:netmiko:write_channel: b'\n'
DEBUG:netmiko:read_channel: 

DEBUG:netmiko:write_channel: b'\n'
DEBUG:netmiko:read_channel: 

DEBUG:netmiko:write_channel: b'\n'
DEBUG:netmiko:read_channel: 

DEBUG:netmiko:write_channel: b'\n'
DEBUG:netmiko:read_channel: 

DEBUG:netmiko:write_channel: b'\n'
DEBUG:netmiko:read_channel: 

DEBUG:netmiko:write_channel: b'\n'
DEBUG:netmiko:read_channel: 

DEBUG:netmiko:write_channel: b'\n'
DEBUG:netmiko:read_channel: 

DEBUG:netmiko:write_channel: b'\n'
DEBUG:netmiko:read_channel: 

DEBUG:netmiko:write_channel: b'\n'
DEBUG:netmiko:read_channel: 

DEBUG:netmiko:write_channel: b'\n'
DEBUG:netmiko:read_channel: 

DEBUG:netmiko:write_channel: b'\n'
DEBUG:netmiko:read_channel: 

DEBUG:netmiko:write_channel: b'\n'
DEBUG:netmiko:read_channel: 

DEBUG:netmiko:write_channel: b'\n'
DEBUG:netmiko:read_channel: 

DEBUG:netmiko:write_channel: b'\n'
DEBUG:netmiko:read_channel: 

DEBUG:netmiko:write_channel: b'set cli screen-width 511\n'
DEBUG:netmiko:Pattern is: Screen width set to
DEBUG:netmiko:_read_channel_expect read_data: set cli screen-width 511

DEBUG:netmiko:_read_channel_expect read_data: pyclass@vmx1> 
DEBUG:netmiko:_read_channel_expect read_data: 

DEBUG:netmiko:_read_channel_expect read_data: 
pyclass@vmx1> 

DEBUG:netmiko:_read_channel_expect read_data: 
pyclass@vmx1> 

DEBUG:netmiko:_read_channel_expect read_data: 
pyclass@vmx1> 


DEBUG:netmiko:_read_channel_expect read_data: pyclass@vmx1> 

pyclass@vmx1> 
DEBUG:netmiko:_read_channel_expect read_data: 

pyclass@vmx1> 
DEBUG:netmiko:_read_channel_expect read_data: 

pyclass@vmx1> 
DEBUG:netmiko:_read_channel_expect read_data: 

pyclass@vmx1> 
DEBUG:netmiko:_read_channel_expect read_data: 

pyclass@vmx1> 
DEBUG:netmiko:_read_channel_expect read_data: 

pyclass@vmx1> 
DEBUG:netmiko:_read_channel_expect read_data: 

DEBUG:netmiko:_read_channel_expect read_data: 
pyclass@vmx1> 


DEBUG:netmiko:_read_channel_expect read_data: pyclass@vmx1> 


DEBUG:netmiko:_read_channel_expect read_data: pyclass@vmx1> 

pyclass@vmx1> 
DEBUG:netmiko:_read_channel_expect read_data: 

pyclass@vmx1> 
DEBUG:netmiko:_read_channel_expect read_data: 

pyclass@vmx1> 
DEBUG:netmiko:_read_channel_expect read_data: 


DEBUG:netmiko:_read_channel_expect read_data: pyclass@vmx1> 

DEBUG:netmiko:_read_channel_expect read_data: 
pyclass@vmx1> 

DEBUG:netmiko:_read_channel_expect read_data: 
pyclass@vmx1> 

DEBUG:netmiko:_read_channel_expect read_data: 
pyclass@vmx1> 
DEBUG:netmiko:_read_channel_expect read_data: 

pyclass@vmx1> 

DEBUG:netmiko:_read_channel_expect read_data: 
pyclass@vmx1> 

DEBUG:netmiko:_read_channel_expect read_data: 
pyclass@vmx1> 


DEBUG:netmiko:_read_channel_expect read_data: pyclass@vmx1> 
DEBUG:netmiko:_read_channel_expect read_data: 

pyclass@vmx1> 
DEBUG:netmiko:_read_channel_expect read_data: 

pyclass@vmx1> 
DEBUG:netmiko:_read_channel_expect read_data: 

pyclass@vmx1> 

DEBUG:netmiko:_read_channel_expect read_data: 
pyclass@vmx1> 

DEBUG:netmiko:_read_channel_expect read_data: 
pyclass@vmx1> 

DEBUG:netmiko:_read_channel_expect read_data: 
pyclass@vmx1> 
DEBUG:netmiko:_read_channel_expect read_data: 


DEBUG:netmiko:_read_channel_expect read_data: pyclass@vmx1> 


DEBUG:netmiko:_read_channel_expect read_data: pyclass@vmx1> 

pyclass@vmx1> 
DEBUG:netmiko:_read_channel_expect read_data: 

pyclass@vmx1> 
DEBUG:netmiko:_read_channel_expect read_data: 

pyclass@vmx1> 
DEBUG:netmiko:_read_channel_expect read_data: 

pyclass@vmx1> 
DEBUG:netmiko:_read_channel_expect read_data: 

pyclass@vmx1> 
DEBUG:netmiko:_read_channel_expect read_data: 

pyclass@vmx1> 

DEBUG:netmiko:_read_channel_expect read_data: 
pyclass@vmx1> 
DEBUG:netmiko:_read_channel_expect read_data: 

pyclass@vmx1> 
DEBUG:netmiko:_read_channel_expect read_data: 

pyclass@vmx1> 
DEBUG:netmiko:_read_channel_expect read_data: 

pyclass@vmx1> 
DEBUG:netmiko:_read_channel_expect read_data: 

pyclass@vmx1> 
DEBUG:netmiko:_read_channel_expect read_data: 

pyclass@vmx1> 
DEBUG:netmiko:_read_channel_expect read_data: 

pyclass@vmx1> 
DEBUG:netmiko:_read_channel_expect read_data: 

pyclass@vmx1> 
DEBUG:netmiko:_read_channel_expect read_data: 

pyclass@vmx1> 
DEBUG:netmiko:_read_channel_expect read_data: 

pyclass@vmx1> 
DEBUG:netmiko:_read_channel_expect read_data: 

pyclass@vmx1> 
DEBUG:netmiko:_read_channel_expect read_data: 

pyclass@vmx1> 
DEBUG:netmiko:_read_channel_expect read_data: set
DEBUG:netmiko:_read_channel_expect read_data:  cli
DEBUG:netmiko:_read_channel_expect read_data:  scre
DEBUG:netmiko:_read_channel_expect read_data: en-w
DEBUG:netmiko:_read_channel_expect read_data: idth
DEBUG:netmiko:_read_channel_expect read_data:  511
DEBUG:netmiko:_read_channel_expect read_data:  
DEBUG:netmiko:_read_channel_expect read_data: 

DEBUG:netmiko:_read_channel_expect read_data: Screen width set to 511

pyclass@vmx1> 
DEBUG:netmiko:Pattern found: Screen width set to set cli screen-width 511
pyclass@vmx1> 

pyclass@vmx1> 

pyclass@vmx1> 

pyclass@vmx1> 

pyclass@vmx1> 

pyclass@vmx1> 

pyclass@vmx1> 

pyclass@vmx1> 

pyclass@vmx1> 

pyclass@vmx1> 

pyclass@vmx1> 

pyclass@vmx1> 

pyclass@vmx1> 

pyclass@vmx1> 

pyclass@vmx1> 

pyclass@vmx1> 

pyclass@vmx1> 

pyclass@vmx1> 

pyclass@vmx1> 

pyclass@vmx1> 

pyclass@vmx1> 

pyclass@vmx1> 

pyclass@vmx1> 

pyclass@vmx1> 

pyclass@vmx1> 

pyclass@vmx1> 

pyclass@vmx1> 

pyclass@vmx1> 

pyclass@vmx1> 

pyclass@vmx1> 

pyclass@vmx1> 

pyclass@vmx1> 

pyclass@vmx1> 

pyclass@vmx1> 

pyclass@vmx1> 

pyclass@vmx1> 

pyclass@vmx1> 

pyclass@vmx1> 

pyclass@vmx1> 

pyclass@vmx1> 

pyclass@vmx1> 

pyclass@vmx1> 

pyclass@vmx1> 

pyclass@vmx1> 

pyclass@vmx1> 

pyclass@vmx1> 

pyclass@vmx1> 

pyclass@vmx1> 

pyclass@vmx1> 

pyclass@vmx1> 

pyclass@vmx1> set cli screen-width 511 
Screen width set to 511

pyclass@vmx1> 
DEBUG:netmiko:In disable_paging
DEBUG:netmiko:Command: set cli complete-on-space off

DEBUG:netmiko:write_channel: b'set cli complete-on-space off\n'
DEBUG:netmiko:Pattern is: set\ cli\ complete\-on\-space\ off
DEBUG:netmiko:_read_channel_expect read_data: s
DEBUG:netmiko:_read_channel_expect read_data: et c
DEBUG:netmiko:_read_channel_expect read_data: li 
DEBUG:netmiko:_read_channel_expect read_data: comple
DEBUG:netmiko:_read_channel_expect read_data: t
DEBUG:netmiko:_read_channel_expect read_data: e-on-sp
DEBUG:netmiko:_read_channel_expect read_data: ace 
DEBUG:netmiko:_read_channel_expect read_data: off
DEBUG:netmiko:Pattern found: set\ cli\ complete\-on\-space\ off set cli complete-on-space off
DEBUG:netmiko:set cli complete-on-space off
DEBUG:netmiko:Exiting disable_paging
DEBUG:netmiko:In disable_paging
DEBUG:netmiko:Command: set cli screen-length 0

DEBUG:netmiko:write_channel: b'set cli screen-length 0\n'
DEBUG:netmiko:Pattern is: set\ cli\ screen\-length\ 0
DEBUG:netmiko:_read_channel_expect read_data:  
DEBUG:netmiko:_read_channel_expect read_data: 

DEBUG:netmiko:_read_channel_expect read_data: Disabling complete-on-space

pyclass@vmx1> se
DEBUG:netmiko:_read_channel_expect read_data: t cli
DEBUG:netmiko:_read_channel_expect read_data:  scr
DEBUG:netmiko:_read_channel_expect read_data: een-len
DEBUG:netmiko:_read_channel_expect read_data: gth
DEBUG:netmiko:_read_channel_expect read_data:  0 

DEBUG:netmiko:Pattern found: set\ cli\ screen\-length\ 0  
Disabling complete-on-space

pyclass@vmx1> set cli screen-length 0 

DEBUG:netmiko: 
Disabling complete-on-space

pyclass@vmx1> set cli screen-length 0 

DEBUG:netmiko:Exiting disable_paging
DEBUG:netmiko:read_channel: Screen length set to 0


DEBUG:netmiko:Clear buffer detects data in the channel
DEBUG:netmiko:read_channel: pyclass@vmx1> 
DEBUG:netmiko:Clear buffer detects data in the channel
DEBUG:netmiko:read_channel: 
DEBUG:netmiko:write_channel: b'\n'
DEBUG:netmiko:read_channel: 

pyclass@vmx1> 
DEBUG:netmiko:read_channel: 
DEBUG:netmiko:[find_prompt()]: prompt is pyclass@vmx1>
DEBUG:netmiko:write_channel: b'\n'
DEBUG:netmiko:read_channel: 

pyclass@vmx1> 
DEBUG:netmiko:read_channel: 
DEBUG:netmiko:read_channel: 
DEBUG:netmiko:write_channel: b'configure\n'
DEBUG:netmiko:Pattern is: configure
DEBUG:netmiko:_read_channel_expect read_data: c
DEBUG:netmiko:_read_channel_expect read_data: onfigu
DEBUG:netmiko:_read_channel_expect read_data: re 

DEBUG:netmiko:Pattern found: configure configure 

DEBUG:netmiko:Pattern is: Entering configuration mode
DEBUG:netmiko:_read_channel_expect read_data: Entering configuration mode

DEBUG:netmiko:Pattern found: Entering configuration mode Entering configuration mode

DEBUG:netmiko:write_channel: b'\n'
DEBUG:netmiko:read_channel: 

[edit]
pyclass@vmx1# 

[edit]
pyclass@vmx1# 
DEBUG:netmiko:read_channel: 
DEBUG:netmiko:read_channel: 
DEBUG:netmiko:write_channel: b'set system syslog archive size 110k files 3\n'
DEBUG:netmiko:Pattern is: set\ system\ syslog\ archive\ size\ 110k\ files\ 3
DEBUG:netmiko:_read_channel_expect read_data: s
DEBUG:netmiko:_read_channel_expect read_data: et s
DEBUG:netmiko:_read_channel_expect read_data: ystem
DEBUG:netmiko:_read_channel_expect read_data:  sys
DEBUG:netmiko:_read_channel_expect read_data: log
DEBUG:netmiko:_read_channel_expect read_data:  arch
DEBUG:netmiko:_read_channel_expect read_data: ive
DEBUG:netmiko:_read_channel_expect read_data:  si
DEBUG:netmiko:_read_channel_expect read_data: ze 
DEBUG:netmiko:_read_channel_expect read_data: 110k
DEBUG:netmiko:_read_channel_expect read_data:  fil
DEBUG:netmiko:_read_channel_expect read_data: es 
DEBUG:netmiko:_read_channel_expect read_data: 3 

DEBUG:netmiko:Pattern found: set\ system\ syslog\ archive\ size\ 110k\ files\ 3 set system syslog archive size 110k files 3 

DEBUG:netmiko:Pattern is: (?:pyclass@vmx1|#)
DEBUG:netmiko:_read_channel_expect read_data: 

DEBUG:netmiko:_read_channel_expect read_data: [edit]
pyclass@vmx1# 
DEBUG:netmiko:Pattern found: (?:pyclass@vmx1|#) 
[edit]
pyclass@vmx1# 
DEBUG:netmiko:write_channel: b'set system time-zone America/New_York\n'
DEBUG:netmiko:Pattern is: set\ system\ time\-zone\ America/New_York
DEBUG:netmiko:_read_channel_expect read_data: s
DEBUG:netmiko:_read_channel_expect read_data: et
DEBUG:netmiko:_read_channel_expect read_data:  syste
DEBUG:netmiko:_read_channel_expect read_data: m t
DEBUG:netmiko:_read_channel_expect read_data: ime-zo
DEBUG:netmiko:_read_channel_expect read_data: ne A
DEBUG:netmiko:_read_channel_expect read_data: merica/N
DEBUG:netmiko:_read_channel_expect read_data: ew_Yor
DEBUG:netmiko:_read_channel_expect read_data: k
DEBUG:netmiko:Pattern found: set\ system\ time\-zone\ America/New_York set system time-zone America/New_York
DEBUG:netmiko:Pattern is: (?:pyclass@vmx1|#)
DEBUG:netmiko:_read_channel_expect read_data:  

DEBUG:netmiko:_read_channel_expect read_data: 

DEBUG:netmiko:_read_channel_expect read_data: [edit]
pyclass@vmx1# 
DEBUG:netmiko:Pattern found: (?:pyclass@vmx1|#)  

[edit]
pyclass@vmx1# 
DEBUG:netmiko:write_channel: b'\n'
DEBUG:netmiko:read_channel: 

[edit]
pyclass@vmx1# 
DEBUG:netmiko:read_channel: 
DEBUG:netmiko:read_channel: 
DEBUG:netmiko:write_channel: b'exit configuration-mode\n'
DEBUG:netmiko:send_command_timing current output: 
DEBUG:netmiko:read_channel: exit configuration-mode 
The configuration has been changed but not committed
Exiting configuration mode

pyclass@vmx1> 
DEBUG:netmiko:read_channel: 
DEBUG:netmiko:read_channel: 
DEBUG:netmiko:send_command_timing final output: exit configuration-mode 
The configuration has been changed but not committed
Exiting configuration mode

pyclass@vmx1> 
DEBUG:netmiko:write_channel: b'\n'
DEBUG:netmiko:read_channel: 

pyclass@vmx1> 
DEBUG:netmiko:read_channel: 
DEBUG:netmiko:read_channel: 
DEBUG:netmiko:configure 
Entering configuration mode
set system syslog archive size 110k files 3 

[edit]
pyclass@vmx1# set system time-zone America/New_York 

[edit]
pyclass@vmx1# exit configuration-mode 
The configuration has been changed but not committed
Exiting configuration mode

pyclass@vmx1> 
DEBUG:netmiko:write_channel: b'\n'
DEBUG:netmiko:read_channel: 

pyclass@vmx1> 
DEBUG:netmiko:read_channel: 
DEBUG:netmiko:read_channel: 
DEBUG:netmiko:write_channel: b'configure\n'
DEBUG:netmiko:Pattern is: configure
DEBUG:netmiko:_read_channel_expect read_data: c
DEBUG:netmiko:_read_channel_expect read_data: onfigure
DEBUG:netmiko:Pattern found: configure configure
DEBUG:netmiko:Pattern is: Entering configuration mode
DEBUG:netmiko:_read_channel_expect read_data:  

DEBUG:netmiko:_read_channel_expect read_data: Entering configuration mode

DEBUG:netmiko:Pattern found: Entering configuration mode  
Entering configuration mode

DEBUG:netmiko:write_channel: b'\n'
DEBUG:netmiko:read_channel: 
The configuration has been changed but not committed

[edit]
pyclass@vmx1# 

[edit]
pyclass@vmx1# 
DEBUG:netmiko:read_channel: 
DEBUG:netmiko:read_channel: 
DEBUG:netmiko:read_channel: 
DEBUG:netmiko:write_channel: b'\n'
DEBUG:netmiko:read_channel: 

[edit]
pyclass@vmx1# 
DEBUG:netmiko:read_channel: 
DEBUG:netmiko:[find_prompt()]: prompt is pyclass@vmx1#
DEBUG:netmiko:read_channel: 
DEBUG:netmiko:write_channel: b'commit comment "commit by JdG netmiko script"\n'
DEBUG:netmiko:Pattern is: commit\ comment\ "commit\ by\ JdG\ netmiko\ script"
DEBUG:netmiko:_read_channel_expect read_data: c
DEBUG:netmiko:_read_channel_expect read_data: ommit
DEBUG:netmiko:_read_channel_expect read_data:  co
DEBUG:netmiko:_read_channel_expect read_data: mment
DEBUG:netmiko:_read_channel_expect read_data:  "commit by JdG netmiko script"
DEBUG:netmiko:Pattern found: commit\ comment\ "commit\ by\ JdG\ netmiko\ script" commit comment "commit by JdG netmiko script"
DEBUG:netmiko:read_channel:  

DEBUG:netmiko:read_channel: 
DEBUG:netmiko:read_channel: 
DEBUG:netmiko:read_channel: 
DEBUG:netmiko:read_channel: 
DEBUG:netmiko:read_channel: 
DEBUG:netmiko:read_channel: 
DEBUG:netmiko:read_channel: 
DEBUG:netmiko:read_channel: 
DEBUG:netmiko:read_channel: 
DEBUG:netmiko:read_channel: 
DEBUG:netmiko:read_channel: 
DEBUG:netmiko:read_channel: 
DEBUG:netmiko:read_channel: 
DEBUG:netmiko:read_channel: 
DEBUG:netmiko:read_channel: 
DEBUG:netmiko:read_channel: 
DEBUG:netmiko:read_channel: 
DEBUG:netmiko:read_channel: 
DEBUG:netmiko:read_channel: 
DEBUG:netmiko:read_channel: 
DEBUG:netmiko:read_channel: 
DEBUG:netmiko:read_channel: 
DEBUG:netmiko:read_channel: 
DEBUG:netmiko:read_channel: 
DEBUG:netmiko:read_channel: 
DEBUG:netmiko:read_channel: 
DEBUG:netmiko:read_channel: 
DEBUG:netmiko:read_channel: 
DEBUG:netmiko:read_channel: 
DEBUG:netmiko:read_channel: 
DEBUG:netmiko:read_channel: 
DEBUG:netmiko:read_channel: 
DEBUG:netmiko:read_channel: 
DEBUG:netmiko:read_channel: 
DEBUG:netmiko:read_channel: 
DEBUG:netmiko:read_channel: 
DEBUG:netmiko:read_channel: 
DEBUG:netmiko:read_channel: 
DEBUG:netmiko:read_channel: 
DEBUG:netmiko:read_channel: 
DEBUG:netmiko:read_channel: 
DEBUG:netmiko:read_channel: 
DEBUG:netmiko:read_channel: 
DEBUG:netmiko:read_channel: 
DEBUG:netmiko:read_channel: 
DEBUG:netmiko:read_channel: 
DEBUG:netmiko:read_channel: 
DEBUG:netmiko:read_channel: 
DEBUG:netmiko:read_channel: 
DEBUG:netmiko:read_channel: 
DEBUG:netmiko:read_channel: 
DEBUG:netmiko:read_channel: 
DEBUG:netmiko:read_channel: 
DEBUG:netmiko:read_channel: 
DEBUG:netmiko:read_channel: 
DEBUG:netmiko:read_channel: 
DEBUG:netmiko:read_channel: 
DEBUG:netmiko:read_channel: 
DEBUG:netmiko:read_channel: 
DEBUG:netmiko:read_channel: commit complete

DEBUG:netmiko:read_channel: 
[edit]
pyclass@vmx1# 
DEBUG:netmiko:read_channel: 
DEBUG:netmiko:write_channel: b'\n'
DEBUG:netmiko:read_channel: 


DEBUG:netmiko:read_channel: 
DEBUG:netmiko:write_channel: b'\n'
DEBUG:netmiko:read_channel: [edit]
pyclass@vmx1# 


DEBUG:netmiko:read_channel: [edit]
pyclass@vmx1# 
DEBUG:netmiko:Clear buffer detects data in the channel
DEBUG:netmiko:read_channel: 
DEBUG:netmiko:[find_prompt()]: prompt is pyclass@vmx1#
DEBUG:netmiko:read_channel: 
DEBUG:netmiko:write_channel: b'show system commit\n'
DEBUG:netmiko:Pattern is: show\ system\ commit
DEBUG:netmiko:_read_channel_expect read_data: show
DEBUG:netmiko:_read_channel_expect read_data:  system
DEBUG:netmiko:_read_channel_expect read_data:  commit
DEBUG:netmiko:Pattern found: show\ system\ commit show system commit
DEBUG:netmiko:read_channel:  

DEBUG:netmiko:read_channel: 
[edit]
pyclass@vmx1# 
DEBUG:paramiko.transport:starting thread (client mode): 0xc2b18e50
DEBUG:paramiko.transport:Local version/idstring: SSH-2.0-paramiko_2.7.2
DEBUG:paramiko.transport:Remote version/idstring: SSH-2.0-OpenSSH_7.3
INFO:paramiko.transport:Connected (version 2.0, client OpenSSH_7.3)
DEBUG:paramiko.transport:kex algos:['curve25519-sha256@libssh.org', 'ecdh-sha2-nistp256', 'ecdh-sha2-nistp384', 'ecdh-sha2-nistp521', 'diffie-hellman-group-exchange-sha256', 'diffie-hellman-group16-sha512', 'diffie-hellman-group18-sha512', 'diffie-hellman-group14-sha256', 'diffie-hellman-group14-sha1'] server key:['ssh-rsa', 'rsa-sha2-512', 'rsa-sha2-256', 'ecdsa-sha2-nistp256', 'ssh-ed25519'] client encrypt:['chacha20-poly1305@openssh.com', 'aes128-ctr', 'aes192-ctr', 'aes256-ctr', 'aes128-gcm@openssh.com', 'aes256-gcm@openssh.com'] server encrypt:['chacha20-poly1305@openssh.com', 'aes128-ctr', 'aes192-ctr', 'aes256-ctr', 'aes128-gcm@openssh.com', 'aes256-gcm@openssh.com'] client mac:['umac-64-etm@openssh.com', 'umac-128-etm@openssh.com', 'hmac-sha2-256-etm@openssh.com', 'hmac-sha2-512-etm@openssh.com', 'hmac-sha1-etm@openssh.com', 'umac-64@openssh.com', 'umac-128@openssh.com', 'hmac-sha2-256', 'hmac-sha2-512', 'hmac-sha1'] server mac:['umac-64-etm@openssh.com', 'umac-128-etm@openssh.com', 'hmac-sha2-256-etm@openssh.com', 'hmac-sha2-512-etm@openssh.com', 'hmac-sha1-etm@openssh.com', 'umac-64@openssh.com', 'umac-128@openssh.com', 'hmac-sha2-256', 'hmac-sha2-512', 'hmac-sha1'] client compress:['none', 'zlib@openssh.com'] server compress:['none', 'zlib@openssh.com'] client lang:[''] server lang:[''] kex follows?False
DEBUG:paramiko.transport:Kex agreed: curve25519-sha256@libssh.org
DEBUG:paramiko.transport:HostKey agreed: ssh-ed25519
DEBUG:paramiko.transport:Cipher agreed: aes128-ctr
DEBUG:paramiko.transport:MAC agreed: hmac-sha2-256
DEBUG:paramiko.transport:Compression agreed: none
DEBUG:paramiko.transport:kex engine KexCurve25519 specified hash_algo <built-in function openssl_sha256>
DEBUG:paramiko.transport:Switch to new keys ...
DEBUG:paramiko.transport:Adding ssh-ed25519 host key for vmx1.lasthop.io: b'5a1c2d799b3b5a6bac85b56c8017bf56'
DEBUG:paramiko.transport:userauth is OK
INFO:paramiko.transport:Authentication (password) successful!
DEBUG:paramiko.transport:[chan 0] Max packet in: 32768 bytes
DEBUG:paramiko.transport:Received global request "hostkeys-00@openssh.com"
DEBUG:paramiko.transport:Rejecting "hostkeys-00@openssh.com" global request from server.
DEBUG:paramiko.transport:[chan 0] Max packet out: 32768 bytes
DEBUG:paramiko.transport:Secsh channel 0 opened.
DEBUG:paramiko.transport:[chan 0] Sesch channel 0 request ok
DEBUG:paramiko.transport:[chan 0] Sesch channel 0 request ok
DEBUG:netmiko:write_channel: b'\n'
DEBUG:netmiko:read_channel: 
DEBUG:netmiko:write_channel: b'\n'
DEBUG:netmiko:read_channel: 
Last login: Thu Jul 22 15:14:16 2021 from 18.144.100.179
--- JUNOS 18.4R1.8 Kernel 64-bit  JNPR-11.0-20181207.6c2f68b_2_bu


DEBUG:netmiko:write_channel: b'\n'
DEBUG:netmiko:read_channel: 
DEBUG:netmiko:write_channel: b'\n'
DEBUG:netmiko:read_channel: 
DEBUG:netmiko:write_channel: b'\n'
DEBUG:netmiko:read_channel: 



DEBUG:netmiko:write_channel: b'\n'
DEBUG:netmiko:read_channel: 

DEBUG:netmiko:write_channel: b'\n'
DEBUG:netmiko:read_channel: 

DEBUG:netmiko:write_channel: b'\n'
DEBUG:netmiko:read_channel: 

DEBUG:netmiko:write_channel: b'\n'
DEBUG:netmiko:read_channel: 

DEBUG:netmiko:write_channel: b'\n'
DEBUG:netmiko:read_channel: 

DEBUG:netmiko:write_channel: b'\n'
DEBUG:netmiko:read_channel: 

DEBUG:netmiko:write_channel: b'\n'
DEBUG:netmiko:read_channel: 

DEBUG:netmiko:write_channel: b'\n'
DEBUG:netmiko:read_channel: 

DEBUG:netmiko:write_channel: b'\n'
DEBUG:netmiko:read_channel: 

DEBUG:netmiko:write_channel: b'\n'
DEBUG:netmiko:read_channel: 

DEBUG:netmiko:write_channel: b'\n'
DEBUG:netmiko:read_channel: 

DEBUG:netmiko:write_channel: b'\n'
DEBUG:netmiko:read_channel: 

DEBUG:netmiko:write_channel: b'\n'
DEBUG:netmiko:read_channel: 

DEBUG:netmiko:write_channel: b'\n'
DEBUG:netmiko:read_channel: 

DEBUG:netmiko:write_channel: b'\n'
DEBUG:netmiko:read_channel: 

DEBUG:netmiko:write_channel: b'\n'
DEBUG:netmiko:read_channel: 

DEBUG:netmiko:write_channel: b'\n'
DEBUG:netmiko:read_channel: 

DEBUG:netmiko:write_channel: b'\n'
DEBUG:netmiko:read_channel: 

DEBUG:netmiko:write_channel: b'\n'
DEBUG:netmiko:read_channel: 

DEBUG:netmiko:write_channel: b'\n'
DEBUG:netmiko:read_channel: 
DEBUG:netmiko:write_channel: b'\n'
DEBUG:netmiko:read_channel: 

DEBUG:netmiko:write_channel: b'\n'
DEBUG:netmiko:read_channel: 


DEBUG:netmiko:write_channel: b'\n'
DEBUG:netmiko:read_channel: 

DEBUG:netmiko:write_channel: b'\n'
DEBUG:netmiko:read_channel: 

DEBUG:netmiko:write_channel: b'\n'
DEBUG:netmiko:read_channel: 

DEBUG:netmiko:write_channel: b'\n'
DEBUG:netmiko:read_channel: 

DEBUG:netmiko:write_channel: b'\n'
DEBUG:netmiko:read_channel: 

DEBUG:netmiko:write_channel: b'\n'
DEBUG:netmiko:read_channel: 

DEBUG:netmiko:write_channel: b'\n'
DEBUG:netmiko:read_channel: 
DEBUG:netmiko:write_channel: b'\n'
DEBUG:netmiko:read_channel: 

DEBUG:netmiko:write_channel: b'\n'
DEBUG:netmiko:read_channel: 


DEBUG:netmiko:write_channel: b'\n'
DEBUG:netmiko:read_channel: 

DEBUG:netmiko:write_channel: b'\n'
DEBUG:netmiko:read_channel: 

DEBUG:netmiko:write_channel: b'\n'
DEBUG:netmiko:read_channel: 

DEBUG:netmiko:write_channel: b'\n'
DEBUG:netmiko:read_channel: 

DEBUG:netmiko:write_channel: b'\n'
DEBUG:netmiko:read_channel: 

DEBUG:netmiko:write_channel: b'\n'
DEBUG:netmiko:read_channel: 

DEBUG:netmiko:write_channel: b'\n'
DEBUG:netmiko:read_channel: 

DEBUG:netmiko:write_channel: b'\n'
DEBUG:netmiko:read_channel: 

DEBUG:netmiko:write_channel: b'\n'
DEBUG:netmiko:read_channel: 

DEBUG:netmiko:write_channel: b'\n'
DEBUG:netmiko:read_channel: 

DEBUG:netmiko:write_channel: b'\n'
DEBUG:netmiko:read_channel: 

DEBUG:netmiko:write_channel: b'\n'
DEBUG:netmiko:read_channel: 

DEBUG:netmiko:write_channel: b'\n'
DEBUG:netmiko:read_channel: 

DEBUG:netmiko:write_channel: b'\n'
DEBUG:netmiko:read_channel: 

DEBUG:netmiko:write_channel: b'set cli screen-width 511\n'
DEBUG:netmiko:Pattern is: Screen width set to
DEBUG:netmiko:_read_channel_expect read_data: set cli screen-width 511

DEBUG:netmiko:_read_channel_expect read_data: pyclass@vmx1> 
DEBUG:netmiko:_read_channel_expect read_data: 


DEBUG:netmiko:_read_channel_expect read_data: pyclass@vmx1> 

pyclass@vmx1> 
DEBUG:netmiko:_read_channel_expect read_data: 

pyclass@vmx1> 
DEBUG:netmiko:_read_channel_expect read_data: 

pyclass@vmx1> 
DEBUG:netmiko:_read_channel_expect read_data: 

pyclass@vmx1> 
DEBUG:netmiko:_read_channel_expect read_data: 

pyclass@vmx1> 
DEBUG:netmiko:_read_channel_expect read_data: 

pyclass@vmx1> 
DEBUG:netmiko:_read_channel_expect read_data: 

pyclass@vmx1> 
DEBUG:netmiko:_read_channel_expect read_data: 

pyclass@vmx1> 
DEBUG:netmiko:_read_channel_expect read_data: 


DEBUG:netmiko:_read_channel_expect read_data: pyclass@vmx1> 

pyclass@vmx1> 
DEBUG:netmiko:_read_channel_expect read_data: 

pyclass@vmx1> 
DEBUG:netmiko:_read_channel_expect read_data: 

pyclass@vmx1> 
DEBUG:netmiko:_read_channel_expect read_data: 

pyclass@vmx1> 
DEBUG:netmiko:_read_channel_expect read_data: 

pyclass@vmx1> 
DEBUG:netmiko:_read_channel_expect read_data: 

pyclass@vmx1> 
DEBUG:netmiko:_read_channel_expect read_data: 

pyclass@vmx1> 

DEBUG:netmiko:_read_channel_expect read_data: 
pyclass@vmx1> 

DEBUG:netmiko:_read_channel_expect read_data: 
pyclass@vmx1> 


DEBUG:netmiko:_read_channel_expect read_data: pyclass@vmx1> 

DEBUG:netmiko:_read_channel_expect read_data: 
pyclass@vmx1> 

DEBUG:netmiko:_read_channel_expect read_data: 
pyclass@vmx1> 


DEBUG:netmiko:_read_channel_expect read_data: pyclass@vmx1> 
DEBUG:netmiko:_read_channel_expect read_data: 


DEBUG:netmiko:_read_channel_expect read_data: pyclass@vmx1> 

pyclass@vmx1> 
DEBUG:netmiko:_read_channel_expect read_data: 

pyclass@vmx1> 
DEBUG:netmiko:_read_channel_expect read_data: 

pyclass@vmx1> 
DEBUG:netmiko:_read_channel_expect read_data: 

pyclass@vmx1> 
DEBUG:netmiko:_read_channel_expect read_data: 

pyclass@vmx1> 
DEBUG:netmiko:_read_channel_expect read_data: 

pyclass@vmx1> 
DEBUG:netmiko:_read_channel_expect read_data: 

pyclass@vmx1> 

DEBUG:netmiko:_read_channel_expect read_data: 
pyclass@vmx1> 

DEBUG:netmiko:_read_channel_expect read_data: 
pyclass@vmx1> 
DEBUG:netmiko:_read_channel_expect read_data: 

pyclass@vmx1> 
DEBUG:netmiko:_read_channel_expect read_data: 

pyclass@vmx1> 
DEBUG:netmiko:_read_channel_expect read_data: 

pyclass@vmx1> 
DEBUG:netmiko:_read_channel_expect read_data: 

pyclass@vmx1> 
DEBUG:netmiko:_read_channel_expect read_data: 

pyclass@vmx1> 

DEBUG:netmiko:_read_channel_expect read_data: 
pyclass@vmx1> 

DEBUG:netmiko:_read_channel_expect read_data: 
pyclass@vmx1> 

DEBUG:netmiko:_read_channel_expect read_data: 
pyclass@vmx1> 


DEBUG:netmiko:_read_channel_expect read_data: pyclass@vmx1> 

DEBUG:netmiko:_read_channel_expect read_data: 
pyclass@vmx1> 


DEBUG:netmiko:_read_channel_expect read_data: pyclass@vmx1> 


DEBUG:netmiko:_read_channel_expect read_data: pyclass@vmx1> 

pyclass@vmx1> 
DEBUG:netmiko:_read_channel_expect read_data: 

pyclass@vmx1> 
DEBUG:netmiko:_read_channel_expect read_data: 

pyclass@vmx1> 
DEBUG:netmiko:_read_channel_expect read_data: 

pyclass@vmx1> 
DEBUG:netmiko:_read_channel_expect read_data: 

pyclass@vmx1> 
DEBUG:netmiko:_read_channel_expect read_data: set
DEBUG:netmiko:_read_channel_expect read_data:  cl
DEBUG:netmiko:_read_channel_expect read_data: i s
DEBUG:netmiko:_read_channel_expect read_data: creen-
DEBUG:netmiko:_read_channel_expect read_data: width
DEBUG:netmiko:_read_channel_expect read_data:  5
DEBUG:netmiko:_read_channel_expect read_data: 11
DEBUG:netmiko:_read_channel_expect read_data:  

DEBUG:netmiko:_read_channel_expect read_data: Screen width set to 511

DEBUG:netmiko:Pattern found: Screen width set to set cli screen-width 511
pyclass@vmx1> 

pyclass@vmx1> 

pyclass@vmx1> 

pyclass@vmx1> 

pyclass@vmx1> 

pyclass@vmx1> 

pyclass@vmx1> 

pyclass@vmx1> 

pyclass@vmx1> 

pyclass@vmx1> 

pyclass@vmx1> 

pyclass@vmx1> 

pyclass@vmx1> 

pyclass@vmx1> 

pyclass@vmx1> 

pyclass@vmx1> 

pyclass@vmx1> 

pyclass@vmx1> 

pyclass@vmx1> 

pyclass@vmx1> 

pyclass@vmx1> 

pyclass@vmx1> 

pyclass@vmx1> 

pyclass@vmx1> 

pyclass@vmx1> 

pyclass@vmx1> 

pyclass@vmx1> 

pyclass@vmx1> 

pyclass@vmx1> 

pyclass@vmx1> 

pyclass@vmx1> 

pyclass@vmx1> 

pyclass@vmx1> 

pyclass@vmx1> 

pyclass@vmx1> 

pyclass@vmx1> 

pyclass@vmx1> 

pyclass@vmx1> 

pyclass@vmx1> 

pyclass@vmx1> 

pyclass@vmx1> 

pyclass@vmx1> 

pyclass@vmx1> 

pyclass@vmx1> 

pyclass@vmx1> 

pyclass@vmx1> 

pyclass@vmx1> 

pyclass@vmx1> 

pyclass@vmx1> 

pyclass@vmx1> 

pyclass@vmx1> set cli screen-width 511 
Screen width set to 511

DEBUG:netmiko:In disable_paging
DEBUG:netmiko:Command: set cli complete-on-space off

DEBUG:netmiko:write_channel: b'set cli complete-on-space off\n'
DEBUG:netmiko:Pattern is: set\ cli\ complete\-on\-space\ off
DEBUG:netmiko:_read_channel_expect read_data: 

DEBUG:netmiko:_read_channel_expect read_data: set cli complete-on-space off
pyclass@vmx1> set
DEBUG:netmiko:Pattern found: set\ cli\ complete\-on\-space\ off 
set cli complete-on-space off
pyclass@vmx1> set
DEBUG:netmiko:
set cli complete-on-space off
pyclass@vmx1> set
DEBUG:netmiko:Exiting disable_paging
DEBUG:netmiko:In disable_paging
DEBUG:netmiko:Command: set cli screen-length 0

DEBUG:netmiko:write_channel: b'set cli screen-length 0\n'
DEBUG:netmiko:Pattern is: set\ cli\ screen\-length\ 0
DEBUG:netmiko:_read_channel_expect read_data:  
DEBUG:netmiko:_read_channel_expect read_data: cli 
DEBUG:netmiko:_read_channel_expect read_data: comple
DEBUG:netmiko:_read_channel_expect read_data: te-on-
DEBUG:netmiko:_read_channel_expect read_data: space
DEBUG:netmiko:_read_channel_expect read_data:  off
DEBUG:netmiko:_read_channel_expect read_data:  

DEBUG:netmiko:_read_channel_expect read_data: Disabling complete-on-space

DEBUG:netmiko:_read_channel_expect read_data: 
pyclass@vmx1> set
DEBUG:netmiko:_read_channel_expect read_data:  cli
DEBUG:netmiko:_read_channel_expect read_data:  scr
DEBUG:netmiko:_read_channel_expect read_data: een-leng
DEBUG:netmiko:_read_channel_expect read_data: th 0
DEBUG:netmiko:Pattern found: set\ cli\ screen\-length\ 0  cli complete-on-space off 
Disabling complete-on-space

pyclass@vmx1> set cli screen-length 0
DEBUG:netmiko: cli complete-on-space off 
Disabling complete-on-space

pyclass@vmx1> set cli screen-length 0
DEBUG:netmiko:Exiting disable_paging
DEBUG:netmiko:read_channel:  

DEBUG:netmiko:Clear buffer detects data in the channel
DEBUG:netmiko:read_channel: Screen length set to 0

pyclass@vmx1> 
DEBUG:netmiko:Clear buffer detects data in the channel
DEBUG:netmiko:read_channel: 
DEBUG:netmiko:write_channel: b'\n'
DEBUG:netmiko:read_channel: 

pyclass@vmx1> 
DEBUG:netmiko:read_channel: 
DEBUG:netmiko:[find_prompt()]: prompt is pyclass@vmx1>
DEBUG:netmiko:write_channel: b'\n'
DEBUG:netmiko:read_channel: 

pyclass@vmx1> 
DEBUG:netmiko:read_channel: 
DEBUG:netmiko:read_channel: 
DEBUG:netmiko:write_channel: b'configure\n'
DEBUG:netmiko:Pattern is: configure
DEBUG:netmiko:_read_channel_expect read_data: c
DEBUG:netmiko:_read_channel_expect read_data: onfigu
DEBUG:netmiko:_read_channel_expect read_data: re 

DEBUG:netmiko:Pattern found: configure configure 

DEBUG:netmiko:Pattern is: Entering configuration mode
DEBUG:netmiko:_read_channel_expect read_data: Entering configuration mode

DEBUG:netmiko:Pattern found: Entering configuration mode Entering configuration mode

DEBUG:netmiko:write_channel: b'\n'
DEBUG:netmiko:read_channel: 

[edit]
pyclass@vmx1# 

[edit]
pyclass@vmx1# 
DEBUG:netmiko:read_channel: 
DEBUG:netmiko:read_channel: 
DEBUG:netmiko:write_channel: b'set system syslog archive size 110k files 3\n'
DEBUG:netmiko:Pattern is: set\ system\ syslog\ archive\ size\ 110k\ files\ 3
DEBUG:netmiko:_read_channel_expect read_data: s
DEBUG:netmiko:_read_channel_expect read_data: et 
DEBUG:netmiko:_read_channel_expect read_data: system
DEBUG:netmiko:_read_channel_expect read_data:  syslog
DEBUG:netmiko:_read_channel_expect read_data:  a
DEBUG:netmiko:_read_channel_expect read_data: rchive
DEBUG:netmiko:_read_channel_expect read_data:  size
DEBUG:netmiko:_read_channel_expect read_data:  1
DEBUG:netmiko:_read_channel_expect read_data: 10k 
DEBUG:netmiko:_read_channel_expect read_data: files
DEBUG:netmiko:_read_channel_expect read_data:  3
DEBUG:netmiko:Pattern found: set\ system\ syslog\ archive\ size\ 110k\ files\ 3 set system syslog archive size 110k files 3
DEBUG:netmiko:Pattern is: (?:pyclass@vmx1|#)
DEBUG:netmiko:_read_channel_expect read_data:  

DEBUG:netmiko:_read_channel_expect read_data: 

DEBUG:netmiko:_read_channel_expect read_data: [edit]
pyclass@vmx1# 
DEBUG:netmiko:Pattern found: (?:pyclass@vmx1|#)  

[edit]
pyclass@vmx1# 
DEBUG:netmiko:write_channel: b'set system time-zone America/New_York\n'
DEBUG:netmiko:Pattern is: set\ system\ time\-zone\ America/New_York
DEBUG:netmiko:_read_channel_expect read_data: s
DEBUG:netmiko:_read_channel_expect read_data: et sy
DEBUG:netmiko:_read_channel_expect read_data: stem 
DEBUG:netmiko:_read_channel_expect read_data: time-zo
DEBUG:netmiko:_read_channel_expect read_data: ne A
DEBUG:netmiko:_read_channel_expect read_data: merica/
DEBUG:netmiko:_read_channel_expect read_data: New_Yo
DEBUG:netmiko:_read_channel_expect read_data: r
DEBUG:netmiko:_read_channel_expect read_data: k
DEBUG:netmiko:Pattern found: set\ system\ time\-zone\ America/New_York set system time-zone America/New_York
DEBUG:netmiko:Pattern is: (?:pyclass@vmx1|#)
DEBUG:netmiko:_read_channel_expect read_data:  

DEBUG:netmiko:_read_channel_expect read_data: 

DEBUG:netmiko:_read_channel_expect read_data: [edit]
pyclass@vmx1# 
DEBUG:netmiko:Pattern found: (?:pyclass@vmx1|#)  

[edit]
pyclass@vmx1# 
DEBUG:netmiko:write_channel: b'\n'
DEBUG:netmiko:read_channel: 

[edit]
pyclass@vmx1# 
DEBUG:netmiko:read_channel: 
DEBUG:netmiko:read_channel: 
DEBUG:netmiko:write_channel: b'exit configuration-mode\n'
DEBUG:netmiko:send_command_timing current output: 
DEBUG:netmiko:read_channel: exit configuration-mode 
Exiting configuration mode

pyclass@vmx1> 
DEBUG:netmiko:read_channel: 
DEBUG:netmiko:read_channel: 
DEBUG:netmiko:send_command_timing final output: exit configuration-mode 
Exiting configuration mode

pyclass@vmx1> 
DEBUG:netmiko:write_channel: b'\n'
DEBUG:netmiko:read_channel: 

pyclass@vmx1> 
DEBUG:netmiko:read_channel: 
DEBUG:netmiko:read_channel: 
DEBUG:netmiko:configure 
Entering configuration mode
set system syslog archive size 110k files 3 

[edit]
pyclass@vmx1# set system time-zone America/New_York 

[edit]
pyclass@vmx1# exit configuration-mode 
Exiting configuration mode

pyclass@vmx1> 
DEBUG:netmiko:write_channel: b'\n'
DEBUG:netmiko:read_channel: 

pyclass@vmx1> 
DEBUG:netmiko:read_channel: 
DEBUG:netmiko:read_channel: 
DEBUG:netmiko:write_channel: b'configure\n'
DEBUG:netmiko:Pattern is: configure
DEBUG:netmiko:_read_channel_expect read_data: c
DEBUG:netmiko:_read_channel_expect read_data: onfigure
DEBUG:netmiko:Pattern found: configure configure
DEBUG:netmiko:Pattern is: Entering configuration mode
DEBUG:netmiko:_read_channel_expect read_data:  

DEBUG:netmiko:_read_channel_expect read_data: Entering configuration mode

DEBUG:netmiko:Pattern found: Entering configuration mode  
Entering configuration mode

DEBUG:netmiko:write_channel: b'\n'
DEBUG:netmiko:read_channel: 

[edit]
pyclass@vmx1# 

[edit]
pyclass@vmx1# 
DEBUG:netmiko:read_channel: 
DEBUG:netmiko:read_channel: 
DEBUG:netmiko:read_channel: 
DEBUG:netmiko:write_channel: b'commit comment "commit by JdG netmiko script" and-quit\n'
DEBUG:netmiko:Pattern is: commit\ comment\ "commit\ by\ JdG\ netmiko\ script"\ and\-quit
DEBUG:netmiko:_read_channel_expect read_data: c
DEBUG:netmiko:_read_channel_expect read_data: ommit
DEBUG:netmiko:_read_channel_expect read_data:  comme
DEBUG:netmiko:_read_channel_expect read_data: nt "
DEBUG:netmiko:_read_channel_expect read_data: commit b
DEBUG:netmiko:_read_channel_expect read_data: y JdG ne
DEBUG:netmiko:_read_channel_expect read_data: t
DEBUG:netmiko:_read_channel_expect read_data: miko script" a
DEBUG:netmiko:_read_channel_expect read_data: nd-quit 

DEBUG:netmiko:Pattern found: commit\ comment\ "commit\ by\ JdG\ netmiko\ script"\ and\-quit commit comment "commit by JdG netmiko script" and-quit 

DEBUG:netmiko:read_channel: 
DEBUG:netmiko:read_channel: 
DEBUG:netmiko:read_channel: 
DEBUG:netmiko:read_channel: 
DEBUG:netmiko:read_channel: 
DEBUG:netmiko:read_channel: 
DEBUG:netmiko:read_channel: 
DEBUG:netmiko:read_channel: 
DEBUG:netmiko:read_channel: 
DEBUG:netmiko:read_channel: 
DEBUG:netmiko:read_channel: 
DEBUG:netmiko:read_channel: 
DEBUG:netmiko:read_channel: 
DEBUG:netmiko:read_channel: 
DEBUG:netmiko:read_channel: 
DEBUG:netmiko:read_channel: 
DEBUG:netmiko:read_channel: 
DEBUG:netmiko:read_channel: 
DEBUG:netmiko:read_channel: 
DEBUG:netmiko:read_channel: 
DEBUG:netmiko:read_channel: 
DEBUG:netmiko:read_channel: 
DEBUG:netmiko:read_channel: 
DEBUG:netmiko:read_channel: 
DEBUG:netmiko:read_channel: 
DEBUG:netmiko:read_channel: 
DEBUG:netmiko:read_channel: 
DEBUG:netmiko:read_channel: 
DEBUG:netmiko:read_channel: 
DEBUG:netmiko:read_channel: 
DEBUG:netmiko:read_channel: 
DEBUG:netmiko:read_channel: 
DEBUG:netmiko:read_channel: 
DEBUG:netmiko:read_channel: commit complete
Exiting configuration mode

pyclass@vmx1> 
DEBUG:netmiko:read_channel: 
DEBUG:netmiko:write_channel: b'\n'
DEBUG:netmiko:read_channel: 

pyclass@vmx1> 
DEBUG:netmiko:read_channel: 
DEBUG:netmiko:[find_prompt()]: prompt is pyclass@vmx1>
DEBUG:netmiko:read_channel: 
DEBUG:netmiko:write_channel: b'show system commit\n'
DEBUG:netmiko:Pattern is: show\ system\ commit
DEBUG:netmiko:_read_channel_expect read_data: show
DEBUG:netmiko:_read_channel_expect read_data:  system
DEBUG:netmiko:_read_channel_expect read_data:  commit
DEBUG:netmiko:Pattern found: show\ system\ commit show system commit
DEBUG:netmiko:read_channel:  
0   2021-07-22 15:16:12 EDT by pyclass via cli

DEBUG:netmiko:read_channel:     commit by JdG netmiko script
1   2021-07-22 15:13:16 EDT by pyclass via cli
    commit by JdG netmiko script
2   2021-07-22 14:03:14 EDT by pyclass via cli

DEBUG:netmiko:read_channel: 3   2021-07-22 14:02:18 EDT by pyclass via cli
4   2021-07-22 14:01:18 EDT by pyclass via cli
5   2021-07-22 14:00:51 EDT by pyclass via cli

DEBUG:netmiko:read_channel: 6   2021-07-22 07:17:31 EDT by pyclass via netconf
7   2021-07-21 15:11:45 EDT by pyclass via cli
8   2021-07-21 15:10:52 EDT by pyclass via cli

DEBUG:netmiko:read_channel: 9   2021-07-21 15:09:53 EDT by pyclass via cli
10  2021-07-21 15:09:20 EDT by pyclass via cli
11  2021-07-14 07:17:25 EDT by pyclass via netconf

DEBUG:netmiko:read_channel: 12  2021-07-13 11:03:58 EDT by pyclass via cli
    Config change using Netmiko (kdfw)
13  2021-07-13 11:01:55 EDT by pyclass via cli
    Configuration change using Netmiko (ktb)

DEBUG:netmiko:read_channel: 14  2021-07-13 10:54:02 EDT by pyclass via cli
    Config change using Netmiko kdfw
15  2021-07-07 07:16:57 EDT by pyclass via netconf

DEBUG:netmiko:read_channel: 16  2021-07-06 23:19:18 EDT by pyclass via cli
17  2021-07-02 07:16:56 EDT by pyclass via netconf
18  2021-07-01 14:03:36 EDT by pyclass via cli

DEBUG:netmiko:read_channel: 19  2021-06-29 23:03:33 EDT by pyclass via cli
20  2021-06-29 23:03:09 EDT by pyclass via cli
21  2021-06-29 18:29:13 EDT by pyclass via cli

DEBUG:netmiko:read_channel: 22  2021-06-29 17:19:11 EDT by pyclass via cli
23  2021-06-29 17:18:48 EDT by pyclass via cli
24  2021-06-29 14:30:48 EDT by pyclass via cli

DEBUG:netmiko:read_channel: 25  2021-06-29 14:30:22 EDT by pyclass via cli
26  2021-06-29 07:17:20 EDT by pyclass via netconf
27  2021-06-28 18:36:47 EDT by pyclass via cli

DEBUG:netmiko:read_channel: 28  2021-06-28 18:36:16 EDT by pyclass via cli
29  2021-06-28 09:48:50 EDT by pyclass via netconf
    configured by junos_config
30  2021-06-28 00:49:37 EDT by pyclass via netconf

DEBUG:netmiko:read_channel: 31  2021-06-26 21:31:35 EDT by pyclass via cli
32  2021-06-26 21:31:10 EDT by pyclass via cli
33  2021-06-26 18:09:12 EDT by pyclass via cli

DEBUG:netmiko:read_channel: 34  2021-06-26 18:08:47 EDT by pyclass via cli
35  2021-06-24 07:16:59 EDT by pyclass via netconf
36  2021-06-23 14:31:06 EDT by pyclass via netconf
    configured by junos_config

DEBUG:netmiko:read_channel: 37  2021-06-23 07:17:00 EDT by pyclass via netconf
38  2021-06-22 13:26:22 EDT by pyclass via cli
39  2021-06-22 12:33:05 EDT by pyclass via cli

DEBUG:netmiko:read_channel: 40  2021-06-22 12:32:41 EDT by pyclass via cli
41  2021-06-22 12:14:22 EDT by pyclass via cli
42  2021-06-22 12:13:56 EDT by pyclass via cli

DEBUG:netmiko:read_channel: 43  2021-06-21 11:19:54 EDT by pyclass via cli
44  2021-06-21 11:19:30 EDT by pyclass via cli
45  2021-06-20 15:30:27 EDT by pyclass via cli

DEBUG:netmiko:read_channel: 46  2021-06-20 15:30:02 EDT by pyclass via cli
47  2021-06-20 14:29:52 EDT by pyclass via cli
48  2021-06-20 07:17:09 EDT by pyclass via netconf

DEBUG:netmiko:read_channel: 49  2021-06-20 01:13:53 EDT by pyclass via cli

pyclass@vmx1> 
